WARNING: Could not find any nv files on this host!
Loading files from: model/STM/ASM_Enhanced_corpora_categories/standard/ckpt/2026-01-18_07-29
------------------------------------------------------------
Category-specific Performance Report
------------------------------------------------------------
              precision    recall  f1-score   support

     Class 0     0.9541    0.9644    0.9592     70117
     Class 1     0.8169    0.7635    0.7893     13495
     Class 2     0.8259    0.8441    0.8349     12165
     Class 3     0.7003    0.6439    0.6709      6018
     Class 4     0.9245    0.9870    0.9547       769
     Class 5     0.8939    0.9704    0.9306      3411

    accuracy                         0.9072    105975
   macro avg     0.8526    0.8622    0.8566    105975
weighted avg     0.9054    0.9072    0.9060    105975

------------------------------------------------------------
Raw F1 Scores per Category:
Class 0: 0.9592
Class 1: 0.7893
Class 2: 0.8349
Class 3: 0.6709
Class 4: 0.9547
Class 5: 0.9306
------------------------------------------------------------
