Loading files from: model/STM/Kanformer_enhanced_corpora_categories/standard/ckpt/2026-01-17_23-14
------------------------------------------------------------
Category-specific Performance Report
------------------------------------------------------------
              precision    recall  f1-score   support

     Class 0     0.9669    0.8953    0.9297     70117
     Class 1     0.6135    0.8437    0.7104     13495
     Class 2     0.8401    0.8053    0.8223     12165
     Class 3     0.6581    0.7059    0.6812      6018
     Class 4     0.9411    0.9766    0.9585       769
     Class 5     0.9148    0.9601    0.9369      3411

    accuracy                         0.8703    105975
   macro avg     0.8224    0.8645    0.8398    105975
weighted avg     0.8880    0.8703    0.8758    105975

------------------------------------------------------------
Raw F1 Scores per Category:
Class 0: 0.9297
Class 1: 0.7104
Class 2: 0.8223
Class 3: 0.6812
Class 4: 0.9585
Class 5: 0.9369
------------------------------------------------------------
