Using device: cuda
GPU: Quadro RTX 8000
GPU Memory: 47.76 GB

Mode 0: Standard training (full dataset)
Checkpoint directory: model/STM/CoordConvLDAM_corpora_categories/standard/ckpt/2026-01-28_13-59

============================================================
Loading and preparing data...
============================================================
Loaded: /vast-ac8888/MusicSpeech-STM/STM_output/corpSTMnpy/BibleTTS-akuapem-twi_STMall.npy, shape: (23592, 2420)
Loaded: /vast-ac8888/MusicSpeech-STM/STM_output/corpSTMnpy/BibleTTS-asante-twi_STMall.npy, shape: (20768, 2420)
Loaded: /vast-ac8888/MusicSpeech-STM/STM_output/corpSTMnpy/BibleTTS-ewe_STMall.npy, shape: (22138, 2420)
Loaded: /vast-ac8888/MusicSpeech-STM/STM_output/corpSTMnpy/BibleTTS-hausa_STMall.npy, shape: (29002, 2420)
Loaded: /vast-ac8888/MusicSpeech-STM/STM_output/corpSTMnpy/BibleTTS-lingala_STMall.npy, shape: (11219, 2420)
Loaded: /vast-ac8888/MusicSpeech-STM/STM_output/corpSTMnpy/BibleTTS-yoruba_STMall.npy, shape: (6629, 2420)
Loaded: /vast-ac8888/MusicSpeech-STM/STM_output/corpSTMnpy/Buckeye_STMall.npy, shape: (255, 2420)
Loaded: /vast-ac8888/MusicSpeech-STM/STM_output/corpSTMnpy/EUROM_STMall.npy, shape: (6623, 2420)
Loaded: /vast-ac8888/MusicSpeech-STM/STM_output/corpSTMnpy/HiltonMoser2022_speech_STMall.npy, shape: (785, 2420)
Loaded: /vast-ac8888/MusicSpeech-STM/STM_output/corpSTMnpy/LibriSpeech_STMall.npy, shape: (27144, 2420)
Loaded: /vast-ac8888/MusicSpeech-STM/STM_output/corpSTMnpy/MediaSpeech-AR_STMall.npy, shape: (2505, 2420)
Loaded: /vast-ac8888/MusicSpeech-STM/STM_output/corpSTMnpy/MediaSpeech-ES_STMall.npy, shape: (2507, 2420)
Loaded: /vast-ac8888/MusicSpeech-STM/STM_output/corpSTMnpy/MediaSpeech-FR_STMall.npy, shape: (2498, 2420)
Loaded: /vast-ac8888/MusicSpeech-STM/STM_output/corpSTMnpy/MediaSpeech-TR_STMall.npy, shape: (2512, 2420)
Loaded: /vast-ac8888/MusicSpeech-STM/STM_output/corpSTMnpy/MozillaCommonVoice-ab_STMall.npy, shape: (7558, 2420)
Loaded: /vast-ac8888/MusicSpeech-STM/STM_output/corpSTMnpy/MozillaCommonVoice-ar_STMall.npy, shape: (8080, 2420)
Loaded: /vast-ac8888/MusicSpeech-STM/STM_output/corpSTMnpy/MozillaCommonVoice-ba_STMall.npy, shape: (7964, 2420)
Loaded: /vast-ac8888/MusicSpeech-STM/STM_output/corpSTMnpy/MozillaCommonVoice-be_STMall.npy, shape: (8595, 2420)
Loaded: /vast-ac8888/MusicSpeech-STM/STM_output/corpSTMnpy/MozillaCommonVoice-bg_STMall.npy, shape: (7130, 2420)
Loaded: /vast-ac8888/MusicSpeech-STM/STM_output/corpSTMnpy/MozillaCommonVoice-bn_STMall.npy, shape: (8149, 2420)
Loaded: /vast-ac8888/MusicSpeech-STM/STM_output/corpSTMnpy/MozillaCommonVoice-br_STMall.npy, shape: (1454, 2420)
Loaded: /vast-ac8888/MusicSpeech-STM/STM_output/corpSTMnpy/MozillaCommonVoice-ca_STMall.npy, shape: (8237, 2420)
Loaded: /vast-ac8888/MusicSpeech-STM/STM_output/corpSTMnpy/MozillaCommonVoice-ckb_STMall.npy, shape: (7490, 2420)
Loaded: /vast-ac8888/MusicSpeech-STM/STM_output/corpSTMnpy/MozillaCommonVoice-cnh_STMall.npy, shape: (656, 2420)
Loaded: /vast-ac8888/MusicSpeech-STM/STM_output/corpSTMnpy/MozillaCommonVoice-cs_STMall.npy, shape: (8622, 2420)
Loaded: /vast-ac8888/MusicSpeech-STM/STM_output/corpSTMnpy/MozillaCommonVoice-cv_STMall.npy, shape: (8755, 2420)
Loaded: /vast-ac8888/MusicSpeech-STM/STM_output/corpSTMnpy/MozillaCommonVoice-cy_STMall.npy, shape: (7640, 2420)
Loaded: /vast-ac8888/MusicSpeech-STM/STM_output/corpSTMnpy/MozillaCommonVoice-da_STMall.npy, shape: (3878, 2420)
Loaded: /vast-ac8888/MusicSpeech-STM/STM_output/corpSTMnpy/MozillaCommonVoice-de_STMall.npy, shape: (8979, 2420)
Loaded: /vast-ac8888/MusicSpeech-STM/STM_output/corpSTMnpy/MozillaCommonVoice-dv_STMall.npy, shape: (9113, 2420)
Loaded: /vast-ac8888/MusicSpeech-STM/STM_output/corpSTMnpy/MozillaCommonVoice-el_STMall.npy, shape: (6422, 2420)
Loaded: /vast-ac8888/MusicSpeech-STM/STM_output/corpSTMnpy/MozillaCommonVoice-en_STMall.npy, shape: (8607, 2420)
Loaded: /vast-ac8888/MusicSpeech-STM/STM_output/corpSTMnpy/MozillaCommonVoice-eo_STMall.npy, shape: (9327, 2420)
Loaded: /vast-ac8888/MusicSpeech-STM/STM_output/corpSTMnpy/MozillaCommonVoice-es_STMall.npy, shape: (8742, 2420)
Loaded: /vast-ac8888/MusicSpeech-STM/STM_output/corpSTMnpy/MozillaCommonVoice-et_STMall.npy, shape: (9653, 2420)
Loaded: /vast-ac8888/MusicSpeech-STM/STM_output/corpSTMnpy/MozillaCommonVoice-eu_STMall.npy, shape: (7983, 2420)
Loaded: /vast-ac8888/MusicSpeech-STM/STM_output/corpSTMnpy/MozillaCommonVoice-fa_STMall.npy, shape: (8629, 2420)
Loaded: /vast-ac8888/MusicSpeech-STM/STM_output/corpSTMnpy/MozillaCommonVoice-fi_STMall.npy, shape: (3982, 2420)
Loaded: /vast-ac8888/MusicSpeech-STM/STM_output/corpSTMnpy/MozillaCommonVoice-fr_STMall.npy, shape: (8912, 2420)
Loaded: /vast-ac8888/MusicSpeech-STM/STM_output/corpSTMnpy/MozillaCommonVoice-fy-NL_STMall.npy, shape: (6694, 2420)
Loaded: /vast-ac8888/MusicSpeech-STM/STM_output/corpSTMnpy/MozillaCommonVoice-ga-IE_STMall.npy, shape: (1323, 2420)
Loaded: /vast-ac8888/MusicSpeech-STM/STM_output/corpSTMnpy/MozillaCommonVoice-gl_STMall.npy, shape: (8623, 2420)
Loaded: /vast-ac8888/MusicSpeech-STM/STM_output/corpSTMnpy/MozillaCommonVoice-gn_STMall.npy, shape: (1014, 2420)
Loaded: /vast-ac8888/MusicSpeech-STM/STM_output/corpSTMnpy/MozillaCommonVoice-hi_STMall.npy, shape: (5438, 2420)
Loaded: /vast-ac8888/MusicSpeech-STM/STM_output/corpSTMnpy/MozillaCommonVoice-hu_STMall.npy, shape: (8319, 2420)
Loaded: /vast-ac8888/MusicSpeech-STM/STM_output/corpSTMnpy/MozillaCommonVoice-hy-AM_STMall.npy, shape: (6980, 2420)
Loaded: /vast-ac8888/MusicSpeech-STM/STM_output/corpSTMnpy/MozillaCommonVoice-id_STMall.npy, shape: (8468, 2420)
Loaded: /vast-ac8888/MusicSpeech-STM/STM_output/corpSTMnpy/MozillaCommonVoice-ig_STMall.npy, shape: (9, 2420)
Loaded: /vast-ac8888/MusicSpeech-STM/STM_output/corpSTMnpy/MozillaCommonVoice-it_STMall.npy, shape: (9083, 2420)
Loaded: /vast-ac8888/MusicSpeech-STM/STM_output/corpSTMnpy/MozillaCommonVoice-ja_STMall.npy, shape: (8606, 2420)
Loaded: /vast-ac8888/MusicSpeech-STM/STM_output/corpSTMnpy/MozillaCommonVoice-ka_STMall.npy, shape: (9409, 2420)
Loaded: /vast-ac8888/MusicSpeech-STM/STM_output/corpSTMnpy/MozillaCommonVoice-kab_STMall.npy, shape: (7172, 2420)
Loaded: /vast-ac8888/MusicSpeech-STM/STM_output/corpSTMnpy/MozillaCommonVoice-kk_STMall.npy, shape: (867, 2420)
Loaded: /vast-ac8888/MusicSpeech-STM/STM_output/corpSTMnpy/MozillaCommonVoice-kmr_STMall.npy, shape: (6603, 2420)
Loaded: /vast-ac8888/MusicSpeech-STM/STM_output/corpSTMnpy/MozillaCommonVoice-ky_STMall.npy, shape: (7998, 2420)
Loaded: /vast-ac8888/MusicSpeech-STM/STM_output/corpSTMnpy/MozillaCommonVoice-lg_STMall.npy, shape: (8169, 2420)
Loaded: /vast-ac8888/MusicSpeech-STM/STM_output/corpSTMnpy/MozillaCommonVoice-lt_STMall.npy, shape: (9073, 2420)
Loaded: /vast-ac8888/MusicSpeech-STM/STM_output/corpSTMnpy/MozillaCommonVoice-ltg_STMall.npy, shape: (2299, 2420)
Loaded: /vast-ac8888/MusicSpeech-STM/STM_output/corpSTMnpy/MozillaCommonVoice-lv_STMall.npy, shape: (7666, 2420)
Loaded: /vast-ac8888/MusicSpeech-STM/STM_output/corpSTMnpy/MozillaCommonVoice-mhr_STMall.npy, shape: (8336, 2420)
Loaded: /vast-ac8888/MusicSpeech-STM/STM_output/corpSTMnpy/MozillaCommonVoice-ml_STMall.npy, shape: (813, 2420)
Loaded: /vast-ac8888/MusicSpeech-STM/STM_output/corpSTMnpy/MozillaCommonVoice-mn_STMall.npy, shape: (5968, 2420)
Loaded: /vast-ac8888/MusicSpeech-STM/STM_output/corpSTMnpy/MozillaCommonVoice-mt_STMall.npy, shape: (3632, 2420)
Loaded: /vast-ac8888/MusicSpeech-STM/STM_output/corpSTMnpy/MozillaCommonVoice-nan-tw_STMall.npy, shape: (181, 2420)
Loaded: /vast-ac8888/MusicSpeech-STM/STM_output/corpSTMnpy/MozillaCommonVoice-nl_STMall.npy, shape: (8834, 2420)
Loaded: /vast-ac8888/MusicSpeech-STM/STM_output/corpSTMnpy/MozillaCommonVoice-oc_STMall.npy, shape: (681, 2420)
Loaded: /vast-ac8888/MusicSpeech-STM/STM_output/corpSTMnpy/MozillaCommonVoice-or_STMall.npy, shape: (1941, 2420)
Loaded: /vast-ac8888/MusicSpeech-STM/STM_output/corpSTMnpy/MozillaCommonVoice-pl_STMall.npy, shape: (8817, 2420)
Loaded: /vast-ac8888/MusicSpeech-STM/STM_output/corpSTMnpy/MozillaCommonVoice-pt_STMall.npy, shape: (8413, 2420)
Loaded: /vast-ac8888/MusicSpeech-STM/STM_output/corpSTMnpy/MozillaCommonVoice-ro_STMall.npy, shape: (6666, 2420)
Loaded: /vast-ac8888/MusicSpeech-STM/STM_output/corpSTMnpy/MozillaCommonVoice-ru_STMall.npy, shape: (9260, 2420)
Loaded: /vast-ac8888/MusicSpeech-STM/STM_output/corpSTMnpy/MozillaCommonVoice-rw_STMall.npy, shape: (9148, 2420)
Loaded: /vast-ac8888/MusicSpeech-STM/STM_output/corpSTMnpy/MozillaCommonVoice-sr_STMall.npy, shape: (391, 2420)
Loaded: /vast-ac8888/MusicSpeech-STM/STM_output/corpSTMnpy/MozillaCommonVoice-sv-SE_STMall.npy, shape: (8288, 2420)
Loaded: /vast-ac8888/MusicSpeech-STM/STM_output/corpSTMnpy/MozillaCommonVoice-sw_STMall.npy, shape: (9192, 2420)
Loaded: /vast-ac8888/MusicSpeech-STM/STM_output/corpSTMnpy/MozillaCommonVoice-ta_STMall.npy, shape: (9474, 2420)
Loaded: /vast-ac8888/MusicSpeech-STM/STM_output/corpSTMnpy/MozillaCommonVoice-th_STMall.npy, shape: (8044, 2420)
Loaded: /vast-ac8888/MusicSpeech-STM/STM_output/corpSTMnpy/MozillaCommonVoice-tr_STMall.npy, shape: (7953, 2420)
Loaded: /vast-ac8888/MusicSpeech-STM/STM_output/corpSTMnpy/MozillaCommonVoice-tt_STMall.npy, shape: (7454, 2420)
Loaded: /vast-ac8888/MusicSpeech-STM/STM_output/corpSTMnpy/MozillaCommonVoice-ug_STMall.npy, shape: (7899, 2420)
Loaded: /vast-ac8888/MusicSpeech-STM/STM_output/corpSTMnpy/MozillaCommonVoice-uk_STMall.npy, shape: (8819, 2420)
Loaded: /vast-ac8888/MusicSpeech-STM/STM_output/corpSTMnpy/MozillaCommonVoice-ur_STMall.npy, shape: (8970, 2420)
Loaded: /vast-ac8888/MusicSpeech-STM/STM_output/corpSTMnpy/MozillaCommonVoice-uz_STMall.npy, shape: (7911, 2420)
Loaded: /vast-ac8888/MusicSpeech-STM/STM_output/corpSTMnpy/MozillaCommonVoice-vi_STMall.npy, shape: (1859, 2420)
Loaded: /vast-ac8888/MusicSpeech-STM/STM_output/corpSTMnpy/MozillaCommonVoice-yo_STMall.npy, shape: (2511, 2420)
Loaded: /vast-ac8888/MusicSpeech-STM/STM_output/corpSTMnpy/MozillaCommonVoice-yue_STMall.npy, shape: (6156, 2420)
Loaded: /vast-ac8888/MusicSpeech-STM/STM_output/corpSTMnpy/MozillaCommonVoice-zh-CN_STMall.npy, shape: (8715, 2420)
Loaded: /vast-ac8888/MusicSpeech-STM/STM_output/corpSTMnpy/MozillaCommonVoice-zh-TW_STMall.npy, shape: (7286, 2420)
Loaded: /vast-ac8888/MusicSpeech-STM/STM_output/corpSTMnpy/SpeechClarity_STMall.npy, shape: (555, 2420)
Loaded: /vast-ac8888/MusicSpeech-STM/STM_output/corpSTMnpy/TAT-Vol2_STMall.npy, shape: (793, 2420)
Loaded: /vast-ac8888/MusicSpeech-STM/STM_output/corpSTMnpy/TIMIT_STMall.npy, shape: (479, 2420)
Loaded: /vast-ac8888/MusicSpeech-STM/STM_output/corpSTMnpy/TTS_Javanese_STMall.npy, shape: (3068, 2420)
Loaded: /vast-ac8888/MusicSpeech-STM/STM_output/corpSTMnpy/primewords_chinese_STMall.npy, shape: (47166, 2420)
Loaded: /vast-ac8888/MusicSpeech-STM/STM_output/corpSTMnpy/room_reader_STMall.npy, shape: (146, 2420)
Loaded: /vast-ac8888/MusicSpeech-STM/STM_output/corpSTMnpy/thchs30_STMall.npy, shape: (13327, 2420)
Loaded: /vast-ac8888/MusicSpeech-STM/STM_output/corpSTMnpy/zeroth_korean_STMall.npy, shape: (22255, 2420)
Loaded: /vast-ac8888/MusicSpeech-STM/STM_output/corpSTMnpy/Albouy2020Science_STMall.npy, shape: (123, 2420)
Loaded: /vast-ac8888/MusicSpeech-STM/STM_output/corpSTMnpy/GarlandEncyclopedia_STMall.npy, shape: (296, 2420)
Loaded: /vast-ac8888/MusicSpeech-STM/STM_output/corpSTMnpy/HiltonMoser2022_song_STMall.npy, shape: (803, 2420)
Loaded: /vast-ac8888/MusicSpeech-STM/STM_output/corpSTMnpy/IRMAS_STMall.npy, shape: (2838, 2420)
Loaded: /vast-ac8888/MusicSpeech-STM/STM_output/corpSTMnpy/MTG-Jamendo_STMall.npy, shape: (55699, 2420)
Loaded: /vast-ac8888/MusicSpeech-STM/STM_output/corpSTMnpy/MagnaTagATune_STMall.npy, shape: (25859, 2420)
Loaded: /vast-ac8888/MusicSpeech-STM/STM_output/corpSTMnpy/NHS2_STMall.npy, shape: (1007, 2420)
Loaded: /vast-ac8888/MusicSpeech-STM/STM_output/corpSTMnpy/fma_large_STMall.npy, shape: (106257, 2420)
Loaded: /vast-ac8888/MusicSpeech-STM/STM_output/corpSTMnpy/ismir04_genre_STMall.npy, shape: (2185, 2420)
Loaded: /vast-ac8888/MusicSpeech-STM/STM_output/corpSTMnpy/MacaulayLibrary_STMall.npy, shape: (34565, 2420)
Loaded: /vast-ac8888/MusicSpeech-STM/STM_output/corpSTMnpy/SONYC_STMall.npy, shape: (10798, 2420)

Dataset Statistics:
Total samples: 978378
Train samples: 770393
Val samples: 102010
Test samples: 105975
Feature dimension (flattened): 2420
Expected 2D shape: (20, 121)

Class Distribution (Training):
  Class 0: 497475 samples (64.57%)
  Class 1: 80258 samples (10.42%)
  Class 2: 101893 samples (13.23%)
  Class 3: 53538 samples (6.95%)
  Class 4: 9580 samples (1.24%)
  Class 5: 27649 samples (3.59%)

PyTorch Dataset Shapes:
Train: torch.Size([770393, 1, 20, 121])
Val: torch.Size([102010, 1, 20, 121])
Test: torch.Size([105975, 1, 20, 121])

DataLoaders created with batch_size=256

============================================================
Creating CoordConv-ResNet18 model...
============================================================
Total parameters: 23,919,686
Trainable parameters: 23,919,686

Starting training for 50 epochs...
DRW will start at epoch 40

============================================================
Epoch 1/50
============================================================
  Batch 0/3010, Loss: 9.0037, DRW: False
  Batch 100/3010, Loss: 3.0746, DRW: False
  Batch 200/3010, Loss: 3.0254, DRW: False
  Batch 300/3010, Loss: 2.8459, DRW: False
  Batch 400/3010, Loss: 2.7331, DRW: False
  Batch 500/3010, Loss: 1.8879, DRW: False
  Batch 600/3010, Loss: 3.7286, DRW: False
  Batch 700/3010, Loss: 3.1819, DRW: False
  Batch 800/3010, Loss: 2.0263, DRW: False
  Batch 900/3010, Loss: 3.0521, DRW: False
  Batch 1000/3010, Loss: 2.0708, DRW: False
  Batch 1100/3010, Loss: 2.6460, DRW: False
  Batch 1200/3010, Loss: 2.1933, DRW: False
  Batch 1300/3010, Loss: 1.9530, DRW: False
  Batch 1400/3010, Loss: 2.0426, DRW: False
  Batch 1500/3010, Loss: 2.4111, DRW: False
  Batch 1600/3010, Loss: 2.0409, DRW: False
  Batch 1700/3010, Loss: 2.4596, DRW: False
  Batch 1800/3010, Loss: 2.2308, DRW: False
  Batch 1900/3010, Loss: 1.6696, DRW: False
  Batch 2000/3010, Loss: 2.2811, DRW: False
  Batch 2100/3010, Loss: 2.2533, DRW: False
  Batch 2200/3010, Loss: 2.3425, DRW: False
  Batch 2300/3010, Loss: 2.2071, DRW: False
  Batch 2400/3010, Loss: 2.4387, DRW: False
  Batch 2500/3010, Loss: 1.8479, DRW: False
  Batch 2600/3010, Loss: 2.3637, DRW: False
  Batch 2700/3010, Loss: 2.2314, DRW: False
  Batch 2800/3010, Loss: 2.0225, DRW: False
  Batch 2900/3010, Loss: 2.3434, DRW: False
  Batch 3000/3010, Loss: 2.5097, DRW: False
Train Loss: 2.3327
Val Loss: 1.2233, Val Macro F1: 0.8068
Current learning rate: 0.000100
✓ Saved best model with Val F1: 0.8068

============================================================
Epoch 2/50
============================================================
  Batch 0/3010, Loss: 2.4918, DRW: False
  Batch 100/3010, Loss: 1.6587, DRW: False
  Batch 200/3010, Loss: 1.9130, DRW: False
  Batch 300/3010, Loss: 2.0822, DRW: False
  Batch 400/3010, Loss: 2.1303, DRW: False
  Batch 500/3010, Loss: 1.7787, DRW: False
  Batch 600/3010, Loss: 2.7766, DRW: False
  Batch 700/3010, Loss: 2.3391, DRW: False
  Batch 800/3010, Loss: 1.5049, DRW: False
  Batch 900/3010, Loss: 2.1715, DRW: False
  Batch 1000/3010, Loss: 1.8931, DRW: False
  Batch 1100/3010, Loss: 1.9592, DRW: False
  Batch 1200/3010, Loss: 1.6586, DRW: False
  Batch 1300/3010, Loss: 1.8156, DRW: False
  Batch 1400/3010, Loss: 1.7584, DRW: False
  Batch 1500/3010, Loss: 1.7866, DRW: False
  Batch 1600/3010, Loss: 1.8281, DRW: False
  Batch 1700/3010, Loss: 1.5497, DRW: False
  Batch 1800/3010, Loss: 1.4093, DRW: False
  Batch 1900/3010, Loss: 2.2354, DRW: False
  Batch 2000/3010, Loss: 1.7553, DRW: False
  Batch 2100/3010, Loss: 1.4840, DRW: False
  Batch 2200/3010, Loss: 1.5840, DRW: False
  Batch 2300/3010, Loss: 1.5419, DRW: False
  Batch 2400/3010, Loss: 1.4182, DRW: False
  Batch 2500/3010, Loss: 2.1322, DRW: False
  Batch 2600/3010, Loss: 1.2217, DRW: False
  Batch 2700/3010, Loss: 2.6537, DRW: False
  Batch 2800/3010, Loss: 1.7353, DRW: False
  Batch 2900/3010, Loss: 1.9446, DRW: False
  Batch 3000/3010, Loss: 1.7814, DRW: False
Train Loss: 1.8799
Val Loss: 1.2533, Val Macro F1: 0.8090
Current learning rate: 0.000100
✓ Saved best model with Val F1: 0.8090

============================================================
Epoch 3/50
============================================================
  Batch 0/3010, Loss: 1.6492, DRW: False
  Batch 100/3010, Loss: 2.0085, DRW: False
  Batch 200/3010, Loss: 1.5630, DRW: False
  Batch 300/3010, Loss: 1.8360, DRW: False
  Batch 400/3010, Loss: 1.6722, DRW: False
  Batch 500/3010, Loss: 1.7577, DRW: False
  Batch 600/3010, Loss: 1.8962, DRW: False
  Batch 700/3010, Loss: 1.4135, DRW: False
  Batch 800/3010, Loss: 1.3366, DRW: False
  Batch 900/3010, Loss: 1.5456, DRW: False
  Batch 1000/3010, Loss: 1.6249, DRW: False
  Batch 1100/3010, Loss: 1.3755, DRW: False
  Batch 1200/3010, Loss: 2.3519, DRW: False
  Batch 1300/3010, Loss: 1.7911, DRW: False
  Batch 1400/3010, Loss: 1.6867, DRW: False
  Batch 1500/3010, Loss: 1.4838, DRW: False
  Batch 1600/3010, Loss: 1.4844, DRW: False
  Batch 1700/3010, Loss: 1.7264, DRW: False
  Batch 1800/3010, Loss: 2.2922, DRW: False
  Batch 1900/3010, Loss: 1.6895, DRW: False
  Batch 2000/3010, Loss: 1.8086, DRW: False
  Batch 2100/3010, Loss: 1.7501, DRW: False
  Batch 2200/3010, Loss: 2.2330, DRW: False
  Batch 2300/3010, Loss: 1.4268, DRW: False
  Batch 2400/3010, Loss: 1.8098, DRW: False
  Batch 2500/3010, Loss: 1.9127, DRW: False
  Batch 2600/3010, Loss: 1.4127, DRW: False
  Batch 2700/3010, Loss: 1.5044, DRW: False
  Batch 2800/3010, Loss: 1.8035, DRW: False
  Batch 2900/3010, Loss: 1.3726, DRW: False
  Batch 3000/3010, Loss: 1.8322, DRW: False
Train Loss: 1.7301
Val Loss: 1.2025, Val Macro F1: 0.8183
Current learning rate: 0.000099
✓ Saved best model with Val F1: 0.8183

============================================================
Epoch 4/50
============================================================
  Batch 0/3010, Loss: 2.0871, DRW: False
  Batch 100/3010, Loss: 1.8363, DRW: False
  Batch 200/3010, Loss: 0.9442, DRW: False
  Batch 300/3010, Loss: 1.2744, DRW: False
  Batch 400/3010, Loss: 1.4899, DRW: False
  Batch 500/3010, Loss: 1.6127, DRW: False
  Batch 600/3010, Loss: 1.8663, DRW: False
  Batch 700/3010, Loss: 1.5194, DRW: False
  Batch 800/3010, Loss: 1.6444, DRW: False
  Batch 900/3010, Loss: 1.7780, DRW: False
  Batch 1000/3010, Loss: 1.1062, DRW: False
  Batch 1100/3010, Loss: 1.5337, DRW: False
  Batch 1200/3010, Loss: 2.0191, DRW: False
  Batch 1300/3010, Loss: 1.6933, DRW: False
  Batch 1400/3010, Loss: 1.1570, DRW: False
  Batch 1500/3010, Loss: 1.5263, DRW: False
  Batch 1600/3010, Loss: 1.6628, DRW: False
  Batch 1700/3010, Loss: 1.3113, DRW: False
  Batch 1800/3010, Loss: 1.7773, DRW: False
  Batch 1900/3010, Loss: 1.6565, DRW: False
  Batch 2000/3010, Loss: 1.4130, DRW: False
  Batch 2100/3010, Loss: 1.3921, DRW: False
  Batch 2200/3010, Loss: 1.9258, DRW: False
  Batch 2300/3010, Loss: 1.9649, DRW: False
  Batch 2400/3010, Loss: 1.9382, DRW: False
  Batch 2500/3010, Loss: 1.7673, DRW: False
  Batch 2600/3010, Loss: 1.3514, DRW: False
  Batch 2700/3010, Loss: 2.0538, DRW: False
  Batch 2800/3010, Loss: 1.9469, DRW: False
  Batch 2900/3010, Loss: 1.5587, DRW: False
  Batch 3000/3010, Loss: 1.7691, DRW: False
Train Loss: 1.6324
Val Loss: 1.2755, Val Macro F1: 0.8396
Current learning rate: 0.000098
✓ Saved best model with Val F1: 0.8396

============================================================
Epoch 5/50
============================================================
  Batch 0/3010, Loss: 1.2402, DRW: False
  Batch 100/3010, Loss: 1.1707, DRW: False
  Batch 200/3010, Loss: 1.0886, DRW: False
  Batch 300/3010, Loss: 1.8121, DRW: False
  Batch 400/3010, Loss: 1.7170, DRW: False
  Batch 500/3010, Loss: 1.8450, DRW: False
  Batch 600/3010, Loss: 1.5337, DRW: False
  Batch 700/3010, Loss: 1.4317, DRW: False
  Batch 800/3010, Loss: 1.8265, DRW: False
  Batch 900/3010, Loss: 1.4713, DRW: False
  Batch 1000/3010, Loss: 1.4139, DRW: False
  Batch 1100/3010, Loss: 1.7807, DRW: False
  Batch 1200/3010, Loss: 1.4346, DRW: False
  Batch 1300/3010, Loss: 1.4367, DRW: False
  Batch 1400/3010, Loss: 1.2631, DRW: False
  Batch 1500/3010, Loss: 1.8623, DRW: False
  Batch 1600/3010, Loss: 1.3263, DRW: False
  Batch 1700/3010, Loss: 1.4850, DRW: False
  Batch 1800/3010, Loss: 1.4040, DRW: False
  Batch 1900/3010, Loss: 1.9894, DRW: False
  Batch 2000/3010, Loss: 2.0137, DRW: False
  Batch 2100/3010, Loss: 1.9219, DRW: False
  Batch 2200/3010, Loss: 2.0524, DRW: False
  Batch 2300/3010, Loss: 2.2095, DRW: False
  Batch 2400/3010, Loss: 1.7799, DRW: False
  Batch 2500/3010, Loss: 1.2778, DRW: False
  Batch 2600/3010, Loss: 1.4254, DRW: False
  Batch 2700/3010, Loss: 1.1900, DRW: False
  Batch 2800/3010, Loss: 1.0336, DRW: False
  Batch 2900/3010, Loss: 1.5940, DRW: False
  Batch 3000/3010, Loss: 1.1940, DRW: False
Train Loss: 1.5377
Val Loss: 1.2434, Val Macro F1: 0.8414
Current learning rate: 0.000098
✓ Saved best model with Val F1: 0.8414

============================================================
Epoch 6/50
============================================================
  Batch 0/3010, Loss: 1.5752, DRW: False
  Batch 100/3010, Loss: 1.7538, DRW: False
  Batch 200/3010, Loss: 2.1123, DRW: False
  Batch 300/3010, Loss: 1.0978, DRW: False
  Batch 400/3010, Loss: 1.8458, DRW: False
  Batch 500/3010, Loss: 1.3680, DRW: False
  Batch 600/3010, Loss: 1.3927, DRW: False
  Batch 700/3010, Loss: 1.3821, DRW: False
  Batch 800/3010, Loss: 0.9888, DRW: False
  Batch 900/3010, Loss: 1.4584, DRW: False
  Batch 1000/3010, Loss: 1.4608, DRW: False
  Batch 1100/3010, Loss: 1.2185, DRW: False
  Batch 1200/3010, Loss: 1.3515, DRW: False
  Batch 1300/3010, Loss: 1.7625, DRW: False
  Batch 1400/3010, Loss: 1.0470, DRW: False
  Batch 1500/3010, Loss: 1.8367, DRW: False
  Batch 1600/3010, Loss: 1.3319, DRW: False
  Batch 1700/3010, Loss: 1.2694, DRW: False
  Batch 1800/3010, Loss: 1.5616, DRW: False
  Batch 1900/3010, Loss: 1.7822, DRW: False
  Batch 2000/3010, Loss: 1.2605, DRW: False
  Batch 2100/3010, Loss: 1.3333, DRW: False
  Batch 2200/3010, Loss: 0.9420, DRW: False
  Batch 2300/3010, Loss: 1.2807, DRW: False
  Batch 2400/3010, Loss: 1.2294, DRW: False
  Batch 2500/3010, Loss: 1.6015, DRW: False
  Batch 2600/3010, Loss: 1.4829, DRW: False
  Batch 2700/3010, Loss: 1.2650, DRW: False
  Batch 2800/3010, Loss: 1.5746, DRW: False
  Batch 2900/3010, Loss: 1.9823, DRW: False
  Batch 3000/3010, Loss: 2.1828, DRW: False
Train Loss: 1.4536
Val Loss: 1.2808, Val Macro F1: 0.8460
Current learning rate: 0.000096
✓ Saved best model with Val F1: 0.8460

============================================================
Epoch 7/50
============================================================
  Batch 0/3010, Loss: 1.2027, DRW: False
  Batch 100/3010, Loss: 1.2900, DRW: False
  Batch 200/3010, Loss: 1.3589, DRW: False
  Batch 300/3010, Loss: 1.6904, DRW: False
  Batch 400/3010, Loss: 1.3671, DRW: False
  Batch 500/3010, Loss: 1.0479, DRW: False
  Batch 600/3010, Loss: 1.4326, DRW: False
  Batch 700/3010, Loss: 1.5189, DRW: False
  Batch 800/3010, Loss: 1.1562, DRW: False
  Batch 900/3010, Loss: 1.7851, DRW: False
  Batch 1000/3010, Loss: 1.7812, DRW: False
  Batch 1100/3010, Loss: 1.6157, DRW: False
  Batch 1200/3010, Loss: 1.4211, DRW: False
  Batch 1300/3010, Loss: 1.2239, DRW: False
  Batch 1400/3010, Loss: 1.1979, DRW: False
  Batch 1500/3010, Loss: 1.2361, DRW: False
  Batch 1600/3010, Loss: 1.8297, DRW: False
  Batch 1700/3010, Loss: 1.4610, DRW: False
  Batch 1800/3010, Loss: 1.0425, DRW: False
  Batch 1900/3010, Loss: 1.4821, DRW: False
  Batch 2000/3010, Loss: 1.3254, DRW: False
  Batch 2100/3010, Loss: 1.0913, DRW: False
  Batch 2200/3010, Loss: 1.2050, DRW: False
  Batch 2300/3010, Loss: 1.9953, DRW: False
  Batch 2400/3010, Loss: 1.5679, DRW: False
  Batch 2500/3010, Loss: 1.3764, DRW: False
  Batch 2600/3010, Loss: 1.3183, DRW: False
  Batch 2700/3010, Loss: 2.0565, DRW: False
  Batch 2800/3010, Loss: 1.3865, DRW: False
  Batch 2900/3010, Loss: 0.9720, DRW: False
  Batch 3000/3010, Loss: 2.0697, DRW: False
Train Loss: 1.3655
Val Loss: 1.2172, Val Macro F1: 0.8453
Current learning rate: 0.000095

============================================================
Epoch 8/50
============================================================
  Batch 0/3010, Loss: 1.1861, DRW: False
  Batch 100/3010, Loss: 1.3208, DRW: False
  Batch 200/3010, Loss: 1.3883, DRW: False
  Batch 300/3010, Loss: 0.9413, DRW: False
  Batch 400/3010, Loss: 1.2899, DRW: False
  Batch 500/3010, Loss: 1.2390, DRW: False
  Batch 600/3010, Loss: 1.7254, DRW: False
  Batch 700/3010, Loss: 1.2699, DRW: False
  Batch 800/3010, Loss: 1.3587, DRW: False
  Batch 900/3010, Loss: 1.4952, DRW: False
  Batch 1000/3010, Loss: 1.1890, DRW: False
  Batch 1100/3010, Loss: 1.9532, DRW: False
  Batch 1200/3010, Loss: 1.0810, DRW: False
  Batch 1300/3010, Loss: 1.1510, DRW: False
  Batch 1400/3010, Loss: 1.4072, DRW: False
  Batch 1500/3010, Loss: 1.6807, DRW: False
  Batch 1600/3010, Loss: 1.6856, DRW: False
  Batch 1700/3010, Loss: 1.0640, DRW: False
  Batch 1800/3010, Loss: 1.6087, DRW: False
  Batch 1900/3010, Loss: 1.0207, DRW: False
  Batch 2000/3010, Loss: 1.2076, DRW: False
  Batch 2100/3010, Loss: 1.0080, DRW: False
  Batch 2200/3010, Loss: 1.0718, DRW: False
  Batch 2300/3010, Loss: 1.0240, DRW: False
  Batch 2400/3010, Loss: 1.1144, DRW: False
  Batch 2500/3010, Loss: 1.3035, DRW: False
  Batch 2600/3010, Loss: 1.1345, DRW: False
  Batch 2700/3010, Loss: 1.4797, DRW: False
  Batch 2800/3010, Loss: 1.3596, DRW: False
  Batch 2900/3010, Loss: 1.2524, DRW: False
  Batch 3000/3010, Loss: 1.6613, DRW: False
Train Loss: 1.2852
Val Loss: 1.1998, Val Macro F1: 0.8482
Current learning rate: 0.000094
✓ Saved best model with Val F1: 0.8482

============================================================
Epoch 9/50
============================================================
  Batch 0/3010, Loss: 1.4870, DRW: False
  Batch 100/3010, Loss: 1.0909, DRW: False
  Batch 200/3010, Loss: 1.0629, DRW: False
  Batch 300/3010, Loss: 1.5716, DRW: False
  Batch 400/3010, Loss: 0.7536, DRW: False
  Batch 500/3010, Loss: 1.1180, DRW: False
  Batch 600/3010, Loss: 1.6873, DRW: False
  Batch 700/3010, Loss: 1.6506, DRW: False
  Batch 800/3010, Loss: 1.0231, DRW: False
  Batch 900/3010, Loss: 1.2390, DRW: False
  Batch 1000/3010, Loss: 1.3737, DRW: False
  Batch 1100/3010, Loss: 1.4561, DRW: False
  Batch 1200/3010, Loss: 1.5010, DRW: False
  Batch 1300/3010, Loss: 0.9543, DRW: False
  Batch 1400/3010, Loss: 1.1779, DRW: False
  Batch 1500/3010, Loss: 1.1630, DRW: False
  Batch 1600/3010, Loss: 1.5968, DRW: False
  Batch 1700/3010, Loss: 0.9301, DRW: False
  Batch 1800/3010, Loss: 0.8940, DRW: False
  Batch 1900/3010, Loss: 1.3625, DRW: False
  Batch 2000/3010, Loss: 0.9118, DRW: False
  Batch 2100/3010, Loss: 1.7786, DRW: False
  Batch 2200/3010, Loss: 1.1052, DRW: False
  Batch 2300/3010, Loss: 1.0300, DRW: False
  Batch 2400/3010, Loss: 0.5092, DRW: False
  Batch 2500/3010, Loss: 1.4429, DRW: False
  Batch 2600/3010, Loss: 1.0568, DRW: False
  Batch 2700/3010, Loss: 1.3959, DRW: False
  Batch 2800/3010, Loss: 1.5805, DRW: False
  Batch 2900/3010, Loss: 0.8439, DRW: False
  Batch 3000/3010, Loss: 1.3670, DRW: False
Train Loss: 1.2077
Val Loss: 1.1936, Val Macro F1: 0.8414
Current learning rate: 0.000092

============================================================
Epoch 10/50
============================================================
  Batch 0/3010, Loss: 0.8460, DRW: False
  Batch 100/3010, Loss: 1.2491, DRW: False
  Batch 200/3010, Loss: 0.7047, DRW: False
  Batch 300/3010, Loss: 1.0809, DRW: False
  Batch 400/3010, Loss: 1.4402, DRW: False
  Batch 500/3010, Loss: 0.9332, DRW: False
  Batch 600/3010, Loss: 1.3105, DRW: False
  Batch 700/3010, Loss: 1.0688, DRW: False
  Batch 800/3010, Loss: 1.1966, DRW: False
  Batch 900/3010, Loss: 1.0768, DRW: False
  Batch 1000/3010, Loss: 1.2432, DRW: False
  Batch 1100/3010, Loss: 1.1704, DRW: False
  Batch 1200/3010, Loss: 1.0108, DRW: False
  Batch 1300/3010, Loss: 0.9859, DRW: False
  Batch 1400/3010, Loss: 1.4668, DRW: False
  Batch 1500/3010, Loss: 1.2423, DRW: False
  Batch 1600/3010, Loss: 0.8354, DRW: False
  Batch 1700/3010, Loss: 0.7187, DRW: False
  Batch 1800/3010, Loss: 0.8214, DRW: False
  Batch 1900/3010, Loss: 1.3500, DRW: False
  Batch 2000/3010, Loss: 1.2996, DRW: False
  Batch 2100/3010, Loss: 1.0876, DRW: False
  Batch 2200/3010, Loss: 0.9685, DRW: False
  Batch 2300/3010, Loss: 1.2715, DRW: False
  Batch 2400/3010, Loss: 0.9685, DRW: False
  Batch 2500/3010, Loss: 1.4112, DRW: False
  Batch 2600/3010, Loss: 1.0357, DRW: False
  Batch 2700/3010, Loss: 1.1550, DRW: False
  Batch 2800/3010, Loss: 1.6654, DRW: False
  Batch 2900/3010, Loss: 0.3828, DRW: False
  Batch 3000/3010, Loss: 1.2577, DRW: False
Train Loss: 1.1337
Val Loss: 1.1515, Val Macro F1: 0.8447
Current learning rate: 0.000090

============================================================
Epoch 11/50
============================================================
  Batch 0/3010, Loss: 1.0377, DRW: False
  Batch 100/3010, Loss: 1.1753, DRW: False
  Batch 200/3010, Loss: 1.0226, DRW: False
  Batch 300/3010, Loss: 1.0400, DRW: False
  Batch 400/3010, Loss: 0.8607, DRW: False
  Batch 500/3010, Loss: 0.8255, DRW: False
  Batch 600/3010, Loss: 1.1678, DRW: False
  Batch 700/3010, Loss: 1.0199, DRW: False
  Batch 800/3010, Loss: 1.1729, DRW: False
  Batch 900/3010, Loss: 1.2464, DRW: False
  Batch 1000/3010, Loss: 1.0914, DRW: False
  Batch 1100/3010, Loss: 0.9072, DRW: False
  Batch 1200/3010, Loss: 1.0399, DRW: False
  Batch 1300/3010, Loss: 1.7612, DRW: False
  Batch 1400/3010, Loss: 0.7996, DRW: False
  Batch 1500/3010, Loss: 1.4567, DRW: False
  Batch 1600/3010, Loss: 0.7904, DRW: False
  Batch 1700/3010, Loss: 0.8694, DRW: False
  Batch 1800/3010, Loss: 0.9765, DRW: False
  Batch 1900/3010, Loss: 0.9756, DRW: False
  Batch 2000/3010, Loss: 1.1416, DRW: False
  Batch 2100/3010, Loss: 1.1135, DRW: False
  Batch 2200/3010, Loss: 1.0739, DRW: False
  Batch 2300/3010, Loss: 0.9100, DRW: False
  Batch 2400/3010, Loss: 1.0031, DRW: False
  Batch 2500/3010, Loss: 1.1690, DRW: False
  Batch 2600/3010, Loss: 0.7187, DRW: False
  Batch 2700/3010, Loss: 0.9730, DRW: False
  Batch 2800/3010, Loss: 1.3133, DRW: False
  Batch 2900/3010, Loss: 0.9337, DRW: False
  Batch 3000/3010, Loss: 0.7706, DRW: False
Train Loss: 1.0575
Val Loss: 1.1341, Val Macro F1: 0.8426
Current learning rate: 0.000089

============================================================
Epoch 12/50
============================================================
  Batch 0/3010, Loss: 1.3863, DRW: False
  Batch 100/3010, Loss: 0.7953, DRW: False
  Batch 200/3010, Loss: 0.9984, DRW: False
  Batch 300/3010, Loss: 0.9061, DRW: False
  Batch 400/3010, Loss: 0.6090, DRW: False
  Batch 500/3010, Loss: 1.2396, DRW: False
  Batch 600/3010, Loss: 0.8334, DRW: False
  Batch 700/3010, Loss: 0.7872, DRW: False
  Batch 800/3010, Loss: 1.2056, DRW: False
  Batch 900/3010, Loss: 1.1853, DRW: False
  Batch 1000/3010, Loss: 0.9394, DRW: False
  Batch 1100/3010, Loss: 1.2296, DRW: False
  Batch 1200/3010, Loss: 0.7142, DRW: False
  Batch 1300/3010, Loss: 0.6574, DRW: False
  Batch 1400/3010, Loss: 1.2405, DRW: False
  Batch 1500/3010, Loss: 1.1705, DRW: False
  Batch 1600/3010, Loss: 0.6982, DRW: False
  Batch 1700/3010, Loss: 1.3925, DRW: False
  Batch 1800/3010, Loss: 0.9528, DRW: False
  Batch 1900/3010, Loss: 1.0959, DRW: False
  Batch 2000/3010, Loss: 0.8070, DRW: False
  Batch 2100/3010, Loss: 1.1938, DRW: False
  Batch 2200/3010, Loss: 0.8825, DRW: False
  Batch 2300/3010, Loss: 1.5203, DRW: False
  Batch 2400/3010, Loss: 0.8187, DRW: False
  Batch 2500/3010, Loss: 0.8591, DRW: False
  Batch 2600/3010, Loss: 0.9558, DRW: False
  Batch 2700/3010, Loss: 0.9182, DRW: False
  Batch 2800/3010, Loss: 1.1391, DRW: False
  Batch 2900/3010, Loss: 1.0727, DRW: False
  Batch 3000/3010, Loss: 0.9411, DRW: False
Train Loss: 0.9865
Val Loss: 1.1149, Val Macro F1: 0.8445
Current learning rate: 0.000086

============================================================
Epoch 13/50
============================================================
  Batch 0/3010, Loss: 1.0624, DRW: False
  Batch 100/3010, Loss: 0.9636, DRW: False
  Batch 200/3010, Loss: 0.5764, DRW: False
  Batch 300/3010, Loss: 1.2962, DRW: False
  Batch 400/3010, Loss: 0.5442, DRW: False
  Batch 500/3010, Loss: 1.0082, DRW: False
  Batch 600/3010, Loss: 1.1203, DRW: False
  Batch 700/3010, Loss: 0.6741, DRW: False
  Batch 800/3010, Loss: 0.5932, DRW: False
  Batch 900/3010, Loss: 0.9709, DRW: False
  Batch 1000/3010, Loss: 0.7200, DRW: False
  Batch 1100/3010, Loss: 1.2384, DRW: False
  Batch 1200/3010, Loss: 0.9056, DRW: False
  Batch 1300/3010, Loss: 0.7393, DRW: False
  Batch 1400/3010, Loss: 1.4439, DRW: False
  Batch 1500/3010, Loss: 1.2748, DRW: False
  Batch 1600/3010, Loss: 0.8824, DRW: False
  Batch 1700/3010, Loss: 0.9288, DRW: False
  Batch 1800/3010, Loss: 1.0199, DRW: False
  Batch 1900/3010, Loss: 1.1562, DRW: False
  Batch 2000/3010, Loss: 0.8956, DRW: False
  Batch 2100/3010, Loss: 1.1225, DRW: False
  Batch 2200/3010, Loss: 0.8308, DRW: False
  Batch 2300/3010, Loss: 1.1638, DRW: False
  Batch 2400/3010, Loss: 0.9443, DRW: False
  Batch 2500/3010, Loss: 0.9997, DRW: False
  Batch 2600/3010, Loss: 1.3028, DRW: False
  Batch 2700/3010, Loss: 1.0311, DRW: False
  Batch 2800/3010, Loss: 0.9786, DRW: False
  Batch 2900/3010, Loss: 0.9268, DRW: False
  Batch 3000/3010, Loss: 1.2509, DRW: False
Train Loss: 0.9248
Val Loss: 1.0898, Val Macro F1: 0.8400
Current learning rate: 0.000084

============================================================
Epoch 14/50
============================================================
  Batch 0/3010, Loss: 0.6778, DRW: False
  Batch 100/3010, Loss: 1.0535, DRW: False
  Batch 200/3010, Loss: 1.1042, DRW: False
  Batch 300/3010, Loss: 0.8782, DRW: False
  Batch 400/3010, Loss: 0.6218, DRW: False
  Batch 500/3010, Loss: 1.0572, DRW: False
  Batch 600/3010, Loss: 0.9810, DRW: False
  Batch 700/3010, Loss: 0.6510, DRW: False
  Batch 800/3010, Loss: 0.3641, DRW: False
  Batch 900/3010, Loss: 1.1599, DRW: False
  Batch 1000/3010, Loss: 1.0766, DRW: False
  Batch 1100/3010, Loss: 0.6759, DRW: False
  Batch 1200/3010, Loss: 0.4340, DRW: False
  Batch 1300/3010, Loss: 0.8015, DRW: False
  Batch 1400/3010, Loss: 1.1246, DRW: False
  Batch 1500/3010, Loss: 0.7961, DRW: False
  Batch 1600/3010, Loss: 0.6154, DRW: False
  Batch 1700/3010, Loss: 0.5682, DRW: False
  Batch 1800/3010, Loss: 1.0490, DRW: False
  Batch 1900/3010, Loss: 1.0299, DRW: False
  Batch 2000/3010, Loss: 0.8686, DRW: False
  Batch 2100/3010, Loss: 0.9127, DRW: False
  Batch 2200/3010, Loss: 0.7716, DRW: False
  Batch 2300/3010, Loss: 1.5265, DRW: False
  Batch 2400/3010, Loss: 0.7643, DRW: False
  Batch 2500/3010, Loss: 0.8142, DRW: False
  Batch 2600/3010, Loss: 0.6636, DRW: False
  Batch 2700/3010, Loss: 0.6136, DRW: False
  Batch 2800/3010, Loss: 1.4594, DRW: False
  Batch 2900/3010, Loss: 0.8365, DRW: False
  Batch 3000/3010, Loss: 0.5699, DRW: False
Train Loss: 0.8629
Val Loss: 1.0933, Val Macro F1: 0.8424
Current learning rate: 0.000082

============================================================
Epoch 15/50
============================================================
  Batch 0/3010, Loss: 0.9310, DRW: False
  Batch 100/3010, Loss: 0.6102, DRW: False
  Batch 200/3010, Loss: 0.6043, DRW: False
  Batch 300/3010, Loss: 0.8236, DRW: False
  Batch 400/3010, Loss: 0.6765, DRW: False
  Batch 500/3010, Loss: 0.7214, DRW: False
  Batch 600/3010, Loss: 0.5780, DRW: False
  Batch 700/3010, Loss: 0.6983, DRW: False
  Batch 800/3010, Loss: 0.7038, DRW: False
  Batch 900/3010, Loss: 0.8322, DRW: False
  Batch 1000/3010, Loss: 0.6802, DRW: False
  Batch 1100/3010, Loss: 0.6404, DRW: False
  Batch 1200/3010, Loss: 0.7518, DRW: False
  Batch 1300/3010, Loss: 0.7555, DRW: False
  Batch 1400/3010, Loss: 1.0003, DRW: False
  Batch 1500/3010, Loss: 0.6359, DRW: False
  Batch 1600/3010, Loss: 0.7745, DRW: False
  Batch 1700/3010, Loss: 0.8854, DRW: False
  Batch 1800/3010, Loss: 0.5849, DRW: False
  Batch 1900/3010, Loss: 1.0403, DRW: False
  Batch 2000/3010, Loss: 0.7573, DRW: False
  Batch 2100/3010, Loss: 0.8235, DRW: False
  Batch 2200/3010, Loss: 0.7143, DRW: False
  Batch 2300/3010, Loss: 1.2093, DRW: False
  Batch 2400/3010, Loss: 0.7144, DRW: False
  Batch 2500/3010, Loss: 1.1134, DRW: False
  Batch 2600/3010, Loss: 1.2313, DRW: False
  Batch 2700/3010, Loss: 0.9441, DRW: False
  Batch 2800/3010, Loss: 0.8727, DRW: False
  Batch 2900/3010, Loss: 0.7262, DRW: False
  Batch 3000/3010, Loss: 0.6397, DRW: False
Train Loss: 0.8074
Val Loss: 1.0652, Val Macro F1: 0.8421
Current learning rate: 0.000079

============================================================
Epoch 16/50
============================================================
  Batch 0/3010, Loss: 0.9272, DRW: False
  Batch 100/3010, Loss: 0.4089, DRW: False
  Batch 200/3010, Loss: 0.4951, DRW: False
  Batch 300/3010, Loss: 0.8494, DRW: False
  Batch 400/3010, Loss: 0.5948, DRW: False
  Batch 500/3010, Loss: 0.5124, DRW: False
  Batch 600/3010, Loss: 0.9758, DRW: False
  Batch 700/3010, Loss: 0.6364, DRW: False
  Batch 800/3010, Loss: 0.7171, DRW: False
  Batch 900/3010, Loss: 0.9266, DRW: False
  Batch 1000/3010, Loss: 0.8830, DRW: False
  Batch 1100/3010, Loss: 0.6915, DRW: False
  Batch 1200/3010, Loss: 0.6737, DRW: False
  Batch 1300/3010, Loss: 0.7037, DRW: False
  Batch 1400/3010, Loss: 0.7520, DRW: False
  Batch 1500/3010, Loss: 0.5918, DRW: False
  Batch 1600/3010, Loss: 1.0411, DRW: False
  Batch 1700/3010, Loss: 0.7543, DRW: False
  Batch 1800/3010, Loss: 0.8635, DRW: False
  Batch 1900/3010, Loss: 0.5298, DRW: False
  Batch 2000/3010, Loss: 1.1446, DRW: False
  Batch 2100/3010, Loss: 0.4473, DRW: False
  Batch 2200/3010, Loss: 1.2066, DRW: False
  Batch 2300/3010, Loss: 1.1537, DRW: False
  Batch 2400/3010, Loss: 0.7288, DRW: False
  Batch 2500/3010, Loss: 0.8515, DRW: False
  Batch 2600/3010, Loss: 1.3019, DRW: False
  Batch 2700/3010, Loss: 0.5196, DRW: False
  Batch 2800/3010, Loss: 0.3991, DRW: False
  Batch 2900/3010, Loss: 0.8800, DRW: False
  Batch 3000/3010, Loss: 0.6346, DRW: False
Train Loss: 0.7564
Val Loss: 1.0184, Val Macro F1: 0.8418
Current learning rate: 0.000077

============================================================
Epoch 17/50
============================================================
  Batch 0/3010, Loss: 0.5234, DRW: False
  Batch 100/3010, Loss: 0.5231, DRW: False
  Batch 200/3010, Loss: 0.6037, DRW: False
  Batch 300/3010, Loss: 1.0192, DRW: False
  Batch 400/3010, Loss: 0.2812, DRW: False
  Batch 500/3010, Loss: 0.6374, DRW: False
  Batch 600/3010, Loss: 0.5021, DRW: False
  Batch 700/3010, Loss: 1.0675, DRW: False
  Batch 800/3010, Loss: 0.8591, DRW: False
  Batch 900/3010, Loss: 0.7080, DRW: False
  Batch 1000/3010, Loss: 0.5654, DRW: False
  Batch 1100/3010, Loss: 0.8972, DRW: False
  Batch 1200/3010, Loss: 0.3698, DRW: False
  Batch 1300/3010, Loss: 1.0108, DRW: False
  Batch 1400/3010, Loss: 0.6697, DRW: False
  Batch 1500/3010, Loss: 1.0247, DRW: False
  Batch 1600/3010, Loss: 0.5914, DRW: False
  Batch 1700/3010, Loss: 0.7355, DRW: False
  Batch 1800/3010, Loss: 0.6510, DRW: False
  Batch 1900/3010, Loss: 0.7932, DRW: False
  Batch 2000/3010, Loss: 1.3020, DRW: False
  Batch 2100/3010, Loss: 0.4435, DRW: False
  Batch 2200/3010, Loss: 1.1991, DRW: False
  Batch 2300/3010, Loss: 1.3529, DRW: False
  Batch 2400/3010, Loss: 0.4378, DRW: False
  Batch 2500/3010, Loss: 1.0307, DRW: False
  Batch 2600/3010, Loss: 0.9519, DRW: False
  Batch 2700/3010, Loss: 0.7657, DRW: False
  Batch 2800/3010, Loss: 0.8489, DRW: False
  Batch 2900/3010, Loss: 0.4867, DRW: False
  Batch 3000/3010, Loss: 0.5286, DRW: False
Train Loss: 0.7029
Val Loss: 1.0782, Val Macro F1: 0.8431
Current learning rate: 0.000074

============================================================
Epoch 18/50
============================================================
  Batch 0/3010, Loss: 0.5166, DRW: False
  Batch 100/3010, Loss: 0.4946, DRW: False
  Batch 200/3010, Loss: 0.7208, DRW: False
  Batch 300/3010, Loss: 0.8955, DRW: False
  Batch 400/3010, Loss: 0.5131, DRW: False
  Batch 500/3010, Loss: 0.4305, DRW: False
  Batch 600/3010, Loss: 0.9184, DRW: False
  Batch 700/3010, Loss: 0.3397, DRW: False
  Batch 800/3010, Loss: 0.6317, DRW: False
  Batch 900/3010, Loss: 0.8732, DRW: False
  Batch 1000/3010, Loss: 0.8632, DRW: False
  Batch 1100/3010, Loss: 0.9142, DRW: False
  Batch 1200/3010, Loss: 0.5512, DRW: False
  Batch 1300/3010, Loss: 0.5034, DRW: False
  Batch 1400/3010, Loss: 0.5315, DRW: False
  Batch 1500/3010, Loss: 0.5383, DRW: False
  Batch 1600/3010, Loss: 0.4779, DRW: False
  Batch 1700/3010, Loss: 0.4747, DRW: False
  Batch 1800/3010, Loss: 0.5714, DRW: False
  Batch 1900/3010, Loss: 0.5032, DRW: False
  Batch 2000/3010, Loss: 0.4492, DRW: False
  Batch 2100/3010, Loss: 0.6490, DRW: False
  Batch 2200/3010, Loss: 0.8488, DRW: False
  Batch 2300/3010, Loss: 0.7440, DRW: False
  Batch 2400/3010, Loss: 0.4433, DRW: False
  Batch 2500/3010, Loss: 0.6797, DRW: False
  Batch 2600/3010, Loss: 0.5687, DRW: False
  Batch 2700/3010, Loss: 0.5066, DRW: False
  Batch 2800/3010, Loss: 0.8870, DRW: False
  Batch 2900/3010, Loss: 0.7482, DRW: False
  Batch 3000/3010, Loss: 0.8392, DRW: False
Train Loss: 0.6536
Val Loss: 1.0295, Val Macro F1: 0.8356
Current learning rate: 0.000071

============================================================
Epoch 19/50
============================================================
  Batch 0/3010, Loss: 0.3748, DRW: False
  Batch 100/3010, Loss: 0.3426, DRW: False
  Batch 200/3010, Loss: 0.4826, DRW: False
  Batch 300/3010, Loss: 0.3909, DRW: False
  Batch 400/3010, Loss: 0.4781, DRW: False
  Batch 500/3010, Loss: 0.4437, DRW: False
  Batch 600/3010, Loss: 0.8815, DRW: False
  Batch 700/3010, Loss: 0.0997, DRW: False
  Batch 800/3010, Loss: 0.9973, DRW: False
  Batch 900/3010, Loss: 0.5874, DRW: False
  Batch 1000/3010, Loss: 0.5017, DRW: False
  Batch 1100/3010, Loss: 0.7968, DRW: False
  Batch 1200/3010, Loss: 0.8080, DRW: False
  Batch 1300/3010, Loss: 0.4139, DRW: False
  Batch 1400/3010, Loss: 0.4005, DRW: False
  Batch 1500/3010, Loss: 0.6546, DRW: False
  Batch 1600/3010, Loss: 0.5932, DRW: False
  Batch 1700/3010, Loss: 0.5140, DRW: False
  Batch 1800/3010, Loss: 0.7912, DRW: False
  Batch 1900/3010, Loss: 0.6028, DRW: False
  Batch 2000/3010, Loss: 0.8047, DRW: False
  Batch 2100/3010, Loss: 0.3952, DRW: False
  Batch 2200/3010, Loss: 0.4032, DRW: False
  Batch 2300/3010, Loss: 0.4802, DRW: False
  Batch 2400/3010, Loss: 0.6245, DRW: False
  Batch 2500/3010, Loss: 0.5095, DRW: False
  Batch 2600/3010, Loss: 0.8173, DRW: False
  Batch 2700/3010, Loss: 0.4828, DRW: False
  Batch 2800/3010, Loss: 0.2233, DRW: False
  Batch 2900/3010, Loss: 0.8555, DRW: False
  Batch 3000/3010, Loss: 0.8357, DRW: False
Train Loss: 0.6094
Val Loss: 0.9926, Val Macro F1: 0.8397
Current learning rate: 0.000068

============================================================
Epoch 20/50
============================================================
  Batch 0/3010, Loss: 0.7027, DRW: False
  Batch 100/3010, Loss: 0.6595, DRW: False
  Batch 200/3010, Loss: 0.2732, DRW: False
  Batch 300/3010, Loss: 0.7097, DRW: False
  Batch 400/3010, Loss: 0.3220, DRW: False
  Batch 500/3010, Loss: 0.8971, DRW: False
  Batch 600/3010, Loss: 0.8189, DRW: False
  Batch 700/3010, Loss: 0.8397, DRW: False
  Batch 800/3010, Loss: 0.5271, DRW: False
  Batch 900/3010, Loss: 0.5861, DRW: False
  Batch 1000/3010, Loss: 0.3653, DRW: False
  Batch 1100/3010, Loss: 0.5072, DRW: False
  Batch 1200/3010, Loss: 0.4525, DRW: False
  Batch 1300/3010, Loss: 0.5346, DRW: False
  Batch 1400/3010, Loss: 0.4875, DRW: False
  Batch 1500/3010, Loss: 0.5595, DRW: False
  Batch 1600/3010, Loss: 0.2216, DRW: False
  Batch 1700/3010, Loss: 0.3591, DRW: False
  Batch 1800/3010, Loss: 0.6998, DRW: False
  Batch 1900/3010, Loss: 0.7959, DRW: False
  Batch 2000/3010, Loss: 0.4439, DRW: False
  Batch 2100/3010, Loss: 0.8530, DRW: False
  Batch 2200/3010, Loss: 0.7867, DRW: False
  Batch 2300/3010, Loss: 0.5718, DRW: False
  Batch 2400/3010, Loss: 0.5533, DRW: False
  Batch 2500/3010, Loss: 0.5227, DRW: False
  Batch 2600/3010, Loss: 0.5788, DRW: False
  Batch 2700/3010, Loss: 0.8871, DRW: False
  Batch 2800/3010, Loss: 0.4641, DRW: False
  Batch 2900/3010, Loss: 0.3636, DRW: False
  Batch 3000/3010, Loss: 0.5057, DRW: False
Train Loss: 0.5708
Val Loss: 0.9991, Val Macro F1: 0.8387
Current learning rate: 0.000065

============================================================
Epoch 21/50
============================================================
  Batch 0/3010, Loss: 0.6176, DRW: False
  Batch 100/3010, Loss: 0.5270, DRW: False
  Batch 200/3010, Loss: 0.3840, DRW: False
  Batch 300/3010, Loss: 0.4125, DRW: False
  Batch 400/3010, Loss: 0.4222, DRW: False
  Batch 500/3010, Loss: 0.5310, DRW: False
  Batch 600/3010, Loss: 0.7504, DRW: False
  Batch 700/3010, Loss: 0.3780, DRW: False
  Batch 800/3010, Loss: 0.3806, DRW: False
  Batch 900/3010, Loss: 0.4652, DRW: False
  Batch 1000/3010, Loss: 0.5879, DRW: False
  Batch 1100/3010, Loss: 0.4792, DRW: False
  Batch 1200/3010, Loss: 0.2586, DRW: False
  Batch 1300/3010, Loss: 0.5390, DRW: False
  Batch 1400/3010, Loss: 0.4453, DRW: False
  Batch 1500/3010, Loss: 0.4651, DRW: False
  Batch 1600/3010, Loss: 0.3152, DRW: False
  Batch 1700/3010, Loss: 0.5841, DRW: False
  Batch 1800/3010, Loss: 0.5087, DRW: False
  Batch 1900/3010, Loss: 0.7913, DRW: False
  Batch 2000/3010, Loss: 0.5953, DRW: False
  Batch 2100/3010, Loss: 0.7759, DRW: False
  Batch 2200/3010, Loss: 0.6135, DRW: False
  Batch 2300/3010, Loss: 0.5137, DRW: False
  Batch 2400/3010, Loss: 0.9014, DRW: False
  Batch 2500/3010, Loss: 0.8108, DRW: False
  Batch 2600/3010, Loss: 0.4700, DRW: False
  Batch 2700/3010, Loss: 0.5834, DRW: False
  Batch 2800/3010, Loss: 0.6576, DRW: False
  Batch 2900/3010, Loss: 0.8225, DRW: False
  Batch 3000/3010, Loss: 0.3414, DRW: False
Train Loss: 0.5320
Val Loss: 0.9806, Val Macro F1: 0.8454
Current learning rate: 0.000062

============================================================
Epoch 22/50
============================================================
  Batch 0/3010, Loss: 0.4424, DRW: False
  Batch 100/3010, Loss: 0.7166, DRW: False
  Batch 200/3010, Loss: 0.2829, DRW: False
  Batch 300/3010, Loss: 0.1080, DRW: False
  Batch 400/3010, Loss: 0.6370, DRW: False
  Batch 500/3010, Loss: 0.5701, DRW: False
  Batch 600/3010, Loss: 0.7694, DRW: False
  Batch 700/3010, Loss: 0.7773, DRW: False
  Batch 800/3010, Loss: 0.3793, DRW: False
  Batch 900/3010, Loss: 0.6098, DRW: False
  Batch 1000/3010, Loss: 0.0795, DRW: False
  Batch 1100/3010, Loss: 0.5163, DRW: False
  Batch 1200/3010, Loss: 0.3149, DRW: False
  Batch 1300/3010, Loss: 0.3123, DRW: False
  Batch 1400/3010, Loss: 0.2723, DRW: False
  Batch 1500/3010, Loss: 0.8655, DRW: False
  Batch 1600/3010, Loss: 0.2730, DRW: False
  Batch 1700/3010, Loss: 0.5929, DRW: False
  Batch 1800/3010, Loss: 0.2576, DRW: False
  Batch 1900/3010, Loss: 0.6060, DRW: False
  Batch 2000/3010, Loss: 0.6484, DRW: False
  Batch 2100/3010, Loss: 0.4029, DRW: False
  Batch 2200/3010, Loss: 0.5608, DRW: False
  Batch 2300/3010, Loss: 0.5406, DRW: False
  Batch 2400/3010, Loss: 0.4858, DRW: False
  Batch 2500/3010, Loss: 0.3604, DRW: False
  Batch 2600/3010, Loss: 0.6696, DRW: False
  Batch 2700/3010, Loss: 0.5631, DRW: False
  Batch 2800/3010, Loss: 0.4795, DRW: False
  Batch 2900/3010, Loss: 0.4458, DRW: False
  Batch 3000/3010, Loss: 0.3956, DRW: False
Train Loss: 0.4989
Val Loss: 0.9360, Val Macro F1: 0.8417
Current learning rate: 0.000059

============================================================
Epoch 23/50
============================================================
  Batch 0/3010, Loss: 0.1863, DRW: False
  Batch 100/3010, Loss: 0.3054, DRW: False
  Batch 200/3010, Loss: 0.1657, DRW: False
  Batch 300/3010, Loss: 0.4658, DRW: False
  Batch 400/3010, Loss: 0.4651, DRW: False
  Batch 500/3010, Loss: 0.6331, DRW: False
  Batch 600/3010, Loss: 0.3445, DRW: False
  Batch 700/3010, Loss: 0.4748, DRW: False
  Batch 800/3010, Loss: 0.4154, DRW: False
  Batch 900/3010, Loss: 0.4558, DRW: False
  Batch 1000/3010, Loss: 0.4026, DRW: False
  Batch 1100/3010, Loss: 0.6730, DRW: False
  Batch 1200/3010, Loss: 0.2630, DRW: False
  Batch 1300/3010, Loss: 0.6808, DRW: False
  Batch 1400/3010, Loss: 0.3935, DRW: False
  Batch 1500/3010, Loss: 0.3388, DRW: False
  Batch 1600/3010, Loss: 0.8295, DRW: False
  Batch 1700/3010, Loss: 0.4369, DRW: False
  Batch 1800/3010, Loss: 0.2758, DRW: False
  Batch 1900/3010, Loss: 0.6289, DRW: False
  Batch 2000/3010, Loss: 0.2610, DRW: False
  Batch 2100/3010, Loss: 0.4777, DRW: False
  Batch 2200/3010, Loss: 0.6845, DRW: False
  Batch 2300/3010, Loss: 0.1998, DRW: False
  Batch 2400/3010, Loss: 0.3595, DRW: False
  Batch 2500/3010, Loss: 0.6190, DRW: False
  Batch 2600/3010, Loss: 0.5185, DRW: False
  Batch 2700/3010, Loss: 0.5918, DRW: False
  Batch 2800/3010, Loss: 0.4951, DRW: False
  Batch 2900/3010, Loss: 0.4444, DRW: False
  Batch 3000/3010, Loss: 0.4555, DRW: False
Train Loss: 0.4648
Val Loss: 0.9778, Val Macro F1: 0.8353
Current learning rate: 0.000056

============================================================
Epoch 24/50
============================================================
  Batch 0/3010, Loss: 0.6163, DRW: False
  Batch 100/3010, Loss: 0.4939, DRW: False
  Batch 200/3010, Loss: 0.4111, DRW: False
  Batch 300/3010, Loss: 0.4803, DRW: False
  Batch 400/3010, Loss: 0.1691, DRW: False
  Batch 500/3010, Loss: 0.3158, DRW: False
  Batch 600/3010, Loss: 0.5380, DRW: False
  Batch 700/3010, Loss: 0.4886, DRW: False
  Batch 800/3010, Loss: 0.5005, DRW: False
  Batch 900/3010, Loss: 0.3792, DRW: False
  Batch 1000/3010, Loss: 0.6005, DRW: False
  Batch 1100/3010, Loss: 0.4521, DRW: False
  Batch 1200/3010, Loss: 0.4270, DRW: False
  Batch 1300/3010, Loss: 0.3547, DRW: False
  Batch 1400/3010, Loss: 0.6724, DRW: False
  Batch 1500/3010, Loss: 0.5359, DRW: False
  Batch 1600/3010, Loss: 0.4909, DRW: False
  Batch 1700/3010, Loss: 0.4286, DRW: False
  Batch 1800/3010, Loss: 0.4986, DRW: False
  Batch 1900/3010, Loss: 0.7536, DRW: False
  Batch 2000/3010, Loss: 0.3833, DRW: False
  Batch 2100/3010, Loss: 0.6793, DRW: False
  Batch 2200/3010, Loss: 0.1754, DRW: False
  Batch 2300/3010, Loss: 0.3293, DRW: False
  Batch 2400/3010, Loss: 0.2552, DRW: False
  Batch 2500/3010, Loss: 0.1340, DRW: False
  Batch 2600/3010, Loss: 0.4078, DRW: False
  Batch 2700/3010, Loss: 0.4504, DRW: False
  Batch 2800/3010, Loss: 0.6102, DRW: False
  Batch 2900/3010, Loss: 0.4471, DRW: False
  Batch 3000/3010, Loss: 0.5256, DRW: False
Train Loss: 0.4348
Val Loss: 0.9227, Val Macro F1: 0.8431
Current learning rate: 0.000053

============================================================
Epoch 25/50
============================================================
  Batch 0/3010, Loss: 0.2421, DRW: False
  Batch 100/3010, Loss: 0.2427, DRW: False
  Batch 200/3010, Loss: 0.3202, DRW: False
  Batch 300/3010, Loss: 0.6768, DRW: False
  Batch 400/3010, Loss: 0.6778, DRW: False
  Batch 500/3010, Loss: 0.3173, DRW: False
  Batch 600/3010, Loss: 0.1787, DRW: False
  Batch 700/3010, Loss: 0.4552, DRW: False
  Batch 800/3010, Loss: 0.2174, DRW: False
  Batch 900/3010, Loss: 0.4593, DRW: False
  Batch 1000/3010, Loss: 0.4500, DRW: False
  Batch 1100/3010, Loss: 0.5825, DRW: False
  Batch 1200/3010, Loss: 0.4241, DRW: False
  Batch 1300/3010, Loss: 0.2803, DRW: False
  Batch 1400/3010, Loss: 0.4814, DRW: False
  Batch 1500/3010, Loss: 0.5453, DRW: False
  Batch 1600/3010, Loss: 0.6031, DRW: False
  Batch 1700/3010, Loss: 0.2767, DRW: False
  Batch 1800/3010, Loss: 0.2017, DRW: False
  Batch 1900/3010, Loss: 0.4739, DRW: False
  Batch 2000/3010, Loss: 0.2605, DRW: False
  Batch 2100/3010, Loss: 0.3612, DRW: False
  Batch 2200/3010, Loss: 0.4822, DRW: False
  Batch 2300/3010, Loss: 0.3740, DRW: False
  Batch 2400/3010, Loss: 0.5894, DRW: False
  Batch 2500/3010, Loss: 0.5818, DRW: False
  Batch 2600/3010, Loss: 0.3902, DRW: False
  Batch 2700/3010, Loss: 0.3145, DRW: False
  Batch 2800/3010, Loss: 0.5047, DRW: False
  Batch 2900/3010, Loss: 0.3427, DRW: False
  Batch 3000/3010, Loss: 0.2682, DRW: False
Train Loss: 0.4064
Val Loss: 0.9335, Val Macro F1: 0.8400
Current learning rate: 0.000050

============================================================
Epoch 26/50
============================================================
  Batch 0/3010, Loss: 0.4658, DRW: False
  Batch 100/3010, Loss: 0.2854, DRW: False
  Batch 200/3010, Loss: 0.3224, DRW: False
  Batch 300/3010, Loss: 0.3123, DRW: False
  Batch 400/3010, Loss: 0.4580, DRW: False
  Batch 500/3010, Loss: 0.4477, DRW: False
  Batch 600/3010, Loss: 0.2127, DRW: False
  Batch 700/3010, Loss: 0.4155, DRW: False
  Batch 800/3010, Loss: 0.1761, DRW: False
  Batch 900/3010, Loss: 0.4127, DRW: False
  Batch 1000/3010, Loss: 0.3416, DRW: False
  Batch 1100/3010, Loss: 0.3621, DRW: False
  Batch 1200/3010, Loss: 0.2775, DRW: False
  Batch 1300/3010, Loss: 0.3563, DRW: False
  Batch 1400/3010, Loss: 0.0962, DRW: False
  Batch 1500/3010, Loss: 0.5624, DRW: False
  Batch 1600/3010, Loss: 0.3993, DRW: False
  Batch 1700/3010, Loss: 0.4601, DRW: False
  Batch 1800/3010, Loss: 0.3972, DRW: False
  Batch 1900/3010, Loss: 0.3687, DRW: False
  Batch 2000/3010, Loss: 0.5041, DRW: False
  Batch 2100/3010, Loss: 0.4977, DRW: False
  Batch 2200/3010, Loss: 0.3365, DRW: False
  Batch 2300/3010, Loss: 0.3817, DRW: False
  Batch 2400/3010, Loss: 0.5939, DRW: False
  Batch 2500/3010, Loss: 0.1698, DRW: False
  Batch 2600/3010, Loss: 0.4824, DRW: False
  Batch 2700/3010, Loss: 0.7152, DRW: False
  Batch 2800/3010, Loss: 0.3920, DRW: False
  Batch 2900/3010, Loss: 0.4276, DRW: False
  Batch 3000/3010, Loss: 0.4264, DRW: False
Train Loss: 0.3766
Val Loss: 0.8546, Val Macro F1: 0.8380
Current learning rate: 0.000047

============================================================
Epoch 27/50
============================================================
  Batch 0/3010, Loss: 0.4059, DRW: False
  Batch 100/3010, Loss: 0.3803, DRW: False
  Batch 200/3010, Loss: 0.1833, DRW: False
  Batch 300/3010, Loss: 0.4063, DRW: False
  Batch 400/3010, Loss: 0.2211, DRW: False
  Batch 500/3010, Loss: 0.1157, DRW: False
  Batch 600/3010, Loss: 0.1984, DRW: False
  Batch 700/3010, Loss: 0.6857, DRW: False
  Batch 800/3010, Loss: 0.7364, DRW: False
  Batch 900/3010, Loss: 0.1426, DRW: False
  Batch 1000/3010, Loss: 0.3824, DRW: False
  Batch 1100/3010, Loss: 0.2360, DRW: False
  Batch 1200/3010, Loss: 0.1460, DRW: False
  Batch 1300/3010, Loss: 0.3477, DRW: False
  Batch 1400/3010, Loss: 0.3173, DRW: False
  Batch 1500/3010, Loss: 0.2478, DRW: False
  Batch 1600/3010, Loss: 0.4941, DRW: False
  Batch 1700/3010, Loss: 0.3297, DRW: False
  Batch 1800/3010, Loss: 0.4181, DRW: False
  Batch 1900/3010, Loss: 0.1486, DRW: False
  Batch 2000/3010, Loss: 0.3905, DRW: False
  Batch 2100/3010, Loss: 0.2667, DRW: False
  Batch 2200/3010, Loss: 0.4970, DRW: False
  Batch 2300/3010, Loss: 0.1523, DRW: False
  Batch 2400/3010, Loss: 0.3124, DRW: False
  Batch 2500/3010, Loss: 0.2281, DRW: False
  Batch 2600/3010, Loss: 0.3716, DRW: False
  Batch 2700/3010, Loss: 0.4159, DRW: False
  Batch 2800/3010, Loss: 0.4888, DRW: False
  Batch 2900/3010, Loss: 0.3997, DRW: False
  Batch 3000/3010, Loss: 0.2960, DRW: False
Train Loss: 0.3475
Val Loss: 0.8769, Val Macro F1: 0.8393
Current learning rate: 0.000044

============================================================
Epoch 28/50
============================================================
  Batch 0/3010, Loss: 0.1299, DRW: False
  Batch 100/3010, Loss: 0.4387, DRW: False
  Batch 200/3010, Loss: 0.1069, DRW: False
  Batch 300/3010, Loss: 0.0168, DRW: False
  Batch 400/3010, Loss: 0.4278, DRW: False
  Batch 500/3010, Loss: 0.3557, DRW: False
  Batch 600/3010, Loss: 0.5076, DRW: False
  Batch 700/3010, Loss: 0.2917, DRW: False
  Batch 800/3010, Loss: 0.2345, DRW: False
  Batch 900/3010, Loss: 0.3792, DRW: False
  Batch 1000/3010, Loss: 0.3521, DRW: False
  Batch 1100/3010, Loss: 0.2803, DRW: False
  Batch 1200/3010, Loss: 0.3538, DRW: False
  Batch 1300/3010, Loss: 0.2201, DRW: False
  Batch 1400/3010, Loss: 0.2961, DRW: False
  Batch 1500/3010, Loss: 0.2736, DRW: False
  Batch 1600/3010, Loss: 0.2484, DRW: False
  Batch 1700/3010, Loss: 0.4182, DRW: False
  Batch 1800/3010, Loss: 0.2086, DRW: False
  Batch 1900/3010, Loss: 0.5617, DRW: False
  Batch 2000/3010, Loss: 0.2719, DRW: False
  Batch 2100/3010, Loss: 0.2173, DRW: False
  Batch 2200/3010, Loss: 0.0943, DRW: False
  Batch 2300/3010, Loss: 0.4521, DRW: False
  Batch 2400/3010, Loss: 0.2055, DRW: False
  Batch 2500/3010, Loss: 0.0947, DRW: False
  Batch 2600/3010, Loss: 0.1836, DRW: False
  Batch 2700/3010, Loss: 0.1464, DRW: False
  Batch 2800/3010, Loss: 0.3627, DRW: False
  Batch 2900/3010, Loss: 0.2830, DRW: False
  Batch 3000/3010, Loss: 0.3168, DRW: False
Train Loss: 0.3191
Val Loss: 0.8452, Val Macro F1: 0.8398
Current learning rate: 0.000041

============================================================
Epoch 29/50
============================================================
  Batch 0/3010, Loss: 0.4587, DRW: False
  Batch 100/3010, Loss: 0.4280, DRW: False
  Batch 200/3010, Loss: 0.1270, DRW: False
  Batch 300/3010, Loss: 0.3206, DRW: False
  Batch 400/3010, Loss: 0.3488, DRW: False
  Batch 500/3010, Loss: 0.1207, DRW: False
  Batch 600/3010, Loss: 0.2072, DRW: False
  Batch 700/3010, Loss: 0.5323, DRW: False
  Batch 800/3010, Loss: 0.2803, DRW: False
  Batch 900/3010, Loss: 0.3495, DRW: False
  Batch 1000/3010, Loss: 0.4683, DRW: False
  Batch 1100/3010, Loss: 0.0807, DRW: False
  Batch 1200/3010, Loss: 0.0754, DRW: False
  Batch 1300/3010, Loss: 0.2679, DRW: False
  Batch 1400/3010, Loss: 0.2653, DRW: False
  Batch 1500/3010, Loss: 0.3947, DRW: False
  Batch 1600/3010, Loss: 0.1034, DRW: False
  Batch 1700/3010, Loss: 0.1538, DRW: False
  Batch 1800/3010, Loss: 0.2945, DRW: False
  Batch 1900/3010, Loss: 0.3702, DRW: False
  Batch 2000/3010, Loss: 0.2565, DRW: False
  Batch 2100/3010, Loss: 0.5147, DRW: False
  Batch 2200/3010, Loss: 0.0852, DRW: False
  Batch 2300/3010, Loss: 0.4058, DRW: False
  Batch 2400/3010, Loss: 0.1908, DRW: False
  Batch 2500/3010, Loss: 0.2875, DRW: False
  Batch 2600/3010, Loss: 0.3649, DRW: False
  Batch 2700/3010, Loss: 0.2878, DRW: False
  Batch 2800/3010, Loss: 0.1743, DRW: False
  Batch 2900/3010, Loss: 0.4293, DRW: False
  Batch 3000/3010, Loss: 0.5587, DRW: False
Train Loss: 0.2839
Val Loss: 0.8016, Val Macro F1: 0.8414
Current learning rate: 0.000038

============================================================
Epoch 30/50
============================================================
  Batch 0/3010, Loss: 0.2496, DRW: False
  Batch 100/3010, Loss: 0.0115, DRW: False
  Batch 200/3010, Loss: 0.2370, DRW: False
  Batch 300/3010, Loss: 0.1790, DRW: False
  Batch 400/3010, Loss: 0.2392, DRW: False
  Batch 500/3010, Loss: 0.1140, DRW: False
  Batch 600/3010, Loss: 0.1966, DRW: False
  Batch 700/3010, Loss: 0.2261, DRW: False
  Batch 800/3010, Loss: 0.3207, DRW: False
  Batch 900/3010, Loss: 0.2298, DRW: False
  Batch 1000/3010, Loss: 0.1659, DRW: False
  Batch 1100/3010, Loss: 0.3828, DRW: False
  Batch 1200/3010, Loss: 0.4867, DRW: False
  Batch 1300/3010, Loss: 0.2631, DRW: False
  Batch 1400/3010, Loss: 0.1573, DRW: False
  Batch 1500/3010, Loss: 0.1949, DRW: False
  Batch 1600/3010, Loss: 0.3479, DRW: False
  Batch 1700/3010, Loss: 0.1735, DRW: False
  Batch 1800/3010, Loss: 0.2522, DRW: False
  Batch 1900/3010, Loss: 0.2294, DRW: False
  Batch 2000/3010, Loss: 0.2055, DRW: False
  Batch 2100/3010, Loss: 0.4554, DRW: False
  Batch 2200/3010, Loss: 0.2004, DRW: False
  Batch 2300/3010, Loss: 0.5023, DRW: False
  Batch 2400/3010, Loss: 0.2202, DRW: False
  Batch 2500/3010, Loss: 0.2422, DRW: False
  Batch 2600/3010, Loss: 0.0819, DRW: False
  Batch 2700/3010, Loss: 0.2237, DRW: False
  Batch 2800/3010, Loss: 0.3787, DRW: False
  Batch 2900/3010, Loss: 0.1324, DRW: False
  Batch 3000/3010, Loss: 0.2755, DRW: False
Train Loss: 0.2483
Val Loss: 0.7448, Val Macro F1: 0.8389
Current learning rate: 0.000035

============================================================
Epoch 31/50
============================================================
  Batch 0/3010, Loss: 0.0656, DRW: False
  Batch 100/3010, Loss: 0.2215, DRW: False
  Batch 200/3010, Loss: 0.1075, DRW: False
  Batch 300/3010, Loss: 0.1406, DRW: False
  Batch 400/3010, Loss: 0.1552, DRW: False
  Batch 500/3010, Loss: 0.4200, DRW: False
  Batch 600/3010, Loss: 0.1497, DRW: False
  Batch 700/3010, Loss: 0.3739, DRW: False
  Batch 800/3010, Loss: 0.2073, DRW: False
  Batch 900/3010, Loss: 0.3376, DRW: False
  Batch 1000/3010, Loss: 0.3002, DRW: False
  Batch 1100/3010, Loss: 0.1583, DRW: False
  Batch 1200/3010, Loss: 0.3297, DRW: False
  Batch 1300/3010, Loss: 0.1483, DRW: False
  Batch 1400/3010, Loss: 0.3475, DRW: False
  Batch 1500/3010, Loss: 0.2685, DRW: False
  Batch 1600/3010, Loss: 0.0689, DRW: False
  Batch 1700/3010, Loss: 0.1498, DRW: False
  Batch 1800/3010, Loss: 0.1904, DRW: False
  Batch 1900/3010, Loss: 0.1327, DRW: False
  Batch 2000/3010, Loss: 0.1185, DRW: False
  Batch 2100/3010, Loss: 0.1766, DRW: False
  Batch 2200/3010, Loss: 0.3343, DRW: False
  Batch 2300/3010, Loss: 0.2560, DRW: False
  Batch 2400/3010, Loss: 0.0790, DRW: False
  Batch 2500/3010, Loss: 0.1490, DRW: False
  Batch 2600/3010, Loss: 0.4224, DRW: False
  Batch 2700/3010, Loss: 0.0681, DRW: False
  Batch 2800/3010, Loss: 0.2682, DRW: False
  Batch 2900/3010, Loss: 0.2595, DRW: False
  Batch 3000/3010, Loss: 0.2293, DRW: False
Train Loss: 0.2056
Val Loss: 0.7278, Val Macro F1: 0.8382
Current learning rate: 0.000032

============================================================
Epoch 32/50
============================================================
  Batch 0/3010, Loss: 0.2919, DRW: False
  Batch 100/3010, Loss: 0.2417, DRW: False
  Batch 200/3010, Loss: 0.4368, DRW: False
  Batch 300/3010, Loss: 0.1577, DRW: False
  Batch 400/3010, Loss: 0.1666, DRW: False
  Batch 500/3010, Loss: 0.0780, DRW: False
  Batch 600/3010, Loss: 0.1305, DRW: False
  Batch 700/3010, Loss: 0.2652, DRW: False
  Batch 800/3010, Loss: 0.1439, DRW: False
  Batch 900/3010, Loss: 0.1491, DRW: False
  Batch 1000/3010, Loss: 0.0734, DRW: False
  Batch 1100/3010, Loss: 0.1442, DRW: False
  Batch 1200/3010, Loss: 0.3503, DRW: False
  Batch 1300/3010, Loss: 0.1034, DRW: False
  Batch 1400/3010, Loss: 0.2735, DRW: False
  Batch 1500/3010, Loss: 0.0310, DRW: False
  Batch 1600/3010, Loss: 0.1407, DRW: False
  Batch 1700/3010, Loss: 0.0807, DRW: False
  Batch 1800/3010, Loss: 0.0697, DRW: False
  Batch 1900/3010, Loss: 0.2514, DRW: False
  Batch 2000/3010, Loss: 0.3840, DRW: False
  Batch 2100/3010, Loss: 0.1259, DRW: False
  Batch 2200/3010, Loss: 0.4272, DRW: False
  Batch 2300/3010, Loss: 0.0885, DRW: False
  Batch 2400/3010, Loss: 0.2220, DRW: False
  Batch 2500/3010, Loss: 0.2594, DRW: False
  Batch 2600/3010, Loss: 0.2556, DRW: False
  Batch 2700/3010, Loss: 0.2214, DRW: False
  Batch 2800/3010, Loss: 0.2688, DRW: False
  Batch 2900/3010, Loss: 0.5058, DRW: False
  Batch 3000/3010, Loss: 0.2260, DRW: False
Train Loss: 0.1661
Val Loss: 0.6996, Val Macro F1: 0.8377
Current learning rate: 0.000029

============================================================
Epoch 33/50
============================================================
  Batch 0/3010, Loss: 0.2331, DRW: False
  Batch 100/3010, Loss: 0.2079, DRW: False
  Batch 200/3010, Loss: 0.0404, DRW: False
  Batch 300/3010, Loss: 0.0963, DRW: False
  Batch 400/3010, Loss: 0.0439, DRW: False
  Batch 500/3010, Loss: 0.0728, DRW: False
  Batch 600/3010, Loss: 0.3174, DRW: False
  Batch 700/3010, Loss: 0.0258, DRW: False
  Batch 800/3010, Loss: 0.0209, DRW: False
  Batch 900/3010, Loss: 0.2562, DRW: False
  Batch 1000/3010, Loss: 0.0949, DRW: False
  Batch 1100/3010, Loss: 0.1363, DRW: False
  Batch 1200/3010, Loss: 0.1243, DRW: False
  Batch 1300/3010, Loss: 0.1840, DRW: False
  Batch 1400/3010, Loss: 0.0177, DRW: False
  Batch 1500/3010, Loss: 0.0201, DRW: False
  Batch 1600/3010, Loss: 0.0652, DRW: False
  Batch 1700/3010, Loss: 0.2371, DRW: False
  Batch 1800/3010, Loss: 0.0056, DRW: False
  Batch 1900/3010, Loss: 0.0255, DRW: False
  Batch 2000/3010, Loss: 0.1513, DRW: False
  Batch 2100/3010, Loss: 0.2001, DRW: False
  Batch 2200/3010, Loss: 0.0729, DRW: False
  Batch 2300/3010, Loss: 0.0665, DRW: False
  Batch 2400/3010, Loss: 0.2539, DRW: False
  Batch 2500/3010, Loss: 0.2652, DRW: False
  Batch 2600/3010, Loss: 0.1600, DRW: False
  Batch 2700/3010, Loss: 0.0052, DRW: False
  Batch 2800/3010, Loss: 0.1133, DRW: False
  Batch 2900/3010, Loss: 0.3868, DRW: False
  Batch 3000/3010, Loss: 0.1572, DRW: False
Train Loss: 0.1330
Val Loss: 0.7459, Val Macro F1: 0.8345
Current learning rate: 0.000026

============================================================
Epoch 34/50
============================================================
  Batch 0/3010, Loss: 0.0452, DRW: False
  Batch 100/3010, Loss: 0.2639, DRW: False
  Batch 200/3010, Loss: 0.0971, DRW: False
  Batch 300/3010, Loss: 0.0970, DRW: False
  Batch 400/3010, Loss: 0.0559, DRW: False
  Batch 500/3010, Loss: 0.0792, DRW: False
  Batch 600/3010, Loss: 0.2588, DRW: False
  Batch 700/3010, Loss: 0.2953, DRW: False
  Batch 800/3010, Loss: 0.0032, DRW: False
  Batch 900/3010, Loss: 0.0500, DRW: False
  Batch 1000/3010, Loss: 0.1189, DRW: False
  Batch 1100/3010, Loss: 0.0011, DRW: False
  Batch 1200/3010, Loss: 0.2903, DRW: False
  Batch 1300/3010, Loss: 0.0246, DRW: False
  Batch 1400/3010, Loss: 0.0660, DRW: False
  Batch 1500/3010, Loss: 0.0023, DRW: False
  Batch 1600/3010, Loss: 0.0054, DRW: False
  Batch 1700/3010, Loss: 0.1141, DRW: False
  Batch 1800/3010, Loss: 0.1557, DRW: False
  Batch 1900/3010, Loss: 0.0036, DRW: False
  Batch 2000/3010, Loss: 0.1083, DRW: False
  Batch 2100/3010, Loss: 0.1067, DRW: False
  Batch 2200/3010, Loss: 0.0726, DRW: False
  Batch 2300/3010, Loss: 0.1704, DRW: False
  Batch 2400/3010, Loss: 0.0581, DRW: False
  Batch 2500/3010, Loss: 0.0697, DRW: False
  Batch 2600/3010, Loss: 0.2393, DRW: False
  Batch 2700/3010, Loss: 0.0754, DRW: False
  Batch 2800/3010, Loss: 0.1142, DRW: False
  Batch 2900/3010, Loss: 0.0525, DRW: False
  Batch 3000/3010, Loss: 0.1770, DRW: False
Train Loss: 0.1045
Val Loss: 0.6716, Val Macro F1: 0.8376
Current learning rate: 0.000023

============================================================
Epoch 35/50
============================================================
  Batch 0/3010, Loss: 0.0743, DRW: False
  Batch 100/3010, Loss: 0.0288, DRW: False
  Batch 200/3010, Loss: 0.1707, DRW: False
  Batch 300/3010, Loss: 0.1424, DRW: False
  Batch 400/3010, Loss: 0.1052, DRW: False
  Batch 500/3010, Loss: 0.0770, DRW: False
  Batch 600/3010, Loss: 0.0393, DRW: False
  Batch 700/3010, Loss: 0.0780, DRW: False
  Batch 800/3010, Loss: 0.0857, DRW: False
  Batch 900/3010, Loss: 0.0030, DRW: False
  Batch 1000/3010, Loss: 0.0980, DRW: False
  Batch 1100/3010, Loss: 0.1183, DRW: False
  Batch 1200/3010, Loss: 0.1058, DRW: False
  Batch 1300/3010, Loss: 0.1021, DRW: False
  Batch 1400/3010, Loss: 0.0020, DRW: False
  Batch 1500/3010, Loss: 0.1311, DRW: False
  Batch 1600/3010, Loss: 0.0007, DRW: False
  Batch 1700/3010, Loss: 0.0030, DRW: False
  Batch 1800/3010, Loss: 0.1810, DRW: False
  Batch 1900/3010, Loss: 0.1592, DRW: False
  Batch 2000/3010, Loss: 0.0007, DRW: False
  Batch 2100/3010, Loss: 0.2357, DRW: False
  Batch 2200/3010, Loss: 0.0028, DRW: False
  Batch 2300/3010, Loss: 0.0986, DRW: False
  Batch 2400/3010, Loss: 0.0403, DRW: False
  Batch 2500/3010, Loss: 0.2165, DRW: False
  Batch 2600/3010, Loss: 0.0044, DRW: False
  Batch 2700/3010, Loss: 0.0012, DRW: False
  Batch 2800/3010, Loss: 0.0231, DRW: False
  Batch 2900/3010, Loss: 0.0654, DRW: False
  Batch 3000/3010, Loss: 0.0563, DRW: False
Train Loss: 0.0757
Val Loss: 0.6563, Val Macro F1: 0.8368
Current learning rate: 0.000021

============================================================
Epoch 36/50
============================================================
  Batch 0/3010, Loss: 0.1102, DRW: False
  Batch 100/3010, Loss: 0.0436, DRW: False
  Batch 200/3010, Loss: 0.0737, DRW: False
  Batch 300/3010, Loss: 0.0769, DRW: False
  Batch 400/3010, Loss: 0.0876, DRW: False
  Batch 500/3010, Loss: 0.0617, DRW: False
  Batch 600/3010, Loss: 0.0212, DRW: False
  Batch 700/3010, Loss: 0.1287, DRW: False
  Batch 800/3010, Loss: 0.0504, DRW: False
  Batch 900/3010, Loss: 0.0870, DRW: False
  Batch 1000/3010, Loss: 0.0002, DRW: False
  Batch 1100/3010, Loss: 0.0237, DRW: False
  Batch 1200/3010, Loss: 0.0086, DRW: False
  Batch 1300/3010, Loss: 0.1994, DRW: False
  Batch 1400/3010, Loss: 0.0010, DRW: False
  Batch 1500/3010, Loss: 0.0716, DRW: False
  Batch 1600/3010, Loss: 0.0005, DRW: False
  Batch 1700/3010, Loss: 0.0991, DRW: False
  Batch 1800/3010, Loss: 0.0029, DRW: False
  Batch 1900/3010, Loss: 0.0047, DRW: False
  Batch 2000/3010, Loss: 0.0021, DRW: False
  Batch 2100/3010, Loss: 0.0183, DRW: False
  Batch 2200/3010, Loss: 0.0101, DRW: False
  Batch 2300/3010, Loss: 0.0053, DRW: False
  Batch 2400/3010, Loss: 0.0052, DRW: False
  Batch 2500/3010, Loss: 0.0258, DRW: False
  Batch 2600/3010, Loss: 0.0492, DRW: False
  Batch 2700/3010, Loss: 0.0086, DRW: False
  Batch 2800/3010, Loss: 0.0019, DRW: False
  Batch 2900/3010, Loss: 0.0110, DRW: False
  Batch 3000/3010, Loss: 0.0103, DRW: False
Train Loss: 0.0511
Val Loss: 0.6151, Val Macro F1: 0.8356
Current learning rate: 0.000018

============================================================
Epoch 37/50
============================================================
  Batch 0/3010, Loss: 0.0566, DRW: False
  Batch 100/3010, Loss: 0.1118, DRW: False
  Batch 200/3010, Loss: 0.0008, DRW: False
  Batch 300/3010, Loss: 0.0005, DRW: False
  Batch 400/3010, Loss: 0.0102, DRW: False
  Batch 500/3010, Loss: 0.0800, DRW: False
  Batch 600/3010, Loss: 0.0634, DRW: False
  Batch 700/3010, Loss: 0.0008, DRW: False
  Batch 800/3010, Loss: 0.1014, DRW: False
  Batch 900/3010, Loss: 0.0007, DRW: False
  Batch 1000/3010, Loss: 0.0797, DRW: False
  Batch 1100/3010, Loss: 0.0616, DRW: False
  Batch 1200/3010, Loss: 0.0011, DRW: False
  Batch 1300/3010, Loss: 0.0002, DRW: False
  Batch 1400/3010, Loss: 0.0083, DRW: False
  Batch 1500/3010, Loss: 0.0004, DRW: False
  Batch 1600/3010, Loss: 0.0002, DRW: False
  Batch 1700/3010, Loss: 0.0008, DRW: False
  Batch 1800/3010, Loss: 0.1892, DRW: False
  Batch 1900/3010, Loss: 0.0897, DRW: False
  Batch 2000/3010, Loss: 0.1039, DRW: False
  Batch 2100/3010, Loss: 0.0715, DRW: False
  Batch 2200/3010, Loss: 0.0006, DRW: False
  Batch 2300/3010, Loss: 0.0032, DRW: False
  Batch 2400/3010, Loss: 0.0164, DRW: False
  Batch 2500/3010, Loss: 0.0691, DRW: False
  Batch 2600/3010, Loss: 0.0004, DRW: False
  Batch 2700/3010, Loss: 0.0859, DRW: False
  Batch 2800/3010, Loss: 0.0626, DRW: False
  Batch 2900/3010, Loss: 0.0017, DRW: False
  Batch 3000/3010, Loss: 0.0009, DRW: False
Train Loss: 0.0357
Val Loss: 0.5800, Val Macro F1: 0.8387
Current learning rate: 0.000016

============================================================
Epoch 38/50
============================================================
  Batch 0/3010, Loss: 0.0017, DRW: False
  Batch 100/3010, Loss: 0.0233, DRW: False
  Batch 200/3010, Loss: 0.0518, DRW: False
  Batch 300/3010, Loss: 0.0734, DRW: False
  Batch 400/3010, Loss: 0.0001, DRW: False
  Batch 500/3010, Loss: 0.0042, DRW: False
  Batch 600/3010, Loss: 0.0184, DRW: False
  Batch 700/3010, Loss: 0.0000, DRW: False
  Batch 800/3010, Loss: 0.0213, DRW: False
  Batch 900/3010, Loss: 0.0001, DRW: False
  Batch 1000/3010, Loss: 0.0003, DRW: False
  Batch 1100/3010, Loss: 0.0614, DRW: False
  Batch 1200/3010, Loss: 0.0002, DRW: False
  Batch 1300/3010, Loss: 0.0005, DRW: False
  Batch 1400/3010, Loss: 0.0008, DRW: False
  Batch 1500/3010, Loss: 0.0001, DRW: False
  Batch 1600/3010, Loss: 0.0000, DRW: False
  Batch 1700/3010, Loss: 0.0254, DRW: False
  Batch 1800/3010, Loss: 0.0509, DRW: False
  Batch 1900/3010, Loss: 0.1373, DRW: False
  Batch 2000/3010, Loss: 0.0003, DRW: False
  Batch 2100/3010, Loss: 0.0000, DRW: False
  Batch 2200/3010, Loss: 0.0002, DRW: False
  Batch 2300/3010, Loss: 0.0541, DRW: False
  Batch 2400/3010, Loss: 0.0026, DRW: False
  Batch 2500/3010, Loss: 0.0064, DRW: False
  Batch 2600/3010, Loss: 0.0000, DRW: False
  Batch 2700/3010, Loss: 0.1414, DRW: False
  Batch 2800/3010, Loss: 0.0016, DRW: False
  Batch 2900/3010, Loss: 0.0005, DRW: False
  Batch 3000/3010, Loss: 0.0005, DRW: False
Train Loss: 0.0244
Val Loss: 0.5926, Val Macro F1: 0.8375
Current learning rate: 0.000014

============================================================
Epoch 39/50
============================================================
  Batch 0/3010, Loss: 0.0002, DRW: False
  Batch 100/3010, Loss: 0.0001, DRW: False
  Batch 200/3010, Loss: 0.0001, DRW: False
  Batch 300/3010, Loss: 0.0001, DRW: False
  Batch 400/3010, Loss: 0.0213, DRW: False
  Batch 500/3010, Loss: 0.0000, DRW: False
  Batch 600/3010, Loss: 0.0006, DRW: False
  Batch 700/3010, Loss: 0.0029, DRW: False
  Batch 800/3010, Loss: 0.0000, DRW: False
  Batch 900/3010, Loss: 0.0000, DRW: False
  Batch 1000/3010, Loss: 0.0001, DRW: False
  Batch 1100/3010, Loss: 0.0002, DRW: False
  Batch 1200/3010, Loss: 0.0003, DRW: False
  Batch 1300/3010, Loss: 0.0001, DRW: False
  Batch 1400/3010, Loss: 0.0002, DRW: False
  Batch 1500/3010, Loss: 0.0002, DRW: False
  Batch 1600/3010, Loss: 0.0000, DRW: False
  Batch 1700/3010, Loss: 0.0000, DRW: False
  Batch 1800/3010, Loss: 0.0001, DRW: False
  Batch 1900/3010, Loss: 0.0973, DRW: False
  Batch 2000/3010, Loss: 0.0000, DRW: False
  Batch 2100/3010, Loss: 0.0043, DRW: False
  Batch 2200/3010, Loss: 0.0006, DRW: False
  Batch 2300/3010, Loss: 0.0011, DRW: False
  Batch 2400/3010, Loss: 0.0000, DRW: False
  Batch 2500/3010, Loss: 0.0051, DRW: False
  Batch 2600/3010, Loss: 0.0619, DRW: False
  Batch 2700/3010, Loss: 0.0000, DRW: False
  Batch 2800/3010, Loss: 0.0001, DRW: False
  Batch 2900/3010, Loss: 0.0000, DRW: False
  Batch 3000/3010, Loss: 0.0691, DRW: False
Train Loss: 0.0183
Val Loss: 0.5441, Val Macro F1: 0.8366
Current learning rate: 0.000011

============================================================
Epoch 40/50
============================================================
  Batch 0/3010, Loss: 0.0016, DRW: False
  Batch 100/3010, Loss: 0.0000, DRW: False
  Batch 200/3010, Loss: 0.0000, DRW: False
  Batch 300/3010, Loss: 0.0029, DRW: False
  Batch 400/3010, Loss: 0.0000, DRW: False
  Batch 500/3010, Loss: 0.0010, DRW: False
  Batch 600/3010, Loss: 0.0029, DRW: False
  Batch 700/3010, Loss: 0.0000, DRW: False
  Batch 800/3010, Loss: 0.0000, DRW: False
  Batch 900/3010, Loss: 0.0000, DRW: False
  Batch 1000/3010, Loss: 0.0004, DRW: False
  Batch 1100/3010, Loss: 0.0000, DRW: False
  Batch 1200/3010, Loss: 0.0803, DRW: False
  Batch 1300/3010, Loss: 0.0000, DRW: False
  Batch 1400/3010, Loss: 0.0000, DRW: False
  Batch 1500/3010, Loss: 0.0717, DRW: False
  Batch 1600/3010, Loss: 0.0000, DRW: False
  Batch 1700/3010, Loss: 0.0009, DRW: False
  Batch 1800/3010, Loss: 0.0000, DRW: False
  Batch 1900/3010, Loss: 0.0000, DRW: False
  Batch 2000/3010, Loss: 0.0000, DRW: False
  Batch 2100/3010, Loss: 0.0000, DRW: False
  Batch 2200/3010, Loss: 0.0797, DRW: False
  Batch 2300/3010, Loss: 0.0000, DRW: False
  Batch 2400/3010, Loss: 0.0000, DRW: False
  Batch 2500/3010, Loss: 0.0332, DRW: False
  Batch 2600/3010, Loss: 0.1402, DRW: False
  Batch 2700/3010, Loss: 0.0000, DRW: False
  Batch 2800/3010, Loss: 0.0924, DRW: False
  Batch 2900/3010, Loss: 0.0000, DRW: False
  Batch 3000/3010, Loss: 0.0035, DRW: False
Train Loss: 0.0128
Val Loss: 0.5184, Val Macro F1: 0.8375
Current learning rate: 0.000010

============================================================
Epoch 41/50
============================================================

*** Activating Deferred Reweighting (DRW) ***
  Batch 0/3010, Loss: 0.0000, DRW: True
  Batch 100/3010, Loss: 0.0964, DRW: True
  Batch 200/3010, Loss: 0.0000, DRW: True
  Batch 300/3010, Loss: 0.0000, DRW: True
  Batch 400/3010, Loss: 0.0000, DRW: True
  Batch 500/3010, Loss: 0.0421, DRW: True
  Batch 600/3010, Loss: 0.0000, DRW: True
  Batch 700/3010, Loss: 0.0000, DRW: True
  Batch 800/3010, Loss: 0.0000, DRW: True
  Batch 900/3010, Loss: 0.0000, DRW: True
  Batch 1000/3010, Loss: 0.0000, DRW: True
  Batch 1100/3010, Loss: 0.0655, DRW: True
  Batch 1200/3010, Loss: 0.0031, DRW: True
  Batch 1300/3010, Loss: 0.0000, DRW: True
  Batch 1400/3010, Loss: 0.0000, DRW: True
  Batch 1500/3010, Loss: 0.0000, DRW: True
  Batch 1600/3010, Loss: 0.0000, DRW: True
  Batch 1700/3010, Loss: 0.0049, DRW: True
  Batch 1800/3010, Loss: 0.0388, DRW: True
  Batch 1900/3010, Loss: 0.0000, DRW: True
  Batch 2000/3010, Loss: 0.0185, DRW: True
  Batch 2100/3010, Loss: 0.0000, DRW: True
  Batch 2200/3010, Loss: 0.0000, DRW: True
  Batch 2300/3010, Loss: 0.0000, DRW: True
  Batch 2400/3010, Loss: 0.0000, DRW: True
  Batch 2500/3010, Loss: 0.0000, DRW: True
  Batch 2600/3010, Loss: 0.0037, DRW: True
  Batch 2700/3010, Loss: 0.0177, DRW: True
  Batch 2800/3010, Loss: 0.0000, DRW: True
  Batch 2900/3010, Loss: 0.0000, DRW: True
  Batch 3000/3010, Loss: 0.0078, DRW: True
Train Loss: 0.0180
Val Loss: 0.5358, Val Macro F1: 0.8376
Current learning rate: 0.000008

============================================================
Epoch 42/50
============================================================
  Batch 0/3010, Loss: 0.0000, DRW: True
  Batch 100/3010, Loss: 0.0513, DRW: True
  Batch 200/3010, Loss: 0.0001, DRW: True
  Batch 300/3010, Loss: 0.0000, DRW: True
  Batch 400/3010, Loss: 0.4905, DRW: True
  Batch 500/3010, Loss: 0.0000, DRW: True
  Batch 600/3010, Loss: 0.0014, DRW: True
  Batch 700/3010, Loss: 0.0000, DRW: True
  Batch 800/3010, Loss: 0.0000, DRW: True
  Batch 900/3010, Loss: 0.0000, DRW: True
  Batch 1000/3010, Loss: 0.1692, DRW: True
  Batch 1100/3010, Loss: 0.0000, DRW: True
  Batch 1200/3010, Loss: 0.1645, DRW: True
  Batch 1300/3010, Loss: 0.0000, DRW: True
  Batch 1400/3010, Loss: 0.0053, DRW: True
  Batch 1500/3010, Loss: 0.0002, DRW: True
  Batch 1600/3010, Loss: 0.0122, DRW: True
  Batch 1700/3010, Loss: 0.0165, DRW: True
  Batch 1800/3010, Loss: 0.0000, DRW: True
  Batch 1900/3010, Loss: 0.0000, DRW: True
  Batch 2000/3010, Loss: 0.0000, DRW: True
  Batch 2100/3010, Loss: 0.0000, DRW: True
  Batch 2200/3010, Loss: 0.0000, DRW: True
  Batch 2300/3010, Loss: 0.0000, DRW: True
  Batch 2400/3010, Loss: 0.0000, DRW: True
  Batch 2500/3010, Loss: 0.0000, DRW: True
  Batch 2600/3010, Loss: 0.0000, DRW: True
  Batch 2700/3010, Loss: 0.0000, DRW: True
  Batch 2800/3010, Loss: 0.0000, DRW: True
  Batch 2900/3010, Loss: 0.0004, DRW: True
  Batch 3000/3010, Loss: 0.0743, DRW: True
Train Loss: 0.0143
Val Loss: 0.5047, Val Macro F1: 0.8367
Current learning rate: 0.000006

============================================================
Epoch 43/50
============================================================
  Batch 0/3010, Loss: 0.0000, DRW: True
  Batch 100/3010, Loss: 0.0000, DRW: True
  Batch 200/3010, Loss: 0.0001, DRW: True
  Batch 300/3010, Loss: 0.0000, DRW: True
  Batch 400/3010, Loss: 0.0000, DRW: True
  Batch 500/3010, Loss: 0.0000, DRW: True
  Batch 600/3010, Loss: 0.0000, DRW: True
  Batch 700/3010, Loss: 0.0000, DRW: True
  Batch 800/3010, Loss: 0.0000, DRW: True
  Batch 900/3010, Loss: 0.0000, DRW: True
  Batch 1000/3010, Loss: 0.0000, DRW: True
  Batch 1100/3010, Loss: 0.0000, DRW: True
  Batch 1200/3010, Loss: 0.1426, DRW: True
  Batch 1300/3010, Loss: 0.0000, DRW: True
  Batch 1400/3010, Loss: 0.0000, DRW: True
  Batch 1500/3010, Loss: 0.0019, DRW: True
  Batch 1600/3010, Loss: 0.0000, DRW: True
  Batch 1700/3010, Loss: 0.0089, DRW: True
  Batch 1800/3010, Loss: 0.0000, DRW: True
  Batch 1900/3010, Loss: 0.0000, DRW: True
  Batch 2000/3010, Loss: 0.0425, DRW: True
  Batch 2100/3010, Loss: 0.0000, DRW: True
  Batch 2200/3010, Loss: 0.0490, DRW: True
  Batch 2300/3010, Loss: 0.0000, DRW: True
  Batch 2400/3010, Loss: 0.0005, DRW: True
  Batch 2500/3010, Loss: 0.1503, DRW: True
  Batch 2600/3010, Loss: 0.0000, DRW: True
  Batch 2700/3010, Loss: 0.0000, DRW: True
  Batch 2800/3010, Loss: 0.0000, DRW: True
  Batch 2900/3010, Loss: 0.0000, DRW: True
  Batch 3000/3010, Loss: 0.0000, DRW: True
Train Loss: 0.0124
Val Loss: 0.4894, Val Macro F1: 0.8381
Current learning rate: 0.000005

============================================================
Epoch 44/50
============================================================
  Batch 0/3010, Loss: 0.1212, DRW: True
  Batch 100/3010, Loss: 0.1409, DRW: True
  Batch 200/3010, Loss: 0.0000, DRW: True
  Batch 300/3010, Loss: 0.0000, DRW: True
  Batch 400/3010, Loss: 0.0001, DRW: True
  Batch 500/3010, Loss: 0.0000, DRW: True
  Batch 600/3010, Loss: 0.0000, DRW: True
  Batch 700/3010, Loss: 0.0472, DRW: True
  Batch 800/3010, Loss: 0.0000, DRW: True
  Batch 900/3010, Loss: 0.0000, DRW: True
  Batch 1000/3010, Loss: 0.0000, DRW: True
  Batch 1100/3010, Loss: 0.0000, DRW: True
  Batch 1200/3010, Loss: 0.0000, DRW: True
  Batch 1300/3010, Loss: 0.0001, DRW: True
  Batch 1400/3010, Loss: 0.0000, DRW: True
  Batch 1500/3010, Loss: 0.0000, DRW: True
  Batch 1600/3010, Loss: 0.0018, DRW: True
  Batch 1700/3010, Loss: 0.0000, DRW: True
  Batch 1800/3010, Loss: 0.0000, DRW: True
  Batch 1900/3010, Loss: 0.0000, DRW: True
  Batch 2000/3010, Loss: 0.0000, DRW: True
  Batch 2100/3010, Loss: 0.0000, DRW: True
  Batch 2200/3010, Loss: 0.0000, DRW: True
  Batch 2300/3010, Loss: 0.0001, DRW: True
  Batch 2400/3010, Loss: 0.1180, DRW: True
  Batch 2500/3010, Loss: 0.0000, DRW: True
  Batch 2600/3010, Loss: 0.0216, DRW: True
  Batch 2700/3010, Loss: 0.0000, DRW: True
  Batch 2800/3010, Loss: 0.0000, DRW: True
  Batch 2900/3010, Loss: 0.0000, DRW: True
  Batch 3000/3010, Loss: 0.0567, DRW: True
Train Loss: 0.0100
Val Loss: 0.4743, Val Macro F1: 0.8370
Current learning rate: 0.000004

============================================================
Epoch 45/50
============================================================
  Batch 0/3010, Loss: 0.0007, DRW: True
  Batch 100/3010, Loss: 0.2260, DRW: True
  Batch 200/3010, Loss: 0.0000, DRW: True
  Batch 300/3010, Loss: 0.0000, DRW: True
  Batch 400/3010, Loss: 0.0000, DRW: True
  Batch 500/3010, Loss: 0.0000, DRW: True
  Batch 600/3010, Loss: 0.1080, DRW: True
  Batch 700/3010, Loss: 0.0000, DRW: True
  Batch 800/3010, Loss: 0.0000, DRW: True
  Batch 900/3010, Loss: 0.0000, DRW: True
  Batch 1000/3010, Loss: 0.0000, DRW: True
  Batch 1100/3010, Loss: 0.0000, DRW: True
  Batch 1200/3010, Loss: 0.0000, DRW: True
  Batch 1300/3010, Loss: 0.0016, DRW: True
  Batch 1400/3010, Loss: 0.0000, DRW: True
  Batch 1500/3010, Loss: 0.0000, DRW: True
  Batch 1600/3010, Loss: 0.0000, DRW: True
  Batch 1700/3010, Loss: 0.0000, DRW: True
  Batch 1800/3010, Loss: 0.0000, DRW: True
  Batch 1900/3010, Loss: 0.1381, DRW: True
  Batch 2000/3010, Loss: 0.0000, DRW: True
  Batch 2100/3010, Loss: 0.0001, DRW: True
  Batch 2200/3010, Loss: 0.0003, DRW: True
  Batch 2300/3010, Loss: 0.0000, DRW: True
  Batch 2400/3010, Loss: 0.0000, DRW: True
  Batch 2500/3010, Loss: 0.0000, DRW: True
  Batch 2600/3010, Loss: 0.0021, DRW: True
  Batch 2700/3010, Loss: 0.0001, DRW: True
  Batch 2800/3010, Loss: 0.0000, DRW: True
  Batch 2900/3010, Loss: 0.0005, DRW: True
  Batch 3000/3010, Loss: 0.0000, DRW: True
Train Loss: 0.0086
Val Loss: 0.4549, Val Macro F1: 0.8376
Current learning rate: 0.000002

============================================================
Epoch 46/50
============================================================
