INFO:    User not listed in /etc/subuid, trying root-mapped namespace
INFO:    Using fakeroot command combined with root-mapped namespace
Using device: cuda
GPU: NVIDIA L40S
GPU Memory: 47.67 GB
Checkpoint directory: model/STM/C3NeXt4_corpora_categories/standard/ckpt/2026-02-02_21-36

============================================================
Loading and preparing data...
============================================================
Loaded: /vast-ac8888/MusicSpeech-STM/STM_output/corpSTMnpy/BibleTTS-akuapem-twi_STMall.npy, shape: (23592, 2420)
Loaded: /vast-ac8888/MusicSpeech-STM/STM_output/corpSTMnpy/BibleTTS-asante-twi_STMall.npy, shape: (20768, 2420)
Loaded: /vast-ac8888/MusicSpeech-STM/STM_output/corpSTMnpy/BibleTTS-ewe_STMall.npy, shape: (22138, 2420)
Loaded: /vast-ac8888/MusicSpeech-STM/STM_output/corpSTMnpy/BibleTTS-hausa_STMall.npy, shape: (29002, 2420)
Loaded: /vast-ac8888/MusicSpeech-STM/STM_output/corpSTMnpy/BibleTTS-lingala_STMall.npy, shape: (11219, 2420)
Loaded: /vast-ac8888/MusicSpeech-STM/STM_output/corpSTMnpy/BibleTTS-yoruba_STMall.npy, shape: (6629, 2420)
Loaded: /vast-ac8888/MusicSpeech-STM/STM_output/corpSTMnpy/Buckeye_STMall.npy, shape: (255, 2420)
Loaded: /vast-ac8888/MusicSpeech-STM/STM_output/corpSTMnpy/EUROM_STMall.npy, shape: (6623, 2420)
Loaded: /vast-ac8888/MusicSpeech-STM/STM_output/corpSTMnpy/HiltonMoser2022_speech_STMall.npy, shape: (785, 2420)
Loaded: /vast-ac8888/MusicSpeech-STM/STM_output/corpSTMnpy/LibriSpeech_STMall.npy, shape: (27144, 2420)
Loaded: /vast-ac8888/MusicSpeech-STM/STM_output/corpSTMnpy/MediaSpeech-AR_STMall.npy, shape: (2505, 2420)
Loaded: /vast-ac8888/MusicSpeech-STM/STM_output/corpSTMnpy/MediaSpeech-ES_STMall.npy, shape: (2507, 2420)
Loaded: /vast-ac8888/MusicSpeech-STM/STM_output/corpSTMnpy/MediaSpeech-FR_STMall.npy, shape: (2498, 2420)
Loaded: /vast-ac8888/MusicSpeech-STM/STM_output/corpSTMnpy/MediaSpeech-TR_STMall.npy, shape: (2512, 2420)
Loaded: /vast-ac8888/MusicSpeech-STM/STM_output/corpSTMnpy/MozillaCommonVoice-ab_STMall.npy, shape: (7558, 2420)
Loaded: /vast-ac8888/MusicSpeech-STM/STM_output/corpSTMnpy/MozillaCommonVoice-ar_STMall.npy, shape: (8080, 2420)
Loaded: /vast-ac8888/MusicSpeech-STM/STM_output/corpSTMnpy/MozillaCommonVoice-ba_STMall.npy, shape: (7964, 2420)
Loaded: /vast-ac8888/MusicSpeech-STM/STM_output/corpSTMnpy/MozillaCommonVoice-be_STMall.npy, shape: (8595, 2420)
Loaded: /vast-ac8888/MusicSpeech-STM/STM_output/corpSTMnpy/MozillaCommonVoice-bg_STMall.npy, shape: (7130, 2420)
Loaded: /vast-ac8888/MusicSpeech-STM/STM_output/corpSTMnpy/MozillaCommonVoice-bn_STMall.npy, shape: (8149, 2420)
Loaded: /vast-ac8888/MusicSpeech-STM/STM_output/corpSTMnpy/MozillaCommonVoice-br_STMall.npy, shape: (1454, 2420)
Loaded: /vast-ac8888/MusicSpeech-STM/STM_output/corpSTMnpy/MozillaCommonVoice-ca_STMall.npy, shape: (8237, 2420)
Loaded: /vast-ac8888/MusicSpeech-STM/STM_output/corpSTMnpy/MozillaCommonVoice-ckb_STMall.npy, shape: (7490, 2420)
Loaded: /vast-ac8888/MusicSpeech-STM/STM_output/corpSTMnpy/MozillaCommonVoice-cnh_STMall.npy, shape: (656, 2420)
Loaded: /vast-ac8888/MusicSpeech-STM/STM_output/corpSTMnpy/MozillaCommonVoice-cs_STMall.npy, shape: (8622, 2420)
Loaded: /vast-ac8888/MusicSpeech-STM/STM_output/corpSTMnpy/MozillaCommonVoice-cv_STMall.npy, shape: (8755, 2420)
Loaded: /vast-ac8888/MusicSpeech-STM/STM_output/corpSTMnpy/MozillaCommonVoice-cy_STMall.npy, shape: (7640, 2420)
Loaded: /vast-ac8888/MusicSpeech-STM/STM_output/corpSTMnpy/MozillaCommonVoice-da_STMall.npy, shape: (3878, 2420)
Loaded: /vast-ac8888/MusicSpeech-STM/STM_output/corpSTMnpy/MozillaCommonVoice-de_STMall.npy, shape: (8979, 2420)
Loaded: /vast-ac8888/MusicSpeech-STM/STM_output/corpSTMnpy/MozillaCommonVoice-dv_STMall.npy, shape: (9113, 2420)
Loaded: /vast-ac8888/MusicSpeech-STM/STM_output/corpSTMnpy/MozillaCommonVoice-el_STMall.npy, shape: (6422, 2420)
Loaded: /vast-ac8888/MusicSpeech-STM/STM_output/corpSTMnpy/MozillaCommonVoice-en_STMall.npy, shape: (8607, 2420)
Loaded: /vast-ac8888/MusicSpeech-STM/STM_output/corpSTMnpy/MozillaCommonVoice-eo_STMall.npy, shape: (9327, 2420)
Loaded: /vast-ac8888/MusicSpeech-STM/STM_output/corpSTMnpy/MozillaCommonVoice-es_STMall.npy, shape: (8742, 2420)
Loaded: /vast-ac8888/MusicSpeech-STM/STM_output/corpSTMnpy/MozillaCommonVoice-et_STMall.npy, shape: (9653, 2420)
Loaded: /vast-ac8888/MusicSpeech-STM/STM_output/corpSTMnpy/MozillaCommonVoice-eu_STMall.npy, shape: (7983, 2420)
Loaded: /vast-ac8888/MusicSpeech-STM/STM_output/corpSTMnpy/MozillaCommonVoice-fa_STMall.npy, shape: (8629, 2420)
Loaded: /vast-ac8888/MusicSpeech-STM/STM_output/corpSTMnpy/MozillaCommonVoice-fi_STMall.npy, shape: (3982, 2420)
Loaded: /vast-ac8888/MusicSpeech-STM/STM_output/corpSTMnpy/MozillaCommonVoice-fr_STMall.npy, shape: (8912, 2420)
Loaded: /vast-ac8888/MusicSpeech-STM/STM_output/corpSTMnpy/MozillaCommonVoice-fy-NL_STMall.npy, shape: (6694, 2420)
Loaded: /vast-ac8888/MusicSpeech-STM/STM_output/corpSTMnpy/MozillaCommonVoice-ga-IE_STMall.npy, shape: (1323, 2420)
Loaded: /vast-ac8888/MusicSpeech-STM/STM_output/corpSTMnpy/MozillaCommonVoice-gl_STMall.npy, shape: (8623, 2420)
Loaded: /vast-ac8888/MusicSpeech-STM/STM_output/corpSTMnpy/MozillaCommonVoice-gn_STMall.npy, shape: (1014, 2420)
Loaded: /vast-ac8888/MusicSpeech-STM/STM_output/corpSTMnpy/MozillaCommonVoice-hi_STMall.npy, shape: (5438, 2420)
Loaded: /vast-ac8888/MusicSpeech-STM/STM_output/corpSTMnpy/MozillaCommonVoice-hu_STMall.npy, shape: (8319, 2420)
Loaded: /vast-ac8888/MusicSpeech-STM/STM_output/corpSTMnpy/MozillaCommonVoice-hy-AM_STMall.npy, shape: (6980, 2420)
Loaded: /vast-ac8888/MusicSpeech-STM/STM_output/corpSTMnpy/MozillaCommonVoice-id_STMall.npy, shape: (8468, 2420)
Loaded: /vast-ac8888/MusicSpeech-STM/STM_output/corpSTMnpy/MozillaCommonVoice-ig_STMall.npy, shape: (9, 2420)
Loaded: /vast-ac8888/MusicSpeech-STM/STM_output/corpSTMnpy/MozillaCommonVoice-it_STMall.npy, shape: (9083, 2420)
Loaded: /vast-ac8888/MusicSpeech-STM/STM_output/corpSTMnpy/MozillaCommonVoice-ja_STMall.npy, shape: (8606, 2420)
Loaded: /vast-ac8888/MusicSpeech-STM/STM_output/corpSTMnpy/MozillaCommonVoice-ka_STMall.npy, shape: (9409, 2420)
Loaded: /vast-ac8888/MusicSpeech-STM/STM_output/corpSTMnpy/MozillaCommonVoice-kab_STMall.npy, shape: (7172, 2420)
Loaded: /vast-ac8888/MusicSpeech-STM/STM_output/corpSTMnpy/MozillaCommonVoice-kk_STMall.npy, shape: (867, 2420)
Loaded: /vast-ac8888/MusicSpeech-STM/STM_output/corpSTMnpy/MozillaCommonVoice-kmr_STMall.npy, shape: (6603, 2420)
Loaded: /vast-ac8888/MusicSpeech-STM/STM_output/corpSTMnpy/MozillaCommonVoice-ky_STMall.npy, shape: (7998, 2420)
Loaded: /vast-ac8888/MusicSpeech-STM/STM_output/corpSTMnpy/MozillaCommonVoice-lg_STMall.npy, shape: (8169, 2420)
Loaded: /vast-ac8888/MusicSpeech-STM/STM_output/corpSTMnpy/MozillaCommonVoice-lt_STMall.npy, shape: (9073, 2420)
Loaded: /vast-ac8888/MusicSpeech-STM/STM_output/corpSTMnpy/MozillaCommonVoice-ltg_STMall.npy, shape: (2299, 2420)
Loaded: /vast-ac8888/MusicSpeech-STM/STM_output/corpSTMnpy/MozillaCommonVoice-lv_STMall.npy, shape: (7666, 2420)
Loaded: /vast-ac8888/MusicSpeech-STM/STM_output/corpSTMnpy/MozillaCommonVoice-mhr_STMall.npy, shape: (8336, 2420)
Loaded: /vast-ac8888/MusicSpeech-STM/STM_output/corpSTMnpy/MozillaCommonVoice-ml_STMall.npy, shape: (813, 2420)
Loaded: /vast-ac8888/MusicSpeech-STM/STM_output/corpSTMnpy/MozillaCommonVoice-mn_STMall.npy, shape: (5968, 2420)
Loaded: /vast-ac8888/MusicSpeech-STM/STM_output/corpSTMnpy/MozillaCommonVoice-mt_STMall.npy, shape: (3632, 2420)
Loaded: /vast-ac8888/MusicSpeech-STM/STM_output/corpSTMnpy/MozillaCommonVoice-nan-tw_STMall.npy, shape: (181, 2420)
Loaded: /vast-ac8888/MusicSpeech-STM/STM_output/corpSTMnpy/MozillaCommonVoice-nl_STMall.npy, shape: (8834, 2420)
Loaded: /vast-ac8888/MusicSpeech-STM/STM_output/corpSTMnpy/MozillaCommonVoice-oc_STMall.npy, shape: (681, 2420)
Loaded: /vast-ac8888/MusicSpeech-STM/STM_output/corpSTMnpy/MozillaCommonVoice-or_STMall.npy, shape: (1941, 2420)
Loaded: /vast-ac8888/MusicSpeech-STM/STM_output/corpSTMnpy/MozillaCommonVoice-pl_STMall.npy, shape: (8817, 2420)
Loaded: /vast-ac8888/MusicSpeech-STM/STM_output/corpSTMnpy/MozillaCommonVoice-pt_STMall.npy, shape: (8413, 2420)
Loaded: /vast-ac8888/MusicSpeech-STM/STM_output/corpSTMnpy/MozillaCommonVoice-ro_STMall.npy, shape: (6666, 2420)
Loaded: /vast-ac8888/MusicSpeech-STM/STM_output/corpSTMnpy/MozillaCommonVoice-ru_STMall.npy, shape: (9260, 2420)
Loaded: /vast-ac8888/MusicSpeech-STM/STM_output/corpSTMnpy/MozillaCommonVoice-rw_STMall.npy, shape: (9148, 2420)
Loaded: /vast-ac8888/MusicSpeech-STM/STM_output/corpSTMnpy/MozillaCommonVoice-sr_STMall.npy, shape: (391, 2420)
Loaded: /vast-ac8888/MusicSpeech-STM/STM_output/corpSTMnpy/MozillaCommonVoice-sv-SE_STMall.npy, shape: (8288, 2420)
Loaded: /vast-ac8888/MusicSpeech-STM/STM_output/corpSTMnpy/MozillaCommonVoice-sw_STMall.npy, shape: (9192, 2420)
Loaded: /vast-ac8888/MusicSpeech-STM/STM_output/corpSTMnpy/MozillaCommonVoice-ta_STMall.npy, shape: (9474, 2420)
Loaded: /vast-ac8888/MusicSpeech-STM/STM_output/corpSTMnpy/MozillaCommonVoice-th_STMall.npy, shape: (8044, 2420)
Loaded: /vast-ac8888/MusicSpeech-STM/STM_output/corpSTMnpy/MozillaCommonVoice-tr_STMall.npy, shape: (7953, 2420)
Loaded: /vast-ac8888/MusicSpeech-STM/STM_output/corpSTMnpy/MozillaCommonVoice-tt_STMall.npy, shape: (7454, 2420)
Loaded: /vast-ac8888/MusicSpeech-STM/STM_output/corpSTMnpy/MozillaCommonVoice-ug_STMall.npy, shape: (7899, 2420)
Loaded: /vast-ac8888/MusicSpeech-STM/STM_output/corpSTMnpy/MozillaCommonVoice-uk_STMall.npy, shape: (8819, 2420)
Loaded: /vast-ac8888/MusicSpeech-STM/STM_output/corpSTMnpy/MozillaCommonVoice-ur_STMall.npy, shape: (8970, 2420)
Loaded: /vast-ac8888/MusicSpeech-STM/STM_output/corpSTMnpy/MozillaCommonVoice-uz_STMall.npy, shape: (7911, 2420)
Loaded: /vast-ac8888/MusicSpeech-STM/STM_output/corpSTMnpy/MozillaCommonVoice-vi_STMall.npy, shape: (1859, 2420)
Loaded: /vast-ac8888/MusicSpeech-STM/STM_output/corpSTMnpy/MozillaCommonVoice-yo_STMall.npy, shape: (2511, 2420)
Loaded: /vast-ac8888/MusicSpeech-STM/STM_output/corpSTMnpy/MozillaCommonVoice-yue_STMall.npy, shape: (6156, 2420)
Loaded: /vast-ac8888/MusicSpeech-STM/STM_output/corpSTMnpy/MozillaCommonVoice-zh-CN_STMall.npy, shape: (8715, 2420)
Loaded: /vast-ac8888/MusicSpeech-STM/STM_output/corpSTMnpy/MozillaCommonVoice-zh-TW_STMall.npy, shape: (7286, 2420)
Loaded: /vast-ac8888/MusicSpeech-STM/STM_output/corpSTMnpy/SpeechClarity_STMall.npy, shape: (555, 2420)
Loaded: /vast-ac8888/MusicSpeech-STM/STM_output/corpSTMnpy/TAT-Vol2_STMall.npy, shape: (793, 2420)
Loaded: /vast-ac8888/MusicSpeech-STM/STM_output/corpSTMnpy/TIMIT_STMall.npy, shape: (479, 2420)
Loaded: /vast-ac8888/MusicSpeech-STM/STM_output/corpSTMnpy/TTS_Javanese_STMall.npy, shape: (3068, 2420)
Loaded: /vast-ac8888/MusicSpeech-STM/STM_output/corpSTMnpy/primewords_chinese_STMall.npy, shape: (47166, 2420)
Loaded: /vast-ac8888/MusicSpeech-STM/STM_output/corpSTMnpy/room_reader_STMall.npy, shape: (146, 2420)
Loaded: /vast-ac8888/MusicSpeech-STM/STM_output/corpSTMnpy/thchs30_STMall.npy, shape: (13327, 2420)
Loaded: /vast-ac8888/MusicSpeech-STM/STM_output/corpSTMnpy/zeroth_korean_STMall.npy, shape: (22255, 2420)
Loaded: /vast-ac8888/MusicSpeech-STM/STM_output/corpSTMnpy/Albouy2020Science_STMall.npy, shape: (123, 2420)
Loaded: /vast-ac8888/MusicSpeech-STM/STM_output/corpSTMnpy/GarlandEncyclopedia_STMall.npy, shape: (296, 2420)
Loaded: /vast-ac8888/MusicSpeech-STM/STM_output/corpSTMnpy/HiltonMoser2022_song_STMall.npy, shape: (803, 2420)
Loaded: /vast-ac8888/MusicSpeech-STM/STM_output/corpSTMnpy/IRMAS_STMall.npy, shape: (2838, 2420)
Loaded: /vast-ac8888/MusicSpeech-STM/STM_output/corpSTMnpy/MTG-Jamendo_STMall.npy, shape: (55699, 2420)
Loaded: /vast-ac8888/MusicSpeech-STM/STM_output/corpSTMnpy/MagnaTagATune_STMall.npy, shape: (25859, 2420)
Loaded: /vast-ac8888/MusicSpeech-STM/STM_output/corpSTMnpy/NHS2_STMall.npy, shape: (1007, 2420)
Loaded: /vast-ac8888/MusicSpeech-STM/STM_output/corpSTMnpy/fma_large_STMall.npy, shape: (106257, 2420)
Loaded: /vast-ac8888/MusicSpeech-STM/STM_output/corpSTMnpy/ismir04_genre_STMall.npy, shape: (2185, 2420)
Loaded: /vast-ac8888/MusicSpeech-STM/STM_output/corpSTMnpy/MacaulayLibrary_STMall.npy, shape: (34565, 2420)
Loaded: /vast-ac8888/MusicSpeech-STM/STM_output/corpSTMnpy/SONYC_STMall.npy, shape: (10798, 2420)

Dataset Statistics:
Total samples: 978378
Train samples: 770393
Val samples: 102010
Test samples: 105975
Feature dimension (flattened): 2420
Expected 2D shape: (20, 121)

Class Distribution (Training):
  Class 0: 497475 samples (64.6%)
  Class 1:  80258 samples (10.4%)
  Class 2: 101893 samples (13.2%)
  Class 3:  53538 samples (6.9%)
  Class 4:   9580 samples (1.2%)
  Class 5:  27649 samples (3.6%)

PyTorch Dataset Shapes:
Train: torch.Size([770393, 1, 20, 121])
Val: torch.Size([102010, 1, 20, 121])
Test: torch.Size([105975, 1, 20, 121])

DataLoaders created with batch_size=256

============================================================
Creating C3NeXt4 (Deeper + SE-Attention)...
============================================================
Total parameters: 14,812,326
Trainable parameters: 14,812,326
Architecture: C3NeXt4 - Deeper network + SE-Attention
Blocks: 24 ConvNeXt blocks [4, 12, 8] + 24 SE modules
Channels: [96, 192, 384]
SE reduction ratio: 4

============================================================
Starting Training...
============================================================
Total epochs: 100
Starting from epoch 1
Architecture: C3NeXt4 (Deeper + SE-Attention)
Loss: Focal-LDAM (gamma=2.0)
DRW start: epoch 40

Epoch 1/100
============================================================
  Batch 500/3010, Loss: 5.6664, DRW: False, Mixup: True
  Batch 1000/3010, Loss: 6.0561, DRW: False, Mixup: True
  Batch 1500/3010, Loss: 5.3931, DRW: False, Mixup: True
  Batch 2000/3010, Loss: 5.2409, DRW: False, Mixup: True
  Batch 2500/3010, Loss: 5.8128, DRW: False, Mixup: True
  Batch 3000/3010, Loss: 5.3465, DRW: False, Mixup: True
Train Loss: 5.6750
Val Loss: 1.6722, Val Macro F1: 0.1329
Current learning rate: 0.000100
*** New best model saved! Val F1: 0.1329 ***

Epoch 2/100
============================================================
  Batch 500/3010, Loss: 4.6624, DRW: False, Mixup: True
  Batch 1000/3010, Loss: 5.2804, DRW: False, Mixup: True
  Batch 1500/3010, Loss: 4.6856, DRW: False, Mixup: True
  Batch 2000/3010, Loss: 4.0963, DRW: False, Mixup: True
  Batch 2500/3010, Loss: 5.5371, DRW: False, Mixup: True
  Batch 3000/3010, Loss: 3.8494, DRW: False, Mixup: True
Train Loss: 4.5789
Val Loss: 1.6119, Val Macro F1: 0.2739
Current learning rate: 0.000100
*** New best model saved! Val F1: 0.2739 ***

Epoch 3/100
============================================================
  Batch 500/3010, Loss: 4.2488, DRW: False, Mixup: True
  Batch 1000/3010, Loss: 5.5285, DRW: False, Mixup: True
  Batch 1500/3010, Loss: 4.5870, DRW: False, Mixup: True
  Batch 2000/3010, Loss: 3.8956, DRW: False, Mixup: True
  Batch 2500/3010, Loss: 3.7138, DRW: False, Mixup: True
  Batch 3000/3010, Loss: 3.7943, DRW: False, Mixup: True
Train Loss: 4.2555
Val Loss: 1.5864, Val Macro F1: 0.2744
Current learning rate: 0.000100
*** New best model saved! Val F1: 0.2744 ***

Epoch 4/100
============================================================
  Batch 500/3010, Loss: 3.0275, DRW: False, Mixup: True
  Batch 1000/3010, Loss: 5.4237, DRW: False, Mixup: True
  Batch 1500/3010, Loss: 4.1531, DRW: False, Mixup: True
  Batch 2000/3010, Loss: 3.7159, DRW: False, Mixup: True
  Batch 2500/3010, Loss: 4.4411, DRW: False, Mixup: True
  Batch 3000/3010, Loss: 3.4925, DRW: False, Mixup: True
Train Loss: 3.9774
Val Loss: 1.5782, Val Macro F1: 0.3847
Current learning rate: 0.000100
*** New best model saved! Val F1: 0.3847 ***

Epoch 5/100
============================================================
  Batch 500/3010, Loss: 4.3482, DRW: False, Mixup: True
  Batch 1000/3010, Loss: 6.5523, DRW: False, Mixup: True
  Batch 1500/3010, Loss: 3.1039, DRW: False, Mixup: True
  Batch 2000/3010, Loss: 4.0003, DRW: False, Mixup: True
  Batch 2500/3010, Loss: 3.8032, DRW: False, Mixup: True
  Batch 3000/3010, Loss: 3.4153, DRW: False, Mixup: True
Train Loss: 4.0629
Val Loss: 1.5707, Val Macro F1: 0.4018
Current learning rate: 0.000100
*** New best model saved! Val F1: 0.4018 ***

Epoch 6/100
============================================================
  Batch 500/3010, Loss: 3.7486, DRW: False, Mixup: True
  Batch 1000/3010, Loss: 3.6095, DRW: False, Mixup: True
  Batch 1500/3010, Loss: 4.5361, DRW: False, Mixup: True
  Batch 2000/3010, Loss: 3.5616, DRW: False, Mixup: True
  Batch 2500/3010, Loss: 4.8044, DRW: False, Mixup: True
  Batch 3000/3010, Loss: 3.6949, DRW: False, Mixup: True
Train Loss: 3.7555
Val Loss: 1.5770, Val Macro F1: 0.4057
Current learning rate: 0.000100
*** New best model saved! Val F1: 0.4057 ***

Epoch 7/100
============================================================
  Batch 500/3010, Loss: 3.7526, DRW: False, Mixup: True
  Batch 1000/3010, Loss: 2.6122, DRW: False, Mixup: True
  Batch 1500/3010, Loss: 3.3798, DRW: False, Mixup: True
  Batch 2000/3010, Loss: 3.2589, DRW: False, Mixup: True
  Batch 2500/3010, Loss: 3.2536, DRW: False, Mixup: True
  Batch 3000/3010, Loss: 2.7932, DRW: False, Mixup: True
Train Loss: 3.5349
Val Loss: 1.5521, Val Macro F1: 0.5031
Current learning rate: 0.000100
*** New best model saved! Val F1: 0.5031 ***

Epoch 8/100
============================================================
  Batch 500/3010, Loss: 3.0484, DRW: False, Mixup: True
  Batch 1000/3010, Loss: 2.5065, DRW: False, Mixup: True
  Batch 1500/3010, Loss: 2.9609, DRW: False, Mixup: True
  Batch 2000/3010, Loss: 3.0855, DRW: False, Mixup: True
  Batch 2500/3010, Loss: 2.8409, DRW: False, Mixup: True
  Batch 3000/3010, Loss: 4.5192, DRW: False, Mixup: True
Train Loss: 3.3623
Val Loss: 1.5241, Val Macro F1: 0.5999
Current learning rate: 0.000100
*** New best model saved! Val F1: 0.5999 ***

Epoch 9/100
============================================================
  Batch 500/3010, Loss: 3.1292, DRW: False, Mixup: True
  Batch 1000/3010, Loss: 3.3874, DRW: False, Mixup: True
  Batch 1500/3010, Loss: 2.8630, DRW: False, Mixup: True
  Batch 2000/3010, Loss: 4.5741, DRW: False, Mixup: True
  Batch 2500/3010, Loss: 2.6999, DRW: False, Mixup: True
  Batch 3000/3010, Loss: 2.8264, DRW: False, Mixup: True
Train Loss: 3.2326
Val Loss: 1.5362, Val Macro F1: 0.6072
Current learning rate: 0.000100
*** New best model saved! Val F1: 0.6072 ***

Epoch 10/100
============================================================
  Batch 500/3010, Loss: 5.2510, DRW: False, Mixup: True
  Batch 1000/3010, Loss: 2.5183, DRW: False, Mixup: True
  Batch 1500/3010, Loss: 3.9464, DRW: False, Mixup: True
  Batch 2000/3010, Loss: 5.2011, DRW: False, Mixup: True
  Batch 2500/3010, Loss: 3.3814, DRW: False, Mixup: True
  Batch 3000/3010, Loss: 3.0392, DRW: False, Mixup: True
Train Loss: 3.1270
Val Loss: 1.5181, Val Macro F1: 0.6624
Current learning rate: 0.000100
Checkpoint saved: model/STM/C3NeXt4_corpora_categories/standard/ckpt/2026-02-02_21-36/checkpoint_epoch_10.pt
*** New best model saved! Val F1: 0.6624 ***

Epoch 11/100
============================================================
  Batch 500/3010, Loss: 4.2575, DRW: False, Mixup: True
  Batch 1000/3010, Loss: 2.6533, DRW: False, Mixup: True
  Batch 1500/3010, Loss: 2.6079, DRW: False, Mixup: True
  Batch 2000/3010, Loss: 2.8456, DRW: False, Mixup: True
  Batch 2500/3010, Loss: 4.4943, DRW: False, Mixup: True
  Batch 3000/3010, Loss: 2.4040, DRW: False, Mixup: True
Train Loss: 3.0468
Val Loss: 1.5136, Val Macro F1: 0.7086
Current learning rate: 0.000100
*** New best model saved! Val F1: 0.7086 ***

Epoch 12/100
============================================================
