INFO:    User not listed in /etc/subuid, trying root-mapped namespace
INFO:    Using fakeroot command combined with root-mapped namespace
INFO:    FUSE2FS (3): Warning: Mounting unchecked fs, running e2fsck is recommended.
Using device: cuda
GPU: NVIDIA L40S
GPU Memory: 47.67 GB
Resume mode: Will attempt to load from model/STM/ViM_corpora_categories/standard/ckpt/2026-02-01_00-21

Mode 0: Standard training (full dataset)
Checkpoint directory: model/STM/ViM_corpora_categories/standard/ckpt/2026-02-01_00-21

============================================================
Loading and preparing data...
============================================================
Loaded: /vast-ac8888/MusicSpeech-STM/STM_output/corpSTMnpy/BibleTTS-akuapem-twi_STMall.npy, shape: (23592, 2420)
Loaded: /vast-ac8888/MusicSpeech-STM/STM_output/corpSTMnpy/BibleTTS-asante-twi_STMall.npy, shape: (20768, 2420)
Loaded: /vast-ac8888/MusicSpeech-STM/STM_output/corpSTMnpy/BibleTTS-ewe_STMall.npy, shape: (22138, 2420)
Loaded: /vast-ac8888/MusicSpeech-STM/STM_output/corpSTMnpy/BibleTTS-hausa_STMall.npy, shape: (29002, 2420)
Loaded: /vast-ac8888/MusicSpeech-STM/STM_output/corpSTMnpy/BibleTTS-lingala_STMall.npy, shape: (11219, 2420)
Loaded: /vast-ac8888/MusicSpeech-STM/STM_output/corpSTMnpy/BibleTTS-yoruba_STMall.npy, shape: (6629, 2420)
Loaded: /vast-ac8888/MusicSpeech-STM/STM_output/corpSTMnpy/Buckeye_STMall.npy, shape: (255, 2420)
Loaded: /vast-ac8888/MusicSpeech-STM/STM_output/corpSTMnpy/EUROM_STMall.npy, shape: (6623, 2420)
Loaded: /vast-ac8888/MusicSpeech-STM/STM_output/corpSTMnpy/HiltonMoser2022_speech_STMall.npy, shape: (785, 2420)
Loaded: /vast-ac8888/MusicSpeech-STM/STM_output/corpSTMnpy/LibriSpeech_STMall.npy, shape: (27144, 2420)
Loaded: /vast-ac8888/MusicSpeech-STM/STM_output/corpSTMnpy/MediaSpeech-AR_STMall.npy, shape: (2505, 2420)
Loaded: /vast-ac8888/MusicSpeech-STM/STM_output/corpSTMnpy/MediaSpeech-ES_STMall.npy, shape: (2507, 2420)
Loaded: /vast-ac8888/MusicSpeech-STM/STM_output/corpSTMnpy/MediaSpeech-FR_STMall.npy, shape: (2498, 2420)
Loaded: /vast-ac8888/MusicSpeech-STM/STM_output/corpSTMnpy/MediaSpeech-TR_STMall.npy, shape: (2512, 2420)
Loaded: /vast-ac8888/MusicSpeech-STM/STM_output/corpSTMnpy/MozillaCommonVoice-ab_STMall.npy, shape: (7558, 2420)
Loaded: /vast-ac8888/MusicSpeech-STM/STM_output/corpSTMnpy/MozillaCommonVoice-ar_STMall.npy, shape: (8080, 2420)
Loaded: /vast-ac8888/MusicSpeech-STM/STM_output/corpSTMnpy/MozillaCommonVoice-ba_STMall.npy, shape: (7964, 2420)
Loaded: /vast-ac8888/MusicSpeech-STM/STM_output/corpSTMnpy/MozillaCommonVoice-be_STMall.npy, shape: (8595, 2420)
Loaded: /vast-ac8888/MusicSpeech-STM/STM_output/corpSTMnpy/MozillaCommonVoice-bg_STMall.npy, shape: (7130, 2420)
Loaded: /vast-ac8888/MusicSpeech-STM/STM_output/corpSTMnpy/MozillaCommonVoice-bn_STMall.npy, shape: (8149, 2420)
Loaded: /vast-ac8888/MusicSpeech-STM/STM_output/corpSTMnpy/MozillaCommonVoice-br_STMall.npy, shape: (1454, 2420)
Loaded: /vast-ac8888/MusicSpeech-STM/STM_output/corpSTMnpy/MozillaCommonVoice-ca_STMall.npy, shape: (8237, 2420)
Loaded: /vast-ac8888/MusicSpeech-STM/STM_output/corpSTMnpy/MozillaCommonVoice-ckb_STMall.npy, shape: (7490, 2420)
Loaded: /vast-ac8888/MusicSpeech-STM/STM_output/corpSTMnpy/MozillaCommonVoice-cnh_STMall.npy, shape: (656, 2420)
Loaded: /vast-ac8888/MusicSpeech-STM/STM_output/corpSTMnpy/MozillaCommonVoice-cs_STMall.npy, shape: (8622, 2420)
Loaded: /vast-ac8888/MusicSpeech-STM/STM_output/corpSTMnpy/MozillaCommonVoice-cv_STMall.npy, shape: (8755, 2420)
Loaded: /vast-ac8888/MusicSpeech-STM/STM_output/corpSTMnpy/MozillaCommonVoice-cy_STMall.npy, shape: (7640, 2420)
Loaded: /vast-ac8888/MusicSpeech-STM/STM_output/corpSTMnpy/MozillaCommonVoice-da_STMall.npy, shape: (3878, 2420)
Loaded: /vast-ac8888/MusicSpeech-STM/STM_output/corpSTMnpy/MozillaCommonVoice-de_STMall.npy, shape: (8979, 2420)
Loaded: /vast-ac8888/MusicSpeech-STM/STM_output/corpSTMnpy/MozillaCommonVoice-dv_STMall.npy, shape: (9113, 2420)
Loaded: /vast-ac8888/MusicSpeech-STM/STM_output/corpSTMnpy/MozillaCommonVoice-el_STMall.npy, shape: (6422, 2420)
Loaded: /vast-ac8888/MusicSpeech-STM/STM_output/corpSTMnpy/MozillaCommonVoice-en_STMall.npy, shape: (8607, 2420)
Loaded: /vast-ac8888/MusicSpeech-STM/STM_output/corpSTMnpy/MozillaCommonVoice-eo_STMall.npy, shape: (9327, 2420)
Loaded: /vast-ac8888/MusicSpeech-STM/STM_output/corpSTMnpy/MozillaCommonVoice-es_STMall.npy, shape: (8742, 2420)
Loaded: /vast-ac8888/MusicSpeech-STM/STM_output/corpSTMnpy/MozillaCommonVoice-et_STMall.npy, shape: (9653, 2420)
Loaded: /vast-ac8888/MusicSpeech-STM/STM_output/corpSTMnpy/MozillaCommonVoice-eu_STMall.npy, shape: (7983, 2420)
Loaded: /vast-ac8888/MusicSpeech-STM/STM_output/corpSTMnpy/MozillaCommonVoice-fa_STMall.npy, shape: (8629, 2420)
Loaded: /vast-ac8888/MusicSpeech-STM/STM_output/corpSTMnpy/MozillaCommonVoice-fi_STMall.npy, shape: (3982, 2420)
Loaded: /vast-ac8888/MusicSpeech-STM/STM_output/corpSTMnpy/MozillaCommonVoice-fr_STMall.npy, shape: (8912, 2420)
Loaded: /vast-ac8888/MusicSpeech-STM/STM_output/corpSTMnpy/MozillaCommonVoice-fy-NL_STMall.npy, shape: (6694, 2420)
Loaded: /vast-ac8888/MusicSpeech-STM/STM_output/corpSTMnpy/MozillaCommonVoice-ga-IE_STMall.npy, shape: (1323, 2420)
Loaded: /vast-ac8888/MusicSpeech-STM/STM_output/corpSTMnpy/MozillaCommonVoice-gl_STMall.npy, shape: (8623, 2420)
Loaded: /vast-ac8888/MusicSpeech-STM/STM_output/corpSTMnpy/MozillaCommonVoice-gn_STMall.npy, shape: (1014, 2420)
Loaded: /vast-ac8888/MusicSpeech-STM/STM_output/corpSTMnpy/MozillaCommonVoice-hi_STMall.npy, shape: (5438, 2420)
Loaded: /vast-ac8888/MusicSpeech-STM/STM_output/corpSTMnpy/MozillaCommonVoice-hu_STMall.npy, shape: (8319, 2420)
Loaded: /vast-ac8888/MusicSpeech-STM/STM_output/corpSTMnpy/MozillaCommonVoice-hy-AM_STMall.npy, shape: (6980, 2420)
Loaded: /vast-ac8888/MusicSpeech-STM/STM_output/corpSTMnpy/MozillaCommonVoice-id_STMall.npy, shape: (8468, 2420)
Loaded: /vast-ac8888/MusicSpeech-STM/STM_output/corpSTMnpy/MozillaCommonVoice-ig_STMall.npy, shape: (9, 2420)
Loaded: /vast-ac8888/MusicSpeech-STM/STM_output/corpSTMnpy/MozillaCommonVoice-it_STMall.npy, shape: (9083, 2420)
Loaded: /vast-ac8888/MusicSpeech-STM/STM_output/corpSTMnpy/MozillaCommonVoice-ja_STMall.npy, shape: (8606, 2420)
Loaded: /vast-ac8888/MusicSpeech-STM/STM_output/corpSTMnpy/MozillaCommonVoice-ka_STMall.npy, shape: (9409, 2420)
Loaded: /vast-ac8888/MusicSpeech-STM/STM_output/corpSTMnpy/MozillaCommonVoice-kab_STMall.npy, shape: (7172, 2420)
Loaded: /vast-ac8888/MusicSpeech-STM/STM_output/corpSTMnpy/MozillaCommonVoice-kk_STMall.npy, shape: (867, 2420)
Loaded: /vast-ac8888/MusicSpeech-STM/STM_output/corpSTMnpy/MozillaCommonVoice-kmr_STMall.npy, shape: (6603, 2420)
Loaded: /vast-ac8888/MusicSpeech-STM/STM_output/corpSTMnpy/MozillaCommonVoice-ky_STMall.npy, shape: (7998, 2420)
Loaded: /vast-ac8888/MusicSpeech-STM/STM_output/corpSTMnpy/MozillaCommonVoice-lg_STMall.npy, shape: (8169, 2420)
Loaded: /vast-ac8888/MusicSpeech-STM/STM_output/corpSTMnpy/MozillaCommonVoice-lt_STMall.npy, shape: (9073, 2420)
Loaded: /vast-ac8888/MusicSpeech-STM/STM_output/corpSTMnpy/MozillaCommonVoice-ltg_STMall.npy, shape: (2299, 2420)
Loaded: /vast-ac8888/MusicSpeech-STM/STM_output/corpSTMnpy/MozillaCommonVoice-lv_STMall.npy, shape: (7666, 2420)
Loaded: /vast-ac8888/MusicSpeech-STM/STM_output/corpSTMnpy/MozillaCommonVoice-mhr_STMall.npy, shape: (8336, 2420)
Loaded: /vast-ac8888/MusicSpeech-STM/STM_output/corpSTMnpy/MozillaCommonVoice-ml_STMall.npy, shape: (813, 2420)
Loaded: /vast-ac8888/MusicSpeech-STM/STM_output/corpSTMnpy/MozillaCommonVoice-mn_STMall.npy, shape: (5968, 2420)
Loaded: /vast-ac8888/MusicSpeech-STM/STM_output/corpSTMnpy/MozillaCommonVoice-mt_STMall.npy, shape: (3632, 2420)
Loaded: /vast-ac8888/MusicSpeech-STM/STM_output/corpSTMnpy/MozillaCommonVoice-nan-tw_STMall.npy, shape: (181, 2420)
Loaded: /vast-ac8888/MusicSpeech-STM/STM_output/corpSTMnpy/MozillaCommonVoice-nl_STMall.npy, shape: (8834, 2420)
Loaded: /vast-ac8888/MusicSpeech-STM/STM_output/corpSTMnpy/MozillaCommonVoice-oc_STMall.npy, shape: (681, 2420)
Loaded: /vast-ac8888/MusicSpeech-STM/STM_output/corpSTMnpy/MozillaCommonVoice-or_STMall.npy, shape: (1941, 2420)
Loaded: /vast-ac8888/MusicSpeech-STM/STM_output/corpSTMnpy/MozillaCommonVoice-pl_STMall.npy, shape: (8817, 2420)
Loaded: /vast-ac8888/MusicSpeech-STM/STM_output/corpSTMnpy/MozillaCommonVoice-pt_STMall.npy, shape: (8413, 2420)
Loaded: /vast-ac8888/MusicSpeech-STM/STM_output/corpSTMnpy/MozillaCommonVoice-ro_STMall.npy, shape: (6666, 2420)
Loaded: /vast-ac8888/MusicSpeech-STM/STM_output/corpSTMnpy/MozillaCommonVoice-ru_STMall.npy, shape: (9260, 2420)
Loaded: /vast-ac8888/MusicSpeech-STM/STM_output/corpSTMnpy/MozillaCommonVoice-rw_STMall.npy, shape: (9148, 2420)
Loaded: /vast-ac8888/MusicSpeech-STM/STM_output/corpSTMnpy/MozillaCommonVoice-sr_STMall.npy, shape: (391, 2420)
Loaded: /vast-ac8888/MusicSpeech-STM/STM_output/corpSTMnpy/MozillaCommonVoice-sv-SE_STMall.npy, shape: (8288, 2420)
Loaded: /vast-ac8888/MusicSpeech-STM/STM_output/corpSTMnpy/MozillaCommonVoice-sw_STMall.npy, shape: (9192, 2420)
Loaded: /vast-ac8888/MusicSpeech-STM/STM_output/corpSTMnpy/MozillaCommonVoice-ta_STMall.npy, shape: (9474, 2420)
Loaded: /vast-ac8888/MusicSpeech-STM/STM_output/corpSTMnpy/MozillaCommonVoice-th_STMall.npy, shape: (8044, 2420)
Loaded: /vast-ac8888/MusicSpeech-STM/STM_output/corpSTMnpy/MozillaCommonVoice-tr_STMall.npy, shape: (7953, 2420)
Loaded: /vast-ac8888/MusicSpeech-STM/STM_output/corpSTMnpy/MozillaCommonVoice-tt_STMall.npy, shape: (7454, 2420)
Loaded: /vast-ac8888/MusicSpeech-STM/STM_output/corpSTMnpy/MozillaCommonVoice-ug_STMall.npy, shape: (7899, 2420)
Loaded: /vast-ac8888/MusicSpeech-STM/STM_output/corpSTMnpy/MozillaCommonVoice-uk_STMall.npy, shape: (8819, 2420)
Loaded: /vast-ac8888/MusicSpeech-STM/STM_output/corpSTMnpy/MozillaCommonVoice-ur_STMall.npy, shape: (8970, 2420)
Loaded: /vast-ac8888/MusicSpeech-STM/STM_output/corpSTMnpy/MozillaCommonVoice-uz_STMall.npy, shape: (7911, 2420)
Loaded: /vast-ac8888/MusicSpeech-STM/STM_output/corpSTMnpy/MozillaCommonVoice-vi_STMall.npy, shape: (1859, 2420)
Loaded: /vast-ac8888/MusicSpeech-STM/STM_output/corpSTMnpy/MozillaCommonVoice-yo_STMall.npy, shape: (2511, 2420)
Loaded: /vast-ac8888/MusicSpeech-STM/STM_output/corpSTMnpy/MozillaCommonVoice-yue_STMall.npy, shape: (6156, 2420)
Loaded: /vast-ac8888/MusicSpeech-STM/STM_output/corpSTMnpy/MozillaCommonVoice-zh-CN_STMall.npy, shape: (8715, 2420)
Loaded: /vast-ac8888/MusicSpeech-STM/STM_output/corpSTMnpy/MozillaCommonVoice-zh-TW_STMall.npy, shape: (7286, 2420)
Loaded: /vast-ac8888/MusicSpeech-STM/STM_output/corpSTMnpy/SpeechClarity_STMall.npy, shape: (555, 2420)
Loaded: /vast-ac8888/MusicSpeech-STM/STM_output/corpSTMnpy/TAT-Vol2_STMall.npy, shape: (793, 2420)
Loaded: /vast-ac8888/MusicSpeech-STM/STM_output/corpSTMnpy/TIMIT_STMall.npy, shape: (479, 2420)
Loaded: /vast-ac8888/MusicSpeech-STM/STM_output/corpSTMnpy/TTS_Javanese_STMall.npy, shape: (3068, 2420)
Loaded: /vast-ac8888/MusicSpeech-STM/STM_output/corpSTMnpy/primewords_chinese_STMall.npy, shape: (47166, 2420)
Loaded: /vast-ac8888/MusicSpeech-STM/STM_output/corpSTMnpy/room_reader_STMall.npy, shape: (146, 2420)
Loaded: /vast-ac8888/MusicSpeech-STM/STM_output/corpSTMnpy/thchs30_STMall.npy, shape: (13327, 2420)
Loaded: /vast-ac8888/MusicSpeech-STM/STM_output/corpSTMnpy/zeroth_korean_STMall.npy, shape: (22255, 2420)
Loaded: /vast-ac8888/MusicSpeech-STM/STM_output/corpSTMnpy/Albouy2020Science_STMall.npy, shape: (123, 2420)
Loaded: /vast-ac8888/MusicSpeech-STM/STM_output/corpSTMnpy/GarlandEncyclopedia_STMall.npy, shape: (296, 2420)
Loaded: /vast-ac8888/MusicSpeech-STM/STM_output/corpSTMnpy/HiltonMoser2022_song_STMall.npy, shape: (803, 2420)
Loaded: /vast-ac8888/MusicSpeech-STM/STM_output/corpSTMnpy/IRMAS_STMall.npy, shape: (2838, 2420)
Loaded: /vast-ac8888/MusicSpeech-STM/STM_output/corpSTMnpy/MTG-Jamendo_STMall.npy, shape: (55699, 2420)
Loaded: /vast-ac8888/MusicSpeech-STM/STM_output/corpSTMnpy/MagnaTagATune_STMall.npy, shape: (25859, 2420)
Loaded: /vast-ac8888/MusicSpeech-STM/STM_output/corpSTMnpy/NHS2_STMall.npy, shape: (1007, 2420)
Loaded: /vast-ac8888/MusicSpeech-STM/STM_output/corpSTMnpy/fma_large_STMall.npy, shape: (106257, 2420)
Loaded: /vast-ac8888/MusicSpeech-STM/STM_output/corpSTMnpy/ismir04_genre_STMall.npy, shape: (2185, 2420)
Loaded: /vast-ac8888/MusicSpeech-STM/STM_output/corpSTMnpy/MacaulayLibrary_STMall.npy, shape: (34565, 2420)
Loaded: /vast-ac8888/MusicSpeech-STM/STM_output/corpSTMnpy/SONYC_STMall.npy, shape: (10798, 2420)

Dataset Statistics:
Total samples: 978378
Train samples: 770393
Val samples: 102010
Test samples: 105975
Sequence length: 1220

Class Distribution (Training):
  Class 0: 497475 samples (64.57%)
  Class 1: 80258 samples (10.42%)
  Class 2: 101893 samples (13.23%)
  Class 3: 53538 samples (6.95%)
  Class 4: 9580 samples (1.24%)
  Class 5: 27649 samples (3.59%)

PyTorch Dataset Shapes:
Train: torch.Size([770393, 2420])
Val: torch.Size([102010, 2420])
Test: torch.Size([105975, 2420])

Applying symmetric STM processing...
Original: 20 freq × 121 rates = 2420 tokens
After symmetric processing: 20 freq × 61 rates = 1220 tokens
Speed improvement: 2× faster (O(L) complexity)

DataLoaders created with batch_size=64

============================================================
Creating Vision Mamba model...
============================================================
Total parameters: 6,295,206
Trainable parameters: 6,295,206
Loading checkpoint from: model/STM/ViM_corpora_categories/standard/ckpt/2026-02-01_00-21/latest_checkpoint.pt
✓ Loaded optimizer state
✓ Loaded scheduler state
✓ Resumed from epoch 35, Best Val F1: 0.8173

Starting training for 50 epochs...
Starting from epoch 36

============================================================
Epoch 36/50
============================================================
  Batch 0/12038, Loss: 0.0001
  Batch 100/12038, Loss: 0.0005
  Batch 200/12038, Loss: 0.0000
  Batch 300/12038, Loss: 0.0935
  Batch 400/12038, Loss: 0.0004
  Batch 500/12038, Loss: 0.0002
  Batch 600/12038, Loss: 0.0000
  Batch 700/12038, Loss: 0.0000
  Batch 800/12038, Loss: 0.0031
  Batch 900/12038, Loss: 0.0000
  Batch 1000/12038, Loss: 0.0000
  Batch 1100/12038, Loss: 0.0009
  Batch 1200/12038, Loss: 0.0002
  Batch 1300/12038, Loss: 0.0001
  Batch 1400/12038, Loss: 0.0016
  Batch 1500/12038, Loss: 0.0000
  Batch 1600/12038, Loss: 0.0001
  Batch 1700/12038, Loss: 0.0801
  Batch 1800/12038, Loss: 0.0000
  Batch 1900/12038, Loss: 0.0002
  Batch 2000/12038, Loss: 0.0016
  Batch 2100/12038, Loss: 0.0023
  Batch 2200/12038, Loss: 0.0003
  Batch 2300/12038, Loss: 0.0006
  Batch 2400/12038, Loss: 0.0000
  Batch 2500/12038, Loss: 0.0832
  Batch 2600/12038, Loss: 0.0026
  Batch 2700/12038, Loss: 0.0001
  Batch 2800/12038, Loss: 0.0335
  Batch 2900/12038, Loss: 0.0000
  Batch 3000/12038, Loss: 0.0000
  Batch 3100/12038, Loss: 0.0130
  Batch 3200/12038, Loss: 0.0066
  Batch 3300/12038, Loss: 0.0002
  Batch 3400/12038, Loss: 0.0000
  Batch 3500/12038, Loss: 0.0008
  Batch 3600/12038, Loss: 0.0001
  Batch 3700/12038, Loss: 0.0000
  Batch 3800/12038, Loss: 0.0673
  Batch 3900/12038, Loss: 0.0001
  Batch 4000/12038, Loss: 0.0001
  Batch 4100/12038, Loss: 0.0001
  Batch 4200/12038, Loss: 0.0001
  Batch 4300/12038, Loss: 0.0000
  Batch 4400/12038, Loss: 0.0012
  Batch 4500/12038, Loss: 0.0000
  Batch 4600/12038, Loss: 0.0083
  Batch 4700/12038, Loss: 0.0000
  Batch 4800/12038, Loss: 0.0000
  Batch 4900/12038, Loss: 0.2133
  Batch 5000/12038, Loss: 0.0358
  Batch 5100/12038, Loss: 0.0037
  Batch 5200/12038, Loss: 0.0024
  Batch 5300/12038, Loss: 0.0020
  Batch 5400/12038, Loss: 0.0274
  Batch 5500/12038, Loss: 0.0000
  Batch 5600/12038, Loss: 0.0000
  Batch 5700/12038, Loss: 0.0004
  Batch 5800/12038, Loss: 0.0136
  Batch 5900/12038, Loss: 0.0000
  Batch 6000/12038, Loss: 0.0002
  Batch 6100/12038, Loss: 0.0000
  Batch 6200/12038, Loss: 0.0000
  Batch 6300/12038, Loss: 0.0001
  Batch 6400/12038, Loss: 0.0000
  Batch 6500/12038, Loss: 0.0001
  Batch 6600/12038, Loss: 0.0000
  Batch 6700/12038, Loss: 0.0001
  Batch 6800/12038, Loss: 0.0000
  Batch 6900/12038, Loss: 0.0004
  Batch 7000/12038, Loss: 0.0016
  Batch 7100/12038, Loss: 0.0004
  Batch 7200/12038, Loss: 0.0000
  Batch 7300/12038, Loss: 0.0324
  Batch 7400/12038, Loss: 0.0000
  Batch 7500/12038, Loss: 0.0038
  Batch 7600/12038, Loss: 0.0000
  Batch 7700/12038, Loss: 0.0000
  Batch 7800/12038, Loss: 0.0000
  Batch 7900/12038, Loss: 0.0000
  Batch 8000/12038, Loss: 0.0011
  Batch 8100/12038, Loss: 0.0005
  Batch 8200/12038, Loss: 0.0000
  Batch 8300/12038, Loss: 0.0000
  Batch 8400/12038, Loss: 0.0003
  Batch 8500/12038, Loss: 0.0176
  Batch 8600/12038, Loss: 0.0005
  Batch 8700/12038, Loss: 0.0309
  Batch 8800/12038, Loss: 0.0479
  Batch 8900/12038, Loss: 0.0000
  Batch 9000/12038, Loss: 0.0004
  Batch 9100/12038, Loss: 0.0003
  Batch 9200/12038, Loss: 0.0000
  Batch 9300/12038, Loss: 0.0000
  Batch 9400/12038, Loss: 0.0002
  Batch 9500/12038, Loss: 0.0051
  Batch 9600/12038, Loss: 0.0139
  Batch 9700/12038, Loss: 0.0006
  Batch 9800/12038, Loss: 0.0013
  Batch 9900/12038, Loss: 0.0000
  Batch 10000/12038, Loss: 0.0001
  Batch 10100/12038, Loss: 0.0006
  Batch 10200/12038, Loss: 0.1262
  Batch 10300/12038, Loss: 0.0142
  Batch 10400/12038, Loss: 0.0013
  Batch 10500/12038, Loss: 0.0000
  Batch 10600/12038, Loss: 0.0000
  Batch 10700/12038, Loss: 0.0192
  Batch 10800/12038, Loss: 0.0593
  Batch 10900/12038, Loss: 0.0012
  Batch 11000/12038, Loss: 0.0038
  Batch 11100/12038, Loss: 0.0003
  Batch 11200/12038, Loss: 0.0000
  Batch 11300/12038, Loss: 0.0146
  Batch 11400/12038, Loss: 0.0000
  Batch 11500/12038, Loss: 0.0004
  Batch 11600/12038, Loss: 0.0006
  Batch 11700/12038, Loss: 0.0731
  Batch 11800/12038, Loss: 0.0006
  Batch 11900/12038, Loss: 0.0001
  Batch 12000/12038, Loss: 0.0000
Train Loss: 0.0090
Val Loss: 1.4233, Val Macro F1: 0.8165
Current learning rate: 0.000018

============================================================
Epoch 37/50
============================================================
  Batch 0/12038, Loss: 0.0003
  Batch 100/12038, Loss: 0.0000
  Batch 200/12038, Loss: 0.0000
  Batch 300/12038, Loss: 0.0001
  Batch 400/12038, Loss: 0.0000
  Batch 500/12038, Loss: 0.0001
  Batch 600/12038, Loss: 0.0007
  Batch 700/12038, Loss: 0.0000
  Batch 800/12038, Loss: 0.0000
  Batch 900/12038, Loss: 0.0001
  Batch 1000/12038, Loss: 0.0005
  Batch 1100/12038, Loss: 0.0002
  Batch 1200/12038, Loss: 0.0001
  Batch 1300/12038, Loss: 0.0001
  Batch 1400/12038, Loss: 0.0000
  Batch 1500/12038, Loss: 0.0006
  Batch 1600/12038, Loss: 0.0225
  Batch 1700/12038, Loss: 0.0000
  Batch 1800/12038, Loss: 0.0322
  Batch 1900/12038, Loss: 0.0028
  Batch 2000/12038, Loss: 0.0000
  Batch 2100/12038, Loss: 0.0000
  Batch 2200/12038, Loss: 0.0389
  Batch 2300/12038, Loss: 0.0000
  Batch 2400/12038, Loss: 0.0002
  Batch 2500/12038, Loss: 0.0258
  Batch 2600/12038, Loss: 0.1157
  Batch 2700/12038, Loss: 0.0000
  Batch 2800/12038, Loss: 0.0000
  Batch 2900/12038, Loss: 0.0004
  Batch 3000/12038, Loss: 0.0002
  Batch 3100/12038, Loss: 0.0000
  Batch 3200/12038, Loss: 0.0019
  Batch 3300/12038, Loss: 0.0000
  Batch 3400/12038, Loss: 0.0001
  Batch 3500/12038, Loss: 0.0000
  Batch 3600/12038, Loss: 0.0000
  Batch 3700/12038, Loss: 0.0001
  Batch 3800/12038, Loss: 0.0001
  Batch 3900/12038, Loss: 0.0004
  Batch 4000/12038, Loss: 0.0000
  Batch 4100/12038, Loss: 0.0000
  Batch 4200/12038, Loss: 0.0000
  Batch 4300/12038, Loss: 0.0000
  Batch 4400/12038, Loss: 0.0031
  Batch 4500/12038, Loss: 0.0000
  Batch 4600/12038, Loss: 0.0000
  Batch 4700/12038, Loss: 0.0000
  Batch 4800/12038, Loss: 0.0000
  Batch 4900/12038, Loss: 0.0022
  Batch 5000/12038, Loss: 0.0005
  Batch 5100/12038, Loss: 0.0000
  Batch 5200/12038, Loss: 0.0027
  Batch 5300/12038, Loss: 0.0000
  Batch 5400/12038, Loss: 0.0000
  Batch 5500/12038, Loss: 0.0000
  Batch 5600/12038, Loss: 0.0000
  Batch 5700/12038, Loss: 0.0001
  Batch 5800/12038, Loss: 0.1056
  Batch 5900/12038, Loss: 0.0005
  Batch 6000/12038, Loss: 0.0253
  Batch 6100/12038, Loss: 0.0001
  Batch 6200/12038, Loss: 0.0003
  Batch 6300/12038, Loss: 0.0030
  Batch 6400/12038, Loss: 0.0000
  Batch 6500/12038, Loss: 0.0000
  Batch 6600/12038, Loss: 0.0000
  Batch 6700/12038, Loss: 0.0002
  Batch 6800/12038, Loss: 0.0193
  Batch 6900/12038, Loss: 0.0000
  Batch 7000/12038, Loss: 0.1884
  Batch 7100/12038, Loss: 0.0000
  Batch 7200/12038, Loss: 0.0000
  Batch 7300/12038, Loss: 0.0002
  Batch 7400/12038, Loss: 0.0001
  Batch 7500/12038, Loss: 0.0000
  Batch 7600/12038, Loss: 0.0000
  Batch 7700/12038, Loss: 0.0000
  Batch 7800/12038, Loss: 0.0000
  Batch 7900/12038, Loss: 0.0019
  Batch 8000/12038, Loss: 0.0000
  Batch 8100/12038, Loss: 0.0005
  Batch 8200/12038, Loss: 0.0000
  Batch 8300/12038, Loss: 0.0051
  Batch 8400/12038, Loss: 0.0000
  Batch 8500/12038, Loss: 0.0003
  Batch 8600/12038, Loss: 0.0000
  Batch 8700/12038, Loss: 0.0985
  Batch 8800/12038, Loss: 0.0001
  Batch 8900/12038, Loss: 0.0000
  Batch 9000/12038, Loss: 0.0258
  Batch 9100/12038, Loss: 0.0002
  Batch 9200/12038, Loss: 0.0000
  Batch 9300/12038, Loss: 0.0000
  Batch 9400/12038, Loss: 0.0100
  Batch 9500/12038, Loss: 0.0000
  Batch 9600/12038, Loss: 0.0093
  Batch 9700/12038, Loss: 0.0001
  Batch 9800/12038, Loss: 0.0000
  Batch 9900/12038, Loss: 0.0337
  Batch 10000/12038, Loss: 0.0927
  Batch 10100/12038, Loss: 0.0024
  Batch 10200/12038, Loss: 0.0006
  Batch 10300/12038, Loss: 0.0045
  Batch 10400/12038, Loss: 0.0011
  Batch 10500/12038, Loss: 0.0000
  Batch 10600/12038, Loss: 0.0000
  Batch 10700/12038, Loss: 0.0499
  Batch 10800/12038, Loss: 0.0003
  Batch 10900/12038, Loss: 0.0015
  Batch 11000/12038, Loss: 0.0043
  Batch 11100/12038, Loss: 0.0000
  Batch 11200/12038, Loss: 0.0000
  Batch 11300/12038, Loss: 0.0311
  Batch 11400/12038, Loss: 0.0000
  Batch 11500/12038, Loss: 0.0034
  Batch 11600/12038, Loss: 0.0000
  Batch 11700/12038, Loss: 0.0078
  Batch 11800/12038, Loss: 0.0000
  Batch 11900/12038, Loss: 0.0000
  Batch 12000/12038, Loss: 0.0000
Train Loss: 0.0073
Val Loss: 1.4851, Val Macro F1: 0.8166
Current learning rate: 0.000016

============================================================
Epoch 38/50
============================================================
  Batch 0/12038, Loss: 0.0275
  Batch 100/12038, Loss: 0.0000
  Batch 200/12038, Loss: 0.0001
  Batch 300/12038, Loss: 0.0000
  Batch 400/12038, Loss: 0.0000
  Batch 500/12038, Loss: 0.0023
  Batch 600/12038, Loss: 0.0059
  Batch 700/12038, Loss: 0.0004
  Batch 800/12038, Loss: 0.0016
  Batch 900/12038, Loss: 0.0005
  Batch 1000/12038, Loss: 0.0002
  Batch 1100/12038, Loss: 0.0000
  Batch 1200/12038, Loss: 0.0000
  Batch 1300/12038, Loss: 0.0000
  Batch 1400/12038, Loss: 0.0000
  Batch 1500/12038, Loss: 0.0019
  Batch 1600/12038, Loss: 0.0005
  Batch 1700/12038, Loss: 0.0000
  Batch 1800/12038, Loss: 0.0003
  Batch 1900/12038, Loss: 0.0000
  Batch 2000/12038, Loss: 0.0000
  Batch 2100/12038, Loss: 0.0000
  Batch 2200/12038, Loss: 0.0000
  Batch 2300/12038, Loss: 0.0000
  Batch 2400/12038, Loss: 0.0001
  Batch 2500/12038, Loss: 0.0058
  Batch 2600/12038, Loss: 0.0018
  Batch 2700/12038, Loss: 0.0002
  Batch 2800/12038, Loss: 0.0055
  Batch 2900/12038, Loss: 0.0004
  Batch 3000/12038, Loss: 0.0000
  Batch 3100/12038, Loss: 0.0001
  Batch 3200/12038, Loss: 0.0011
  Batch 3300/12038, Loss: 0.0000
  Batch 3400/12038, Loss: 0.0000
  Batch 3500/12038, Loss: 0.0228
  Batch 3600/12038, Loss: 0.0000
  Batch 3700/12038, Loss: 0.0002
  Batch 3800/12038, Loss: 0.0000
  Batch 3900/12038, Loss: 0.0017
  Batch 4000/12038, Loss: 0.0059
  Batch 4100/12038, Loss: 0.0031
  Batch 4200/12038, Loss: 0.0006
  Batch 4300/12038, Loss: 0.0024
  Batch 4400/12038, Loss: 0.0000
  Batch 4500/12038, Loss: 0.0001
  Batch 4600/12038, Loss: 0.0000
  Batch 4700/12038, Loss: 0.0010
  Batch 4800/12038, Loss: 0.0001
  Batch 4900/12038, Loss: 0.0001
  Batch 5000/12038, Loss: 0.0000
  Batch 5100/12038, Loss: 0.0000
  Batch 5200/12038, Loss: 0.0008
  Batch 5300/12038, Loss: 0.0000
  Batch 5400/12038, Loss: 0.0000
  Batch 5500/12038, Loss: 0.0001
  Batch 5600/12038, Loss: 0.0035
  Batch 5700/12038, Loss: 0.0001
  Batch 5800/12038, Loss: 0.1139
  Batch 5900/12038, Loss: 0.0000
  Batch 6000/12038, Loss: 0.0000
  Batch 6100/12038, Loss: 0.0002
  Batch 6200/12038, Loss: 0.0000
  Batch 6300/12038, Loss: 0.0001
  Batch 6400/12038, Loss: 0.0000
  Batch 6500/12038, Loss: 0.0232
  Batch 6600/12038, Loss: 0.0516
  Batch 6700/12038, Loss: 0.0003
  Batch 6800/12038, Loss: 0.0000
  Batch 6900/12038, Loss: 0.0000
  Batch 7000/12038, Loss: 0.0000
  Batch 7100/12038, Loss: 0.0196
  Batch 7200/12038, Loss: 0.0026
  Batch 7300/12038, Loss: 0.0015
  Batch 7400/12038, Loss: 0.0401
  Batch 7500/12038, Loss: 0.0000
  Batch 7600/12038, Loss: 0.0000
  Batch 7700/12038, Loss: 0.0000
  Batch 7800/12038, Loss: 0.0564
  Batch 7900/12038, Loss: 0.0001
  Batch 8000/12038, Loss: 0.0001
  Batch 8100/12038, Loss: 0.0000
  Batch 8200/12038, Loss: 0.0023
  Batch 8300/12038, Loss: 0.0000
  Batch 8400/12038, Loss: 0.0001
  Batch 8500/12038, Loss: 0.0000
  Batch 8600/12038, Loss: 0.0000
  Batch 8700/12038, Loss: 0.0196
  Batch 8800/12038, Loss: 0.0601
  Batch 8900/12038, Loss: 0.0040
  Batch 9000/12038, Loss: 0.0005
  Batch 9100/12038, Loss: 0.0000
  Batch 9200/12038, Loss: 0.0000
  Batch 9300/12038, Loss: 0.0001
  Batch 9400/12038, Loss: 0.0283
  Batch 9500/12038, Loss: 0.0000
  Batch 9600/12038, Loss: 0.0000
  Batch 9700/12038, Loss: 0.0258
  Batch 9800/12038, Loss: 0.0000
  Batch 9900/12038, Loss: 0.0002
  Batch 10000/12038, Loss: 0.0001
  Batch 10100/12038, Loss: 0.0000
  Batch 10200/12038, Loss: 0.0000
  Batch 10300/12038, Loss: 0.1064
  Batch 10400/12038, Loss: 0.0113
  Batch 10500/12038, Loss: 0.0002
  Batch 10600/12038, Loss: 0.0230
  Batch 10700/12038, Loss: 0.0004
  Batch 10800/12038, Loss: 0.0000
  Batch 10900/12038, Loss: 0.0001
  Batch 11000/12038, Loss: 0.0041
  Batch 11100/12038, Loss: 0.0007
  Batch 11200/12038, Loss: 0.0000
  Batch 11300/12038, Loss: 0.0004
  Batch 11400/12038, Loss: 0.0000
  Batch 11500/12038, Loss: 0.0000
  Batch 11600/12038, Loss: 0.0000
  Batch 11700/12038, Loss: 0.0000
  Batch 11800/12038, Loss: 0.0000
  Batch 11900/12038, Loss: 0.0000
  Batch 12000/12038, Loss: 0.0000
Train Loss: 0.0063
Val Loss: 1.4939, Val Macro F1: 0.8165
Current learning rate: 0.000014

============================================================
Epoch 39/50
============================================================
  Batch 0/12038, Loss: 0.0000
  Batch 100/12038, Loss: 0.0031
  Batch 200/12038, Loss: 0.0000
  Batch 300/12038, Loss: 0.0001
  Batch 400/12038, Loss: 0.0001
  Batch 500/12038, Loss: 0.0001
  Batch 600/12038, Loss: 0.0000
  Batch 700/12038, Loss: 0.0000
  Batch 800/12038, Loss: 0.0050
  Batch 900/12038, Loss: 0.0011
  Batch 1000/12038, Loss: 0.0000
  Batch 1100/12038, Loss: 0.0001
  Batch 1200/12038, Loss: 0.0001
  Batch 1300/12038, Loss: 0.0000
  Batch 1400/12038, Loss: 0.0000
  Batch 1500/12038, Loss: 0.0000
  Batch 1600/12038, Loss: 0.0177
  Batch 1700/12038, Loss: 0.0000
  Batch 1800/12038, Loss: 0.0000
  Batch 1900/12038, Loss: 0.0001
  Batch 2000/12038, Loss: 0.0000
  Batch 2100/12038, Loss: 0.0000
  Batch 2200/12038, Loss: 0.0000
  Batch 2300/12038, Loss: 0.0000
  Batch 2400/12038, Loss: 0.0000
  Batch 2500/12038, Loss: 0.0004
  Batch 2600/12038, Loss: 0.0000
  Batch 2700/12038, Loss: 0.0000
  Batch 2800/12038, Loss: 0.0000
  Batch 2900/12038, Loss: 0.0010
  Batch 3000/12038, Loss: 0.0000
  Batch 3100/12038, Loss: 0.0168
  Batch 3200/12038, Loss: 0.0000
  Batch 3300/12038, Loss: 0.0000
  Batch 3400/12038, Loss: 0.0000
  Batch 3500/12038, Loss: 0.0000
  Batch 3600/12038, Loss: 0.0000
  Batch 3700/12038, Loss: 0.0001
  Batch 3800/12038, Loss: 0.0000
  Batch 3900/12038, Loss: 0.0001
  Batch 4000/12038, Loss: 0.0000
  Batch 4100/12038, Loss: 0.0003
  Batch 4200/12038, Loss: 0.0000
  Batch 4300/12038, Loss: 0.0000
  Batch 4400/12038, Loss: 0.0007
  Batch 4500/12038, Loss: 0.0004
  Batch 4600/12038, Loss: 0.0000
  Batch 4700/12038, Loss: 0.0000
  Batch 4800/12038, Loss: 0.0000
  Batch 4900/12038, Loss: 0.0027
  Batch 5000/12038, Loss: 0.0352
  Batch 5100/12038, Loss: 0.0000
  Batch 5200/12038, Loss: 0.0009
  Batch 5300/12038, Loss: 0.0008
  Batch 5400/12038, Loss: 0.0000
  Batch 5500/12038, Loss: 0.0000
  Batch 5600/12038, Loss: 0.0059
  Batch 5700/12038, Loss: 0.0000
  Batch 5800/12038, Loss: 0.0000
  Batch 5900/12038, Loss: 0.0012
  Batch 6000/12038, Loss: 0.0000
  Batch 6100/12038, Loss: 0.0000
  Batch 6200/12038, Loss: 0.0000
  Batch 6300/12038, Loss: 0.0000
  Batch 6400/12038, Loss: 0.0000
  Batch 6500/12038, Loss: 0.0001
  Batch 6600/12038, Loss: 0.0000
  Batch 6700/12038, Loss: 0.0000
  Batch 6800/12038, Loss: 0.0000
  Batch 6900/12038, Loss: 0.0521
  Batch 7000/12038, Loss: 0.0000
  Batch 7100/12038, Loss: 0.0001
  Batch 7200/12038, Loss: 0.0001
  Batch 7300/12038, Loss: 0.0002
  Batch 7400/12038, Loss: 0.0000
  Batch 7500/12038, Loss: 0.0000
  Batch 7600/12038, Loss: 0.0001
  Batch 7700/12038, Loss: 0.0000
  Batch 7800/12038, Loss: 0.0000
  Batch 7900/12038, Loss: 0.0000
  Batch 8000/12038, Loss: 0.0000
  Batch 8100/12038, Loss: 0.0000
  Batch 8200/12038, Loss: 0.0001
  Batch 8300/12038, Loss: 0.0000
  Batch 8400/12038, Loss: 0.0012
  Batch 8500/12038, Loss: 0.0000
  Batch 8600/12038, Loss: 0.0000
  Batch 8700/12038, Loss: 0.0001
  Batch 8800/12038, Loss: 0.0000
  Batch 8900/12038, Loss: 0.0006
  Batch 9000/12038, Loss: 0.0000
  Batch 9100/12038, Loss: 0.0000
  Batch 9200/12038, Loss: 0.0003
  Batch 9300/12038, Loss: 0.0000
  Batch 9400/12038, Loss: 0.0000
  Batch 9500/12038, Loss: 0.0176
  Batch 9600/12038, Loss: 0.0001
  Batch 9700/12038, Loss: 0.0000
  Batch 9800/12038, Loss: 0.0001
  Batch 9900/12038, Loss: 0.0000
  Batch 10000/12038, Loss: 0.0000
  Batch 10100/12038, Loss: 0.0000
  Batch 10200/12038, Loss: 0.0076
  Batch 10300/12038, Loss: 0.0000
  Batch 10400/12038, Loss: 0.0003
  Batch 10500/12038, Loss: 0.0001
  Batch 10600/12038, Loss: 0.0000
  Batch 10700/12038, Loss: 0.0000
  Batch 10800/12038, Loss: 0.0000
  Batch 10900/12038, Loss: 0.0002
  Batch 11000/12038, Loss: 0.0004
  Batch 11100/12038, Loss: 0.0671
  Batch 11200/12038, Loss: 0.0003
  Batch 11300/12038, Loss: 0.0000
  Batch 11400/12038, Loss: 0.0000
  Batch 11500/12038, Loss: 0.0000
  Batch 11600/12038, Loss: 0.0000
  Batch 11700/12038, Loss: 0.0000
  Batch 11800/12038, Loss: 0.0000
  Batch 11900/12038, Loss: 0.0049
  Batch 12000/12038, Loss: 0.0077
Train Loss: 0.0052
Val Loss: 1.5208, Val Macro F1: 0.8199
Current learning rate: 0.000011
✓ Saved best model with Val F1: 0.8199

============================================================
Epoch 40/50
============================================================
  Batch 0/12038, Loss: 0.0000
  Batch 100/12038, Loss: 0.0197
  Batch 200/12038, Loss: 0.0000
  Batch 300/12038, Loss: 0.0000
  Batch 400/12038, Loss: 0.0000
  Batch 500/12038, Loss: 0.0000
  Batch 600/12038, Loss: 0.0000
  Batch 700/12038, Loss: 0.0000
  Batch 800/12038, Loss: 0.0000
  Batch 900/12038, Loss: 0.0000
  Batch 1000/12038, Loss: 0.0000
  Batch 1100/12038, Loss: 0.0000
  Batch 1200/12038, Loss: 0.0001
  Batch 1300/12038, Loss: 0.0000
  Batch 1400/12038, Loss: 0.0000
  Batch 1500/12038, Loss: 0.0000
  Batch 1600/12038, Loss: 0.0000
  Batch 1700/12038, Loss: 0.0000
  Batch 1800/12038, Loss: 0.0001
  Batch 1900/12038, Loss: 0.0008
  Batch 2000/12038, Loss: 0.0000
  Batch 2100/12038, Loss: 0.0000
  Batch 2200/12038, Loss: 0.0000
  Batch 2300/12038, Loss: 0.0017
  Batch 2400/12038, Loss: 0.0000
  Batch 2500/12038, Loss: 0.0000
  Batch 2600/12038, Loss: 0.0000
  Batch 2700/12038, Loss: 0.1035
  Batch 2800/12038, Loss: 0.0000
  Batch 2900/12038, Loss: 0.0002
  Batch 3000/12038, Loss: 0.0000
  Batch 3100/12038, Loss: 0.0000
  Batch 3200/12038, Loss: 0.0000
  Batch 3300/12038, Loss: 0.0000
  Batch 3400/12038, Loss: 0.0000
  Batch 3500/12038, Loss: 0.0000
  Batch 3600/12038, Loss: 0.0001
  Batch 3700/12038, Loss: 0.0000
  Batch 3800/12038, Loss: 0.0000
  Batch 3900/12038, Loss: 0.0000
  Batch 4000/12038, Loss: 0.0039
  Batch 4100/12038, Loss: 0.0000
  Batch 4200/12038, Loss: 0.0000
  Batch 4300/12038, Loss: 0.0000
  Batch 4400/12038, Loss: 0.0014
  Batch 4500/12038, Loss: 0.0008
  Batch 4600/12038, Loss: 0.0000
  Batch 4700/12038, Loss: 0.0001
  Batch 4800/12038, Loss: 0.0007
  Batch 4900/12038, Loss: 0.0000
  Batch 5000/12038, Loss: 0.0000
  Batch 5100/12038, Loss: 0.0022
  Batch 5200/12038, Loss: 0.0000
  Batch 5300/12038, Loss: 0.0000
  Batch 5400/12038, Loss: 0.0000
  Batch 5500/12038, Loss: 0.0027
  Batch 5600/12038, Loss: 0.0000
  Batch 5700/12038, Loss: 0.0002
  Batch 5800/12038, Loss: 0.0000
  Batch 5900/12038, Loss: 0.0000
  Batch 6000/12038, Loss: 0.0000
  Batch 6100/12038, Loss: 0.0001
  Batch 6200/12038, Loss: 0.0000
  Batch 6300/12038, Loss: 0.0000
  Batch 6400/12038, Loss: 0.0000
  Batch 6500/12038, Loss: 0.0000
  Batch 6600/12038, Loss: 0.0000
  Batch 6700/12038, Loss: 0.0000
  Batch 6800/12038, Loss: 0.0000
  Batch 6900/12038, Loss: 0.0069
  Batch 7000/12038, Loss: 0.0003
  Batch 7100/12038, Loss: 0.0007
  Batch 7200/12038, Loss: 0.0000
  Batch 7300/12038, Loss: 0.0000
  Batch 7400/12038, Loss: 0.0000
  Batch 7500/12038, Loss: 0.0010
  Batch 7600/12038, Loss: 0.0000
  Batch 7700/12038, Loss: 0.0011
  Batch 7800/12038, Loss: 0.0003
  Batch 7900/12038, Loss: 0.0000
  Batch 8000/12038, Loss: 0.0076
  Batch 8100/12038, Loss: 0.0000
  Batch 8200/12038, Loss: 0.0000
  Batch 8300/12038, Loss: 0.0000
  Batch 8400/12038, Loss: 0.0000
  Batch 8500/12038, Loss: 0.0000
  Batch 8600/12038, Loss: 0.0004
  Batch 8700/12038, Loss: 0.0000
  Batch 8800/12038, Loss: 0.0000
  Batch 8900/12038, Loss: 0.0042
  Batch 9000/12038, Loss: 0.0538
  Batch 9100/12038, Loss: 0.0000
  Batch 9200/12038, Loss: 0.0000
  Batch 9300/12038, Loss: 0.0000
  Batch 9400/12038, Loss: 0.0024
  Batch 9500/12038, Loss: 0.0000
  Batch 9600/12038, Loss: 0.0053
  Batch 9700/12038, Loss: 0.0000
  Batch 9800/12038, Loss: 0.0003
  Batch 9900/12038, Loss: 0.0002
  Batch 10000/12038, Loss: 0.0014
  Batch 10100/12038, Loss: 0.0084
  Batch 10200/12038, Loss: 0.0000
  Batch 10300/12038, Loss: 0.0000
  Batch 10400/12038, Loss: 0.0000
  Batch 10500/12038, Loss: 0.0000
  Batch 10600/12038, Loss: 0.0000
  Batch 10700/12038, Loss: 0.0000
  Batch 10800/12038, Loss: 0.0000
  Batch 10900/12038, Loss: 0.0000
  Batch 11000/12038, Loss: 0.0075
  Batch 11100/12038, Loss: 0.0002
  Batch 11200/12038, Loss: 0.0000
  Batch 11300/12038, Loss: 0.0869
  Batch 11400/12038, Loss: 0.0019
  Batch 11500/12038, Loss: 0.0000
  Batch 11600/12038, Loss: 0.0005
  Batch 11700/12038, Loss: 0.0001
  Batch 11800/12038, Loss: 0.0000
  Batch 11900/12038, Loss: 0.0000
  Batch 12000/12038, Loss: 0.0000
Train Loss: 0.0041
Val Loss: 1.5613, Val Macro F1: 0.8155
Current learning rate: 0.000010
✓ Saved checkpoint at epoch 40

============================================================
Epoch 41/50
============================================================
  Batch 0/12038, Loss: 0.0000
  Batch 100/12038, Loss: 0.0022
  Batch 200/12038, Loss: 0.0000
  Batch 300/12038, Loss: 0.0000
  Batch 400/12038, Loss: 0.0000
  Batch 500/12038, Loss: 0.0000
  Batch 600/12038, Loss: 0.0000
  Batch 700/12038, Loss: 0.0000
  Batch 800/12038, Loss: 0.0000
  Batch 900/12038, Loss: 0.0068
  Batch 1000/12038, Loss: 0.0008
  Batch 1100/12038, Loss: 0.0000
  Batch 1200/12038, Loss: 0.0000
  Batch 1300/12038, Loss: 0.0000
  Batch 1400/12038, Loss: 0.0000
  Batch 1500/12038, Loss: 0.0001
  Batch 1600/12038, Loss: 0.0007
  Batch 1700/12038, Loss: 0.0007
  Batch 1800/12038, Loss: 0.0000
  Batch 1900/12038, Loss: 0.0000
  Batch 2000/12038, Loss: 0.0001
  Batch 2100/12038, Loss: 0.0000
  Batch 2200/12038, Loss: 0.0000
  Batch 2300/12038, Loss: 0.0000
  Batch 2400/12038, Loss: 0.0000
  Batch 2500/12038, Loss: 0.0042
  Batch 2600/12038, Loss: 0.0001
  Batch 2700/12038, Loss: 0.0000
  Batch 2800/12038, Loss: 0.0000
  Batch 2900/12038, Loss: 0.0000
  Batch 3000/12038, Loss: 0.0000
  Batch 3100/12038, Loss: 0.0000
  Batch 3200/12038, Loss: 0.0004
  Batch 3300/12038, Loss: 0.0000
  Batch 3400/12038, Loss: 0.0001
  Batch 3500/12038, Loss: 0.0000
  Batch 3600/12038, Loss: 0.0000
  Batch 3700/12038, Loss: 0.0000
  Batch 3800/12038, Loss: 0.0000
  Batch 3900/12038, Loss: 0.0000
  Batch 4000/12038, Loss: 0.0011
  Batch 4100/12038, Loss: 0.0001
  Batch 4200/12038, Loss: 0.0000
  Batch 4300/12038, Loss: 0.0000
  Batch 4400/12038, Loss: 0.0002
  Batch 4500/12038, Loss: 0.0004
  Batch 4600/12038, Loss: 0.0000
  Batch 4700/12038, Loss: 0.0002
  Batch 4800/12038, Loss: 0.0000
  Batch 4900/12038, Loss: 0.0342
  Batch 5000/12038, Loss: 0.0002
  Batch 5100/12038, Loss: 0.0000
  Batch 5200/12038, Loss: 0.0001
  Batch 5300/12038, Loss: 0.0000
  Batch 5400/12038, Loss: 0.0000
  Batch 5500/12038, Loss: 0.0000
  Batch 5600/12038, Loss: 0.0000
  Batch 5700/12038, Loss: 0.0047
  Batch 5800/12038, Loss: 0.0002
  Batch 5900/12038, Loss: 0.0000
  Batch 6000/12038, Loss: 0.0123
  Batch 6100/12038, Loss: 0.0000
  Batch 6200/12038, Loss: 0.0017
  Batch 6300/12038, Loss: 0.0002
  Batch 6400/12038, Loss: 0.0001
  Batch 6500/12038, Loss: 0.0000
  Batch 6600/12038, Loss: 0.0000
  Batch 6700/12038, Loss: 0.0057
  Batch 6800/12038, Loss: 0.1380
  Batch 6900/12038, Loss: 0.0000
  Batch 7000/12038, Loss: 0.0001
  Batch 7100/12038, Loss: 0.0000
  Batch 7200/12038, Loss: 0.0000
  Batch 7300/12038, Loss: 0.0000
  Batch 7400/12038, Loss: 0.0001
  Batch 7500/12038, Loss: 0.0003
  Batch 7600/12038, Loss: 0.0000
  Batch 7700/12038, Loss: 0.0001
  Batch 7800/12038, Loss: 0.0002
  Batch 7900/12038, Loss: 0.0000
  Batch 8000/12038, Loss: 0.0002
  Batch 8100/12038, Loss: 0.0336
  Batch 8200/12038, Loss: 0.0000
  Batch 8300/12038, Loss: 0.0000
  Batch 8400/12038, Loss: 0.0000
  Batch 8500/12038, Loss: 0.0000
  Batch 8600/12038, Loss: 0.0000
  Batch 8700/12038, Loss: 0.0000
  Batch 8800/12038, Loss: 0.0000
  Batch 8900/12038, Loss: 0.0001
  Batch 9000/12038, Loss: 0.0124
  Batch 9100/12038, Loss: 0.0000
  Batch 9200/12038, Loss: 0.0000
  Batch 9300/12038, Loss: 0.0000
  Batch 9400/12038, Loss: 0.0001
  Batch 9500/12038, Loss: 0.0005
  Batch 9600/12038, Loss: 0.0000
  Batch 9700/12038, Loss: 0.0000
  Batch 9800/12038, Loss: 0.0000
  Batch 9900/12038, Loss: 0.0000
  Batch 10000/12038, Loss: 0.0000
  Batch 10100/12038, Loss: 0.0000
  Batch 10200/12038, Loss: 0.0009
  Batch 10300/12038, Loss: 0.0001
  Batch 10400/12038, Loss: 0.0011
  Batch 10500/12038, Loss: 0.0000
  Batch 10600/12038, Loss: 0.0000
  Batch 10700/12038, Loss: 0.0000
  Batch 10800/12038, Loss: 0.0000
  Batch 10900/12038, Loss: 0.0000
  Batch 11000/12038, Loss: 0.0000
  Batch 11100/12038, Loss: 0.0000
  Batch 11200/12038, Loss: 0.0000
  Batch 11300/12038, Loss: 0.0000
  Batch 11400/12038, Loss: 0.0000
  Batch 11500/12038, Loss: 0.0000
  Batch 11600/12038, Loss: 0.0000
  Batch 11700/12038, Loss: 0.0000
  Batch 11800/12038, Loss: 0.0000
  Batch 11900/12038, Loss: 0.0000
  Batch 12000/12038, Loss: 0.0001
Train Loss: 0.0032
Val Loss: 1.5766, Val Macro F1: 0.8198
Current learning rate: 0.000008

============================================================
Epoch 42/50
============================================================
  Batch 0/12038, Loss: 0.0001
  Batch 100/12038, Loss: 0.0000
  Batch 200/12038, Loss: 0.0199
  Batch 300/12038, Loss: 0.0000
  Batch 400/12038, Loss: 0.0000
  Batch 500/12038, Loss: 0.0002
  Batch 600/12038, Loss: 0.0000
  Batch 700/12038, Loss: 0.0000
  Batch 800/12038, Loss: 0.0000
  Batch 900/12038, Loss: 0.0039
  Batch 1000/12038, Loss: 0.0001
  Batch 1100/12038, Loss: 0.0000
  Batch 1200/12038, Loss: 0.0003
  Batch 1300/12038, Loss: 0.0000
  Batch 1400/12038, Loss: 0.0000
  Batch 1500/12038, Loss: 0.0000
  Batch 1600/12038, Loss: 0.0000
  Batch 1700/12038, Loss: 0.0000
  Batch 1800/12038, Loss: 0.0126
  Batch 1900/12038, Loss: 0.0000
  Batch 2000/12038, Loss: 0.0000
  Batch 2100/12038, Loss: 0.0019
  Batch 2200/12038, Loss: 0.0000
  Batch 2300/12038, Loss: 0.0022
  Batch 2400/12038, Loss: 0.0000
  Batch 2500/12038, Loss: 0.0003
  Batch 2600/12038, Loss: 0.0000
  Batch 2700/12038, Loss: 0.0004
  Batch 2800/12038, Loss: 0.0000
  Batch 2900/12038, Loss: 0.0000
  Batch 3000/12038, Loss: 0.0768
  Batch 3100/12038, Loss: 0.0000
  Batch 3200/12038, Loss: 0.0000
  Batch 3300/12038, Loss: 0.0005
  Batch 3400/12038, Loss: 0.0000
  Batch 3500/12038, Loss: 0.0000
  Batch 3600/12038, Loss: 0.0000
  Batch 3700/12038, Loss: 0.0000
  Batch 3800/12038, Loss: 0.0000
  Batch 3900/12038, Loss: 0.0000
  Batch 4000/12038, Loss: 0.0000
  Batch 4100/12038, Loss: 0.0000
  Batch 4200/12038, Loss: 0.0000
  Batch 4300/12038, Loss: 0.0000
  Batch 4400/12038, Loss: 0.0000
  Batch 4500/12038, Loss: 0.0002
  Batch 4600/12038, Loss: 0.0000
  Batch 4700/12038, Loss: 0.0000
  Batch 4800/12038, Loss: 0.0254
  Batch 4900/12038, Loss: 0.0017
  Batch 5000/12038, Loss: 0.0061
  Batch 5100/12038, Loss: 0.0000
  Batch 5200/12038, Loss: 0.0348
  Batch 5300/12038, Loss: 0.0000
  Batch 5400/12038, Loss: 0.0000
  Batch 5500/12038, Loss: 0.0000
  Batch 5600/12038, Loss: 0.0000
  Batch 5700/12038, Loss: 0.0000
  Batch 5800/12038, Loss: 0.0000
  Batch 5900/12038, Loss: 0.0000
  Batch 6000/12038, Loss: 0.0145
  Batch 6100/12038, Loss: 0.0000
  Batch 6200/12038, Loss: 0.0000
  Batch 6300/12038, Loss: 0.0000
  Batch 6400/12038, Loss: 0.0000
  Batch 6500/12038, Loss: 0.0000
  Batch 6600/12038, Loss: 0.0042
  Batch 6700/12038, Loss: 0.0000
  Batch 6800/12038, Loss: 0.2238
  Batch 6900/12038, Loss: 0.0000
  Batch 7000/12038, Loss: 0.0000
  Batch 7100/12038, Loss: 0.0000
  Batch 7200/12038, Loss: 0.0000
  Batch 7300/12038, Loss: 0.0000
  Batch 7400/12038, Loss: 0.0000
  Batch 7500/12038, Loss: 0.0000
  Batch 7600/12038, Loss: 0.0000
  Batch 7700/12038, Loss: 0.0000
  Batch 7800/12038, Loss: 0.0000
  Batch 7900/12038, Loss: 0.0000
  Batch 8000/12038, Loss: 0.0001
  Batch 8100/12038, Loss: 0.0000
  Batch 8200/12038, Loss: 0.0000
  Batch 8300/12038, Loss: 0.0000
  Batch 8400/12038, Loss: 0.0000
  Batch 8500/12038, Loss: 0.0000
  Batch 8600/12038, Loss: 0.0000
  Batch 8700/12038, Loss: 0.0001
  Batch 8800/12038, Loss: 0.0000
  Batch 8900/12038, Loss: 0.0000
  Batch 9000/12038, Loss: 0.0026
  Batch 9100/12038, Loss: 0.0001
  Batch 9200/12038, Loss: 0.0000
  Batch 9300/12038, Loss: 0.0000
  Batch 9400/12038, Loss: 0.0000
  Batch 9500/12038, Loss: 0.0000
  Batch 9600/12038, Loss: 0.0014
  Batch 9700/12038, Loss: 0.0000
  Batch 9800/12038, Loss: 0.0000
  Batch 9900/12038, Loss: 0.0000
  Batch 10000/12038, Loss: 0.0000
  Batch 10100/12038, Loss: 0.0007
  Batch 10200/12038, Loss: 0.0000
  Batch 10300/12038, Loss: 0.0000
  Batch 10400/12038, Loss: 0.0644
  Batch 10500/12038, Loss: 0.0000
  Batch 10600/12038, Loss: 0.0000
  Batch 10700/12038, Loss: 0.0000
  Batch 10800/12038, Loss: 0.1021
  Batch 10900/12038, Loss: 0.0173
  Batch 11000/12038, Loss: 0.0000
  Batch 11100/12038, Loss: 0.0000
  Batch 11200/12038, Loss: 0.0001
  Batch 11300/12038, Loss: 0.0000
  Batch 11400/12038, Loss: 0.0000
  Batch 11500/12038, Loss: 0.0000
  Batch 11600/12038, Loss: 0.0000
  Batch 11700/12038, Loss: 0.0000
  Batch 11800/12038, Loss: 0.0000
  Batch 11900/12038, Loss: 0.0000
  Batch 12000/12038, Loss: 0.0002
Train Loss: 0.0027
Val Loss: 1.6158, Val Macro F1: 0.8180
Current learning rate: 0.000006

============================================================
Epoch 43/50
============================================================
  Batch 0/12038, Loss: 0.0000
  Batch 100/12038, Loss: 0.0000
  Batch 200/12038, Loss: 0.0000
  Batch 300/12038, Loss: 0.0000
  Batch 400/12038, Loss: 0.0000
  Batch 500/12038, Loss: 0.0000
  Batch 600/12038, Loss: 0.0000
  Batch 700/12038, Loss: 0.0002
  Batch 800/12038, Loss: 0.0003
  Batch 900/12038, Loss: 0.0000
  Batch 1000/12038, Loss: 0.0000
  Batch 1100/12038, Loss: 0.0001
  Batch 1200/12038, Loss: 0.0000
  Batch 1300/12038, Loss: 0.0000
  Batch 1400/12038, Loss: 0.0000
  Batch 1500/12038, Loss: 0.0002
  Batch 1600/12038, Loss: 0.0000
  Batch 1700/12038, Loss: 0.0000
  Batch 1800/12038, Loss: 0.0001
  Batch 1900/12038, Loss: 0.0000
  Batch 2000/12038, Loss: 0.0000
  Batch 2100/12038, Loss: 0.0001
  Batch 2200/12038, Loss: 0.0071
  Batch 2300/12038, Loss: 0.0000
  Batch 2400/12038, Loss: 0.0000
  Batch 2500/12038, Loss: 0.0000
  Batch 2600/12038, Loss: 0.0000
  Batch 2700/12038, Loss: 0.0001
  Batch 2800/12038, Loss: 0.0000
  Batch 2900/12038, Loss: 0.0000
  Batch 3000/12038, Loss: 0.0001
  Batch 3100/12038, Loss: 0.0000
  Batch 3200/12038, Loss: 0.0000
  Batch 3300/12038, Loss: 0.0000
  Batch 3400/12038, Loss: 0.0000
  Batch 3500/12038, Loss: 0.0000
  Batch 3600/12038, Loss: 0.0000
  Batch 3700/12038, Loss: 0.0000
  Batch 3800/12038, Loss: 0.0004
  Batch 3900/12038, Loss: 0.0002
  Batch 4000/12038, Loss: 0.0000
  Batch 4100/12038, Loss: 0.0000
  Batch 4200/12038, Loss: 0.0003
  Batch 4300/12038, Loss: 0.0000
  Batch 4400/12038, Loss: 0.0000
  Batch 4500/12038, Loss: 0.0000
  Batch 4600/12038, Loss: 0.0003
  Batch 4700/12038, Loss: 0.0001
  Batch 4800/12038, Loss: 0.0000
  Batch 4900/12038, Loss: 0.0000
  Batch 5000/12038, Loss: 0.0000
  Batch 5100/12038, Loss: 0.0000
  Batch 5200/12038, Loss: 0.0000
  Batch 5300/12038, Loss: 0.0000
  Batch 5400/12038, Loss: 0.0000
  Batch 5500/12038, Loss: 0.0003
  Batch 5600/12038, Loss: 0.0000
  Batch 5700/12038, Loss: 0.0001
  Batch 5800/12038, Loss: 0.0000
  Batch 5900/12038, Loss: 0.0000
  Batch 6000/12038, Loss: 0.0000
  Batch 6100/12038, Loss: 0.0000
  Batch 6200/12038, Loss: 0.0000
  Batch 6300/12038, Loss: 0.0000
  Batch 6400/12038, Loss: 0.0000
  Batch 6500/12038, Loss: 0.0000
  Batch 6600/12038, Loss: 0.0000
  Batch 6700/12038, Loss: 0.0000
  Batch 6800/12038, Loss: 0.0000
  Batch 6900/12038, Loss: 0.0006
  Batch 7000/12038, Loss: 0.0000
  Batch 7100/12038, Loss: 0.0000
  Batch 7200/12038, Loss: 0.0000
  Batch 7300/12038, Loss: 0.0340
  Batch 7400/12038, Loss: 0.0013
  Batch 7500/12038, Loss: 0.0001
  Batch 7600/12038, Loss: 0.0779
  Batch 7700/12038, Loss: 0.0000
  Batch 7800/12038, Loss: 0.0000
  Batch 7900/12038, Loss: 0.0000
  Batch 8000/12038, Loss: 0.0000
  Batch 8100/12038, Loss: 0.0000
  Batch 8200/12038, Loss: 0.0000
  Batch 8300/12038, Loss: 0.0000
  Batch 8400/12038, Loss: 0.0000
  Batch 8500/12038, Loss: 0.0000
  Batch 8600/12038, Loss: 0.0000
  Batch 8700/12038, Loss: 0.0000
  Batch 8800/12038, Loss: 0.0000
  Batch 8900/12038, Loss: 0.0000
  Batch 9000/12038, Loss: 0.0000
  Batch 9100/12038, Loss: 0.0001
  Batch 9200/12038, Loss: 0.0000
  Batch 9300/12038, Loss: 0.0000
  Batch 9400/12038, Loss: 0.0000
  Batch 9500/12038, Loss: 0.0000
  Batch 9600/12038, Loss: 0.0000
  Batch 9700/12038, Loss: 0.0000
  Batch 9800/12038, Loss: 0.0001
  Batch 9900/12038, Loss: 0.0000
  Batch 10000/12038, Loss: 0.0000
  Batch 10100/12038, Loss: 0.0110
  Batch 10200/12038, Loss: 0.0000
  Batch 10300/12038, Loss: 0.0000
  Batch 10400/12038, Loss: 0.0001
  Batch 10500/12038, Loss: 0.0264
  Batch 10600/12038, Loss: 0.0000
  Batch 10700/12038, Loss: 0.0000
  Batch 10800/12038, Loss: 0.0000
  Batch 10900/12038, Loss: 0.0000
  Batch 11000/12038, Loss: 0.0000
  Batch 11100/12038, Loss: 0.0000
  Batch 11200/12038, Loss: 0.0000
  Batch 11300/12038, Loss: 0.0004
  Batch 11400/12038, Loss: 0.0000
  Batch 11500/12038, Loss: 0.0000
  Batch 11600/12038, Loss: 0.0000
  Batch 11700/12038, Loss: 0.0001
  Batch 11800/12038, Loss: 0.0009
  Batch 11900/12038, Loss: 0.0000
  Batch 12000/12038, Loss: 0.0000
Train Loss: 0.0023
Val Loss: 1.6204, Val Macro F1: 0.8210
Current learning rate: 0.000005
✓ Saved best model with Val F1: 0.8210

============================================================
Epoch 44/50
============================================================
  Batch 0/12038, Loss: 0.0000
  Batch 100/12038, Loss: 0.0000
  Batch 200/12038, Loss: 0.0000
  Batch 300/12038, Loss: 0.0000
  Batch 400/12038, Loss: 0.0187
  Batch 500/12038, Loss: 0.0000
  Batch 600/12038, Loss: 0.0001
  Batch 700/12038, Loss: 0.0000
  Batch 800/12038, Loss: 0.0000
  Batch 900/12038, Loss: 0.0000
  Batch 1000/12038, Loss: 0.0000
  Batch 1100/12038, Loss: 0.0000
  Batch 1200/12038, Loss: 0.0000
  Batch 1300/12038, Loss: 0.0001
  Batch 1400/12038, Loss: 0.0000
  Batch 1500/12038, Loss: 0.0000
  Batch 1600/12038, Loss: 0.0001
  Batch 1700/12038, Loss: 0.0000
  Batch 1800/12038, Loss: 0.0000
  Batch 1900/12038, Loss: 0.0008
  Batch 2000/12038, Loss: 0.0000
  Batch 2100/12038, Loss: 0.0000
  Batch 2200/12038, Loss: 0.0000
  Batch 2300/12038, Loss: 0.0000
  Batch 2400/12038, Loss: 0.0000
  Batch 2500/12038, Loss: 0.0002
  Batch 2600/12038, Loss: 0.0000
  Batch 2700/12038, Loss: 0.0073
  Batch 2800/12038, Loss: 0.0000
  Batch 2900/12038, Loss: 0.0000
  Batch 3000/12038, Loss: 0.0000
  Batch 3100/12038, Loss: 0.0000
  Batch 3200/12038, Loss: 0.0001
  Batch 3300/12038, Loss: 0.0000
  Batch 3400/12038, Loss: 0.0000
  Batch 3500/12038, Loss: 0.0620
  Batch 3600/12038, Loss: 0.0000
  Batch 3700/12038, Loss: 0.0000
  Batch 3800/12038, Loss: 0.0000
  Batch 3900/12038, Loss: 0.0000
  Batch 4000/12038, Loss: 0.0000
  Batch 4100/12038, Loss: 0.0000
  Batch 4200/12038, Loss: 0.0000
  Batch 4300/12038, Loss: 0.0002
  Batch 4400/12038, Loss: 0.0000
  Batch 4500/12038, Loss: 0.0000
  Batch 4600/12038, Loss: 0.0000
  Batch 4700/12038, Loss: 0.0000
  Batch 4800/12038, Loss: 0.0000
  Batch 4900/12038, Loss: 0.0000
  Batch 5000/12038, Loss: 0.0000
  Batch 5100/12038, Loss: 0.0000
  Batch 5200/12038, Loss: 0.0000
  Batch 5300/12038, Loss: 0.0000
  Batch 5400/12038, Loss: 0.0000
  Batch 5500/12038, Loss: 0.0002
  Batch 5600/12038, Loss: 0.0002
  Batch 5700/12038, Loss: 0.0000
  Batch 5800/12038, Loss: 0.0000
  Batch 5900/12038, Loss: 0.0000
  Batch 6000/12038, Loss: 0.0000
  Batch 6100/12038, Loss: 0.0003
  Batch 6200/12038, Loss: 0.0000
  Batch 6300/12038, Loss: 0.0000
  Batch 6400/12038, Loss: 0.0000
  Batch 6500/12038, Loss: 0.0003
  Batch 6600/12038, Loss: 0.0000
  Batch 6700/12038, Loss: 0.0000
  Batch 6800/12038, Loss: 0.0000
  Batch 6900/12038, Loss: 0.0000
  Batch 7000/12038, Loss: 0.0000
  Batch 7100/12038, Loss: 0.0004
  Batch 7200/12038, Loss: 0.0001
  Batch 7300/12038, Loss: 0.0000
  Batch 7400/12038, Loss: 0.0000
  Batch 7500/12038, Loss: 0.0000
  Batch 7600/12038, Loss: 0.0000
  Batch 7700/12038, Loss: 0.0015
  Batch 7800/12038, Loss: 0.0000
  Batch 7900/12038, Loss: 0.0000
  Batch 8000/12038, Loss: 0.0000
  Batch 8100/12038, Loss: 0.0000
  Batch 8200/12038, Loss: 0.0002
  Batch 8300/12038, Loss: 0.0000
  Batch 8400/12038, Loss: 0.0000
  Batch 8500/12038, Loss: 0.0000
  Batch 8600/12038, Loss: 0.0000
  Batch 8700/12038, Loss: 0.0000
  Batch 8800/12038, Loss: 0.2433
  Batch 8900/12038, Loss: 0.0000
  Batch 9000/12038, Loss: 0.0000
  Batch 9100/12038, Loss: 0.0000
  Batch 9200/12038, Loss: 0.0000
  Batch 9300/12038, Loss: 0.0000
  Batch 9400/12038, Loss: 0.0000
  Batch 9500/12038, Loss: 0.0000
  Batch 9600/12038, Loss: 0.0005
  Batch 9700/12038, Loss: 0.0000
  Batch 9800/12038, Loss: 0.0000
  Batch 9900/12038, Loss: 0.0000
  Batch 10000/12038, Loss: 0.0000
  Batch 10100/12038, Loss: 0.0000
  Batch 10200/12038, Loss: 0.0000
  Batch 10300/12038, Loss: 0.0000
  Batch 10400/12038, Loss: 0.0000
  Batch 10500/12038, Loss: 0.0000
  Batch 10600/12038, Loss: 0.0001
  Batch 10700/12038, Loss: 0.0000
  Batch 10800/12038, Loss: 0.0000
  Batch 10900/12038, Loss: 0.0000
  Batch 11000/12038, Loss: 0.0000
  Batch 11100/12038, Loss: 0.0000
  Batch 11200/12038, Loss: 0.0003
  Batch 11300/12038, Loss: 0.0000
  Batch 11400/12038, Loss: 0.0000
  Batch 11500/12038, Loss: 0.0000
  Batch 11600/12038, Loss: 0.0000
  Batch 11700/12038, Loss: 0.0000
  Batch 11800/12038, Loss: 0.0000
  Batch 11900/12038, Loss: 0.0000
  Batch 12000/12038, Loss: 0.0004
Train Loss: 0.0018
Val Loss: 1.6250, Val Macro F1: 0.8208
Current learning rate: 0.000004

============================================================
Epoch 45/50
============================================================
  Batch 0/12038, Loss: 0.0000
  Batch 100/12038, Loss: 0.0000
  Batch 200/12038, Loss: 0.0000
  Batch 300/12038, Loss: 0.0000
  Batch 400/12038, Loss: 0.0000
  Batch 500/12038, Loss: 0.0000
  Batch 600/12038, Loss: 0.0000
  Batch 700/12038, Loss: 0.0000
  Batch 800/12038, Loss: 0.0001
  Batch 900/12038, Loss: 0.0000
  Batch 1000/12038, Loss: 0.0000
  Batch 1100/12038, Loss: 0.0000
  Batch 1200/12038, Loss: 0.0000
  Batch 1300/12038, Loss: 0.0000
  Batch 1400/12038, Loss: 0.0000
  Batch 1500/12038, Loss: 0.0000
  Batch 1600/12038, Loss: 0.0000
  Batch 1700/12038, Loss: 0.0000
  Batch 1800/12038, Loss: 0.0006
  Batch 1900/12038, Loss: 0.0102
  Batch 2000/12038, Loss: 0.0000
  Batch 2100/12038, Loss: 0.0000
  Batch 2200/12038, Loss: 0.0000
  Batch 2300/12038, Loss: 0.0000
  Batch 2400/12038, Loss: 0.0001
  Batch 2500/12038, Loss: 0.0000
  Batch 2600/12038, Loss: 0.0000
  Batch 2700/12038, Loss: 0.0000
  Batch 2800/12038, Loss: 0.0000
  Batch 2900/12038, Loss: 0.0000
  Batch 3000/12038, Loss: 0.0000
  Batch 3100/12038, Loss: 0.0000
  Batch 3200/12038, Loss: 0.0000
  Batch 3300/12038, Loss: 0.0000
  Batch 3400/12038, Loss: 0.0000
  Batch 3500/12038, Loss: 0.0001
  Batch 3600/12038, Loss: 0.0000
  Batch 3700/12038, Loss: 0.0000
  Batch 3800/12038, Loss: 0.0000
  Batch 3900/12038, Loss: 0.0000
  Batch 4000/12038, Loss: 0.0000
  Batch 4100/12038, Loss: 0.0000
  Batch 4200/12038, Loss: 0.0000
  Batch 4300/12038, Loss: 0.0000
  Batch 4400/12038, Loss: 0.0000
  Batch 4500/12038, Loss: 0.0000
  Batch 4600/12038, Loss: 0.0077
  Batch 4700/12038, Loss: 0.0000
  Batch 4800/12038, Loss: 0.0000
  Batch 4900/12038, Loss: 0.0000
  Batch 5000/12038, Loss: 0.0001
  Batch 5100/12038, Loss: 0.0000
  Batch 5200/12038, Loss: 0.0000
  Batch 5300/12038, Loss: 0.0000
  Batch 5400/12038, Loss: 0.0000
  Batch 5500/12038, Loss: 0.0000
  Batch 5600/12038, Loss: 0.0000
  Batch 5700/12038, Loss: 0.0000
  Batch 5800/12038, Loss: 0.0000
  Batch 5900/12038, Loss: 0.0001
  Batch 6000/12038, Loss: 0.0000
  Batch 6100/12038, Loss: 0.0000
  Batch 6200/12038, Loss: 0.0000
  Batch 6300/12038, Loss: 0.0000
  Batch 6400/12038, Loss: 0.0000
  Batch 6500/12038, Loss: 0.0000
  Batch 6600/12038, Loss: 0.0000
  Batch 6700/12038, Loss: 0.0000
  Batch 6800/12038, Loss: 0.0000
  Batch 6900/12038, Loss: 0.0000
  Batch 7000/12038, Loss: 0.0008
  Batch 7100/12038, Loss: 0.0000
  Batch 7200/12038, Loss: 0.0000
  Batch 7300/12038, Loss: 0.0000
  Batch 7400/12038, Loss: 0.0000
  Batch 7500/12038, Loss: 0.0000
  Batch 7600/12038, Loss: 0.0000
  Batch 7700/12038, Loss: 0.0000
  Batch 7800/12038, Loss: 0.0001
  Batch 7900/12038, Loss: 0.0000
  Batch 8000/12038, Loss: 0.0000
  Batch 8100/12038, Loss: 0.0013
  Batch 8200/12038, Loss: 0.0000
  Batch 8300/12038, Loss: 0.0000
  Batch 8400/12038, Loss: 0.0000
  Batch 8500/12038, Loss: 0.0000
  Batch 8600/12038, Loss: 0.0000
  Batch 8700/12038, Loss: 0.0000
  Batch 8800/12038, Loss: 0.0000
  Batch 8900/12038, Loss: 0.0000
  Batch 9000/12038, Loss: 0.0000
  Batch 9100/12038, Loss: 0.0000
  Batch 9200/12038, Loss: 0.0000
  Batch 9300/12038, Loss: 0.0000
  Batch 9400/12038, Loss: 0.0000
  Batch 9500/12038, Loss: 0.0000
  Batch 9600/12038, Loss: 0.0000
  Batch 9700/12038, Loss: 0.0000
  Batch 9800/12038, Loss: 0.0000
  Batch 9900/12038, Loss: 0.0000
  Batch 10000/12038, Loss: 0.0000
  Batch 10100/12038, Loss: 0.0000
  Batch 10200/12038, Loss: 0.0000
  Batch 10300/12038, Loss: 0.0000
  Batch 10400/12038, Loss: 0.0000
  Batch 10500/12038, Loss: 0.0000
  Batch 10600/12038, Loss: 0.0000
  Batch 10700/12038, Loss: 0.0000
  Batch 10800/12038, Loss: 0.0000
  Batch 10900/12038, Loss: 0.0000
  Batch 11000/12038, Loss: 0.0000
  Batch 11100/12038, Loss: 0.0000
  Batch 11200/12038, Loss: 0.0000
  Batch 11300/12038, Loss: 0.0016
  Batch 11400/12038, Loss: 0.0000
  Batch 11500/12038, Loss: 0.0000
  Batch 11600/12038, Loss: 0.0000
  Batch 11700/12038, Loss: 0.0000
  Batch 11800/12038, Loss: 0.0001
  Batch 11900/12038, Loss: 0.0000
  Batch 12000/12038, Loss: 0.0000
Train Loss: 0.0015
Val Loss: 1.6380, Val Macro F1: 0.8209
Current learning rate: 0.000002
✓ Saved checkpoint at epoch 45

============================================================
Epoch 46/50
============================================================
[2026-02-03T22:04:26.415] error: *** JOB 1532801 ON gl043 CANCELLED AT 2026-02-03T22:04:26 DUE to SIGNAL Terminated ***
