Using device: cuda
GPU: Quadro RTX 8000
GPU Memory: 47.76 GB
Checkpoint directory: model/STM/CoordConvLDAM2_corpora_categories/standard/ckpt/2026-01-28_23-40

============================================================
Loading and preparing data...
============================================================
Loaded: /vast-ac8888/MusicSpeech-STM/STM_output/corpSTMnpy/BibleTTS-akuapem-twi_STMall.npy, shape: (23592, 2420)
Loaded: /vast-ac8888/MusicSpeech-STM/STM_output/corpSTMnpy/BibleTTS-asante-twi_STMall.npy, shape: (20768, 2420)
Loaded: /vast-ac8888/MusicSpeech-STM/STM_output/corpSTMnpy/BibleTTS-ewe_STMall.npy, shape: (22138, 2420)
Loaded: /vast-ac8888/MusicSpeech-STM/STM_output/corpSTMnpy/BibleTTS-hausa_STMall.npy, shape: (29002, 2420)
Loaded: /vast-ac8888/MusicSpeech-STM/STM_output/corpSTMnpy/BibleTTS-lingala_STMall.npy, shape: (11219, 2420)
Loaded: /vast-ac8888/MusicSpeech-STM/STM_output/corpSTMnpy/BibleTTS-yoruba_STMall.npy, shape: (6629, 2420)
Loaded: /vast-ac8888/MusicSpeech-STM/STM_output/corpSTMnpy/Buckeye_STMall.npy, shape: (255, 2420)
Loaded: /vast-ac8888/MusicSpeech-STM/STM_output/corpSTMnpy/EUROM_STMall.npy, shape: (6623, 2420)
Loaded: /vast-ac8888/MusicSpeech-STM/STM_output/corpSTMnpy/HiltonMoser2022_speech_STMall.npy, shape: (785, 2420)
Loaded: /vast-ac8888/MusicSpeech-STM/STM_output/corpSTMnpy/LibriSpeech_STMall.npy, shape: (27144, 2420)
Loaded: /vast-ac8888/MusicSpeech-STM/STM_output/corpSTMnpy/MediaSpeech-AR_STMall.npy, shape: (2505, 2420)
Loaded: /vast-ac8888/MusicSpeech-STM/STM_output/corpSTMnpy/MediaSpeech-ES_STMall.npy, shape: (2507, 2420)
Loaded: /vast-ac8888/MusicSpeech-STM/STM_output/corpSTMnpy/MediaSpeech-FR_STMall.npy, shape: (2498, 2420)
Loaded: /vast-ac8888/MusicSpeech-STM/STM_output/corpSTMnpy/MediaSpeech-TR_STMall.npy, shape: (2512, 2420)
Loaded: /vast-ac8888/MusicSpeech-STM/STM_output/corpSTMnpy/MozillaCommonVoice-ab_STMall.npy, shape: (7558, 2420)
Loaded: /vast-ac8888/MusicSpeech-STM/STM_output/corpSTMnpy/MozillaCommonVoice-ar_STMall.npy, shape: (8080, 2420)
Loaded: /vast-ac8888/MusicSpeech-STM/STM_output/corpSTMnpy/MozillaCommonVoice-ba_STMall.npy, shape: (7964, 2420)
Loaded: /vast-ac8888/MusicSpeech-STM/STM_output/corpSTMnpy/MozillaCommonVoice-be_STMall.npy, shape: (8595, 2420)
Loaded: /vast-ac8888/MusicSpeech-STM/STM_output/corpSTMnpy/MozillaCommonVoice-bg_STMall.npy, shape: (7130, 2420)
Loaded: /vast-ac8888/MusicSpeech-STM/STM_output/corpSTMnpy/MozillaCommonVoice-bn_STMall.npy, shape: (8149, 2420)
Loaded: /vast-ac8888/MusicSpeech-STM/STM_output/corpSTMnpy/MozillaCommonVoice-br_STMall.npy, shape: (1454, 2420)
Loaded: /vast-ac8888/MusicSpeech-STM/STM_output/corpSTMnpy/MozillaCommonVoice-ca_STMall.npy, shape: (8237, 2420)
Loaded: /vast-ac8888/MusicSpeech-STM/STM_output/corpSTMnpy/MozillaCommonVoice-ckb_STMall.npy, shape: (7490, 2420)
Loaded: /vast-ac8888/MusicSpeech-STM/STM_output/corpSTMnpy/MozillaCommonVoice-cnh_STMall.npy, shape: (656, 2420)
Loaded: /vast-ac8888/MusicSpeech-STM/STM_output/corpSTMnpy/MozillaCommonVoice-cs_STMall.npy, shape: (8622, 2420)
Loaded: /vast-ac8888/MusicSpeech-STM/STM_output/corpSTMnpy/MozillaCommonVoice-cv_STMall.npy, shape: (8755, 2420)
Loaded: /vast-ac8888/MusicSpeech-STM/STM_output/corpSTMnpy/MozillaCommonVoice-cy_STMall.npy, shape: (7640, 2420)
Loaded: /vast-ac8888/MusicSpeech-STM/STM_output/corpSTMnpy/MozillaCommonVoice-da_STMall.npy, shape: (3878, 2420)
Loaded: /vast-ac8888/MusicSpeech-STM/STM_output/corpSTMnpy/MozillaCommonVoice-de_STMall.npy, shape: (8979, 2420)
Loaded: /vast-ac8888/MusicSpeech-STM/STM_output/corpSTMnpy/MozillaCommonVoice-dv_STMall.npy, shape: (9113, 2420)
Loaded: /vast-ac8888/MusicSpeech-STM/STM_output/corpSTMnpy/MozillaCommonVoice-el_STMall.npy, shape: (6422, 2420)
Loaded: /vast-ac8888/MusicSpeech-STM/STM_output/corpSTMnpy/MozillaCommonVoice-en_STMall.npy, shape: (8607, 2420)
Loaded: /vast-ac8888/MusicSpeech-STM/STM_output/corpSTMnpy/MozillaCommonVoice-eo_STMall.npy, shape: (9327, 2420)
Loaded: /vast-ac8888/MusicSpeech-STM/STM_output/corpSTMnpy/MozillaCommonVoice-es_STMall.npy, shape: (8742, 2420)
Loaded: /vast-ac8888/MusicSpeech-STM/STM_output/corpSTMnpy/MozillaCommonVoice-et_STMall.npy, shape: (9653, 2420)
Loaded: /vast-ac8888/MusicSpeech-STM/STM_output/corpSTMnpy/MozillaCommonVoice-eu_STMall.npy, shape: (7983, 2420)
Loaded: /vast-ac8888/MusicSpeech-STM/STM_output/corpSTMnpy/MozillaCommonVoice-fa_STMall.npy, shape: (8629, 2420)
Loaded: /vast-ac8888/MusicSpeech-STM/STM_output/corpSTMnpy/MozillaCommonVoice-fi_STMall.npy, shape: (3982, 2420)
Loaded: /vast-ac8888/MusicSpeech-STM/STM_output/corpSTMnpy/MozillaCommonVoice-fr_STMall.npy, shape: (8912, 2420)
Loaded: /vast-ac8888/MusicSpeech-STM/STM_output/corpSTMnpy/MozillaCommonVoice-fy-NL_STMall.npy, shape: (6694, 2420)
Loaded: /vast-ac8888/MusicSpeech-STM/STM_output/corpSTMnpy/MozillaCommonVoice-ga-IE_STMall.npy, shape: (1323, 2420)
Loaded: /vast-ac8888/MusicSpeech-STM/STM_output/corpSTMnpy/MozillaCommonVoice-gl_STMall.npy, shape: (8623, 2420)
Loaded: /vast-ac8888/MusicSpeech-STM/STM_output/corpSTMnpy/MozillaCommonVoice-gn_STMall.npy, shape: (1014, 2420)
Loaded: /vast-ac8888/MusicSpeech-STM/STM_output/corpSTMnpy/MozillaCommonVoice-hi_STMall.npy, shape: (5438, 2420)
Loaded: /vast-ac8888/MusicSpeech-STM/STM_output/corpSTMnpy/MozillaCommonVoice-hu_STMall.npy, shape: (8319, 2420)
Loaded: /vast-ac8888/MusicSpeech-STM/STM_output/corpSTMnpy/MozillaCommonVoice-hy-AM_STMall.npy, shape: (6980, 2420)
Loaded: /vast-ac8888/MusicSpeech-STM/STM_output/corpSTMnpy/MozillaCommonVoice-id_STMall.npy, shape: (8468, 2420)
Loaded: /vast-ac8888/MusicSpeech-STM/STM_output/corpSTMnpy/MozillaCommonVoice-ig_STMall.npy, shape: (9, 2420)
Loaded: /vast-ac8888/MusicSpeech-STM/STM_output/corpSTMnpy/MozillaCommonVoice-it_STMall.npy, shape: (9083, 2420)
Loaded: /vast-ac8888/MusicSpeech-STM/STM_output/corpSTMnpy/MozillaCommonVoice-ja_STMall.npy, shape: (8606, 2420)
Loaded: /vast-ac8888/MusicSpeech-STM/STM_output/corpSTMnpy/MozillaCommonVoice-ka_STMall.npy, shape: (9409, 2420)
Loaded: /vast-ac8888/MusicSpeech-STM/STM_output/corpSTMnpy/MozillaCommonVoice-kab_STMall.npy, shape: (7172, 2420)
Loaded: /vast-ac8888/MusicSpeech-STM/STM_output/corpSTMnpy/MozillaCommonVoice-kk_STMall.npy, shape: (867, 2420)
Loaded: /vast-ac8888/MusicSpeech-STM/STM_output/corpSTMnpy/MozillaCommonVoice-kmr_STMall.npy, shape: (6603, 2420)
Loaded: /vast-ac8888/MusicSpeech-STM/STM_output/corpSTMnpy/MozillaCommonVoice-ky_STMall.npy, shape: (7998, 2420)
Loaded: /vast-ac8888/MusicSpeech-STM/STM_output/corpSTMnpy/MozillaCommonVoice-lg_STMall.npy, shape: (8169, 2420)
Loaded: /vast-ac8888/MusicSpeech-STM/STM_output/corpSTMnpy/MozillaCommonVoice-lt_STMall.npy, shape: (9073, 2420)
Loaded: /vast-ac8888/MusicSpeech-STM/STM_output/corpSTMnpy/MozillaCommonVoice-ltg_STMall.npy, shape: (2299, 2420)
Loaded: /vast-ac8888/MusicSpeech-STM/STM_output/corpSTMnpy/MozillaCommonVoice-lv_STMall.npy, shape: (7666, 2420)
Loaded: /vast-ac8888/MusicSpeech-STM/STM_output/corpSTMnpy/MozillaCommonVoice-mhr_STMall.npy, shape: (8336, 2420)
Loaded: /vast-ac8888/MusicSpeech-STM/STM_output/corpSTMnpy/MozillaCommonVoice-ml_STMall.npy, shape: (813, 2420)
Loaded: /vast-ac8888/MusicSpeech-STM/STM_output/corpSTMnpy/MozillaCommonVoice-mn_STMall.npy, shape: (5968, 2420)
Loaded: /vast-ac8888/MusicSpeech-STM/STM_output/corpSTMnpy/MozillaCommonVoice-mt_STMall.npy, shape: (3632, 2420)
Loaded: /vast-ac8888/MusicSpeech-STM/STM_output/corpSTMnpy/MozillaCommonVoice-nan-tw_STMall.npy, shape: (181, 2420)
Loaded: /vast-ac8888/MusicSpeech-STM/STM_output/corpSTMnpy/MozillaCommonVoice-nl_STMall.npy, shape: (8834, 2420)
Loaded: /vast-ac8888/MusicSpeech-STM/STM_output/corpSTMnpy/MozillaCommonVoice-oc_STMall.npy, shape: (681, 2420)
Loaded: /vast-ac8888/MusicSpeech-STM/STM_output/corpSTMnpy/MozillaCommonVoice-or_STMall.npy, shape: (1941, 2420)
Loaded: /vast-ac8888/MusicSpeech-STM/STM_output/corpSTMnpy/MozillaCommonVoice-pl_STMall.npy, shape: (8817, 2420)
Loaded: /vast-ac8888/MusicSpeech-STM/STM_output/corpSTMnpy/MozillaCommonVoice-pt_STMall.npy, shape: (8413, 2420)
Loaded: /vast-ac8888/MusicSpeech-STM/STM_output/corpSTMnpy/MozillaCommonVoice-ro_STMall.npy, shape: (6666, 2420)
Loaded: /vast-ac8888/MusicSpeech-STM/STM_output/corpSTMnpy/MozillaCommonVoice-ru_STMall.npy, shape: (9260, 2420)
Loaded: /vast-ac8888/MusicSpeech-STM/STM_output/corpSTMnpy/MozillaCommonVoice-rw_STMall.npy, shape: (9148, 2420)
Loaded: /vast-ac8888/MusicSpeech-STM/STM_output/corpSTMnpy/MozillaCommonVoice-sr_STMall.npy, shape: (391, 2420)
Loaded: /vast-ac8888/MusicSpeech-STM/STM_output/corpSTMnpy/MozillaCommonVoice-sv-SE_STMall.npy, shape: (8288, 2420)
Loaded: /vast-ac8888/MusicSpeech-STM/STM_output/corpSTMnpy/MozillaCommonVoice-sw_STMall.npy, shape: (9192, 2420)
Loaded: /vast-ac8888/MusicSpeech-STM/STM_output/corpSTMnpy/MozillaCommonVoice-ta_STMall.npy, shape: (9474, 2420)
Loaded: /vast-ac8888/MusicSpeech-STM/STM_output/corpSTMnpy/MozillaCommonVoice-th_STMall.npy, shape: (8044, 2420)
Loaded: /vast-ac8888/MusicSpeech-STM/STM_output/corpSTMnpy/MozillaCommonVoice-tr_STMall.npy, shape: (7953, 2420)
Loaded: /vast-ac8888/MusicSpeech-STM/STM_output/corpSTMnpy/MozillaCommonVoice-tt_STMall.npy, shape: (7454, 2420)
Loaded: /vast-ac8888/MusicSpeech-STM/STM_output/corpSTMnpy/MozillaCommonVoice-ug_STMall.npy, shape: (7899, 2420)
Loaded: /vast-ac8888/MusicSpeech-STM/STM_output/corpSTMnpy/MozillaCommonVoice-uk_STMall.npy, shape: (8819, 2420)
Loaded: /vast-ac8888/MusicSpeech-STM/STM_output/corpSTMnpy/MozillaCommonVoice-ur_STMall.npy, shape: (8970, 2420)
Loaded: /vast-ac8888/MusicSpeech-STM/STM_output/corpSTMnpy/MozillaCommonVoice-uz_STMall.npy, shape: (7911, 2420)
Loaded: /vast-ac8888/MusicSpeech-STM/STM_output/corpSTMnpy/MozillaCommonVoice-vi_STMall.npy, shape: (1859, 2420)
Loaded: /vast-ac8888/MusicSpeech-STM/STM_output/corpSTMnpy/MozillaCommonVoice-yo_STMall.npy, shape: (2511, 2420)
Loaded: /vast-ac8888/MusicSpeech-STM/STM_output/corpSTMnpy/MozillaCommonVoice-yue_STMall.npy, shape: (6156, 2420)
Loaded: /vast-ac8888/MusicSpeech-STM/STM_output/corpSTMnpy/MozillaCommonVoice-zh-CN_STMall.npy, shape: (8715, 2420)
Loaded: /vast-ac8888/MusicSpeech-STM/STM_output/corpSTMnpy/MozillaCommonVoice-zh-TW_STMall.npy, shape: (7286, 2420)
Loaded: /vast-ac8888/MusicSpeech-STM/STM_output/corpSTMnpy/SpeechClarity_STMall.npy, shape: (555, 2420)
Loaded: /vast-ac8888/MusicSpeech-STM/STM_output/corpSTMnpy/TAT-Vol2_STMall.npy, shape: (793, 2420)
Loaded: /vast-ac8888/MusicSpeech-STM/STM_output/corpSTMnpy/TIMIT_STMall.npy, shape: (479, 2420)
Loaded: /vast-ac8888/MusicSpeech-STM/STM_output/corpSTMnpy/TTS_Javanese_STMall.npy, shape: (3068, 2420)
Loaded: /vast-ac8888/MusicSpeech-STM/STM_output/corpSTMnpy/primewords_chinese_STMall.npy, shape: (47166, 2420)
Loaded: /vast-ac8888/MusicSpeech-STM/STM_output/corpSTMnpy/room_reader_STMall.npy, shape: (146, 2420)
Loaded: /vast-ac8888/MusicSpeech-STM/STM_output/corpSTMnpy/thchs30_STMall.npy, shape: (13327, 2420)
Loaded: /vast-ac8888/MusicSpeech-STM/STM_output/corpSTMnpy/zeroth_korean_STMall.npy, shape: (22255, 2420)
Loaded: /vast-ac8888/MusicSpeech-STM/STM_output/corpSTMnpy/Albouy2020Science_STMall.npy, shape: (123, 2420)
Loaded: /vast-ac8888/MusicSpeech-STM/STM_output/corpSTMnpy/GarlandEncyclopedia_STMall.npy, shape: (296, 2420)
Loaded: /vast-ac8888/MusicSpeech-STM/STM_output/corpSTMnpy/HiltonMoser2022_song_STMall.npy, shape: (803, 2420)
Loaded: /vast-ac8888/MusicSpeech-STM/STM_output/corpSTMnpy/IRMAS_STMall.npy, shape: (2838, 2420)
Loaded: /vast-ac8888/MusicSpeech-STM/STM_output/corpSTMnpy/MTG-Jamendo_STMall.npy, shape: (55699, 2420)
Loaded: /vast-ac8888/MusicSpeech-STM/STM_output/corpSTMnpy/MagnaTagATune_STMall.npy, shape: (25859, 2420)
Loaded: /vast-ac8888/MusicSpeech-STM/STM_output/corpSTMnpy/NHS2_STMall.npy, shape: (1007, 2420)
Loaded: /vast-ac8888/MusicSpeech-STM/STM_output/corpSTMnpy/fma_large_STMall.npy, shape: (106257, 2420)
Loaded: /vast-ac8888/MusicSpeech-STM/STM_output/corpSTMnpy/ismir04_genre_STMall.npy, shape: (2185, 2420)
Loaded: /vast-ac8888/MusicSpeech-STM/STM_output/corpSTMnpy/MacaulayLibrary_STMall.npy, shape: (34565, 2420)
Loaded: /vast-ac8888/MusicSpeech-STM/STM_output/corpSTMnpy/SONYC_STMall.npy, shape: (10798, 2420)

Dataset Statistics:
Total samples: 978378
Train samples: 770393
Val samples: 102010
Test samples: 105975
Feature dimension (flattened): 2420
Expected 2D shape: (20, 121)

Class Distribution (Training):
  Class 0: 497475 samples (64.6%)
  Class 1:  80258 samples (10.4%)
  Class 2: 101893 samples (13.2%)
  Class 3:  53538 samples (6.9%)
  Class 4:   9580 samples (1.2%)
  Class 5:  27649 samples (3.6%)

PyTorch Dataset Shapes:
Train: torch.Size([770393, 1, 20, 121])
Val: torch.Size([102010, 1, 20, 121])
Test: torch.Size([105975, 1, 20, 121])

DataLoaders created with batch_size=256

============================================================
Creating Enhanced CoordConv-ResNet18 model...
============================================================
Total parameters: 23,902,406
Trainable parameters: 23,902,406
Improvements: Moderate dropout (0.3), block dropout (0.05), label smoothing (0.05)

Starting training for 100 epochs...
DRW will start at epoch 50
Early stopping patience: 20 epochs

============================================================
Epoch 1/100
============================================================
  Batch 500/3010, Loss: 5.6011, DRW: False, Mixup: True
  Batch 1000/3010, Loss: 4.1693, DRW: False, Mixup: True
  Batch 1500/3010, Loss: 4.1067, DRW: False, Mixup: True
  Batch 2000/3010, Loss: 3.9828, DRW: False, Mixup: True
  Batch 2500/3010, Loss: 3.6136, DRW: False, Mixup: True
  Batch 3000/3010, Loss: 3.8679, DRW: False, Mixup: True
Train Loss: 4.9296
Val Loss: 3.5258, Val Macro F1: 0.4902
Current learning rate: 0.000100
✓ Saved best model with Val F1: 0.4902

============================================================
Epoch 2/100
============================================================
  Batch 500/3010, Loss: 3.6720, DRW: False, Mixup: True
  Batch 1000/3010, Loss: 3.0845, DRW: False, Mixup: True
  Batch 1500/3010, Loss: 2.8316, DRW: False, Mixup: True
  Batch 2000/3010, Loss: 2.4474, DRW: False, Mixup: True
  Batch 2500/3010, Loss: 4.4371, DRW: False, Mixup: True
  Batch 3000/3010, Loss: 2.4495, DRW: False, Mixup: True
Train Loss: 3.2468
Val Loss: 2.7393, Val Macro F1: 0.7076
Current learning rate: 0.000100
✓ Saved best model with Val F1: 0.7076

============================================================
Epoch 3/100
============================================================
  Batch 500/3010, Loss: 2.5181, DRW: False, Mixup: True
  Batch 1000/3010, Loss: 4.9803, DRW: False, Mixup: True
  Batch 1500/3010, Loss: 2.2668, DRW: False, Mixup: True
  Batch 2000/3010, Loss: 2.6819, DRW: False, Mixup: True
  Batch 2500/3010, Loss: 3.1989, DRW: False, Mixup: True
  Batch 3000/3010, Loss: 2.9370, DRW: False, Mixup: True
Train Loss: 2.9075
Val Loss: 2.3802, Val Macro F1: 0.8026
Current learning rate: 0.000100
✓ Saved best model with Val F1: 0.8026

============================================================
Epoch 4/100
============================================================
  Batch 500/3010, Loss: 2.3832, DRW: False, Mixup: True
  Batch 1000/3010, Loss: 2.8692, DRW: False, Mixup: True
  Batch 1500/3010, Loss: 2.4650, DRW: False, Mixup: True
  Batch 2000/3010, Loss: 2.8245, DRW: False, Mixup: True
  Batch 2500/3010, Loss: 2.0231, DRW: False, Mixup: True
  Batch 3000/3010, Loss: 2.5230, DRW: False, Mixup: True
Train Loss: 2.6899
Val Loss: 2.1889, Val Macro F1: 0.8312
Current learning rate: 0.000100
✓ Saved best model with Val F1: 0.8312

============================================================
Epoch 5/100
============================================================
  Batch 500/3010, Loss: 2.0806, DRW: False, Mixup: True
  Batch 1000/3010, Loss: 2.3381, DRW: False, Mixup: True
  Batch 1500/3010, Loss: 2.7845, DRW: False, Mixup: True
  Batch 2000/3010, Loss: 1.6759, DRW: False, Mixup: True
  Batch 2500/3010, Loss: 1.9710, DRW: False, Mixup: True
  Batch 3000/3010, Loss: 2.3358, DRW: False, Mixup: True
Train Loss: 2.4836
Val Loss: 2.0831, Val Macro F1: 0.8343
Current learning rate: 0.000100
✓ Saved best model with Val F1: 0.8343

============================================================
Epoch 6/100
============================================================
  Batch 500/3010, Loss: 2.3066, DRW: False, Mixup: True
  Batch 1000/3010, Loss: 2.0967, DRW: False, Mixup: True
  Batch 1500/3010, Loss: 2.5444, DRW: False, Mixup: True
  Batch 2000/3010, Loss: 1.8765, DRW: False, Mixup: True
  Batch 2500/3010, Loss: 2.2333, DRW: False, Mixup: True
  Batch 3000/3010, Loss: 1.7185, DRW: False, Mixup: True
Train Loss: 2.3728
Val Loss: 2.0178, Val Macro F1: 0.8383
Current learning rate: 0.000100
✓ Saved best model with Val F1: 0.8383

============================================================
Epoch 7/100
============================================================
  Batch 500/3010, Loss: 1.4920, DRW: False, Mixup: True
  Batch 1000/3010, Loss: 1.9251, DRW: False, Mixup: True
  Batch 1500/3010, Loss: 2.3396, DRW: False, Mixup: True
  Batch 2000/3010, Loss: 1.9734, DRW: False, Mixup: True
  Batch 2500/3010, Loss: 2.4135, DRW: False, Mixup: True
  Batch 3000/3010, Loss: 1.6237, DRW: False, Mixup: True
Train Loss: 2.3208
Val Loss: 1.9343, Val Macro F1: 0.8370
Current learning rate: 0.000100
No improvement for 1 epoch(s)

============================================================
Epoch 8/100
============================================================
  Batch 500/3010, Loss: 1.6836, DRW: False, Mixup: True
  Batch 1000/3010, Loss: 2.1298, DRW: False, Mixup: True
  Batch 1500/3010, Loss: 2.9688, DRW: False, Mixup: True
  Batch 2000/3010, Loss: 3.8914, DRW: False, Mixup: True
  Batch 2500/3010, Loss: 3.0167, DRW: False, Mixup: True
  Batch 3000/3010, Loss: 2.1223, DRW: False, Mixup: True
Train Loss: 2.2199
Val Loss: 1.9467, Val Macro F1: 0.8293
Current learning rate: 0.000100
No improvement for 2 epoch(s)

============================================================
Epoch 9/100
============================================================
  Batch 500/3010, Loss: 2.0824, DRW: False, Mixup: True
  Batch 1000/3010, Loss: 1.8240, DRW: False, Mixup: True
  Batch 1500/3010, Loss: 1.9031, DRW: False, Mixup: True
  Batch 2000/3010, Loss: 1.8799, DRW: False, Mixup: True
  Batch 2500/3010, Loss: 1.6712, DRW: False, Mixup: True
  Batch 3000/3010, Loss: 1.9976, DRW: False, Mixup: True
Train Loss: 2.1508
Val Loss: 1.9573, Val Macro F1: 0.8390
Current learning rate: 0.000100
✓ Saved best model with Val F1: 0.8390

============================================================
Epoch 10/100
============================================================
  Batch 500/3010, Loss: 1.6116, DRW: False, Mixup: True
  Batch 1000/3010, Loss: 1.7910, DRW: False, Mixup: True
  Batch 1500/3010, Loss: 1.6014, DRW: False, Mixup: True
  Batch 2000/3010, Loss: 2.0194, DRW: False, Mixup: True
  Batch 2500/3010, Loss: 1.7292, DRW: False, Mixup: True
  Batch 3000/3010, Loss: 1.5042, DRW: False, Mixup: True
Train Loss: 2.1066
Val Loss: 1.9094, Val Macro F1: 0.8432
Current learning rate: 0.000100
✓ Saved best model with Val F1: 0.8432

============================================================
Epoch 11/100
============================================================
  Batch 500/3010, Loss: 2.1159, DRW: False, Mixup: True
  Batch 1000/3010, Loss: 1.6913, DRW: False, Mixup: True
  Batch 1500/3010, Loss: 1.5576, DRW: False, Mixup: True
  Batch 2000/3010, Loss: 1.7357, DRW: False, Mixup: True
  Batch 2500/3010, Loss: 1.7594, DRW: False, Mixup: True
  Batch 3000/3010, Loss: 2.3199, DRW: False, Mixup: True
Train Loss: 2.0475
Val Loss: 1.8917, Val Macro F1: 0.8458
Current learning rate: 0.000100
✓ Saved best model with Val F1: 0.8458

============================================================
Epoch 12/100
============================================================
  Batch 500/3010, Loss: 0.9824, DRW: False, Mixup: True
  Batch 1000/3010, Loss: 1.4767, DRW: False, Mixup: True
  Batch 1500/3010, Loss: 1.6597, DRW: False, Mixup: True
  Batch 2000/3010, Loss: 1.5616, DRW: False, Mixup: True
  Batch 2500/3010, Loss: 1.4228, DRW: False, Mixup: True
  Batch 3000/3010, Loss: 1.4580, DRW: False, Mixup: True
Train Loss: 1.9846
Val Loss: 1.8561, Val Macro F1: 0.8448
Current learning rate: 0.000100
No improvement for 1 epoch(s)

============================================================
Epoch 13/100
============================================================
  Batch 500/3010, Loss: 5.5688, DRW: False, Mixup: True
  Batch 1000/3010, Loss: 1.6043, DRW: False, Mixup: True
  Batch 1500/3010, Loss: 2.0178, DRW: False, Mixup: True
  Batch 2000/3010, Loss: 1.1094, DRW: False, Mixup: True
  Batch 2500/3010, Loss: 1.5181, DRW: False, Mixup: True
  Batch 3000/3010, Loss: 2.1009, DRW: False, Mixup: True
Train Loss: 1.9379
Val Loss: 1.9104, Val Macro F1: 0.8464
Current learning rate: 0.000100
✓ Saved best model with Val F1: 0.8464

============================================================
Epoch 14/100
============================================================
  Batch 500/3010, Loss: 1.6128, DRW: False, Mixup: True
  Batch 1000/3010, Loss: 1.5236, DRW: False, Mixup: True
  Batch 1500/3010, Loss: 1.1393, DRW: False, Mixup: True
  Batch 2000/3010, Loss: 1.4774, DRW: False, Mixup: True
  Batch 2500/3010, Loss: 1.1277, DRW: False, Mixup: True
  Batch 3000/3010, Loss: 1.4701, DRW: False, Mixup: True
Train Loss: 1.8707
Val Loss: 1.8464, Val Macro F1: 0.8479
Current learning rate: 0.000100
✓ Saved best model with Val F1: 0.8479

============================================================
Epoch 15/100
============================================================
  Batch 500/3010, Loss: 1.7122, DRW: False, Mixup: True
  Batch 1000/3010, Loss: 1.6959, DRW: False, Mixup: True
  Batch 1500/3010, Loss: 2.4444, DRW: False, Mixup: True
  Batch 2000/3010, Loss: 1.5194, DRW: False, Mixup: True
  Batch 2500/3010, Loss: 1.4144, DRW: False, Mixup: True
  Batch 3000/3010, Loss: 1.4951, DRW: False, Mixup: True
Train Loss: 1.8208
Val Loss: 1.8726, Val Macro F1: 0.8487
Current learning rate: 0.000100
✓ Saved best model with Val F1: 0.8487

============================================================
Epoch 16/100
============================================================
  Batch 500/3010, Loss: 0.9324, DRW: False, Mixup: True
  Batch 1000/3010, Loss: 1.2243, DRW: False, Mixup: True
  Batch 1500/3010, Loss: 1.1975, DRW: False, Mixup: True
  Batch 2000/3010, Loss: 1.3017, DRW: False, Mixup: True
  Batch 2500/3010, Loss: 4.9125, DRW: False, Mixup: True
  Batch 3000/3010, Loss: 2.3410, DRW: False, Mixup: True
Train Loss: 1.7693
Val Loss: 1.9248, Val Macro F1: 0.8454
Current learning rate: 0.000100
No improvement for 1 epoch(s)

============================================================
Epoch 17/100
============================================================
  Batch 500/3010, Loss: 1.2174, DRW: False, Mixup: True
  Batch 1000/3010, Loss: 1.4670, DRW: False, Mixup: True
  Batch 1500/3010, Loss: 1.6942, DRW: False, Mixup: True
  Batch 2000/3010, Loss: 1.6260, DRW: False, Mixup: True
  Batch 2500/3010, Loss: 1.3839, DRW: False, Mixup: True
  Batch 3000/3010, Loss: 1.2161, DRW: False, Mixup: True
Train Loss: 1.7100
Val Loss: 1.9282, Val Macro F1: 0.8366
Current learning rate: 0.000100
No improvement for 2 epoch(s)

============================================================
Epoch 18/100
============================================================
  Batch 500/3010, Loss: 1.2533, DRW: False, Mixup: True
  Batch 1000/3010, Loss: 1.8936, DRW: False, Mixup: True
  Batch 1500/3010, Loss: 1.4614, DRW: False, Mixup: True
  Batch 2000/3010, Loss: 1.5466, DRW: False, Mixup: True
  Batch 2500/3010, Loss: 1.8060, DRW: False, Mixup: True
  Batch 3000/3010, Loss: 1.4275, DRW: False, Mixup: True
Train Loss: 1.6694
Val Loss: 1.9208, Val Macro F1: 0.8375
Current learning rate: 0.000100
No improvement for 3 epoch(s)

============================================================
Epoch 19/100
============================================================
  Batch 500/3010, Loss: 1.6250, DRW: False, Mixup: True
  Batch 1000/3010, Loss: 1.3698, DRW: False, Mixup: True
  Batch 1500/3010, Loss: 1.0013, DRW: False, Mixup: True
  Batch 2000/3010, Loss: 1.5765, DRW: False, Mixup: True
  Batch 2500/3010, Loss: 4.1807, DRW: False, Mixup: True
  Batch 3000/3010, Loss: 1.2436, DRW: False, Mixup: True
Train Loss: 1.6664
Val Loss: 1.9172, Val Macro F1: 0.8409
Current learning rate: 0.000100
No improvement for 4 epoch(s)

============================================================
Epoch 20/100
============================================================
  Batch 500/3010, Loss: 2.2121, DRW: False, Mixup: True
  Batch 1000/3010, Loss: 1.0815, DRW: False, Mixup: True
  Batch 1500/3010, Loss: 1.3910, DRW: False, Mixup: True
  Batch 2000/3010, Loss: 1.5899, DRW: False, Mixup: True
  Batch 2500/3010, Loss: 2.7166, DRW: False, Mixup: True
  Batch 3000/3010, Loss: 1.3759, DRW: False, Mixup: True
Train Loss: 1.5955
Val Loss: 1.9418, Val Macro F1: 0.8423
Current learning rate: 0.000100
No improvement for 5 epoch(s)

============================================================
Epoch 21/100
============================================================
  Batch 500/3010, Loss: 0.9026, DRW: False, Mixup: True
  Batch 1000/3010, Loss: 1.5089, DRW: False, Mixup: True
  Batch 1500/3010, Loss: 1.2904, DRW: False, Mixup: True
  Batch 2000/3010, Loss: 0.5836, DRW: False, Mixup: True
  Batch 2500/3010, Loss: 2.1980, DRW: False, Mixup: True
  Batch 3000/3010, Loss: 1.5947, DRW: False, Mixup: True
Train Loss: 1.5530
Val Loss: 1.9342, Val Macro F1: 0.8408
Current learning rate: 0.000100
No improvement for 6 epoch(s)

============================================================
Epoch 22/100
============================================================
  Batch 500/3010, Loss: 1.0188, DRW: False, Mixup: True
  Batch 1000/3010, Loss: 1.6554, DRW: False, Mixup: True
  Batch 1500/3010, Loss: 1.0878, DRW: False, Mixup: True
  Batch 2000/3010, Loss: 0.9712, DRW: False, Mixup: True
  Batch 2500/3010, Loss: 1.3669, DRW: False, Mixup: True
  Batch 3000/3010, Loss: 1.0183, DRW: False, Mixup: True
Train Loss: 1.5283
Val Loss: 1.9284, Val Macro F1: 0.8436
Current learning rate: 0.000100
No improvement for 7 epoch(s)

============================================================
Epoch 23/100
============================================================
  Batch 500/3010, Loss: 0.8450, DRW: False, Mixup: True
  Batch 1000/3010, Loss: 1.0041, DRW: False, Mixup: True
  Batch 1500/3010, Loss: 0.9776, DRW: False, Mixup: True
  Batch 2000/3010, Loss: 0.9669, DRW: False, Mixup: True
  Batch 2500/3010, Loss: 1.2622, DRW: False, Mixup: True
  Batch 3000/3010, Loss: 1.3321, DRW: False, Mixup: True
Train Loss: 1.4770
Val Loss: 1.9519, Val Macro F1: 0.8416
Current learning rate: 0.000050
No improvement for 8 epoch(s)

============================================================
Epoch 24/100
============================================================
  Batch 500/3010, Loss: 0.8544, DRW: False, Mixup: True
  Batch 1000/3010, Loss: 1.0015, DRW: False, Mixup: True
  Batch 1500/3010, Loss: 1.0734, DRW: False, Mixup: True
  Batch 2000/3010, Loss: 0.8325, DRW: False, Mixup: True
  Batch 2500/3010, Loss: 0.8892, DRW: False, Mixup: True
  Batch 3000/3010, Loss: 0.7004, DRW: False, Mixup: True
Train Loss: 1.3874
Val Loss: 1.9050, Val Macro F1: 0.8449
Current learning rate: 0.000050
No improvement for 9 epoch(s)

============================================================
Epoch 25/100
============================================================
  Batch 500/3010, Loss: 0.6804, DRW: False, Mixup: True
  Batch 1000/3010, Loss: 1.5056, DRW: False, Mixup: True
  Batch 1500/3010, Loss: 1.0823, DRW: False, Mixup: True
  Batch 2000/3010, Loss: 0.9189, DRW: False, Mixup: True
  Batch 2500/3010, Loss: 0.7653, DRW: False, Mixup: True
  Batch 3000/3010, Loss: 2.0857, DRW: False, Mixup: True
Train Loss: 1.3965
Val Loss: 1.9309, Val Macro F1: 0.8417
Current learning rate: 0.000050
No improvement for 10 epoch(s)

============================================================
Epoch 26/100
============================================================
  Batch 500/3010, Loss: 1.0529, DRW: False, Mixup: True
  Batch 1000/3010, Loss: 0.9974, DRW: False, Mixup: True
  Batch 1500/3010, Loss: 5.2250, DRW: False, Mixup: True
  Batch 2000/3010, Loss: 1.2199, DRW: False, Mixup: True
  Batch 2500/3010, Loss: 0.7413, DRW: False, Mixup: True
  Batch 3000/3010, Loss: 0.9591, DRW: False, Mixup: True
Train Loss: 1.3029
Val Loss: 1.9335, Val Macro F1: 0.8451
Current learning rate: 0.000050
No improvement for 11 epoch(s)

============================================================
Epoch 27/100
============================================================
  Batch 500/3010, Loss: 0.8144, DRW: False, Mixup: True
  Batch 1000/3010, Loss: 1.0750, DRW: False, Mixup: True
  Batch 1500/3010, Loss: 0.9183, DRW: False, Mixup: True
  Batch 2000/3010, Loss: 0.8543, DRW: False, Mixup: True
  Batch 2500/3010, Loss: 1.0836, DRW: False, Mixup: True
  Batch 3000/3010, Loss: 0.4924, DRW: False, Mixup: True
Train Loss: 1.2935
Val Loss: 1.9306, Val Macro F1: 0.8426
Current learning rate: 0.000050
No improvement for 12 epoch(s)

============================================================
Epoch 28/100
============================================================
  Batch 500/3010, Loss: 3.9071, DRW: False, Mixup: True
  Batch 1000/3010, Loss: 0.9874, DRW: False, Mixup: True
  Batch 1500/3010, Loss: 1.3291, DRW: False, Mixup: True
  Batch 2000/3010, Loss: 0.8028, DRW: False, Mixup: True
  Batch 2500/3010, Loss: 2.4725, DRW: False, Mixup: True
  Batch 3000/3010, Loss: 0.6602, DRW: False, Mixup: True
Train Loss: 1.2807
Val Loss: 1.9483, Val Macro F1: 0.8413
Current learning rate: 0.000050
No improvement for 13 epoch(s)

============================================================
Epoch 29/100
============================================================
  Batch 500/3010, Loss: 1.0921, DRW: False, Mixup: True
  Batch 1000/3010, Loss: 0.7251, DRW: False, Mixup: True
  Batch 1500/3010, Loss: 0.7666, DRW: False, Mixup: True
  Batch 2000/3010, Loss: 0.5362, DRW: False, Mixup: True
  Batch 2500/3010, Loss: 4.4515, DRW: False, Mixup: True
  Batch 3000/3010, Loss: 0.8473, DRW: False, Mixup: True
Train Loss: 1.2417
Val Loss: 1.9745, Val Macro F1: 0.8409
Current learning rate: 0.000050
No improvement for 14 epoch(s)

============================================================
Epoch 30/100
============================================================
  Batch 500/3010, Loss: 0.6689, DRW: False, Mixup: True
  Batch 1000/3010, Loss: 0.9433, DRW: False, Mixup: True
  Batch 1500/3010, Loss: 0.6774, DRW: False, Mixup: True
  Batch 2000/3010, Loss: 1.1285, DRW: False, Mixup: True
  Batch 2500/3010, Loss: 1.0518, DRW: False, Mixup: True
  Batch 3000/3010, Loss: 1.3222, DRW: False, Mixup: True
Train Loss: 1.2057
Val Loss: 1.9474, Val Macro F1: 0.8424
Current learning rate: 0.000050
No improvement for 15 epoch(s)

============================================================
Epoch 31/100
============================================================
  Batch 500/3010, Loss: 0.8547, DRW: False, Mixup: True
  Batch 1000/3010, Loss: 0.5561, DRW: False, Mixup: True
  Batch 1500/3010, Loss: 0.8120, DRW: False, Mixup: True
  Batch 2000/3010, Loss: 0.5707, DRW: False, Mixup: True
  Batch 2500/3010, Loss: 0.4385, DRW: False, Mixup: True
  Batch 3000/3010, Loss: 1.7408, DRW: False, Mixup: True
Train Loss: 1.2190
Val Loss: 2.0328, Val Macro F1: 0.8398
Current learning rate: 0.000025
No improvement for 16 epoch(s)

============================================================
Epoch 32/100
============================================================
  Batch 500/3010, Loss: 0.8701, DRW: False, Mixup: True
  Batch 1000/3010, Loss: 0.6454, DRW: False, Mixup: True
  Batch 1500/3010, Loss: 0.8288, DRW: False, Mixup: True
  Batch 2000/3010, Loss: 0.9703, DRW: False, Mixup: True
  Batch 2500/3010, Loss: 0.9142, DRW: False, Mixup: True
  Batch 3000/3010, Loss: 2.1358, DRW: False, Mixup: True
Train Loss: 1.1812
Val Loss: 1.9678, Val Macro F1: 0.8400
Current learning rate: 0.000025
No improvement for 17 epoch(s)

============================================================
Epoch 33/100
============================================================
  Batch 500/3010, Loss: 0.9762, DRW: False, Mixup: True
  Batch 1000/3010, Loss: 0.7947, DRW: False, Mixup: True
  Batch 1500/3010, Loss: 0.5530, DRW: False, Mixup: True
  Batch 2000/3010, Loss: 4.4846, DRW: False, Mixup: True
  Batch 2500/3010, Loss: 2.1983, DRW: False, Mixup: True
  Batch 3000/3010, Loss: 5.4130, DRW: False, Mixup: True
Train Loss: 1.1552
Val Loss: 1.9706, Val Macro F1: 0.8435
Current learning rate: 0.000025
No improvement for 18 epoch(s)

============================================================
Epoch 34/100
============================================================
  Batch 500/3010, Loss: 0.5270, DRW: False, Mixup: True
  Batch 1000/3010, Loss: 1.0227, DRW: False, Mixup: True
  Batch 1500/3010, Loss: 0.7874, DRW: False, Mixup: True
  Batch 2000/3010, Loss: 0.6154, DRW: False, Mixup: True
  Batch 2500/3010, Loss: 0.7538, DRW: False, Mixup: True
  Batch 3000/3010, Loss: 0.6638, DRW: False, Mixup: True
Train Loss: 1.1604
Val Loss: 1.9965, Val Macro F1: 0.8399
Current learning rate: 0.000025
No improvement for 19 epoch(s)

============================================================
Epoch 35/100
============================================================
  Batch 500/3010, Loss: 0.6785, DRW: False, Mixup: True
  Batch 1000/3010, Loss: 0.5813, DRW: False, Mixup: True
  Batch 1500/3010, Loss: 1.8453, DRW: False, Mixup: True
  Batch 2000/3010, Loss: 0.9453, DRW: False, Mixup: True
  Batch 2500/3010, Loss: 0.8657, DRW: False, Mixup: True
  Batch 3000/3010, Loss: 0.7129, DRW: False, Mixup: True
Train Loss: 1.1334
Val Loss: 2.0159, Val Macro F1: 0.8406
Current learning rate: 0.000025
No improvement for 20 epoch(s)

Early stopping triggered after 35 epochs
Best Val F1: 0.8487

============================================================
Evaluating on test set...
============================================================
Test Loss: 1.8364
Test Macro F1: 0.8623

Classification Report:
                  precision    recall  f1-score   support

speech:non-tonal       0.95      0.98      0.96     70117
    speech:tonal       0.88      0.72      0.79     13495
     music:vocal       0.83      0.84      0.84     12165
 music:non-vocal       0.69      0.66      0.68      6018
       env:urban       0.94      0.98      0.96       769
    env:wildlife       0.94      0.95      0.95      3411

        accuracy                           0.91    105975
       macro avg       0.87      0.86      0.86    105975
    weighted avg       0.91      0.91      0.91    105975


============================================================
Done!
============================================================
