Using device: cuda
GPU: Quadro RTX 8000
GPU Memory: 47.76 GB

Mode 0: Standard training (full dataset)
Checkpoint directory: model/STM/FTTransformer_corpora_categories/standard/ckpt/2026-01-28_20-22

============================================================
Loading and preparing data...
============================================================
Loaded: /vast-ac8888/MusicSpeech-STM/STM_output/corpSTMnpy/BibleTTS-akuapem-twi_STMall.npy, shape: (23592, 2420)
Loaded: /vast-ac8888/MusicSpeech-STM/STM_output/corpSTMnpy/BibleTTS-asante-twi_STMall.npy, shape: (20768, 2420)
Loaded: /vast-ac8888/MusicSpeech-STM/STM_output/corpSTMnpy/BibleTTS-ewe_STMall.npy, shape: (22138, 2420)
Loaded: /vast-ac8888/MusicSpeech-STM/STM_output/corpSTMnpy/BibleTTS-hausa_STMall.npy, shape: (29002, 2420)
Loaded: /vast-ac8888/MusicSpeech-STM/STM_output/corpSTMnpy/BibleTTS-lingala_STMall.npy, shape: (11219, 2420)
Loaded: /vast-ac8888/MusicSpeech-STM/STM_output/corpSTMnpy/BibleTTS-yoruba_STMall.npy, shape: (6629, 2420)
Loaded: /vast-ac8888/MusicSpeech-STM/STM_output/corpSTMnpy/Buckeye_STMall.npy, shape: (255, 2420)
Loaded: /vast-ac8888/MusicSpeech-STM/STM_output/corpSTMnpy/EUROM_STMall.npy, shape: (6623, 2420)
Loaded: /vast-ac8888/MusicSpeech-STM/STM_output/corpSTMnpy/HiltonMoser2022_speech_STMall.npy, shape: (785, 2420)
Loaded: /vast-ac8888/MusicSpeech-STM/STM_output/corpSTMnpy/LibriSpeech_STMall.npy, shape: (27144, 2420)
Loaded: /vast-ac8888/MusicSpeech-STM/STM_output/corpSTMnpy/MediaSpeech-AR_STMall.npy, shape: (2505, 2420)
Loaded: /vast-ac8888/MusicSpeech-STM/STM_output/corpSTMnpy/MediaSpeech-ES_STMall.npy, shape: (2507, 2420)
Loaded: /vast-ac8888/MusicSpeech-STM/STM_output/corpSTMnpy/MediaSpeech-FR_STMall.npy, shape: (2498, 2420)
Loaded: /vast-ac8888/MusicSpeech-STM/STM_output/corpSTMnpy/MediaSpeech-TR_STMall.npy, shape: (2512, 2420)
Loaded: /vast-ac8888/MusicSpeech-STM/STM_output/corpSTMnpy/MozillaCommonVoice-ab_STMall.npy, shape: (7558, 2420)
Loaded: /vast-ac8888/MusicSpeech-STM/STM_output/corpSTMnpy/MozillaCommonVoice-ar_STMall.npy, shape: (8080, 2420)
Loaded: /vast-ac8888/MusicSpeech-STM/STM_output/corpSTMnpy/MozillaCommonVoice-ba_STMall.npy, shape: (7964, 2420)
Loaded: /vast-ac8888/MusicSpeech-STM/STM_output/corpSTMnpy/MozillaCommonVoice-be_STMall.npy, shape: (8595, 2420)
Loaded: /vast-ac8888/MusicSpeech-STM/STM_output/corpSTMnpy/MozillaCommonVoice-bg_STMall.npy, shape: (7130, 2420)
Loaded: /vast-ac8888/MusicSpeech-STM/STM_output/corpSTMnpy/MozillaCommonVoice-bn_STMall.npy, shape: (8149, 2420)
Loaded: /vast-ac8888/MusicSpeech-STM/STM_output/corpSTMnpy/MozillaCommonVoice-br_STMall.npy, shape: (1454, 2420)
Loaded: /vast-ac8888/MusicSpeech-STM/STM_output/corpSTMnpy/MozillaCommonVoice-ca_STMall.npy, shape: (8237, 2420)
Loaded: /vast-ac8888/MusicSpeech-STM/STM_output/corpSTMnpy/MozillaCommonVoice-ckb_STMall.npy, shape: (7490, 2420)
Loaded: /vast-ac8888/MusicSpeech-STM/STM_output/corpSTMnpy/MozillaCommonVoice-cnh_STMall.npy, shape: (656, 2420)
Loaded: /vast-ac8888/MusicSpeech-STM/STM_output/corpSTMnpy/MozillaCommonVoice-cs_STMall.npy, shape: (8622, 2420)
Loaded: /vast-ac8888/MusicSpeech-STM/STM_output/corpSTMnpy/MozillaCommonVoice-cv_STMall.npy, shape: (8755, 2420)
Loaded: /vast-ac8888/MusicSpeech-STM/STM_output/corpSTMnpy/MozillaCommonVoice-cy_STMall.npy, shape: (7640, 2420)
Loaded: /vast-ac8888/MusicSpeech-STM/STM_output/corpSTMnpy/MozillaCommonVoice-da_STMall.npy, shape: (3878, 2420)
Loaded: /vast-ac8888/MusicSpeech-STM/STM_output/corpSTMnpy/MozillaCommonVoice-de_STMall.npy, shape: (8979, 2420)
Loaded: /vast-ac8888/MusicSpeech-STM/STM_output/corpSTMnpy/MozillaCommonVoice-dv_STMall.npy, shape: (9113, 2420)
Loaded: /vast-ac8888/MusicSpeech-STM/STM_output/corpSTMnpy/MozillaCommonVoice-el_STMall.npy, shape: (6422, 2420)
Loaded: /vast-ac8888/MusicSpeech-STM/STM_output/corpSTMnpy/MozillaCommonVoice-en_STMall.npy, shape: (8607, 2420)
Loaded: /vast-ac8888/MusicSpeech-STM/STM_output/corpSTMnpy/MozillaCommonVoice-eo_STMall.npy, shape: (9327, 2420)
Loaded: /vast-ac8888/MusicSpeech-STM/STM_output/corpSTMnpy/MozillaCommonVoice-es_STMall.npy, shape: (8742, 2420)
Loaded: /vast-ac8888/MusicSpeech-STM/STM_output/corpSTMnpy/MozillaCommonVoice-et_STMall.npy, shape: (9653, 2420)
Loaded: /vast-ac8888/MusicSpeech-STM/STM_output/corpSTMnpy/MozillaCommonVoice-eu_STMall.npy, shape: (7983, 2420)
Loaded: /vast-ac8888/MusicSpeech-STM/STM_output/corpSTMnpy/MozillaCommonVoice-fa_STMall.npy, shape: (8629, 2420)
Loaded: /vast-ac8888/MusicSpeech-STM/STM_output/corpSTMnpy/MozillaCommonVoice-fi_STMall.npy, shape: (3982, 2420)
Loaded: /vast-ac8888/MusicSpeech-STM/STM_output/corpSTMnpy/MozillaCommonVoice-fr_STMall.npy, shape: (8912, 2420)
Loaded: /vast-ac8888/MusicSpeech-STM/STM_output/corpSTMnpy/MozillaCommonVoice-fy-NL_STMall.npy, shape: (6694, 2420)
Loaded: /vast-ac8888/MusicSpeech-STM/STM_output/corpSTMnpy/MozillaCommonVoice-ga-IE_STMall.npy, shape: (1323, 2420)
Loaded: /vast-ac8888/MusicSpeech-STM/STM_output/corpSTMnpy/MozillaCommonVoice-gl_STMall.npy, shape: (8623, 2420)
Loaded: /vast-ac8888/MusicSpeech-STM/STM_output/corpSTMnpy/MozillaCommonVoice-gn_STMall.npy, shape: (1014, 2420)
Loaded: /vast-ac8888/MusicSpeech-STM/STM_output/corpSTMnpy/MozillaCommonVoice-hi_STMall.npy, shape: (5438, 2420)
Loaded: /vast-ac8888/MusicSpeech-STM/STM_output/corpSTMnpy/MozillaCommonVoice-hu_STMall.npy, shape: (8319, 2420)
Loaded: /vast-ac8888/MusicSpeech-STM/STM_output/corpSTMnpy/MozillaCommonVoice-hy-AM_STMall.npy, shape: (6980, 2420)
Loaded: /vast-ac8888/MusicSpeech-STM/STM_output/corpSTMnpy/MozillaCommonVoice-id_STMall.npy, shape: (8468, 2420)
Loaded: /vast-ac8888/MusicSpeech-STM/STM_output/corpSTMnpy/MozillaCommonVoice-ig_STMall.npy, shape: (9, 2420)
Loaded: /vast-ac8888/MusicSpeech-STM/STM_output/corpSTMnpy/MozillaCommonVoice-it_STMall.npy, shape: (9083, 2420)
Loaded: /vast-ac8888/MusicSpeech-STM/STM_output/corpSTMnpy/MozillaCommonVoice-ja_STMall.npy, shape: (8606, 2420)
Loaded: /vast-ac8888/MusicSpeech-STM/STM_output/corpSTMnpy/MozillaCommonVoice-ka_STMall.npy, shape: (9409, 2420)
Loaded: /vast-ac8888/MusicSpeech-STM/STM_output/corpSTMnpy/MozillaCommonVoice-kab_STMall.npy, shape: (7172, 2420)
Loaded: /vast-ac8888/MusicSpeech-STM/STM_output/corpSTMnpy/MozillaCommonVoice-kk_STMall.npy, shape: (867, 2420)
Loaded: /vast-ac8888/MusicSpeech-STM/STM_output/corpSTMnpy/MozillaCommonVoice-kmr_STMall.npy, shape: (6603, 2420)
Loaded: /vast-ac8888/MusicSpeech-STM/STM_output/corpSTMnpy/MozillaCommonVoice-ky_STMall.npy, shape: (7998, 2420)
Loaded: /vast-ac8888/MusicSpeech-STM/STM_output/corpSTMnpy/MozillaCommonVoice-lg_STMall.npy, shape: (8169, 2420)
Loaded: /vast-ac8888/MusicSpeech-STM/STM_output/corpSTMnpy/MozillaCommonVoice-lt_STMall.npy, shape: (9073, 2420)
Loaded: /vast-ac8888/MusicSpeech-STM/STM_output/corpSTMnpy/MozillaCommonVoice-ltg_STMall.npy, shape: (2299, 2420)
Loaded: /vast-ac8888/MusicSpeech-STM/STM_output/corpSTMnpy/MozillaCommonVoice-lv_STMall.npy, shape: (7666, 2420)
Loaded: /vast-ac8888/MusicSpeech-STM/STM_output/corpSTMnpy/MozillaCommonVoice-mhr_STMall.npy, shape: (8336, 2420)
Loaded: /vast-ac8888/MusicSpeech-STM/STM_output/corpSTMnpy/MozillaCommonVoice-ml_STMall.npy, shape: (813, 2420)
Loaded: /vast-ac8888/MusicSpeech-STM/STM_output/corpSTMnpy/MozillaCommonVoice-mn_STMall.npy, shape: (5968, 2420)
Loaded: /vast-ac8888/MusicSpeech-STM/STM_output/corpSTMnpy/MozillaCommonVoice-mt_STMall.npy, shape: (3632, 2420)
Loaded: /vast-ac8888/MusicSpeech-STM/STM_output/corpSTMnpy/MozillaCommonVoice-nan-tw_STMall.npy, shape: (181, 2420)
Loaded: /vast-ac8888/MusicSpeech-STM/STM_output/corpSTMnpy/MozillaCommonVoice-nl_STMall.npy, shape: (8834, 2420)
Loaded: /vast-ac8888/MusicSpeech-STM/STM_output/corpSTMnpy/MozillaCommonVoice-oc_STMall.npy, shape: (681, 2420)
Loaded: /vast-ac8888/MusicSpeech-STM/STM_output/corpSTMnpy/MozillaCommonVoice-or_STMall.npy, shape: (1941, 2420)
Loaded: /vast-ac8888/MusicSpeech-STM/STM_output/corpSTMnpy/MozillaCommonVoice-pl_STMall.npy, shape: (8817, 2420)
Loaded: /vast-ac8888/MusicSpeech-STM/STM_output/corpSTMnpy/MozillaCommonVoice-pt_STMall.npy, shape: (8413, 2420)
Loaded: /vast-ac8888/MusicSpeech-STM/STM_output/corpSTMnpy/MozillaCommonVoice-ro_STMall.npy, shape: (6666, 2420)
Loaded: /vast-ac8888/MusicSpeech-STM/STM_output/corpSTMnpy/MozillaCommonVoice-ru_STMall.npy, shape: (9260, 2420)
Loaded: /vast-ac8888/MusicSpeech-STM/STM_output/corpSTMnpy/MozillaCommonVoice-rw_STMall.npy, shape: (9148, 2420)
Loaded: /vast-ac8888/MusicSpeech-STM/STM_output/corpSTMnpy/MozillaCommonVoice-sr_STMall.npy, shape: (391, 2420)
Loaded: /vast-ac8888/MusicSpeech-STM/STM_output/corpSTMnpy/MozillaCommonVoice-sv-SE_STMall.npy, shape: (8288, 2420)
Loaded: /vast-ac8888/MusicSpeech-STM/STM_output/corpSTMnpy/MozillaCommonVoice-sw_STMall.npy, shape: (9192, 2420)
Loaded: /vast-ac8888/MusicSpeech-STM/STM_output/corpSTMnpy/MozillaCommonVoice-ta_STMall.npy, shape: (9474, 2420)
Loaded: /vast-ac8888/MusicSpeech-STM/STM_output/corpSTMnpy/MozillaCommonVoice-th_STMall.npy, shape: (8044, 2420)
Loaded: /vast-ac8888/MusicSpeech-STM/STM_output/corpSTMnpy/MozillaCommonVoice-tr_STMall.npy, shape: (7953, 2420)
Loaded: /vast-ac8888/MusicSpeech-STM/STM_output/corpSTMnpy/MozillaCommonVoice-tt_STMall.npy, shape: (7454, 2420)
Loaded: /vast-ac8888/MusicSpeech-STM/STM_output/corpSTMnpy/MozillaCommonVoice-ug_STMall.npy, shape: (7899, 2420)
Loaded: /vast-ac8888/MusicSpeech-STM/STM_output/corpSTMnpy/MozillaCommonVoice-uk_STMall.npy, shape: (8819, 2420)
Loaded: /vast-ac8888/MusicSpeech-STM/STM_output/corpSTMnpy/MozillaCommonVoice-ur_STMall.npy, shape: (8970, 2420)
Loaded: /vast-ac8888/MusicSpeech-STM/STM_output/corpSTMnpy/MozillaCommonVoice-uz_STMall.npy, shape: (7911, 2420)
Loaded: /vast-ac8888/MusicSpeech-STM/STM_output/corpSTMnpy/MozillaCommonVoice-vi_STMall.npy, shape: (1859, 2420)
Loaded: /vast-ac8888/MusicSpeech-STM/STM_output/corpSTMnpy/MozillaCommonVoice-yo_STMall.npy, shape: (2511, 2420)
Loaded: /vast-ac8888/MusicSpeech-STM/STM_output/corpSTMnpy/MozillaCommonVoice-yue_STMall.npy, shape: (6156, 2420)
Loaded: /vast-ac8888/MusicSpeech-STM/STM_output/corpSTMnpy/MozillaCommonVoice-zh-CN_STMall.npy, shape: (8715, 2420)
Loaded: /vast-ac8888/MusicSpeech-STM/STM_output/corpSTMnpy/MozillaCommonVoice-zh-TW_STMall.npy, shape: (7286, 2420)
Loaded: /vast-ac8888/MusicSpeech-STM/STM_output/corpSTMnpy/SpeechClarity_STMall.npy, shape: (555, 2420)
Loaded: /vast-ac8888/MusicSpeech-STM/STM_output/corpSTMnpy/TAT-Vol2_STMall.npy, shape: (793, 2420)
Loaded: /vast-ac8888/MusicSpeech-STM/STM_output/corpSTMnpy/TIMIT_STMall.npy, shape: (479, 2420)
Loaded: /vast-ac8888/MusicSpeech-STM/STM_output/corpSTMnpy/TTS_Javanese_STMall.npy, shape: (3068, 2420)
Loaded: /vast-ac8888/MusicSpeech-STM/STM_output/corpSTMnpy/primewords_chinese_STMall.npy, shape: (47166, 2420)
Loaded: /vast-ac8888/MusicSpeech-STM/STM_output/corpSTMnpy/room_reader_STMall.npy, shape: (146, 2420)
Loaded: /vast-ac8888/MusicSpeech-STM/STM_output/corpSTMnpy/thchs30_STMall.npy, shape: (13327, 2420)
Loaded: /vast-ac8888/MusicSpeech-STM/STM_output/corpSTMnpy/zeroth_korean_STMall.npy, shape: (22255, 2420)
Loaded: /vast-ac8888/MusicSpeech-STM/STM_output/corpSTMnpy/Albouy2020Science_STMall.npy, shape: (123, 2420)
Loaded: /vast-ac8888/MusicSpeech-STM/STM_output/corpSTMnpy/GarlandEncyclopedia_STMall.npy, shape: (296, 2420)
Loaded: /vast-ac8888/MusicSpeech-STM/STM_output/corpSTMnpy/HiltonMoser2022_song_STMall.npy, shape: (803, 2420)
Loaded: /vast-ac8888/MusicSpeech-STM/STM_output/corpSTMnpy/IRMAS_STMall.npy, shape: (2838, 2420)
Loaded: /vast-ac8888/MusicSpeech-STM/STM_output/corpSTMnpy/MTG-Jamendo_STMall.npy, shape: (55699, 2420)
Loaded: /vast-ac8888/MusicSpeech-STM/STM_output/corpSTMnpy/MagnaTagATune_STMall.npy, shape: (25859, 2420)
Loaded: /vast-ac8888/MusicSpeech-STM/STM_output/corpSTMnpy/NHS2_STMall.npy, shape: (1007, 2420)
Loaded: /vast-ac8888/MusicSpeech-STM/STM_output/corpSTMnpy/fma_large_STMall.npy, shape: (106257, 2420)
Loaded: /vast-ac8888/MusicSpeech-STM/STM_output/corpSTMnpy/ismir04_genre_STMall.npy, shape: (2185, 2420)
Loaded: /vast-ac8888/MusicSpeech-STM/STM_output/corpSTMnpy/MacaulayLibrary_STMall.npy, shape: (34565, 2420)
Loaded: /vast-ac8888/MusicSpeech-STM/STM_output/corpSTMnpy/SONYC_STMall.npy, shape: (10798, 2420)

Dataset Statistics:
Total samples: 978378
Train samples: 770393
Val samples: 102010
Test samples: 105975
Number of features: 1220

Class Distribution (Training):
  Class 0: 497475 samples (64.57%)
  Class 1: 80258 samples (10.42%)
  Class 2: 101893 samples (13.23%)
  Class 3: 53538 samples (6.95%)
  Class 4: 9580 samples (1.24%)
  Class 5: 27649 samples (3.59%)

PyTorch Dataset Shapes:
Train: torch.Size([770393, 2420])
Val: torch.Size([102010, 2420])
Test: torch.Size([105975, 2420])

Applying symmetric STM processing...
Original: 20 freq × 121 rates = 2420 features
After symmetric processing: 20 freq × 61 rates = 1220 features
Speed improvement: 4× faster (O(L²) complexity)

DataLoaders created with batch_size=32

============================================================
Creating FT-Transformer model...
============================================================
Total parameters: 2,331,942
Trainable parameters: 2,331,942

Starting training for 50 epochs...

============================================================
Epoch 1/50
============================================================
  Batch 0/24075, Loss: 1.1108
  Batch 100/24075, Loss: 0.7290
  Batch 200/24075, Loss: 0.5534
  Batch 300/24075, Loss: 0.4478
  Batch 400/24075, Loss: 0.4587
  Batch 500/24075, Loss: 0.6548
  Batch 600/24075, Loss: 0.5466
  Batch 700/24075, Loss: 0.6547
  Batch 800/24075, Loss: 0.5178
  Batch 900/24075, Loss: 0.5108
  Batch 1000/24075, Loss: 0.3104
  Batch 1100/24075, Loss: 0.4338
  Batch 1200/24075, Loss: 0.6792
  Batch 1300/24075, Loss: 0.6413
  Batch 1400/24075, Loss: 0.7160
  Batch 1500/24075, Loss: 0.5921
  Batch 1600/24075, Loss: 0.6235
  Batch 1700/24075, Loss: 0.7295
  Batch 1800/24075, Loss: 0.2991
  Batch 1900/24075, Loss: 0.4367
  Batch 2000/24075, Loss: 0.3238
  Batch 2100/24075, Loss: 0.4189
  Batch 2200/24075, Loss: 0.6342
  Batch 2300/24075, Loss: 0.5393
  Batch 2400/24075, Loss: 0.6498
  Batch 2500/24075, Loss: 0.5835
  Batch 2600/24075, Loss: 0.4929
  Batch 2700/24075, Loss: 0.5554
  Batch 2800/24075, Loss: 0.5827
  Batch 2900/24075, Loss: 0.5932
  Batch 3000/24075, Loss: 0.4178
  Batch 3100/24075, Loss: 0.5747
  Batch 3200/24075, Loss: 0.5123
  Batch 3300/24075, Loss: 0.3667
  Batch 3400/24075, Loss: 0.5722
  Batch 3500/24075, Loss: 0.6199
  Batch 3600/24075, Loss: 0.5594
  Batch 3700/24075, Loss: 0.6426
  Batch 3800/24075, Loss: 0.6261
  Batch 3900/24075, Loss: 0.5364
  Batch 4000/24075, Loss: 0.3361
  Batch 4100/24075, Loss: 0.6062
  Batch 4200/24075, Loss: 0.3447
  Batch 4300/24075, Loss: 0.4085
  Batch 4400/24075, Loss: 0.3112
  Batch 4500/24075, Loss: 0.5353
  Batch 4600/24075, Loss: 0.8041
  Batch 4700/24075, Loss: 0.5325
  Batch 4800/24075, Loss: 0.4941
  Batch 4900/24075, Loss: 0.3589
  Batch 5000/24075, Loss: 0.3795
  Batch 5100/24075, Loss: 0.4390
  Batch 5200/24075, Loss: 0.4727
  Batch 5300/24075, Loss: 0.4315
  Batch 5400/24075, Loss: 0.2731
  Batch 5500/24075, Loss: 0.5726
  Batch 5600/24075, Loss: 0.4259
  Batch 5700/24075, Loss: 0.4344
  Batch 5800/24075, Loss: 0.4167
  Batch 5900/24075, Loss: 0.5716
  Batch 6000/24075, Loss: 0.5572
  Batch 6100/24075, Loss: 0.6527
  Batch 6200/24075, Loss: 0.5017
  Batch 6300/24075, Loss: 0.6488
  Batch 6400/24075, Loss: 0.3369
  Batch 6500/24075, Loss: 0.6814
  Batch 6600/24075, Loss: 0.4434
  Batch 6700/24075, Loss: 0.8741
  Batch 6800/24075, Loss: 0.4533
  Batch 6900/24075, Loss: 0.3514
  Batch 7000/24075, Loss: 0.4014
  Batch 7100/24075, Loss: 0.3996
  Batch 7200/24075, Loss: 0.4163
  Batch 7300/24075, Loss: 0.3876
  Batch 7400/24075, Loss: 0.3040
  Batch 7500/24075, Loss: 0.3402
  Batch 7600/24075, Loss: 0.3824
  Batch 7700/24075, Loss: 0.4580
  Batch 7800/24075, Loss: 0.3003
  Batch 7900/24075, Loss: 0.4741
  Batch 8000/24075, Loss: 0.2189
  Batch 8100/24075, Loss: 0.6064
  Batch 8200/24075, Loss: 0.3573
  Batch 8300/24075, Loss: 0.6072
  Batch 8400/24075, Loss: 0.5858
  Batch 8500/24075, Loss: 0.3555
  Batch 8600/24075, Loss: 0.7331
  Batch 8700/24075, Loss: 0.4540
  Batch 8800/24075, Loss: 0.7195
  Batch 8900/24075, Loss: 0.5431
  Batch 9000/24075, Loss: 0.5007
  Batch 9100/24075, Loss: 0.4401
  Batch 9200/24075, Loss: 0.3625
  Batch 9300/24075, Loss: 0.3590
  Batch 9400/24075, Loss: 0.3227
  Batch 9500/24075, Loss: 0.7065
  Batch 9600/24075, Loss: 0.2936
  Batch 9700/24075, Loss: 0.6462
  Batch 9800/24075, Loss: 0.3697
  Batch 9900/24075, Loss: 0.3667
  Batch 10000/24075, Loss: 0.5533
  Batch 10100/24075, Loss: 0.2402
  Batch 10200/24075, Loss: 0.3456
  Batch 10300/24075, Loss: 0.5466
  Batch 10400/24075, Loss: 0.5400
  Batch 10500/24075, Loss: 0.2799
  Batch 10600/24075, Loss: 0.5157
  Batch 10700/24075, Loss: 0.2989
  Batch 10800/24075, Loss: 0.4523
  Batch 10900/24075, Loss: 0.4741
  Batch 11000/24075, Loss: 0.3096
  Batch 11100/24075, Loss: 0.7711
  Batch 11200/24075, Loss: 0.1539
  Batch 11300/24075, Loss: 0.4207
  Batch 11400/24075, Loss: 0.3610
  Batch 11500/24075, Loss: 0.3916
  Batch 11600/24075, Loss: 0.4761
  Batch 11700/24075, Loss: 0.5698
  Batch 11800/24075, Loss: 0.2332
  Batch 11900/24075, Loss: 0.4269
  Batch 12000/24075, Loss: 0.3731
  Batch 12100/24075, Loss: 0.6531
  Batch 12200/24075, Loss: 0.5202
  Batch 12300/24075, Loss: 0.2633
  Batch 12400/24075, Loss: 0.5677
  Batch 12500/24075, Loss: 0.4439
  Batch 12600/24075, Loss: 0.5997
  Batch 12700/24075, Loss: 0.4259
  Batch 12800/24075, Loss: 0.4661
  Batch 12900/24075, Loss: 0.3492
  Batch 13000/24075, Loss: 0.5545
  Batch 13100/24075, Loss: 0.4978
  Batch 13200/24075, Loss: 0.4543
  Batch 13300/24075, Loss: 0.1947
  Batch 13400/24075, Loss: 0.4556
  Batch 13500/24075, Loss: 0.4238
  Batch 13600/24075, Loss: 0.4025
  Batch 13700/24075, Loss: 0.3492
  Batch 13800/24075, Loss: 0.3366
  Batch 13900/24075, Loss: 0.2751
  Batch 14000/24075, Loss: 0.4326
  Batch 14100/24075, Loss: 0.1073
  Batch 14200/24075, Loss: 0.3873
  Batch 14300/24075, Loss: 0.4348
  Batch 14400/24075, Loss: 0.2825
  Batch 14500/24075, Loss: 0.2635
  Batch 14600/24075, Loss: 0.3487
  Batch 14700/24075, Loss: 0.2388
  Batch 14800/24075, Loss: 0.3244
  Batch 14900/24075, Loss: 0.3105
  Batch 15000/24075, Loss: 0.3966
  Batch 15100/24075, Loss: 0.5027
  Batch 15200/24075, Loss: 0.3456
  Batch 15300/24075, Loss: 0.4249
  Batch 15400/24075, Loss: 0.4663
  Batch 15500/24075, Loss: 0.4214
  Batch 15600/24075, Loss: 0.4986
  Batch 15700/24075, Loss: 0.4980
  Batch 15800/24075, Loss: 0.4770
  Batch 15900/24075, Loss: 0.2842
  Batch 16000/24075, Loss: 0.5447
  Batch 16100/24075, Loss: 0.2898
  Batch 16200/24075, Loss: 0.2436
  Batch 16300/24075, Loss: 0.3408
  Batch 16400/24075, Loss: 0.3866
  Batch 16500/24075, Loss: 0.3095
  Batch 16600/24075, Loss: 0.2338
  Batch 16700/24075, Loss: 0.4999
  Batch 16800/24075, Loss: 0.6209
  Batch 16900/24075, Loss: 0.3485
  Batch 17000/24075, Loss: 0.3728
  Batch 17100/24075, Loss: 0.3401
  Batch 17200/24075, Loss: 0.3833
  Batch 17300/24075, Loss: 0.2877
  Batch 17400/24075, Loss: 0.5476
  Batch 17500/24075, Loss: 0.3969
  Batch 17600/24075, Loss: 0.5467
  Batch 17700/24075, Loss: 0.3382
  Batch 17800/24075, Loss: 0.3822
  Batch 17900/24075, Loss: 0.2684
  Batch 18000/24075, Loss: 0.4762
  Batch 18100/24075, Loss: 0.2506
  Batch 18200/24075, Loss: 0.4243
  Batch 18300/24075, Loss: 0.3966
  Batch 18400/24075, Loss: 0.3794
  Batch 18500/24075, Loss: 0.3491
  Batch 18600/24075, Loss: 0.2245
  Batch 18700/24075, Loss: 0.4802
  Batch 18800/24075, Loss: 0.5050
  Batch 18900/24075, Loss: 0.2959
  Batch 19000/24075, Loss: 0.3111
  Batch 19100/24075, Loss: 0.3446
  Batch 19200/24075, Loss: 0.2680
  Batch 19300/24075, Loss: 0.5586
  Batch 19400/24075, Loss: 0.4481
  Batch 19500/24075, Loss: 0.3475
  Batch 19600/24075, Loss: 0.2893
  Batch 19700/24075, Loss: 0.2134
  Batch 19800/24075, Loss: 0.4033
  Batch 19900/24075, Loss: 0.4621
  Batch 20000/24075, Loss: 0.3073
  Batch 20100/24075, Loss: 0.4104
  Batch 20200/24075, Loss: 0.5136
  Batch 20300/24075, Loss: 0.4022
  Batch 20400/24075, Loss: 0.2296
  Batch 20500/24075, Loss: 0.2951
  Batch 20600/24075, Loss: 0.4345
  Batch 20700/24075, Loss: 0.2537
  Batch 20800/24075, Loss: 0.3401
  Batch 20900/24075, Loss: 0.6015
  Batch 21000/24075, Loss: 0.4027
  Batch 21100/24075, Loss: 0.4678
  Batch 21200/24075, Loss: 0.4559
  Batch 21300/24075, Loss: 0.4997
  Batch 21400/24075, Loss: 0.3052
  Batch 21500/24075, Loss: 0.3770
  Batch 21600/24075, Loss: 0.4937
  Batch 21700/24075, Loss: 0.4207
  Batch 21800/24075, Loss: 0.2909
  Batch 21900/24075, Loss: 0.5880
  Batch 22000/24075, Loss: 0.2405
  Batch 22100/24075, Loss: 0.5513
  Batch 22200/24075, Loss: 0.3063
  Batch 22300/24075, Loss: 0.2760
  Batch 22400/24075, Loss: 0.3762
  Batch 22500/24075, Loss: 0.7240
  Batch 22600/24075, Loss: 0.3844
  Batch 22700/24075, Loss: 0.3697
  Batch 22800/24075, Loss: 0.2849
  Batch 22900/24075, Loss: 0.4847
  Batch 23000/24075, Loss: 0.3968
  Batch 23100/24075, Loss: 0.5649
  Batch 23200/24075, Loss: 0.4973
  Batch 23300/24075, Loss: 0.2691
  Batch 23400/24075, Loss: 0.3758
  Batch 23500/24075, Loss: 0.4089
  Batch 23600/24075, Loss: 0.1397
  Batch 23700/24075, Loss: 0.1286
  Batch 23800/24075, Loss: 0.3916
  Batch 23900/24075, Loss: 0.5328
  Batch 24000/24075, Loss: 0.3018
Train Loss: 0.4450
Val Loss: 0.5973, Val Macro F1: 0.6621
Current learning rate: 0.000100
✓ Saved best model with Val F1: 0.6621

============================================================
Epoch 2/50
============================================================
  Batch 0/24075, Loss: 0.4942
  Batch 100/24075, Loss: 0.4740
  Batch 200/24075, Loss: 0.4240
  Batch 300/24075, Loss: 0.4619
  Batch 400/24075, Loss: 0.3026
  Batch 500/24075, Loss: 0.1661
  Batch 600/24075, Loss: 0.5983
  Batch 700/24075, Loss: 0.2931
  Batch 800/24075, Loss: 0.2458
  Batch 900/24075, Loss: 0.3590
  Batch 1000/24075, Loss: 0.3855
  Batch 1100/24075, Loss: 0.2751
  Batch 1200/24075, Loss: 0.3919
  Batch 1300/24075, Loss: 0.5419
  Batch 1400/24075, Loss: 0.3537
  Batch 1500/24075, Loss: 0.2048
  Batch 1600/24075, Loss: 0.4749
  Batch 1700/24075, Loss: 0.2655
  Batch 1800/24075, Loss: 0.2215
  Batch 1900/24075, Loss: 0.3948
  Batch 2000/24075, Loss: 0.1688
  Batch 2100/24075, Loss: 0.4632
  Batch 2200/24075, Loss: 0.2146
  Batch 2300/24075, Loss: 0.3322
  Batch 2400/24075, Loss: 0.4822
  Batch 2500/24075, Loss: 0.4852
  Batch 2600/24075, Loss: 0.6178
  Batch 2700/24075, Loss: 0.3238
  Batch 2800/24075, Loss: 0.1792
  Batch 2900/24075, Loss: 0.6264
  Batch 3000/24075, Loss: 0.1768
  Batch 3100/24075, Loss: 0.4455
  Batch 3200/24075, Loss: 0.4716
  Batch 3300/24075, Loss: 0.4376
  Batch 3400/24075, Loss: 0.7632
  Batch 3500/24075, Loss: 0.1925
  Batch 3600/24075, Loss: 0.6068
  Batch 3700/24075, Loss: 0.4381
  Batch 3800/24075, Loss: 0.4781
  Batch 3900/24075, Loss: 0.3309
  Batch 4000/24075, Loss: 0.2705
  Batch 4100/24075, Loss: 0.2981
  Batch 4200/24075, Loss: 0.3344
  Batch 4300/24075, Loss: 0.4315
  Batch 4400/24075, Loss: 0.2202
  Batch 4500/24075, Loss: 0.3421
  Batch 4600/24075, Loss: 0.2082
  Batch 4700/24075, Loss: 0.3378
  Batch 4800/24075, Loss: 0.3472
  Batch 4900/24075, Loss: 0.2459
  Batch 5000/24075, Loss: 0.4402
  Batch 5100/24075, Loss: 0.2766
  Batch 5200/24075, Loss: 0.1392
  Batch 5300/24075, Loss: 0.5347
  Batch 5400/24075, Loss: 0.3595
  Batch 5500/24075, Loss: 0.6054
  Batch 5600/24075, Loss: 0.2309
  Batch 5700/24075, Loss: 0.7128
  Batch 5800/24075, Loss: 0.2933
  Batch 5900/24075, Loss: 0.3043
  Batch 6000/24075, Loss: 0.3610
  Batch 6100/24075, Loss: 0.3815
  Batch 6200/24075, Loss: 0.2179
  Batch 6300/24075, Loss: 0.1845
  Batch 6400/24075, Loss: 0.5334
  Batch 6500/24075, Loss: 0.2210
  Batch 6600/24075, Loss: 0.3747
  Batch 6700/24075, Loss: 0.4642
  Batch 6800/24075, Loss: 0.1771
  Batch 6900/24075, Loss: 0.5518
  Batch 7000/24075, Loss: 0.2012
  Batch 7100/24075, Loss: 0.4809
  Batch 7200/24075, Loss: 0.1901
  Batch 7300/24075, Loss: 0.2627
  Batch 7400/24075, Loss: 0.4467
  Batch 7500/24075, Loss: 0.2759
  Batch 7600/24075, Loss: 0.1006
  Batch 7700/24075, Loss: 0.2729
  Batch 7800/24075, Loss: 0.4965
  Batch 7900/24075, Loss: 0.4798
  Batch 8000/24075, Loss: 0.2911
  Batch 8100/24075, Loss: 0.3364
  Batch 8200/24075, Loss: 0.3524
  Batch 8300/24075, Loss: 0.4217
  Batch 8400/24075, Loss: 0.3470
  Batch 8500/24075, Loss: 0.4980
  Batch 8600/24075, Loss: 0.1130
  Batch 8700/24075, Loss: 0.4727
  Batch 8800/24075, Loss: 0.2610
  Batch 8900/24075, Loss: 0.3142
  Batch 9000/24075, Loss: 0.3813
  Batch 9100/24075, Loss: 0.2625
  Batch 9200/24075, Loss: 0.4806
  Batch 9300/24075, Loss: 0.2677
  Batch 9400/24075, Loss: 0.2500
  Batch 9500/24075, Loss: 0.2946
  Batch 9600/24075, Loss: 0.2512
  Batch 9700/24075, Loss: 0.5593
  Batch 9800/24075, Loss: 0.7751
  Batch 9900/24075, Loss: 0.2984
  Batch 10000/24075, Loss: 0.2759
  Batch 10100/24075, Loss: 0.2098
  Batch 10200/24075, Loss: 0.3806
  Batch 10300/24075, Loss: 0.2796
  Batch 10400/24075, Loss: 0.4834
  Batch 10500/24075, Loss: 0.4118
  Batch 10600/24075, Loss: 0.6624
  Batch 10700/24075, Loss: 0.3633
  Batch 10800/24075, Loss: 0.3410
  Batch 10900/24075, Loss: 0.3448
  Batch 11000/24075, Loss: 0.4137
  Batch 11100/24075, Loss: 0.4404
  Batch 11200/24075, Loss: 0.4011
  Batch 11300/24075, Loss: 0.4004
  Batch 11400/24075, Loss: 0.6401
  Batch 11500/24075, Loss: 0.4461
  Batch 11600/24075, Loss: 0.3633
  Batch 11700/24075, Loss: 0.2678
  Batch 11800/24075, Loss: 0.6481
  Batch 11900/24075, Loss: 0.2806
  Batch 12000/24075, Loss: 0.5085
  Batch 12100/24075, Loss: 0.3612
  Batch 12200/24075, Loss: 0.3386
  Batch 12300/24075, Loss: 0.3404
  Batch 12400/24075, Loss: 0.2695
  Batch 12500/24075, Loss: 0.4073
  Batch 12600/24075, Loss: 0.3898
  Batch 12700/24075, Loss: 0.2413
  Batch 12800/24075, Loss: 0.5186
  Batch 12900/24075, Loss: 0.3124
  Batch 13000/24075, Loss: 0.6942
  Batch 13100/24075, Loss: 0.3536
  Batch 13200/24075, Loss: 0.2893
  Batch 13300/24075, Loss: 0.3324
  Batch 13400/24075, Loss: 0.3701
  Batch 13500/24075, Loss: 0.2682
  Batch 13600/24075, Loss: 0.3149
  Batch 13700/24075, Loss: 0.4525
  Batch 13800/24075, Loss: 0.3094
  Batch 13900/24075, Loss: 0.6000
  Batch 14000/24075, Loss: 0.3291
  Batch 14100/24075, Loss: 0.5168
  Batch 14200/24075, Loss: 0.3714
  Batch 14300/24075, Loss: 0.4028
  Batch 14400/24075, Loss: 0.2169
  Batch 14500/24075, Loss: 0.3640
  Batch 14600/24075, Loss: 0.4094
  Batch 14700/24075, Loss: 0.3189
  Batch 14800/24075, Loss: 0.3900
  Batch 14900/24075, Loss: 0.2570
  Batch 15000/24075, Loss: 0.3681
  Batch 15100/24075, Loss: 0.3094
  Batch 15200/24075, Loss: 0.3519
  Batch 15300/24075, Loss: 0.4280
  Batch 15400/24075, Loss: 0.3254
  Batch 15500/24075, Loss: 0.3731
  Batch 15600/24075, Loss: 0.4222
  Batch 15700/24075, Loss: 0.3672
  Batch 15800/24075, Loss: 0.4077
  Batch 15900/24075, Loss: 0.2754
  Batch 16000/24075, Loss: 0.1322
  Batch 16100/24075, Loss: 0.2104
  Batch 16200/24075, Loss: 0.1739
  Batch 16300/24075, Loss: 0.2454
  Batch 16400/24075, Loss: 0.2097
  Batch 16500/24075, Loss: 0.4090
  Batch 16600/24075, Loss: 0.4992
  Batch 16700/24075, Loss: 0.3501
  Batch 16800/24075, Loss: 0.1145
  Batch 16900/24075, Loss: 0.5109
  Batch 17000/24075, Loss: 0.2418
  Batch 17100/24075, Loss: 0.4299
  Batch 17200/24075, Loss: 0.2571
  Batch 17300/24075, Loss: 0.4091
  Batch 17400/24075, Loss: 0.4265
  Batch 17500/24075, Loss: 0.4808
  Batch 17600/24075, Loss: 0.3460
  Batch 17700/24075, Loss: 0.3429
  Batch 17800/24075, Loss: 0.3023
  Batch 17900/24075, Loss: 0.2372
  Batch 18000/24075, Loss: 0.5038
  Batch 18100/24075, Loss: 0.5105
  Batch 18200/24075, Loss: 0.2683
  Batch 18300/24075, Loss: 0.3856
  Batch 18400/24075, Loss: 0.3108
  Batch 18500/24075, Loss: 0.3861
  Batch 18600/24075, Loss: 0.3240
  Batch 18700/24075, Loss: 0.2186
  Batch 18800/24075, Loss: 0.2656
  Batch 18900/24075, Loss: 0.3053
  Batch 19000/24075, Loss: 0.2872
  Batch 19100/24075, Loss: 0.2912
  Batch 19200/24075, Loss: 0.2393
  Batch 19300/24075, Loss: 0.3366
  Batch 19400/24075, Loss: 0.2379
  Batch 19500/24075, Loss: 0.4197
  Batch 19600/24075, Loss: 0.4344
  Batch 19700/24075, Loss: 0.2717
  Batch 19800/24075, Loss: 0.2582
  Batch 19900/24075, Loss: 0.4271
  Batch 20000/24075, Loss: 0.1627
  Batch 20100/24075, Loss: 0.3273
  Batch 20200/24075, Loss: 0.1180
  Batch 20300/24075, Loss: 0.3971
  Batch 20400/24075, Loss: 0.4913
  Batch 20500/24075, Loss: 0.3217
  Batch 20600/24075, Loss: 0.2950
  Batch 20700/24075, Loss: 0.2244
  Batch 20800/24075, Loss: 0.2541
  Batch 20900/24075, Loss: 0.4481
  Batch 21000/24075, Loss: 0.2130
  Batch 21100/24075, Loss: 0.2772
  Batch 21200/24075, Loss: 0.3246
  Batch 21300/24075, Loss: 0.4041
  Batch 21400/24075, Loss: 0.5506
  Batch 21500/24075, Loss: 0.5850
  Batch 21600/24075, Loss: 0.3054
  Batch 21700/24075, Loss: 0.2843
  Batch 21800/24075, Loss: 0.4012
  Batch 21900/24075, Loss: 0.3728
  Batch 22000/24075, Loss: 0.2887
  Batch 22100/24075, Loss: 0.7542
  Batch 22200/24075, Loss: 0.3692
  Batch 22300/24075, Loss: 0.4762
  Batch 22400/24075, Loss: 0.3034
  Batch 22500/24075, Loss: 0.2881
  Batch 22600/24075, Loss: 0.2994
  Batch 22700/24075, Loss: 0.4481
  Batch 22800/24075, Loss: 0.2710
  Batch 22900/24075, Loss: 0.1637
  Batch 23000/24075, Loss: 0.2611
  Batch 23100/24075, Loss: 0.3768
  Batch 23200/24075, Loss: 0.4154
  Batch 23300/24075, Loss: 0.2689
  Batch 23400/24075, Loss: 0.5750
  Batch 23500/24075, Loss: 0.2751
  Batch 23600/24075, Loss: 0.7009
  Batch 23700/24075, Loss: 0.2018
  Batch 23800/24075, Loss: 0.2390
  Batch 23900/24075, Loss: 0.4846
  Batch 24000/24075, Loss: 0.5874
Train Loss: 0.3555
Val Loss: 0.6536, Val Macro F1: 0.6665
Current learning rate: 0.000100
✓ Saved best model with Val F1: 0.6665

============================================================
Epoch 3/50
============================================================
  Batch 0/24075, Loss: 0.3819
  Batch 100/24075, Loss: 0.2599
  Batch 200/24075, Loss: 0.6405
  Batch 300/24075, Loss: 0.3905
  Batch 400/24075, Loss: 0.5225
  Batch 500/24075, Loss: 0.4931
  Batch 600/24075, Loss: 0.4566
  Batch 700/24075, Loss: 0.5163
  Batch 800/24075, Loss: 0.3042
  Batch 900/24075, Loss: 0.3779
  Batch 1000/24075, Loss: 0.2945
  Batch 1100/24075, Loss: 0.2398
  Batch 1200/24075, Loss: 0.3029
  Batch 1300/24075, Loss: 0.2935
  Batch 1400/24075, Loss: 0.3335
  Batch 1500/24075, Loss: 0.2543
  Batch 1600/24075, Loss: 0.3703
  Batch 1700/24075, Loss: 0.4338
  Batch 1800/24075, Loss: 0.5478
  Batch 1900/24075, Loss: 0.3702
  Batch 2000/24075, Loss: 0.4462
  Batch 2100/24075, Loss: 0.3549
  Batch 2200/24075, Loss: 0.3636
  Batch 2300/24075, Loss: 0.1270
  Batch 2400/24075, Loss: 0.2359
  Batch 2500/24075, Loss: 0.3658
  Batch 2600/24075, Loss: 0.4104
  Batch 2700/24075, Loss: 0.2543
  Batch 2800/24075, Loss: 0.2230
  Batch 2900/24075, Loss: 0.2641
  Batch 3000/24075, Loss: 0.1415
  Batch 3100/24075, Loss: 0.4820
  Batch 3200/24075, Loss: 0.3894
  Batch 3300/24075, Loss: 0.3626
  Batch 3400/24075, Loss: 0.3900
  Batch 3500/24075, Loss: 0.2957
  Batch 3600/24075, Loss: 0.2050
  Batch 3700/24075, Loss: 0.1946
  Batch 3800/24075, Loss: 0.3519
  Batch 3900/24075, Loss: 0.1232
  Batch 4000/24075, Loss: 0.3160
  Batch 4100/24075, Loss: 0.2244
  Batch 4200/24075, Loss: 0.3666
  Batch 4300/24075, Loss: 0.2144
  Batch 4400/24075, Loss: 0.1442
  Batch 4500/24075, Loss: 0.2503
  Batch 4600/24075, Loss: 0.4284
  Batch 4700/24075, Loss: 0.2092
  Batch 4800/24075, Loss: 0.6342
  Batch 4900/24075, Loss: 0.2585
  Batch 5000/24075, Loss: 0.4860
  Batch 5100/24075, Loss: 0.1386
  Batch 5200/24075, Loss: 0.3955
  Batch 5300/24075, Loss: 0.2441
  Batch 5400/24075, Loss: 0.4723
  Batch 5500/24075, Loss: 0.2905
  Batch 5600/24075, Loss: 0.4860
  Batch 5700/24075, Loss: 0.2102
  Batch 5800/24075, Loss: 0.3032
  Batch 5900/24075, Loss: 0.3655
  Batch 6000/24075, Loss: 0.3672
  Batch 6100/24075, Loss: 0.2915
  Batch 6200/24075, Loss: 0.1524
  Batch 6300/24075, Loss: 0.3004
  Batch 6400/24075, Loss: 0.3442
  Batch 6500/24075, Loss: 0.3896
  Batch 6600/24075, Loss: 0.4402
  Batch 6700/24075, Loss: 0.4146
  Batch 6800/24075, Loss: 0.4230
  Batch 6900/24075, Loss: 0.6244
  Batch 7000/24075, Loss: 0.3285
  Batch 7100/24075, Loss: 0.3214
  Batch 7200/24075, Loss: 0.6674
  Batch 7300/24075, Loss: 0.1919
  Batch 7400/24075, Loss: 0.5764
  Batch 7500/24075, Loss: 0.3711
  Batch 7600/24075, Loss: 0.2783
  Batch 7700/24075, Loss: 0.1168
  Batch 7800/24075, Loss: 0.2326
  Batch 7900/24075, Loss: 0.4473
  Batch 8000/24075, Loss: 0.3607
  Batch 8100/24075, Loss: 0.2649
  Batch 8200/24075, Loss: 0.2575
  Batch 8300/24075, Loss: 0.3102
  Batch 8400/24075, Loss: 0.1880
  Batch 8500/24075, Loss: 0.5572
  Batch 8600/24075, Loss: 0.3056
  Batch 8700/24075, Loss: 0.2739
  Batch 8800/24075, Loss: 0.3817
  Batch 8900/24075, Loss: 0.4786
  Batch 9000/24075, Loss: 0.2723
  Batch 9100/24075, Loss: 0.4955
  Batch 9200/24075, Loss: 0.4041
  Batch 9300/24075, Loss: 0.3879
  Batch 9400/24075, Loss: 0.4224
  Batch 9500/24075, Loss: 0.4134
  Batch 9600/24075, Loss: 0.6294
  Batch 9700/24075, Loss: 0.2710
  Batch 9800/24075, Loss: 0.2174
  Batch 9900/24075, Loss: 0.3778
  Batch 10000/24075, Loss: 0.3918
  Batch 10100/24075, Loss: 0.4779
  Batch 10200/24075, Loss: 0.5644
  Batch 10300/24075, Loss: 0.3110
  Batch 10400/24075, Loss: 0.1741
  Batch 10500/24075, Loss: 0.4235
  Batch 10600/24075, Loss: 0.4174
  Batch 10700/24075, Loss: 0.2652
  Batch 10800/24075, Loss: 0.3220
  Batch 10900/24075, Loss: 0.6335
  Batch 11000/24075, Loss: 0.2268
  Batch 11100/24075, Loss: 0.3154
  Batch 11200/24075, Loss: 0.3206
  Batch 11300/24075, Loss: 0.1850
  Batch 11400/24075, Loss: 0.2458
  Batch 11500/24075, Loss: 0.4811
  Batch 11600/24075, Loss: 0.4819
  Batch 11700/24075, Loss: 0.2664
  Batch 11800/24075, Loss: 0.1054
  Batch 11900/24075, Loss: 0.3094
  Batch 12000/24075, Loss: 0.1358
  Batch 12100/24075, Loss: 0.1819
  Batch 12200/24075, Loss: 0.2959
  Batch 12300/24075, Loss: 0.4031
  Batch 12400/24075, Loss: 0.2679
  Batch 12500/24075, Loss: 0.2721
  Batch 12600/24075, Loss: 0.2540
  Batch 12700/24075, Loss: 0.2299
  Batch 12800/24075, Loss: 0.2349
  Batch 12900/24075, Loss: 0.1397
  Batch 13000/24075, Loss: 0.6757
  Batch 13100/24075, Loss: 0.4117
  Batch 13200/24075, Loss: 0.2755
  Batch 13300/24075, Loss: 0.4827
  Batch 13400/24075, Loss: 0.2353
  Batch 13500/24075, Loss: 0.2425
  Batch 13600/24075, Loss: 0.3720
  Batch 13700/24075, Loss: 0.4626
  Batch 13800/24075, Loss: 0.3358
  Batch 13900/24075, Loss: 0.3722
  Batch 14000/24075, Loss: 0.2397
  Batch 14100/24075, Loss: 0.3033
  Batch 14200/24075, Loss: 0.4406
  Batch 14300/24075, Loss: 0.5272
  Batch 14400/24075, Loss: 0.4050
  Batch 14500/24075, Loss: 0.3331
  Batch 14600/24075, Loss: 0.4617
  Batch 14700/24075, Loss: 0.2753
  Batch 14800/24075, Loss: 0.3596
  Batch 14900/24075, Loss: 0.2772
  Batch 15000/24075, Loss: 0.2922
  Batch 15100/24075, Loss: 0.4002
  Batch 15200/24075, Loss: 0.1690
  Batch 15300/24075, Loss: 0.3509
  Batch 15400/24075, Loss: 0.3347
  Batch 15500/24075, Loss: 0.2270
  Batch 15600/24075, Loss: 0.1848
  Batch 15700/24075, Loss: 0.2689
  Batch 15800/24075, Loss: 0.2615
  Batch 15900/24075, Loss: 0.5388
  Batch 16000/24075, Loss: 0.1646
  Batch 16100/24075, Loss: 0.1797
  Batch 16200/24075, Loss: 0.2488
  Batch 16300/24075, Loss: 0.3219
  Batch 16400/24075, Loss: 0.1350
  Batch 16500/24075, Loss: 0.1580
  Batch 16600/24075, Loss: 0.2917
  Batch 16700/24075, Loss: 0.2093
  Batch 16800/24075, Loss: 0.4062
  Batch 16900/24075, Loss: 0.1570
  Batch 17000/24075, Loss: 0.1712
  Batch 17100/24075, Loss: 0.4060
  Batch 17200/24075, Loss: 0.2501
  Batch 17300/24075, Loss: 0.2407
  Batch 17400/24075, Loss: 0.2903
  Batch 17500/24075, Loss: 0.4594
  Batch 17600/24075, Loss: 0.2342
  Batch 17700/24075, Loss: 0.3440
  Batch 17800/24075, Loss: 0.2922
  Batch 17900/24075, Loss: 0.1768
  Batch 18000/24075, Loss: 0.3166
  Batch 18100/24075, Loss: 0.3357
  Batch 18200/24075, Loss: 0.3307
  Batch 18300/24075, Loss: 0.4465
  Batch 18400/24075, Loss: 0.2019
  Batch 18500/24075, Loss: 0.3797
  Batch 18600/24075, Loss: 0.3981
  Batch 18700/24075, Loss: 0.2059
  Batch 18800/24075, Loss: 0.2632
  Batch 18900/24075, Loss: 0.3817
  Batch 19000/24075, Loss: 0.2436
  Batch 19100/24075, Loss: 0.2938
  Batch 19200/24075, Loss: 0.1638
  Batch 19300/24075, Loss: 0.2102
  Batch 19400/24075, Loss: 0.2333
  Batch 19500/24075, Loss: 0.2177
  Batch 19600/24075, Loss: 0.5534
  Batch 19700/24075, Loss: 0.2638
  Batch 19800/24075, Loss: 0.3713
  Batch 19900/24075, Loss: 0.2758
  Batch 20000/24075, Loss: 0.4514
  Batch 20100/24075, Loss: 0.4497
  Batch 20200/24075, Loss: 0.3396
  Batch 20300/24075, Loss: 0.3217
  Batch 20400/24075, Loss: 0.1595
  Batch 20500/24075, Loss: 0.2456
  Batch 20600/24075, Loss: 0.1603
  Batch 20700/24075, Loss: 0.3582
  Batch 20800/24075, Loss: 0.2703
  Batch 20900/24075, Loss: 0.5131
  Batch 21000/24075, Loss: 0.2254
  Batch 21100/24075, Loss: 0.2747
  Batch 21200/24075, Loss: 0.1807
  Batch 21300/24075, Loss: 0.5775
  Batch 21400/24075, Loss: 0.3604
  Batch 21500/24075, Loss: 0.4298
  Batch 21600/24075, Loss: 0.2590
  Batch 21700/24075, Loss: 0.2275
  Batch 21800/24075, Loss: 0.1430
  Batch 21900/24075, Loss: 0.4329
  Batch 22000/24075, Loss: 0.1106
  Batch 22100/24075, Loss: 0.3603
  Batch 22200/24075, Loss: 0.4247
  Batch 22300/24075, Loss: 0.3105
  Batch 22400/24075, Loss: 0.2108
  Batch 22500/24075, Loss: 0.3138
  Batch 22600/24075, Loss: 0.6259
  Batch 22700/24075, Loss: 0.3619
  Batch 22800/24075, Loss: 0.2329
  Batch 22900/24075, Loss: 0.3400
  Batch 23000/24075, Loss: 0.7588
  Batch 23100/24075, Loss: 0.2496
  Batch 23200/24075, Loss: 0.2509
  Batch 23300/24075, Loss: 0.3994
  Batch 23400/24075, Loss: 0.3002
  Batch 23500/24075, Loss: 0.3746
  Batch 23600/24075, Loss: 0.2511
  Batch 23700/24075, Loss: 0.1985
  Batch 23800/24075, Loss: 0.4339
  Batch 23900/24075, Loss: 0.2128
  Batch 24000/24075, Loss: 0.4657
Train Loss: 0.3288
Val Loss: 0.3963, Val Macro F1: 0.7461
Current learning rate: 0.000099
✓ Saved best model with Val F1: 0.7461

============================================================
Epoch 4/50
============================================================
slurmstepd: error: *** JOB 4633881 ON gr040 CANCELLED AT 2026-01-29T17:22:36 ***
