INFO:    User not listed in /etc/subuid, trying root-mapped namespace
INFO:    Using fakeroot command combined with root-mapped namespace
Using device: cuda
GPU: NVIDIA L40S

Using default checkpoint: model/STM/CoordConvLDAM_preIN6_corpora_categories/standard/ckpt/2026-02-07_11-08

Checkpoint: model/STM/CoordConvLDAM_preIN6_corpora_categories/standard/ckpt/2026-02-07_11-08/best_model.pt

============================================================
Loading test data...
============================================================

Test Dataset Shape: torch.Size([105975, 2, 20, 121])
Test samples: 105975

============================================================
Creating model and loading weights...
============================================================
✓ Loaded PretrainedSTMResNet18 V2.6 (6 classes)
✓ Loaded model from epoch 84
  Best validation F1: 0.8587

============================================================
Baseline Evaluation (No TTA)...
============================================================

Baseline Test Macro F1: 0.8709

============================================================
TTA Evaluation (5 augmentations)...
============================================================

TTA Configuration:
  Number of augmentations: 5
    • original
    • time_flip
    • freq_shift_+2
    • freq_shift_-2
    • time_shift_+5
  Processing batch 0/414...
  Processing batch 50/414...
  Processing batch 100/414...
  Processing batch 150/414...
  Processing batch 200/414...
  Processing batch 250/414...
  Processing batch 300/414...
  Processing batch 350/414...
  Processing batch 400/414...

TTA Test Macro F1: 0.8726
Improvement over baseline: 0.17%

============================================================
Classification Report (TTA)
============================================================
                  precision    recall  f1-score   support

speech:non-tonal       0.95      0.99      0.97     70117
    speech:tonal       0.92      0.71      0.80     13495
     music:vocal       0.84      0.84      0.84     12165
 music:non-vocal       0.69      0.69      0.69      6018
       env:urban       0.95      1.00      0.97       769
    env:wildlife       0.96      0.97      0.96      3411

        accuracy                           0.92    105975
       macro avg       0.88      0.87      0.87    105975
    weighted avg       0.92      0.92      0.92    105975


Confusion Matrix (TTA):
[[69231   842    16     5     1    22]
 [ 3872  9618     1     3     0     1]
 [   63     4 10198  1810     3    87]
 [   10     0  1831  4148     6    23]
 [    0     0     2     0   766     1]
 [   20     5    36    21    33  3296]]

============================================================
Per-Class F1 Comparison
============================================================
Class                  Baseline        TTA          Δ
--------------------------------------------------
speech:non-tonal         0.9650     0.9662 +   0.0011
speech:tonal             0.8030     0.8027   -0.0003
music:vocal              0.8335     0.8411 +   0.0076
music:non-vocal          0.6843     0.6910 +   0.0068
env:urban                0.9758     0.9708   -0.0049
env:wildlife             0.9635     0.9636 +   0.0001
--------------------------------------------------
MACRO AVG                0.8709     0.8726 +   0.0017

✓ Results saved to model/STM/CoordConvLDAM_preIN6_corpora_categories/standard/ckpt/2026-02-07_11-08

============================================================
Done!
============================================================
