INFO:    User not listed in /etc/subuid, trying root-mapped namespace
INFO:    Using fakeroot command combined with root-mapped namespace
INFO:    FUSE2FS (3): Warning: Mounting unchecked fs, running e2fsck is recommended.
Using device: cuda
GPU: NVIDIA L40S
GPU Memory: 47.67 GB

Mode 0: Standard training (full dataset)
Checkpoint directory: model/STM/FTTransformer_corpora_categories/standard/ckpt/2026-02-01_13-15

============================================================
Loading and preparing data...
============================================================
Loaded: /vast-ac8888/MusicSpeech-STM/STM_output/corpSTMnpy/BibleTTS-akuapem-twi_STMall.npy, shape: (23592, 2420)
Loaded: /vast-ac8888/MusicSpeech-STM/STM_output/corpSTMnpy/BibleTTS-asante-twi_STMall.npy, shape: (20768, 2420)
Loaded: /vast-ac8888/MusicSpeech-STM/STM_output/corpSTMnpy/BibleTTS-ewe_STMall.npy, shape: (22138, 2420)
Loaded: /vast-ac8888/MusicSpeech-STM/STM_output/corpSTMnpy/BibleTTS-hausa_STMall.npy, shape: (29002, 2420)
Loaded: /vast-ac8888/MusicSpeech-STM/STM_output/corpSTMnpy/BibleTTS-lingala_STMall.npy, shape: (11219, 2420)
Loaded: /vast-ac8888/MusicSpeech-STM/STM_output/corpSTMnpy/BibleTTS-yoruba_STMall.npy, shape: (6629, 2420)
Loaded: /vast-ac8888/MusicSpeech-STM/STM_output/corpSTMnpy/Buckeye_STMall.npy, shape: (255, 2420)
Loaded: /vast-ac8888/MusicSpeech-STM/STM_output/corpSTMnpy/EUROM_STMall.npy, shape: (6623, 2420)
Loaded: /vast-ac8888/MusicSpeech-STM/STM_output/corpSTMnpy/HiltonMoser2022_speech_STMall.npy, shape: (785, 2420)
Loaded: /vast-ac8888/MusicSpeech-STM/STM_output/corpSTMnpy/LibriSpeech_STMall.npy, shape: (27144, 2420)
Loaded: /vast-ac8888/MusicSpeech-STM/STM_output/corpSTMnpy/MediaSpeech-AR_STMall.npy, shape: (2505, 2420)
Loaded: /vast-ac8888/MusicSpeech-STM/STM_output/corpSTMnpy/MediaSpeech-ES_STMall.npy, shape: (2507, 2420)
Loaded: /vast-ac8888/MusicSpeech-STM/STM_output/corpSTMnpy/MediaSpeech-FR_STMall.npy, shape: (2498, 2420)
Loaded: /vast-ac8888/MusicSpeech-STM/STM_output/corpSTMnpy/MediaSpeech-TR_STMall.npy, shape: (2512, 2420)
Loaded: /vast-ac8888/MusicSpeech-STM/STM_output/corpSTMnpy/MozillaCommonVoice-ab_STMall.npy, shape: (7558, 2420)
Loaded: /vast-ac8888/MusicSpeech-STM/STM_output/corpSTMnpy/MozillaCommonVoice-ar_STMall.npy, shape: (8080, 2420)
Loaded: /vast-ac8888/MusicSpeech-STM/STM_output/corpSTMnpy/MozillaCommonVoice-ba_STMall.npy, shape: (7964, 2420)
Loaded: /vast-ac8888/MusicSpeech-STM/STM_output/corpSTMnpy/MozillaCommonVoice-be_STMall.npy, shape: (8595, 2420)
Loaded: /vast-ac8888/MusicSpeech-STM/STM_output/corpSTMnpy/MozillaCommonVoice-bg_STMall.npy, shape: (7130, 2420)
Loaded: /vast-ac8888/MusicSpeech-STM/STM_output/corpSTMnpy/MozillaCommonVoice-bn_STMall.npy, shape: (8149, 2420)
Loaded: /vast-ac8888/MusicSpeech-STM/STM_output/corpSTMnpy/MozillaCommonVoice-br_STMall.npy, shape: (1454, 2420)
Loaded: /vast-ac8888/MusicSpeech-STM/STM_output/corpSTMnpy/MozillaCommonVoice-ca_STMall.npy, shape: (8237, 2420)
Loaded: /vast-ac8888/MusicSpeech-STM/STM_output/corpSTMnpy/MozillaCommonVoice-ckb_STMall.npy, shape: (7490, 2420)
Loaded: /vast-ac8888/MusicSpeech-STM/STM_output/corpSTMnpy/MozillaCommonVoice-cnh_STMall.npy, shape: (656, 2420)
Loaded: /vast-ac8888/MusicSpeech-STM/STM_output/corpSTMnpy/MozillaCommonVoice-cs_STMall.npy, shape: (8622, 2420)
Loaded: /vast-ac8888/MusicSpeech-STM/STM_output/corpSTMnpy/MozillaCommonVoice-cv_STMall.npy, shape: (8755, 2420)
Loaded: /vast-ac8888/MusicSpeech-STM/STM_output/corpSTMnpy/MozillaCommonVoice-cy_STMall.npy, shape: (7640, 2420)
Loaded: /vast-ac8888/MusicSpeech-STM/STM_output/corpSTMnpy/MozillaCommonVoice-da_STMall.npy, shape: (3878, 2420)
Loaded: /vast-ac8888/MusicSpeech-STM/STM_output/corpSTMnpy/MozillaCommonVoice-de_STMall.npy, shape: (8979, 2420)
Loaded: /vast-ac8888/MusicSpeech-STM/STM_output/corpSTMnpy/MozillaCommonVoice-dv_STMall.npy, shape: (9113, 2420)
Loaded: /vast-ac8888/MusicSpeech-STM/STM_output/corpSTMnpy/MozillaCommonVoice-el_STMall.npy, shape: (6422, 2420)
Loaded: /vast-ac8888/MusicSpeech-STM/STM_output/corpSTMnpy/MozillaCommonVoice-en_STMall.npy, shape: (8607, 2420)
Loaded: /vast-ac8888/MusicSpeech-STM/STM_output/corpSTMnpy/MozillaCommonVoice-eo_STMall.npy, shape: (9327, 2420)
Loaded: /vast-ac8888/MusicSpeech-STM/STM_output/corpSTMnpy/MozillaCommonVoice-es_STMall.npy, shape: (8742, 2420)
Loaded: /vast-ac8888/MusicSpeech-STM/STM_output/corpSTMnpy/MozillaCommonVoice-et_STMall.npy, shape: (9653, 2420)
Loaded: /vast-ac8888/MusicSpeech-STM/STM_output/corpSTMnpy/MozillaCommonVoice-eu_STMall.npy, shape: (7983, 2420)
Loaded: /vast-ac8888/MusicSpeech-STM/STM_output/corpSTMnpy/MozillaCommonVoice-fa_STMall.npy, shape: (8629, 2420)
Loaded: /vast-ac8888/MusicSpeech-STM/STM_output/corpSTMnpy/MozillaCommonVoice-fi_STMall.npy, shape: (3982, 2420)
Loaded: /vast-ac8888/MusicSpeech-STM/STM_output/corpSTMnpy/MozillaCommonVoice-fr_STMall.npy, shape: (8912, 2420)
Loaded: /vast-ac8888/MusicSpeech-STM/STM_output/corpSTMnpy/MozillaCommonVoice-fy-NL_STMall.npy, shape: (6694, 2420)
Loaded: /vast-ac8888/MusicSpeech-STM/STM_output/corpSTMnpy/MozillaCommonVoice-ga-IE_STMall.npy, shape: (1323, 2420)
Loaded: /vast-ac8888/MusicSpeech-STM/STM_output/corpSTMnpy/MozillaCommonVoice-gl_STMall.npy, shape: (8623, 2420)
Loaded: /vast-ac8888/MusicSpeech-STM/STM_output/corpSTMnpy/MozillaCommonVoice-gn_STMall.npy, shape: (1014, 2420)
Loaded: /vast-ac8888/MusicSpeech-STM/STM_output/corpSTMnpy/MozillaCommonVoice-hi_STMall.npy, shape: (5438, 2420)
Loaded: /vast-ac8888/MusicSpeech-STM/STM_output/corpSTMnpy/MozillaCommonVoice-hu_STMall.npy, shape: (8319, 2420)
Loaded: /vast-ac8888/MusicSpeech-STM/STM_output/corpSTMnpy/MozillaCommonVoice-hy-AM_STMall.npy, shape: (6980, 2420)
Loaded: /vast-ac8888/MusicSpeech-STM/STM_output/corpSTMnpy/MozillaCommonVoice-id_STMall.npy, shape: (8468, 2420)
Loaded: /vast-ac8888/MusicSpeech-STM/STM_output/corpSTMnpy/MozillaCommonVoice-ig_STMall.npy, shape: (9, 2420)
Loaded: /vast-ac8888/MusicSpeech-STM/STM_output/corpSTMnpy/MozillaCommonVoice-it_STMall.npy, shape: (9083, 2420)
Loaded: /vast-ac8888/MusicSpeech-STM/STM_output/corpSTMnpy/MozillaCommonVoice-ja_STMall.npy, shape: (8606, 2420)
Loaded: /vast-ac8888/MusicSpeech-STM/STM_output/corpSTMnpy/MozillaCommonVoice-ka_STMall.npy, shape: (9409, 2420)
Loaded: /vast-ac8888/MusicSpeech-STM/STM_output/corpSTMnpy/MozillaCommonVoice-kab_STMall.npy, shape: (7172, 2420)
Loaded: /vast-ac8888/MusicSpeech-STM/STM_output/corpSTMnpy/MozillaCommonVoice-kk_STMall.npy, shape: (867, 2420)
Loaded: /vast-ac8888/MusicSpeech-STM/STM_output/corpSTMnpy/MozillaCommonVoice-kmr_STMall.npy, shape: (6603, 2420)
Loaded: /vast-ac8888/MusicSpeech-STM/STM_output/corpSTMnpy/MozillaCommonVoice-ky_STMall.npy, shape: (7998, 2420)
Loaded: /vast-ac8888/MusicSpeech-STM/STM_output/corpSTMnpy/MozillaCommonVoice-lg_STMall.npy, shape: (8169, 2420)
Loaded: /vast-ac8888/MusicSpeech-STM/STM_output/corpSTMnpy/MozillaCommonVoice-lt_STMall.npy, shape: (9073, 2420)
Loaded: /vast-ac8888/MusicSpeech-STM/STM_output/corpSTMnpy/MozillaCommonVoice-ltg_STMall.npy, shape: (2299, 2420)
Loaded: /vast-ac8888/MusicSpeech-STM/STM_output/corpSTMnpy/MozillaCommonVoice-lv_STMall.npy, shape: (7666, 2420)
Loaded: /vast-ac8888/MusicSpeech-STM/STM_output/corpSTMnpy/MozillaCommonVoice-mhr_STMall.npy, shape: (8336, 2420)
Loaded: /vast-ac8888/MusicSpeech-STM/STM_output/corpSTMnpy/MozillaCommonVoice-ml_STMall.npy, shape: (813, 2420)
Loaded: /vast-ac8888/MusicSpeech-STM/STM_output/corpSTMnpy/MozillaCommonVoice-mn_STMall.npy, shape: (5968, 2420)
Loaded: /vast-ac8888/MusicSpeech-STM/STM_output/corpSTMnpy/MozillaCommonVoice-mt_STMall.npy, shape: (3632, 2420)
Loaded: /vast-ac8888/MusicSpeech-STM/STM_output/corpSTMnpy/MozillaCommonVoice-nan-tw_STMall.npy, shape: (181, 2420)
Loaded: /vast-ac8888/MusicSpeech-STM/STM_output/corpSTMnpy/MozillaCommonVoice-nl_STMall.npy, shape: (8834, 2420)
Loaded: /vast-ac8888/MusicSpeech-STM/STM_output/corpSTMnpy/MozillaCommonVoice-oc_STMall.npy, shape: (681, 2420)
Loaded: /vast-ac8888/MusicSpeech-STM/STM_output/corpSTMnpy/MozillaCommonVoice-or_STMall.npy, shape: (1941, 2420)
Loaded: /vast-ac8888/MusicSpeech-STM/STM_output/corpSTMnpy/MozillaCommonVoice-pl_STMall.npy, shape: (8817, 2420)
Loaded: /vast-ac8888/MusicSpeech-STM/STM_output/corpSTMnpy/MozillaCommonVoice-pt_STMall.npy, shape: (8413, 2420)
Loaded: /vast-ac8888/MusicSpeech-STM/STM_output/corpSTMnpy/MozillaCommonVoice-ro_STMall.npy, shape: (6666, 2420)
Loaded: /vast-ac8888/MusicSpeech-STM/STM_output/corpSTMnpy/MozillaCommonVoice-ru_STMall.npy, shape: (9260, 2420)
Loaded: /vast-ac8888/MusicSpeech-STM/STM_output/corpSTMnpy/MozillaCommonVoice-rw_STMall.npy, shape: (9148, 2420)
Loaded: /vast-ac8888/MusicSpeech-STM/STM_output/corpSTMnpy/MozillaCommonVoice-sr_STMall.npy, shape: (391, 2420)
Loaded: /vast-ac8888/MusicSpeech-STM/STM_output/corpSTMnpy/MozillaCommonVoice-sv-SE_STMall.npy, shape: (8288, 2420)
Loaded: /vast-ac8888/MusicSpeech-STM/STM_output/corpSTMnpy/MozillaCommonVoice-sw_STMall.npy, shape: (9192, 2420)
Loaded: /vast-ac8888/MusicSpeech-STM/STM_output/corpSTMnpy/MozillaCommonVoice-ta_STMall.npy, shape: (9474, 2420)
Loaded: /vast-ac8888/MusicSpeech-STM/STM_output/corpSTMnpy/MozillaCommonVoice-th_STMall.npy, shape: (8044, 2420)
Loaded: /vast-ac8888/MusicSpeech-STM/STM_output/corpSTMnpy/MozillaCommonVoice-tr_STMall.npy, shape: (7953, 2420)
Loaded: /vast-ac8888/MusicSpeech-STM/STM_output/corpSTMnpy/MozillaCommonVoice-tt_STMall.npy, shape: (7454, 2420)
Loaded: /vast-ac8888/MusicSpeech-STM/STM_output/corpSTMnpy/MozillaCommonVoice-ug_STMall.npy, shape: (7899, 2420)
Loaded: /vast-ac8888/MusicSpeech-STM/STM_output/corpSTMnpy/MozillaCommonVoice-uk_STMall.npy, shape: (8819, 2420)
Loaded: /vast-ac8888/MusicSpeech-STM/STM_output/corpSTMnpy/MozillaCommonVoice-ur_STMall.npy, shape: (8970, 2420)
Loaded: /vast-ac8888/MusicSpeech-STM/STM_output/corpSTMnpy/MozillaCommonVoice-uz_STMall.npy, shape: (7911, 2420)
Loaded: /vast-ac8888/MusicSpeech-STM/STM_output/corpSTMnpy/MozillaCommonVoice-vi_STMall.npy, shape: (1859, 2420)
Loaded: /vast-ac8888/MusicSpeech-STM/STM_output/corpSTMnpy/MozillaCommonVoice-yo_STMall.npy, shape: (2511, 2420)
Loaded: /vast-ac8888/MusicSpeech-STM/STM_output/corpSTMnpy/MozillaCommonVoice-yue_STMall.npy, shape: (6156, 2420)
Loaded: /vast-ac8888/MusicSpeech-STM/STM_output/corpSTMnpy/MozillaCommonVoice-zh-CN_STMall.npy, shape: (8715, 2420)
Loaded: /vast-ac8888/MusicSpeech-STM/STM_output/corpSTMnpy/MozillaCommonVoice-zh-TW_STMall.npy, shape: (7286, 2420)
Loaded: /vast-ac8888/MusicSpeech-STM/STM_output/corpSTMnpy/SpeechClarity_STMall.npy, shape: (555, 2420)
Loaded: /vast-ac8888/MusicSpeech-STM/STM_output/corpSTMnpy/TAT-Vol2_STMall.npy, shape: (793, 2420)
Loaded: /vast-ac8888/MusicSpeech-STM/STM_output/corpSTMnpy/TIMIT_STMall.npy, shape: (479, 2420)
Loaded: /vast-ac8888/MusicSpeech-STM/STM_output/corpSTMnpy/TTS_Javanese_STMall.npy, shape: (3068, 2420)
Loaded: /vast-ac8888/MusicSpeech-STM/STM_output/corpSTMnpy/primewords_chinese_STMall.npy, shape: (47166, 2420)
Loaded: /vast-ac8888/MusicSpeech-STM/STM_output/corpSTMnpy/room_reader_STMall.npy, shape: (146, 2420)
Loaded: /vast-ac8888/MusicSpeech-STM/STM_output/corpSTMnpy/thchs30_STMall.npy, shape: (13327, 2420)
Loaded: /vast-ac8888/MusicSpeech-STM/STM_output/corpSTMnpy/zeroth_korean_STMall.npy, shape: (22255, 2420)
Loaded: /vast-ac8888/MusicSpeech-STM/STM_output/corpSTMnpy/Albouy2020Science_STMall.npy, shape: (123, 2420)
Loaded: /vast-ac8888/MusicSpeech-STM/STM_output/corpSTMnpy/GarlandEncyclopedia_STMall.npy, shape: (296, 2420)
Loaded: /vast-ac8888/MusicSpeech-STM/STM_output/corpSTMnpy/HiltonMoser2022_song_STMall.npy, shape: (803, 2420)
Loaded: /vast-ac8888/MusicSpeech-STM/STM_output/corpSTMnpy/IRMAS_STMall.npy, shape: (2838, 2420)
Loaded: /vast-ac8888/MusicSpeech-STM/STM_output/corpSTMnpy/MTG-Jamendo_STMall.npy, shape: (55699, 2420)
Loaded: /vast-ac8888/MusicSpeech-STM/STM_output/corpSTMnpy/MagnaTagATune_STMall.npy, shape: (25859, 2420)
Loaded: /vast-ac8888/MusicSpeech-STM/STM_output/corpSTMnpy/NHS2_STMall.npy, shape: (1007, 2420)
Loaded: /vast-ac8888/MusicSpeech-STM/STM_output/corpSTMnpy/fma_large_STMall.npy, shape: (106257, 2420)
Loaded: /vast-ac8888/MusicSpeech-STM/STM_output/corpSTMnpy/ismir04_genre_STMall.npy, shape: (2185, 2420)
Loaded: /vast-ac8888/MusicSpeech-STM/STM_output/corpSTMnpy/MacaulayLibrary_STMall.npy, shape: (34565, 2420)
Loaded: /vast-ac8888/MusicSpeech-STM/STM_output/corpSTMnpy/SONYC_STMall.npy, shape: (10798, 2420)

Dataset Statistics:
Total samples: 978378
Train samples: 770393
Val samples: 102010
Test samples: 105975
Number of features: 1220

Class Distribution (Training):
  Class 0: 497475 samples (64.57%)
  Class 1: 80258 samples (10.42%)
  Class 2: 101893 samples (13.23%)
  Class 3: 53538 samples (6.95%)
  Class 4: 9580 samples (1.24%)
  Class 5: 27649 samples (3.59%)

Original STM shape: (978378, 2420)
After symmetric processing: (978378, 20, 61)
After flattening: (978378, 1220)

PyTorch Dataset Shapes:
Train: torch.Size([770393, 1220])
Val: torch.Size([102010, 1220])
Test: torch.Size([105975, 1220])

Symmetric processing applied: 20 freq × 61 rates = 1220 features
Speed improvement vs original (2420): 4× faster (O(L²) complexity)

DataLoaders created with batch_size=64

============================================================
Creating FT-Transformer model...
============================================================
Total parameters: 2,331,942
Trainable parameters: 2,331,942

Starting training for 50 epochs...
Starting from epoch 1

============================================================
Epoch 1/50
============================================================
  Batch 0/12038, Loss: 1.0405
  Batch 100/12038, Loss: 0.7817
  Batch 200/12038, Loss: 0.6153
  Batch 300/12038, Loss: 0.6268
  Batch 400/12038, Loss: 0.5917
  Batch 500/12038, Loss: 0.6828
  Batch 600/12038, Loss: 0.4705
  Batch 700/12038, Loss: 0.5172
  Batch 800/12038, Loss: 0.5325
  Batch 900/12038, Loss: 0.5063
  Batch 1000/12038, Loss: 0.5077
  Batch 1100/12038, Loss: 0.7911
  Batch 1200/12038, Loss: 0.6085
  Batch 1300/12038, Loss: 0.5453
  Batch 1400/12038, Loss: 0.4942
  Batch 1500/12038, Loss: 0.5717
  Batch 1600/12038, Loss: 0.6580
  Batch 1700/12038, Loss: 0.7226
  Batch 1800/12038, Loss: 0.3961
  Batch 1900/12038, Loss: 0.3754
  Batch 2000/12038, Loss: 0.6193
  Batch 2100/12038, Loss: 0.4436
  Batch 2200/12038, Loss: 0.5666
  Batch 2300/12038, Loss: 0.5562
  Batch 2400/12038, Loss: 0.6420
  Batch 2500/12038, Loss: 0.4644
  Batch 2600/12038, Loss: 0.5223
  Batch 2700/12038, Loss: 0.4523
  Batch 2800/12038, Loss: 0.6010
  Batch 2900/12038, Loss: 0.4576
  Batch 3000/12038, Loss: 0.5771
  Batch 3100/12038, Loss: 0.4120
  Batch 3200/12038, Loss: 0.4951
  Batch 3300/12038, Loss: 0.5383
  Batch 3400/12038, Loss: 0.5380
  Batch 3500/12038, Loss: 0.5035
  Batch 3600/12038, Loss: 0.4279
  Batch 3700/12038, Loss: 0.4063
  Batch 3800/12038, Loss: 0.4609
  Batch 3900/12038, Loss: 0.3961
  Batch 4000/12038, Loss: 0.3979
  Batch 4100/12038, Loss: 0.6427
  Batch 4200/12038, Loss: 0.5342
  Batch 4300/12038, Loss: 0.5571
  Batch 4400/12038, Loss: 0.4895
  Batch 4500/12038, Loss: 0.5522
  Batch 4600/12038, Loss: 0.5028
  Batch 4700/12038, Loss: 0.3596
  Batch 4800/12038, Loss: 0.5106
  Batch 4900/12038, Loss: 0.4921
  Batch 5000/12038, Loss: 0.6178
  Batch 5100/12038, Loss: 0.3770
  Batch 5200/12038, Loss: 0.4042
  Batch 5300/12038, Loss: 0.4943
  Batch 5400/12038, Loss: 0.3630
  Batch 5500/12038, Loss: 0.3894
  Batch 5600/12038, Loss: 0.5365
  Batch 5700/12038, Loss: 0.4657
  Batch 5800/12038, Loss: 0.3754
  Batch 5900/12038, Loss: 0.2942
  Batch 6000/12038, Loss: 0.3404
  Batch 6100/12038, Loss: 0.4393
  Batch 6200/12038, Loss: 0.4634
  Batch 6300/12038, Loss: 0.4173
  Batch 6400/12038, Loss: 0.4464
  Batch 6500/12038, Loss: 0.5021
  Batch 6600/12038, Loss: 0.4315
  Batch 6700/12038, Loss: 0.4685
  Batch 6800/12038, Loss: 0.4251
  Batch 6900/12038, Loss: 0.3984
  Batch 7000/12038, Loss: 0.4049
  Batch 7100/12038, Loss: 0.3838
  Batch 7200/12038, Loss: 0.4622
  Batch 7300/12038, Loss: 0.3353
  Batch 7400/12038, Loss: 0.2722
  Batch 7500/12038, Loss: 0.4068
  Batch 7600/12038, Loss: 0.4071
  Batch 7700/12038, Loss: 0.2556
  Batch 7800/12038, Loss: 0.3698
  Batch 7900/12038, Loss: 0.3467
  Batch 8000/12038, Loss: 0.3199
  Batch 8100/12038, Loss: 0.4353
  Batch 8200/12038, Loss: 0.5086
  Batch 8300/12038, Loss: 0.4819
  Batch 8400/12038, Loss: 0.4131
  Batch 8500/12038, Loss: 0.2537
  Batch 8600/12038, Loss: 0.4053
  Batch 8700/12038, Loss: 0.4201
  Batch 8800/12038, Loss: 0.3814
  Batch 8900/12038, Loss: 0.3855
  Batch 9000/12038, Loss: 0.3015
  Batch 9100/12038, Loss: 0.3542
  Batch 9200/12038, Loss: 0.4072
  Batch 9300/12038, Loss: 0.5542
  Batch 9400/12038, Loss: 0.3971
  Batch 9500/12038, Loss: 0.4292
  Batch 9600/12038, Loss: 0.4792
  Batch 9700/12038, Loss: 0.6068
  Batch 9800/12038, Loss: 0.3059
  Batch 9900/12038, Loss: 0.5097
  Batch 10000/12038, Loss: 0.3369
  Batch 10100/12038, Loss: 0.5550
  Batch 10200/12038, Loss: 0.3555
  Batch 10300/12038, Loss: 0.3571
  Batch 10400/12038, Loss: 0.4051
  Batch 10500/12038, Loss: 0.3612
  Batch 10600/12038, Loss: 0.3024
  Batch 10700/12038, Loss: 0.3749
  Batch 10800/12038, Loss: 0.4964
  Batch 10900/12038, Loss: 0.5981
  Batch 11000/12038, Loss: 0.3321
  Batch 11100/12038, Loss: 0.3403
  Batch 11200/12038, Loss: 0.6068
  Batch 11300/12038, Loss: 0.2881
  Batch 11400/12038, Loss: 0.3462
  Batch 11500/12038, Loss: 0.3796
  Batch 11600/12038, Loss: 0.4326
  Batch 11700/12038, Loss: 0.5466
  Batch 11800/12038, Loss: 0.3542
  Batch 11900/12038, Loss: 0.3723
  Batch 12000/12038, Loss: 0.3572
Train Loss: 0.4694
Val Loss: 0.6039, Val Macro F1: 0.5102
Current learning rate: 0.000100
✓ Saved best model with Val F1: 0.5102

============================================================
Epoch 2/50
============================================================
  Batch 0/12038, Loss: 0.3574
  Batch 100/12038, Loss: 0.2965
  Batch 200/12038, Loss: 0.2382
  Batch 300/12038, Loss: 0.3822
  Batch 400/12038, Loss: 0.4431
  Batch 500/12038, Loss: 0.3997
  Batch 600/12038, Loss: 0.5993
  Batch 700/12038, Loss: 0.4449
  Batch 800/12038, Loss: 0.4669
  Batch 900/12038, Loss: 0.2694
  Batch 1000/12038, Loss: 0.4117
  Batch 1100/12038, Loss: 0.4306
  Batch 1200/12038, Loss: 0.3445
  Batch 1300/12038, Loss: 0.2777
  Batch 1400/12038, Loss: 0.3577
  Batch 1500/12038, Loss: 0.4963
  Batch 1600/12038, Loss: 0.2900
  Batch 1700/12038, Loss: 0.3871
  Batch 1800/12038, Loss: 0.2603
  Batch 1900/12038, Loss: 0.5139
  Batch 2000/12038, Loss: 0.4305
  Batch 2100/12038, Loss: 0.5624
  Batch 2200/12038, Loss: 0.4489
  Batch 2300/12038, Loss: 0.4885
  Batch 2400/12038, Loss: 0.4271
  Batch 2500/12038, Loss: 0.3523
  Batch 2600/12038, Loss: 0.2771
  Batch 2700/12038, Loss: 0.2302
  Batch 2800/12038, Loss: 0.2969
  Batch 2900/12038, Loss: 0.2976
  Batch 3000/12038, Loss: 0.2467
  Batch 3100/12038, Loss: 0.3655
  Batch 3200/12038, Loss: 0.4705
  Batch 3300/12038, Loss: 0.3700
  Batch 3400/12038, Loss: 0.5561
  Batch 3500/12038, Loss: 0.1991
  Batch 3600/12038, Loss: 0.3010
  Batch 3700/12038, Loss: 0.3310
  Batch 3800/12038, Loss: 0.4099
  Batch 3900/12038, Loss: 0.4940
  Batch 4000/12038, Loss: 0.4355
  Batch 4100/12038, Loss: 0.3856
  Batch 4200/12038, Loss: 0.2935
  Batch 4300/12038, Loss: 0.3577
  Batch 4400/12038, Loss: 0.4751
  Batch 4500/12038, Loss: 0.3855
  Batch 4600/12038, Loss: 0.3567
  Batch 4700/12038, Loss: 0.3279
  Batch 4800/12038, Loss: 0.3691
  Batch 4900/12038, Loss: 0.3313
  Batch 5000/12038, Loss: 0.4327
  Batch 5100/12038, Loss: 0.3502
  Batch 5200/12038, Loss: 0.5595
  Batch 5300/12038, Loss: 0.3710
  Batch 5400/12038, Loss: 0.4102
  Batch 5500/12038, Loss: 0.4035
  Batch 5600/12038, Loss: 0.3235
  Batch 5700/12038, Loss: 0.4988
  Batch 5800/12038, Loss: 0.4441
  Batch 5900/12038, Loss: 0.6264
  Batch 6000/12038, Loss: 0.2986
  Batch 6100/12038, Loss: 0.4329
  Batch 6200/12038, Loss: 0.3940
  Batch 6300/12038, Loss: 0.2870
  Batch 6400/12038, Loss: 0.4473
  Batch 6500/12038, Loss: 0.2831
  Batch 6600/12038, Loss: 0.3965
  Batch 6700/12038, Loss: 0.4526
  Batch 6800/12038, Loss: 0.2840
  Batch 6900/12038, Loss: 0.4191
  Batch 7000/12038, Loss: 0.3185
  Batch 7100/12038, Loss: 0.5184
  Batch 7200/12038, Loss: 0.4197
  Batch 7300/12038, Loss: 0.3802
  Batch 7400/12038, Loss: 0.4630
  Batch 7500/12038, Loss: 0.3321
  Batch 7600/12038, Loss: 0.4364
  Batch 7700/12038, Loss: 0.5596
  Batch 7800/12038, Loss: 0.3231
  Batch 7900/12038, Loss: 0.3277
  Batch 8000/12038, Loss: 0.3690
  Batch 8100/12038, Loss: 0.1920
  Batch 8200/12038, Loss: 0.3059
  Batch 8300/12038, Loss: 0.3061
  Batch 8400/12038, Loss: 0.3206
  Batch 8500/12038, Loss: 0.2732
  Batch 8600/12038, Loss: 0.5233
  Batch 8700/12038, Loss: 0.4223
  Batch 8800/12038, Loss: 0.4457
  Batch 8900/12038, Loss: 0.4117
  Batch 9000/12038, Loss: 0.3130
  Batch 9100/12038, Loss: 0.4054
  Batch 9200/12038, Loss: 0.2586
  Batch 9300/12038, Loss: 0.2415
  Batch 9400/12038, Loss: 0.3439
  Batch 9500/12038, Loss: 0.4598
  Batch 9600/12038, Loss: 0.3582
  Batch 9700/12038, Loss: 0.4771
  Batch 9800/12038, Loss: 0.4183
  Batch 9900/12038, Loss: 0.2630
  Batch 10000/12038, Loss: 0.3702
  Batch 10100/12038, Loss: 0.3183
  Batch 10200/12038, Loss: 0.3664
  Batch 10300/12038, Loss: 0.3505
  Batch 10400/12038, Loss: 0.4864
  Batch 10500/12038, Loss: 0.4202
  Batch 10600/12038, Loss: 0.3265
  Batch 10700/12038, Loss: 0.1776
  Batch 10800/12038, Loss: 0.3267
  Batch 10900/12038, Loss: 0.3818
  Batch 11000/12038, Loss: 0.3481
  Batch 11100/12038, Loss: 0.4247
  Batch 11200/12038, Loss: 0.2665
  Batch 11300/12038, Loss: 0.2439
  Batch 11400/12038, Loss: 0.2455
  Batch 11500/12038, Loss: 0.2954
  Batch 11600/12038, Loss: 0.2588
  Batch 11700/12038, Loss: 0.3690
  Batch 11800/12038, Loss: 0.3891
  Batch 11900/12038, Loss: 0.2714
  Batch 12000/12038, Loss: 0.3121
Train Loss: 0.3737
Val Loss: 0.5290, Val Macro F1: 0.5754
Current learning rate: 0.000100
✓ Saved best model with Val F1: 0.5754

============================================================
Epoch 3/50
============================================================
  Batch 0/12038, Loss: 0.2725
  Batch 100/12038, Loss: 0.4418
  Batch 200/12038, Loss: 0.3857
  Batch 300/12038, Loss: 0.3643
  Batch 400/12038, Loss: 0.3042
  Batch 500/12038, Loss: 0.4600
  Batch 600/12038, Loss: 0.2251
  Batch 700/12038, Loss: 0.4767
  Batch 800/12038, Loss: 0.3665
  Batch 900/12038, Loss: 0.4232
  Batch 1000/12038, Loss: 0.5141
  Batch 1100/12038, Loss: 0.3036
  Batch 1200/12038, Loss: 0.3304
  Batch 1300/12038, Loss: 0.3367
  Batch 1400/12038, Loss: 0.3395
  Batch 1500/12038, Loss: 0.3322
  Batch 1600/12038, Loss: 0.3082
  Batch 1700/12038, Loss: 0.2502
  Batch 1800/12038, Loss: 0.4127
  Batch 1900/12038, Loss: 0.2322
  Batch 2000/12038, Loss: 0.2388
  Batch 2100/12038, Loss: 0.2533
  Batch 2200/12038, Loss: 0.4324
  Batch 2300/12038, Loss: 0.3309
  Batch 2400/12038, Loss: 0.2554
  Batch 2500/12038, Loss: 0.2737
  Batch 2600/12038, Loss: 0.3963
  Batch 2700/12038, Loss: 0.2809
  Batch 2800/12038, Loss: 0.3040
  Batch 2900/12038, Loss: 0.3139
  Batch 3000/12038, Loss: 0.4474
  Batch 3100/12038, Loss: 0.5252
  Batch 3200/12038, Loss: 0.5538
  Batch 3300/12038, Loss: 0.2420
  Batch 3400/12038, Loss: 0.2763
  Batch 3500/12038, Loss: 0.3282
  Batch 3600/12038, Loss: 0.3952
  Batch 3700/12038, Loss: 0.3475
  Batch 3800/12038, Loss: 0.3317
  Batch 3900/12038, Loss: 0.3700
  Batch 4000/12038, Loss: 0.3253
  Batch 4100/12038, Loss: 0.4245
  Batch 4200/12038, Loss: 0.2953
  Batch 4300/12038, Loss: 0.3618
  Batch 4400/12038, Loss: 0.2778
  Batch 4500/12038, Loss: 0.4191
  Batch 4600/12038, Loss: 0.3941
  Batch 4700/12038, Loss: 0.3971
  Batch 4800/12038, Loss: 0.2921
  Batch 4900/12038, Loss: 0.3687
  Batch 5000/12038, Loss: 0.4624
  Batch 5100/12038, Loss: 0.4432
  Batch 5200/12038, Loss: 0.3457
  Batch 5300/12038, Loss: 0.3901
  Batch 5400/12038, Loss: 0.3178
  Batch 5500/12038, Loss: 0.4477
  Batch 5600/12038, Loss: 0.4555
  Batch 5700/12038, Loss: 0.4935
  Batch 5800/12038, Loss: 0.4633
  Batch 5900/12038, Loss: 0.3554
  Batch 6000/12038, Loss: 0.3926
  Batch 6100/12038, Loss: 0.3843
  Batch 6200/12038, Loss: 0.3576
  Batch 6300/12038, Loss: 0.3071
  Batch 6400/12038, Loss: 0.3698
  Batch 6500/12038, Loss: 0.2417
  Batch 6600/12038, Loss: 0.3929
  Batch 6700/12038, Loss: 0.3226
  Batch 6800/12038, Loss: 0.3806
  Batch 6900/12038, Loss: 0.2051
  Batch 7000/12038, Loss: 0.2509
  Batch 7100/12038, Loss: 0.1661
  Batch 7200/12038, Loss: 0.4630
  Batch 7300/12038, Loss: 0.3104
  Batch 7400/12038, Loss: 0.3474
  Batch 7500/12038, Loss: 0.4410
  Batch 7600/12038, Loss: 0.3147
  Batch 7700/12038, Loss: 0.2409
  Batch 7800/12038, Loss: 0.2206
  Batch 7900/12038, Loss: 0.2635
  Batch 8000/12038, Loss: 0.2101
  Batch 8100/12038, Loss: 0.3143
  Batch 8200/12038, Loss: 0.4028
  Batch 8300/12038, Loss: 0.3790
  Batch 8400/12038, Loss: 0.2269
  Batch 8500/12038, Loss: 0.3886
  Batch 8600/12038, Loss: 0.4839
  Batch 8700/12038, Loss: 0.3196
  Batch 8800/12038, Loss: 0.2721
  Batch 8900/12038, Loss: 0.4778
  Batch 9000/12038, Loss: 0.3285
  Batch 9100/12038, Loss: 0.3698
  Batch 9200/12038, Loss: 0.2523
  Batch 9300/12038, Loss: 0.3511
  Batch 9400/12038, Loss: 0.2522
  Batch 9500/12038, Loss: 0.2528
  Batch 9600/12038, Loss: 0.3788
  Batch 9700/12038, Loss: 0.3854
  Batch 9800/12038, Loss: 0.4740
  Batch 9900/12038, Loss: 0.3538
  Batch 10000/12038, Loss: 0.2960
  Batch 10100/12038, Loss: 0.4001
  Batch 10200/12038, Loss: 0.2987
  Batch 10300/12038, Loss: 0.2337
  Batch 10400/12038, Loss: 0.3766
  Batch 10500/12038, Loss: 0.1654
  Batch 10600/12038, Loss: 0.2607
  Batch 10700/12038, Loss: 0.3874
  Batch 10800/12038, Loss: 0.3960
  Batch 10900/12038, Loss: 0.2056
  Batch 11000/12038, Loss: 0.3197
  Batch 11100/12038, Loss: 0.4764
  Batch 11200/12038, Loss: 0.3177
  Batch 11300/12038, Loss: 0.3266
  Batch 11400/12038, Loss: 0.2882
  Batch 11500/12038, Loss: 0.3212
  Batch 11600/12038, Loss: 0.3349
  Batch 11700/12038, Loss: 0.5392
  Batch 11800/12038, Loss: 0.3516
  Batch 11900/12038, Loss: 0.2401
  Batch 12000/12038, Loss: 0.3931
Train Loss: 0.3455
Val Loss: 0.5720, Val Macro F1: 0.6147
Current learning rate: 0.000099
✓ Saved best model with Val F1: 0.6147

============================================================
Epoch 4/50
============================================================
  Batch 0/12038, Loss: 0.2605
  Batch 100/12038, Loss: 0.2465
  Batch 200/12038, Loss: 0.4337
  Batch 300/12038, Loss: 0.4399
  Batch 400/12038, Loss: 0.4409
  Batch 500/12038, Loss: 0.2248
  Batch 600/12038, Loss: 0.3776
  Batch 700/12038, Loss: 0.2137
  Batch 800/12038, Loss: 0.3861
  Batch 900/12038, Loss: 0.3859
  Batch 1000/12038, Loss: 0.2929
  Batch 1100/12038, Loss: 0.2722
  Batch 1200/12038, Loss: 0.3132
  Batch 1300/12038, Loss: 0.3166
  Batch 1400/12038, Loss: 0.2873
  Batch 1500/12038, Loss: 0.1932
  Batch 1600/12038, Loss: 0.2861
  Batch 1700/12038, Loss: 0.3587
  Batch 1800/12038, Loss: 0.4147
  Batch 1900/12038, Loss: 0.2997
  Batch 2000/12038, Loss: 0.3861
  Batch 2100/12038, Loss: 0.4001
  Batch 2200/12038, Loss: 0.2817
  Batch 2300/12038, Loss: 0.3336
  Batch 2400/12038, Loss: 0.4415
  Batch 2500/12038, Loss: 0.2547
  Batch 2600/12038, Loss: 0.2783
  Batch 2700/12038, Loss: 0.4888
  Batch 2800/12038, Loss: 0.1986
  Batch 2900/12038, Loss: 0.2699
  Batch 3000/12038, Loss: 0.1774
  Batch 3100/12038, Loss: 0.5389
  Batch 3200/12038, Loss: 0.3361
  Batch 3300/12038, Loss: 0.3847
  Batch 3400/12038, Loss: 0.3845
  Batch 3500/12038, Loss: 0.2874
  Batch 3600/12038, Loss: 0.4057
  Batch 3700/12038, Loss: 0.4566
  Batch 3800/12038, Loss: 0.4011
  Batch 3900/12038, Loss: 0.2460
  Batch 4000/12038, Loss: 0.3867
  Batch 4100/12038, Loss: 0.4353
  Batch 4200/12038, Loss: 0.2532
  Batch 4300/12038, Loss: 0.3042
  Batch 4400/12038, Loss: 0.4432
  Batch 4500/12038, Loss: 0.4906
  Batch 4600/12038, Loss: 0.3800
  Batch 4700/12038, Loss: 0.2956
  Batch 4800/12038, Loss: 0.3732
  Batch 4900/12038, Loss: 0.3783
  Batch 5000/12038, Loss: 0.3383
  Batch 5100/12038, Loss: 0.3986
  Batch 5200/12038, Loss: 0.3416
  Batch 5300/12038, Loss: 0.2605
  Batch 5400/12038, Loss: 0.3949
  Batch 5500/12038, Loss: 0.4706
  Batch 5600/12038, Loss: 0.1411
  Batch 5700/12038, Loss: 0.3685
  Batch 5800/12038, Loss: 0.2475
  Batch 5900/12038, Loss: 0.3513
  Batch 6000/12038, Loss: 0.3805
  Batch 6100/12038, Loss: 0.4092
  Batch 6200/12038, Loss: 0.2943
  Batch 6300/12038, Loss: 0.3011
  Batch 6400/12038, Loss: 0.4245
  Batch 6500/12038, Loss: 0.3420
  Batch 6600/12038, Loss: 0.3475
  Batch 6700/12038, Loss: 0.3043
  Batch 6800/12038, Loss: 0.4490
  Batch 6900/12038, Loss: 0.2706
  Batch 7000/12038, Loss: 0.3019
  Batch 7100/12038, Loss: 0.2697
  Batch 7200/12038, Loss: 0.2808
  Batch 7300/12038, Loss: 0.3313
  Batch 7400/12038, Loss: 0.2685
  Batch 7500/12038, Loss: 0.3097
  Batch 7600/12038, Loss: 0.3159
  Batch 7700/12038, Loss: 0.3338
  Batch 7800/12038, Loss: 0.2713
  Batch 7900/12038, Loss: 0.3556
  Batch 8000/12038, Loss: 0.3042
  Batch 8100/12038, Loss: 0.2458
  Batch 8200/12038, Loss: 0.2107
  Batch 8300/12038, Loss: 0.4061
  Batch 8400/12038, Loss: 0.3016
  Batch 8500/12038, Loss: 0.4383
  Batch 8600/12038, Loss: 0.3152
  Batch 8700/12038, Loss: 0.2721
  Batch 8800/12038, Loss: 0.3045
  Batch 8900/12038, Loss: 0.2566
  Batch 9000/12038, Loss: 0.3667
  Batch 9100/12038, Loss: 0.3641
  Batch 9200/12038, Loss: 0.4465
  Batch 9300/12038, Loss: 0.2961
  Batch 9400/12038, Loss: 0.3691
  Batch 9500/12038, Loss: 0.3235
  Batch 9600/12038, Loss: 0.4895
  Batch 9700/12038, Loss: 0.2245
  Batch 9800/12038, Loss: 0.3891
  Batch 9900/12038, Loss: 0.1690
  Batch 10000/12038, Loss: 0.1621
  Batch 10100/12038, Loss: 0.3951
  Batch 10200/12038, Loss: 0.3860
  Batch 10300/12038, Loss: 0.3890
  Batch 10400/12038, Loss: 0.2928
  Batch 10500/12038, Loss: 0.3593
  Batch 10600/12038, Loss: 0.2596
  Batch 10700/12038, Loss: 0.1599
  Batch 10800/12038, Loss: 0.3108
  Batch 10900/12038, Loss: 0.2799
  Batch 11000/12038, Loss: 0.5654
  Batch 11100/12038, Loss: 0.1916
  Batch 11200/12038, Loss: 0.3658
  Batch 11300/12038, Loss: 0.2445
  Batch 11400/12038, Loss: 0.2977
  Batch 11500/12038, Loss: 0.4075
  Batch 11600/12038, Loss: 0.2994
  Batch 11700/12038, Loss: 0.2464
  Batch 11800/12038, Loss: 0.3580
  Batch 11900/12038, Loss: 0.2442
  Batch 12000/12038, Loss: 0.2254
Train Loss: 0.3252
Val Loss: 0.5288, Val Macro F1: 0.6904
Current learning rate: 0.000098
✓ Saved best model with Val F1: 0.6904

============================================================
Epoch 5/50
============================================================
  Batch 0/12038, Loss: 0.3453
  Batch 100/12038, Loss: 0.3278
  Batch 200/12038, Loss: 0.4118
  Batch 300/12038, Loss: 0.3202
  Batch 400/12038, Loss: 0.2387
  Batch 500/12038, Loss: 0.2421
  Batch 600/12038, Loss: 0.3806
  Batch 700/12038, Loss: 0.2402
  Batch 800/12038, Loss: 0.3280
  Batch 900/12038, Loss: 0.3333
  Batch 1000/12038, Loss: 0.2944
  Batch 1100/12038, Loss: 0.3013
  Batch 1200/12038, Loss: 0.1788
  Batch 1300/12038, Loss: 0.4904
  Batch 1400/12038, Loss: 0.3782
  Batch 1500/12038, Loss: 0.3617
  Batch 1600/12038, Loss: 0.3368
  Batch 1700/12038, Loss: 0.3769
  Batch 1800/12038, Loss: 0.3037
  Batch 1900/12038, Loss: 0.2849
  Batch 2000/12038, Loss: 0.2316
  Batch 2100/12038, Loss: 0.2262
  Batch 2200/12038, Loss: 0.4043
  Batch 2300/12038, Loss: 0.3896
  Batch 2400/12038, Loss: 0.2108
  Batch 2500/12038, Loss: 0.4237
  Batch 2600/12038, Loss: 0.2612
  Batch 2700/12038, Loss: 0.2300
  Batch 2800/12038, Loss: 0.3169
  Batch 2900/12038, Loss: 0.2579
  Batch 3000/12038, Loss: 0.4088
  Batch 3100/12038, Loss: 0.4117
  Batch 3200/12038, Loss: 0.2744
  Batch 3300/12038, Loss: 0.2947
  Batch 3400/12038, Loss: 0.2845
  Batch 3500/12038, Loss: 0.3407
  Batch 3600/12038, Loss: 0.2029
  Batch 3700/12038, Loss: 0.2559
  Batch 3800/12038, Loss: 0.3739
  Batch 3900/12038, Loss: 0.3736
  Batch 4000/12038, Loss: 0.3112
  Batch 4100/12038, Loss: 0.3237
  Batch 4200/12038, Loss: 0.3464
  Batch 4300/12038, Loss: 0.2629
  Batch 4400/12038, Loss: 0.2389
  Batch 4500/12038, Loss: 0.3377
  Batch 4600/12038, Loss: 0.3281
  Batch 4700/12038, Loss: 0.2658
  Batch 4800/12038, Loss: 0.3018
  Batch 4900/12038, Loss: 0.1956
  Batch 5000/12038, Loss: 0.2654
  Batch 5100/12038, Loss: 0.2251
  Batch 5200/12038, Loss: 0.3969
  Batch 5300/12038, Loss: 0.5089
  Batch 5400/12038, Loss: 0.2610
  Batch 5500/12038, Loss: 0.2388
  Batch 5600/12038, Loss: 0.2567
  Batch 5700/12038, Loss: 0.3815
  Batch 5800/12038, Loss: 0.2116
  Batch 5900/12038, Loss: 0.2169
  Batch 6000/12038, Loss: 0.3419
  Batch 6100/12038, Loss: 0.3713
  Batch 6200/12038, Loss: 0.1850
  Batch 6300/12038, Loss: 0.3453
  Batch 6400/12038, Loss: 0.3671
  Batch 6500/12038, Loss: 0.3369
  Batch 6600/12038, Loss: 0.2781
  Batch 6700/12038, Loss: 0.2239
  Batch 6800/12038, Loss: 0.2876
  Batch 6900/12038, Loss: 0.3335
  Batch 7000/12038, Loss: 0.2837
  Batch 7100/12038, Loss: 0.5012
  Batch 7200/12038, Loss: 0.2687
  Batch 7300/12038, Loss: 0.3165
  Batch 7400/12038, Loss: 0.3580
  Batch 7500/12038, Loss: 0.1893
  Batch 7600/12038, Loss: 0.3745
  Batch 7700/12038, Loss: 0.2481
  Batch 7800/12038, Loss: 0.2978
  Batch 7900/12038, Loss: 0.2717
  Batch 8000/12038, Loss: 0.4023
  Batch 8100/12038, Loss: 0.3487
  Batch 8200/12038, Loss: 0.2941
  Batch 8300/12038, Loss: 0.4563
  Batch 8400/12038, Loss: 0.2267
  Batch 8500/12038, Loss: 0.3809
  Batch 8600/12038, Loss: 0.2729
  Batch 8700/12038, Loss: 0.2897
  Batch 8800/12038, Loss: 0.3906
  Batch 8900/12038, Loss: 0.2467
  Batch 9000/12038, Loss: 0.3021
  Batch 9100/12038, Loss: 0.2717
  Batch 9200/12038, Loss: 0.3364
  Batch 9300/12038, Loss: 0.2976
  Batch 9400/12038, Loss: 0.3172
  Batch 9500/12038, Loss: 0.3949
  Batch 9600/12038, Loss: 0.2430
  Batch 9700/12038, Loss: 0.3279
  Batch 9800/12038, Loss: 0.4730
  Batch 9900/12038, Loss: 0.4075
  Batch 10000/12038, Loss: 0.3881
  Batch 10100/12038, Loss: 0.2633
  Batch 10200/12038, Loss: 0.2353
  Batch 10300/12038, Loss: 0.2366
  Batch 10400/12038, Loss: 0.3223
  Batch 10500/12038, Loss: 0.1763
  Batch 10600/12038, Loss: 0.3591
  Batch 10700/12038, Loss: 0.2773
  Batch 10800/12038, Loss: 0.3517
  Batch 10900/12038, Loss: 0.2383
  Batch 11000/12038, Loss: 0.2659
  Batch 11100/12038, Loss: 0.3053
  Batch 11200/12038, Loss: 0.1542
  Batch 11300/12038, Loss: 0.1695
  Batch 11400/12038, Loss: 0.2316
  Batch 11500/12038, Loss: 0.2360
  Batch 11600/12038, Loss: 0.4250
  Batch 11700/12038, Loss: 0.3629
  Batch 11800/12038, Loss: 0.2650
  Batch 11900/12038, Loss: 0.2359
  Batch 12000/12038, Loss: 0.3520
Train Loss: 0.3098
Val Loss: 0.4932, Val Macro F1: 0.6975
Current learning rate: 0.000098
✓ Saved best model with Val F1: 0.6975
✓ Saved checkpoint at epoch 5

============================================================
Epoch 6/50
============================================================
  Batch 0/12038, Loss: 0.3109
  Batch 100/12038, Loss: 0.3871
  Batch 200/12038, Loss: 0.3128
  Batch 300/12038, Loss: 0.4948
  Batch 400/12038, Loss: 0.2571
  Batch 500/12038, Loss: 0.2397
  Batch 600/12038, Loss: 0.3560
  Batch 700/12038, Loss: 0.2508
  Batch 800/12038, Loss: 0.3198
  Batch 900/12038, Loss: 0.3035
  Batch 1000/12038, Loss: 0.3651
  Batch 1100/12038, Loss: 0.3173
  Batch 1200/12038, Loss: 0.2374
  Batch 1300/12038, Loss: 0.2676
  Batch 1400/12038, Loss: 0.2821
  Batch 1500/12038, Loss: 0.4045
  Batch 1600/12038, Loss: 0.3405
  Batch 1700/12038, Loss: 0.3514
  Batch 1800/12038, Loss: 0.3989
  Batch 1900/12038, Loss: 0.3161
  Batch 2000/12038, Loss: 0.2640
  Batch 2100/12038, Loss: 0.2604
  Batch 2200/12038, Loss: 0.2776
  Batch 2300/12038, Loss: 0.2090
  Batch 2400/12038, Loss: 0.2221
  Batch 2500/12038, Loss: 0.3799
  Batch 2600/12038, Loss: 0.2366
  Batch 2700/12038, Loss: 0.3342
  Batch 2800/12038, Loss: 0.2547
  Batch 2900/12038, Loss: 0.2204
  Batch 3000/12038, Loss: 0.3927
  Batch 3100/12038, Loss: 0.3642
  Batch 3200/12038, Loss: 0.2863
  Batch 3300/12038, Loss: 0.3539
  Batch 3400/12038, Loss: 0.2970
  Batch 3500/12038, Loss: 0.2154
  Batch 3600/12038, Loss: 0.2482
  Batch 3700/12038, Loss: 0.2298
  Batch 3800/12038, Loss: 0.3461
  Batch 3900/12038, Loss: 0.4104
  Batch 4000/12038, Loss: 0.3225
  Batch 4100/12038, Loss: 0.1388
  Batch 4200/12038, Loss: 0.2255
  Batch 4300/12038, Loss: 0.2902
  Batch 4400/12038, Loss: 0.4311
  Batch 4500/12038, Loss: 0.2335
  Batch 4600/12038, Loss: 0.3007
  Batch 4700/12038, Loss: 0.4024
  Batch 4800/12038, Loss: 0.2789
  Batch 4900/12038, Loss: 0.4850
  Batch 5000/12038, Loss: 0.2365
  Batch 5100/12038, Loss: 0.2618
  Batch 5200/12038, Loss: 0.1875
  Batch 5300/12038, Loss: 0.1619
  Batch 5400/12038, Loss: 0.2158
  Batch 5500/12038, Loss: 0.2959
  Batch 5600/12038, Loss: 0.4537
  Batch 5700/12038, Loss: 0.2200
  Batch 5800/12038, Loss: 0.4376
  Batch 5900/12038, Loss: 0.3735
  Batch 6000/12038, Loss: 0.2796
  Batch 6100/12038, Loss: 0.1594
  Batch 6200/12038, Loss: 0.2870
  Batch 6300/12038, Loss: 0.2537
  Batch 6400/12038, Loss: 0.3580
  Batch 6500/12038, Loss: 0.4484
  Batch 6600/12038, Loss: 0.4139
  Batch 6700/12038, Loss: 0.3338
  Batch 6800/12038, Loss: 0.3482
  Batch 6900/12038, Loss: 0.3773
  Batch 7000/12038, Loss: 0.2666
  Batch 7100/12038, Loss: 0.4085
  Batch 7200/12038, Loss: 0.3841
  Batch 7300/12038, Loss: 0.2409
  Batch 7400/12038, Loss: 0.2145
  Batch 7500/12038, Loss: 0.2808
  Batch 7600/12038, Loss: 0.4095
  Batch 7700/12038, Loss: 0.1126
  Batch 7800/12038, Loss: 0.4184
  Batch 7900/12038, Loss: 0.2252
  Batch 8000/12038, Loss: 0.3500
  Batch 8100/12038, Loss: 0.2970
  Batch 8200/12038, Loss: 0.3975
  Batch 8300/12038, Loss: 0.2489
  Batch 8400/12038, Loss: 0.2938
  Batch 8500/12038, Loss: 0.2500
  Batch 8600/12038, Loss: 0.4487
  Batch 8700/12038, Loss: 0.2702
  Batch 8800/12038, Loss: 0.2668
  Batch 8900/12038, Loss: 0.2456
  Batch 9000/12038, Loss: 0.3471
  Batch 9100/12038, Loss: 0.2723
  Batch 9200/12038, Loss: 0.2277
  Batch 9300/12038, Loss: 0.2915
  Batch 9400/12038, Loss: 0.3813
  Batch 9500/12038, Loss: 0.1881
  Batch 9600/12038, Loss: 0.3075
  Batch 9700/12038, Loss: 0.3643
  Batch 9800/12038, Loss: 0.4187
  Batch 9900/12038, Loss: 0.2827
  Batch 10000/12038, Loss: 0.3797
  Batch 10100/12038, Loss: 0.2278
  Batch 10200/12038, Loss: 0.3229
  Batch 10300/12038, Loss: 0.1940
  Batch 10400/12038, Loss: 0.2269
  Batch 10500/12038, Loss: 0.3381
  Batch 10600/12038, Loss: 0.2769
  Batch 10700/12038, Loss: 0.2606
  Batch 10800/12038, Loss: 0.2819
  Batch 10900/12038, Loss: 0.4311
  Batch 11000/12038, Loss: 0.4455
  Batch 11100/12038, Loss: 0.3960
  Batch 11200/12038, Loss: 0.2622
  Batch 11300/12038, Loss: 0.2256
  Batch 11400/12038, Loss: 0.2857
  Batch 11500/12038, Loss: 0.3172
  Batch 11600/12038, Loss: 0.2236
  Batch 11700/12038, Loss: 0.4385
  Batch 11800/12038, Loss: 0.1534
  Batch 11900/12038, Loss: 0.2175
  Batch 12000/12038, Loss: 0.2399
Train Loss: 0.2994
Val Loss: 0.4648, Val Macro F1: 0.6741
Current learning rate: 0.000096

============================================================
Epoch 7/50
============================================================
  Batch 0/12038, Loss: 0.2350
  Batch 100/12038, Loss: 0.2185
  Batch 200/12038, Loss: 0.1922
  Batch 300/12038, Loss: 0.2574
  Batch 400/12038, Loss: 0.2747
  Batch 500/12038, Loss: 0.3221
  Batch 600/12038, Loss: 0.2750
  Batch 700/12038, Loss: 0.2094
  Batch 800/12038, Loss: 0.2538
  Batch 900/12038, Loss: 0.2069
  Batch 1000/12038, Loss: 0.3098
  Batch 1100/12038, Loss: 0.2730
  Batch 1200/12038, Loss: 0.3521
  Batch 1300/12038, Loss: 0.2824
  Batch 1400/12038, Loss: 0.2573
  Batch 1500/12038, Loss: 0.4849
  Batch 1600/12038, Loss: 0.3449
  Batch 1700/12038, Loss: 0.3045
  Batch 1800/12038, Loss: 0.2454
  Batch 1900/12038, Loss: 0.3739
  Batch 2000/12038, Loss: 0.5288
  Batch 2100/12038, Loss: 0.3653
  Batch 2200/12038, Loss: 0.2855
  Batch 2300/12038, Loss: 0.2333
  Batch 2400/12038, Loss: 0.2611
  Batch 2500/12038, Loss: 0.2644
  Batch 2600/12038, Loss: 0.2460
  Batch 2700/12038, Loss: 0.1654
  Batch 2800/12038, Loss: 0.4512
  Batch 2900/12038, Loss: 0.2751
  Batch 3000/12038, Loss: 0.4542
  Batch 3100/12038, Loss: 0.3800
  Batch 3200/12038, Loss: 0.2437
  Batch 3300/12038, Loss: 0.2751
  Batch 3400/12038, Loss: 0.3512
  Batch 3500/12038, Loss: 0.2409
  Batch 3600/12038, Loss: 0.2513
  Batch 3700/12038, Loss: 0.1994
  Batch 3800/12038, Loss: 0.2828
  Batch 3900/12038, Loss: 0.2180
  Batch 4000/12038, Loss: 0.4707
  Batch 4100/12038, Loss: 0.3255
  Batch 4200/12038, Loss: 0.2329
  Batch 4300/12038, Loss: 0.1603
  Batch 4400/12038, Loss: 0.2125
  Batch 4500/12038, Loss: 0.3584
  Batch 4600/12038, Loss: 0.1953
  Batch 4700/12038, Loss: 0.3793
  Batch 4800/12038, Loss: 0.2572
  Batch 4900/12038, Loss: 0.2623
  Batch 5000/12038, Loss: 0.1935
  Batch 5100/12038, Loss: 0.3943
  Batch 5200/12038, Loss: 0.3136
  Batch 5300/12038, Loss: 0.2004
  Batch 5400/12038, Loss: 0.2281
  Batch 5500/12038, Loss: 0.2915
  Batch 5600/12038, Loss: 0.3079
  Batch 5700/12038, Loss: 0.2813
  Batch 5800/12038, Loss: 0.2544
  Batch 5900/12038, Loss: 0.2142
  Batch 6000/12038, Loss: 0.3211
  Batch 6100/12038, Loss: 0.2793
  Batch 6200/12038, Loss: 0.2390
  Batch 6300/12038, Loss: 0.1756
  Batch 6400/12038, Loss: 0.1545
  Batch 6500/12038, Loss: 0.3393
  Batch 6600/12038, Loss: 0.2072
  Batch 6700/12038, Loss: 0.2661
  Batch 6800/12038, Loss: 0.3599
  Batch 6900/12038, Loss: 0.3013
  Batch 7000/12038, Loss: 0.4792
  Batch 7100/12038, Loss: 0.2871
  Batch 7200/12038, Loss: 0.2891
  Batch 7300/12038, Loss: 0.3336
  Batch 7400/12038, Loss: 0.1592
  Batch 7500/12038, Loss: 0.3766
  Batch 7600/12038, Loss: 0.2737
  Batch 7700/12038, Loss: 0.2896
  Batch 7800/12038, Loss: 0.3374
  Batch 7900/12038, Loss: 0.1869
  Batch 8000/12038, Loss: 0.2222
  Batch 8100/12038, Loss: 0.2442
  Batch 8200/12038, Loss: 0.5128
  Batch 8300/12038, Loss: 0.3197
  Batch 8400/12038, Loss: 0.2603
  Batch 8500/12038, Loss: 0.3514
  Batch 8600/12038, Loss: 0.1927
  Batch 8700/12038, Loss: 0.2441
  Batch 8800/12038, Loss: 0.3900
  Batch 8900/12038, Loss: 0.2241
  Batch 9000/12038, Loss: 0.4287
  Batch 9100/12038, Loss: 0.2247
  Batch 9200/12038, Loss: 0.3135
  Batch 9300/12038, Loss: 0.3559
  Batch 9400/12038, Loss: 0.1957
  Batch 9500/12038, Loss: 0.2564
  Batch 9600/12038, Loss: 0.2497
  Batch 9700/12038, Loss: 0.2617
  Batch 9800/12038, Loss: 0.1969
  Batch 9900/12038, Loss: 0.2324
  Batch 10000/12038, Loss: 0.2517
  Batch 10100/12038, Loss: 0.2960
  Batch 10200/12038, Loss: 0.3240
  Batch 10300/12038, Loss: 0.2641
  Batch 10400/12038, Loss: 0.2327
  Batch 10500/12038, Loss: 0.1906
  Batch 10600/12038, Loss: 0.2462
  Batch 10700/12038, Loss: 0.3741
  Batch 10800/12038, Loss: 0.2222
  Batch 10900/12038, Loss: 0.3232
  Batch 11000/12038, Loss: 0.2733
  Batch 11100/12038, Loss: 0.2808
  Batch 11200/12038, Loss: 0.2484
  Batch 11300/12038, Loss: 0.4547
  Batch 11400/12038, Loss: 0.3102
  Batch 11500/12038, Loss: 0.2694
  Batch 11600/12038, Loss: 0.3342
  Batch 11700/12038, Loss: 0.3401
  Batch 11800/12038, Loss: 0.1891
  Batch 11900/12038, Loss: 0.2403
  Batch 12000/12038, Loss: 0.3005
Train Loss: 0.2907
Val Loss: 0.4179, Val Macro F1: 0.7078
Current learning rate: 0.000095
✓ Saved best model with Val F1: 0.7078

============================================================
Epoch 8/50
============================================================
  Batch 0/12038, Loss: 0.2499
  Batch 100/12038, Loss: 0.3123
  Batch 200/12038, Loss: 0.3529
  Batch 300/12038, Loss: 0.1962
  Batch 400/12038, Loss: 0.1888
  Batch 500/12038, Loss: 0.3238
  Batch 600/12038, Loss: 0.2556
  Batch 700/12038, Loss: 0.2833
  Batch 800/12038, Loss: 0.2453
  Batch 900/12038, Loss: 0.1167
  Batch 1000/12038, Loss: 0.2479
  Batch 1100/12038, Loss: 0.2522
  Batch 1200/12038, Loss: 0.2575
  Batch 1300/12038, Loss: 0.2232
  Batch 1400/12038, Loss: 0.2243
  Batch 1500/12038, Loss: 0.3006
  Batch 1600/12038, Loss: 0.2673
  Batch 1700/12038, Loss: 0.2357
  Batch 1800/12038, Loss: 0.1695
  Batch 1900/12038, Loss: 0.3122
  Batch 2000/12038, Loss: 0.2439
  Batch 2100/12038, Loss: 0.3782
  Batch 2200/12038, Loss: 0.2122
  Batch 2300/12038, Loss: 0.1540
  Batch 2400/12038, Loss: 0.2758
  Batch 2500/12038, Loss: 0.2621
  Batch 2600/12038, Loss: 0.3840
  Batch 2700/12038, Loss: 0.1887
  Batch 2800/12038, Loss: 0.1966
  Batch 2900/12038, Loss: 0.3239
  Batch 3000/12038, Loss: 0.2103
  Batch 3100/12038, Loss: 0.2688
  Batch 3200/12038, Loss: 0.4344
  Batch 3300/12038, Loss: 0.4270
  Batch 3400/12038, Loss: 0.2262
  Batch 3500/12038, Loss: 0.2700
  Batch 3600/12038, Loss: 0.4420
  Batch 3700/12038, Loss: 0.2236
  Batch 3800/12038, Loss: 0.1984
  Batch 3900/12038, Loss: 0.3137
  Batch 4000/12038, Loss: 0.2394
  Batch 4100/12038, Loss: 0.2736
  Batch 4200/12038, Loss: 0.4508
  Batch 4300/12038, Loss: 0.2564
  Batch 4400/12038, Loss: 0.1542
  Batch 4500/12038, Loss: 0.2411
  Batch 4600/12038, Loss: 0.2474
  Batch 4700/12038, Loss: 0.2747
  Batch 4800/12038, Loss: 0.2559
  Batch 4900/12038, Loss: 0.3148
  Batch 5000/12038, Loss: 0.4040
  Batch 5100/12038, Loss: 0.2252
  Batch 5200/12038, Loss: 0.3621
  Batch 5300/12038, Loss: 0.4271
  Batch 5400/12038, Loss: 0.2604
  Batch 5500/12038, Loss: 0.3557
  Batch 5600/12038, Loss: 0.2696
  Batch 5700/12038, Loss: 0.2954
  Batch 5800/12038, Loss: 0.2484
  Batch 5900/12038, Loss: 0.1974
  Batch 6000/12038, Loss: 0.2920
  Batch 6100/12038, Loss: 0.1586
  Batch 6200/12038, Loss: 0.1409
  Batch 6300/12038, Loss: 0.4243
  Batch 6400/12038, Loss: 0.3800
  Batch 6500/12038, Loss: 0.3398
  Batch 6600/12038, Loss: 0.2917
  Batch 6700/12038, Loss: 0.3249
  Batch 6800/12038, Loss: 0.2282
  Batch 6900/12038, Loss: 0.3587
  Batch 7000/12038, Loss: 0.2487
  Batch 7100/12038, Loss: 0.2602
  Batch 7200/12038, Loss: 0.3983
  Batch 7300/12038, Loss: 0.5030
  Batch 7400/12038, Loss: 0.4182
  Batch 7500/12038, Loss: 0.2297
  Batch 7600/12038, Loss: 0.3134
  Batch 7700/12038, Loss: 0.2415
  Batch 7800/12038, Loss: 0.1945
  Batch 7900/12038, Loss: 0.2669
  Batch 8000/12038, Loss: 0.1833
  Batch 8100/12038, Loss: 0.2308
  Batch 8200/12038, Loss: 0.2453
  Batch 8300/12038, Loss: 0.2858
  Batch 8400/12038, Loss: 0.2924
  Batch 8500/12038, Loss: 0.4041
  Batch 8600/12038, Loss: 0.3788
  Batch 8700/12038, Loss: 0.3266
  Batch 8800/12038, Loss: 0.4286
  Batch 8900/12038, Loss: 0.2817
  Batch 9000/12038, Loss: 0.2924
  Batch 9100/12038, Loss: 0.1901
  Batch 9200/12038, Loss: 0.1018
  Batch 9300/12038, Loss: 0.3184
  Batch 9400/12038, Loss: 0.2437
  Batch 9500/12038, Loss: 0.3109
  Batch 9600/12038, Loss: 0.2494
  Batch 9700/12038, Loss: 0.1766
  Batch 9800/12038, Loss: 0.3814
  Batch 9900/12038, Loss: 0.2799
  Batch 10000/12038, Loss: 0.2311
  Batch 10100/12038, Loss: 0.3116
  Batch 10200/12038, Loss: 0.2544
  Batch 10300/12038, Loss: 0.4282
  Batch 10400/12038, Loss: 0.3560
  Batch 10500/12038, Loss: 0.1958
  Batch 10600/12038, Loss: 0.2656
  Batch 10700/12038, Loss: 0.4151
  Batch 10800/12038, Loss: 0.2247
  Batch 10900/12038, Loss: 0.1053
  Batch 11000/12038, Loss: 0.3012
  Batch 11100/12038, Loss: 0.3034
  Batch 11200/12038, Loss: 0.2220
  Batch 11300/12038, Loss: 0.1590
  Batch 11400/12038, Loss: 0.4353
  Batch 11500/12038, Loss: 0.2946
  Batch 11600/12038, Loss: 0.1896
  Batch 11700/12038, Loss: 0.1958
  Batch 11800/12038, Loss: 0.0938
  Batch 11900/12038, Loss: 0.2199
  Batch 12000/12038, Loss: 0.3729
Train Loss: 0.2843
Val Loss: 0.4513, Val Macro F1: 0.6747
Current learning rate: 0.000094

============================================================
Epoch 9/50
============================================================
  Batch 0/12038, Loss: 0.2573
  Batch 100/12038, Loss: 0.4486
  Batch 200/12038, Loss: 0.4326
  Batch 300/12038, Loss: 0.3453
  Batch 400/12038, Loss: 0.1611
  Batch 500/12038, Loss: 0.1461
  Batch 600/12038, Loss: 0.2284
  Batch 700/12038, Loss: 0.2660
  Batch 800/12038, Loss: 0.2773
  Batch 900/12038, Loss: 0.1781
  Batch 1000/12038, Loss: 0.3265
  Batch 1100/12038, Loss: 0.4511
  Batch 1200/12038, Loss: 0.2932
  Batch 1300/12038, Loss: 0.4355
  Batch 1400/12038, Loss: 0.3662
  Batch 1500/12038, Loss: 0.2202
  Batch 1600/12038, Loss: 0.1702
  Batch 1700/12038, Loss: 0.2265
  Batch 1800/12038, Loss: 0.2704
  Batch 1900/12038, Loss: 0.2392
  Batch 2000/12038, Loss: 0.3595
  Batch 2100/12038, Loss: 0.3169
  Batch 2200/12038, Loss: 0.2663
  Batch 2300/12038, Loss: 0.2909
  Batch 2400/12038, Loss: 0.2683
  Batch 2500/12038, Loss: 0.2010
  Batch 2600/12038, Loss: 0.2117
  Batch 2700/12038, Loss: 0.3994
  Batch 2800/12038, Loss: 0.2272
  Batch 2900/12038, Loss: 0.4026
  Batch 3000/12038, Loss: 0.2240
  Batch 3100/12038, Loss: 0.2052
  Batch 3200/12038, Loss: 0.2426
  Batch 3300/12038, Loss: 0.2850
  Batch 3400/12038, Loss: 0.3419
  Batch 3500/12038, Loss: 0.3025
  Batch 3600/12038, Loss: 0.2436
  Batch 3700/12038, Loss: 0.2640
  Batch 3800/12038, Loss: 0.2376
  Batch 3900/12038, Loss: 0.3023
  Batch 4000/12038, Loss: 0.3300
  Batch 4100/12038, Loss: 0.1825
  Batch 4200/12038, Loss: 0.1730
  Batch 4300/12038, Loss: 0.2750
  Batch 4400/12038, Loss: 0.1890
  Batch 4500/12038, Loss: 0.2313
  Batch 4600/12038, Loss: 0.1962
  Batch 4700/12038, Loss: 0.3375
  Batch 4800/12038, Loss: 0.2884
  Batch 4900/12038, Loss: 0.2528
  Batch 5000/12038, Loss: 0.2981
  Batch 5100/12038, Loss: 0.4252
  Batch 5200/12038, Loss: 0.1995
  Batch 5300/12038, Loss: 0.1809
  Batch 5400/12038, Loss: 0.4342
  Batch 5500/12038, Loss: 0.2600
  Batch 5600/12038, Loss: 0.4111
  Batch 5700/12038, Loss: 0.1939
  Batch 5800/12038, Loss: 0.2549
  Batch 5900/12038, Loss: 0.3602
  Batch 6000/12038, Loss: 0.3697
  Batch 6100/12038, Loss: 0.2679
  Batch 6200/12038, Loss: 0.3216
  Batch 6300/12038, Loss: 0.2718
  Batch 6400/12038, Loss: 0.3212
  Batch 6500/12038, Loss: 0.3805
  Batch 6600/12038, Loss: 0.4031
  Batch 6700/12038, Loss: 0.3068
  Batch 6800/12038, Loss: 0.3590
  Batch 6900/12038, Loss: 0.2272
  Batch 7000/12038, Loss: 0.2846
  Batch 7100/12038, Loss: 0.3423
  Batch 7200/12038, Loss: 0.3111
  Batch 7300/12038, Loss: 0.3435
  Batch 7400/12038, Loss: 0.3580
  Batch 7500/12038, Loss: 0.3218
  Batch 7600/12038, Loss: 0.2651
  Batch 7700/12038, Loss: 0.3498
  Batch 7800/12038, Loss: 0.3483
  Batch 7900/12038, Loss: 0.2368
  Batch 8000/12038, Loss: 0.3254
  Batch 8100/12038, Loss: 0.2240
  Batch 8200/12038, Loss: 0.2029
  Batch 8300/12038, Loss: 0.3180
  Batch 8400/12038, Loss: 0.2367
  Batch 8500/12038, Loss: 0.3432
  Batch 8600/12038, Loss: 0.2735
  Batch 8700/12038, Loss: 0.2726
  Batch 8800/12038, Loss: 0.2402
  Batch 8900/12038, Loss: 0.3362
  Batch 9000/12038, Loss: 0.2403
  Batch 9100/12038, Loss: 0.2719
  Batch 9200/12038, Loss: 0.2369
  Batch 9300/12038, Loss: 0.2475
  Batch 9400/12038, Loss: 0.2327
  Batch 9500/12038, Loss: 0.3573
  Batch 9600/12038, Loss: 0.2333
  Batch 9700/12038, Loss: 0.1746
  Batch 9800/12038, Loss: 0.2078
  Batch 9900/12038, Loss: 0.3190
  Batch 10000/12038, Loss: 0.2679
  Batch 10100/12038, Loss: 0.4329
  Batch 10200/12038, Loss: 0.2384
  Batch 10300/12038, Loss: 0.2670
  Batch 10400/12038, Loss: 0.2774
  Batch 10500/12038, Loss: 0.3438
  Batch 10600/12038, Loss: 0.3108
  Batch 10700/12038, Loss: 0.2242
  Batch 10800/12038, Loss: 0.2766
  Batch 10900/12038, Loss: 0.2728
  Batch 11000/12038, Loss: 0.3554
  Batch 11100/12038, Loss: 0.2426
  Batch 11200/12038, Loss: 0.3040
  Batch 11300/12038, Loss: 0.2144
  Batch 11400/12038, Loss: 0.3022
  Batch 11500/12038, Loss: 0.3566
  Batch 11600/12038, Loss: 0.3056
  Batch 11700/12038, Loss: 0.2619
  Batch 11800/12038, Loss: 0.2575
  Batch 11900/12038, Loss: 0.1445
  Batch 12000/12038, Loss: 0.3077
Train Loss: 0.2777
Val Loss: 0.4323, Val Macro F1: 0.7344
Current learning rate: 0.000092
✓ Saved best model with Val F1: 0.7344

============================================================
Epoch 10/50
============================================================
  Batch 0/12038, Loss: 0.3054
  Batch 100/12038, Loss: 0.1878
  Batch 200/12038, Loss: 0.2983
  Batch 300/12038, Loss: 0.2435
  Batch 400/12038, Loss: 0.1915
  Batch 500/12038, Loss: 0.2275
  Batch 600/12038, Loss: 0.4131
  Batch 700/12038, Loss: 0.1976
  Batch 800/12038, Loss: 0.2253
  Batch 900/12038, Loss: 0.2750
  Batch 1000/12038, Loss: 0.3351
  Batch 1100/12038, Loss: 0.2954
  Batch 1200/12038, Loss: 0.2066
  Batch 1300/12038, Loss: 0.1539
  Batch 1400/12038, Loss: 0.3332
  Batch 1500/12038, Loss: 0.1625
  Batch 1600/12038, Loss: 0.2396
  Batch 1700/12038, Loss: 0.2034
  Batch 1800/12038, Loss: 0.2628
  Batch 1900/12038, Loss: 0.2975
  Batch 2000/12038, Loss: 0.2747
  Batch 2100/12038, Loss: 0.4325
  Batch 2200/12038, Loss: 0.2241
  Batch 2300/12038, Loss: 0.3152
  Batch 2400/12038, Loss: 0.2916
  Batch 2500/12038, Loss: 0.1335
  Batch 2600/12038, Loss: 0.2518
  Batch 2700/12038, Loss: 0.2008
  Batch 2800/12038, Loss: 0.4690
  Batch 2900/12038, Loss: 0.2491
  Batch 3000/12038, Loss: 0.1970
  Batch 3100/12038, Loss: 0.2020
  Batch 3200/12038, Loss: 0.2520
  Batch 3300/12038, Loss: 0.4983
  Batch 3400/12038, Loss: 0.3839
  Batch 3500/12038, Loss: 0.2477
  Batch 3600/12038, Loss: 0.4328
  Batch 3700/12038, Loss: 0.1706
  Batch 3800/12038, Loss: 0.1514
  Batch 3900/12038, Loss: 0.3455
  Batch 4000/12038, Loss: 0.3762
  Batch 4100/12038, Loss: 0.2942
  Batch 4200/12038, Loss: 0.2166
  Batch 4300/12038, Loss: 0.4222
  Batch 4400/12038, Loss: 0.2534
  Batch 4500/12038, Loss: 0.2638
  Batch 4600/12038, Loss: 0.3325
  Batch 4700/12038, Loss: 0.2569
  Batch 4800/12038, Loss: 0.1715
  Batch 4900/12038, Loss: 0.2269
  Batch 5000/12038, Loss: 0.3172
  Batch 5100/12038, Loss: 0.2801
  Batch 5200/12038, Loss: 0.2589
  Batch 5300/12038, Loss: 0.1520
  Batch 5400/12038, Loss: 0.2162
  Batch 5500/12038, Loss: 0.3060
  Batch 5600/12038, Loss: 0.1872
  Batch 5700/12038, Loss: 0.3316
  Batch 5800/12038, Loss: 0.2112
  Batch 5900/12038, Loss: 0.1925
  Batch 6000/12038, Loss: 0.4463
  Batch 6100/12038, Loss: 0.3552
  Batch 6200/12038, Loss: 0.1423
  Batch 6300/12038, Loss: 0.2215
  Batch 6400/12038, Loss: 0.2043
  Batch 6500/12038, Loss: 0.2823
  Batch 6600/12038, Loss: 0.3410
  Batch 6700/12038, Loss: 0.2730
  Batch 6800/12038, Loss: 0.1695
  Batch 6900/12038, Loss: 0.2286
  Batch 7000/12038, Loss: 0.3407
  Batch 7100/12038, Loss: 0.1821
  Batch 7200/12038, Loss: 0.1925
  Batch 7300/12038, Loss: 0.1855
  Batch 7400/12038, Loss: 0.2826
  Batch 7500/12038, Loss: 0.2226
  Batch 7600/12038, Loss: 0.2118
  Batch 7700/12038, Loss: 0.1989
  Batch 7800/12038, Loss: 0.1791
  Batch 7900/12038, Loss: 0.2178
  Batch 8000/12038, Loss: 0.2978
  Batch 8100/12038, Loss: 0.2746
  Batch 8200/12038, Loss: 0.2208
  Batch 8300/12038, Loss: 0.2316
  Batch 8400/12038, Loss: 0.3567
  Batch 8500/12038, Loss: 0.1672
  Batch 8600/12038, Loss: 0.4191
  Batch 8700/12038, Loss: 0.3448
  Batch 8800/12038, Loss: 0.3360
  Batch 8900/12038, Loss: 0.3356
  Batch 9000/12038, Loss: 0.2769
  Batch 9100/12038, Loss: 0.2275
  Batch 9200/12038, Loss: 0.3597
  Batch 9300/12038, Loss: 0.1846
  Batch 9400/12038, Loss: 0.2494
  Batch 9500/12038, Loss: 0.3259
  Batch 9600/12038, Loss: 0.2800
  Batch 9700/12038, Loss: 0.1625
  Batch 9800/12038, Loss: 0.2376
  Batch 9900/12038, Loss: 0.3491
  Batch 10000/12038, Loss: 0.2401
  Batch 10100/12038, Loss: 0.2592
  Batch 10200/12038, Loss: 0.2107
  Batch 10300/12038, Loss: 0.2997
  Batch 10400/12038, Loss: 0.2961
  Batch 10500/12038, Loss: 0.2069
  Batch 10600/12038, Loss: 0.3214
  Batch 10700/12038, Loss: 0.3353
  Batch 10800/12038, Loss: 0.2519
  Batch 10900/12038, Loss: 0.2041
  Batch 11000/12038, Loss: 0.1906
  Batch 11100/12038, Loss: 0.3469
  Batch 11200/12038, Loss: 0.1979
  Batch 11300/12038, Loss: 0.4545
  Batch 11400/12038, Loss: 0.3541
  Batch 11500/12038, Loss: 0.2192
  Batch 11600/12038, Loss: 0.2254
  Batch 11700/12038, Loss: 0.2127
  Batch 11800/12038, Loss: 0.2682
  Batch 11900/12038, Loss: 0.2876
  Batch 12000/12038, Loss: 0.5212
Train Loss: 0.2718
Val Loss: 0.4544, Val Macro F1: 0.7068
Current learning rate: 0.000090
✓ Saved checkpoint at epoch 10

============================================================
Epoch 11/50
============================================================
  Batch 0/12038, Loss: 0.1906
  Batch 100/12038, Loss: 0.3486
  Batch 200/12038, Loss: 0.3129
  Batch 300/12038, Loss: 0.2983
  Batch 400/12038, Loss: 0.3226
  Batch 500/12038, Loss: 0.2585
  Batch 600/12038, Loss: 0.2795
  Batch 700/12038, Loss: 0.2517
  Batch 800/12038, Loss: 0.3986
  Batch 900/12038, Loss: 0.3640
  Batch 1000/12038, Loss: 0.3189
  Batch 1100/12038, Loss: 0.3590
  Batch 1200/12038, Loss: 0.3042
  Batch 1300/12038, Loss: 0.4556
  Batch 1400/12038, Loss: 0.3471
  Batch 1500/12038, Loss: 0.2061
  Batch 1600/12038, Loss: 0.3280
  Batch 1700/12038, Loss: 0.1012
  Batch 1800/12038, Loss: 0.0957
  Batch 1900/12038, Loss: 0.3201
  Batch 2000/12038, Loss: 0.2099
  Batch 2100/12038, Loss: 0.3383
  Batch 2200/12038, Loss: 0.2901
  Batch 2300/12038, Loss: 0.1592
  Batch 2400/12038, Loss: 0.1846
  Batch 2500/12038, Loss: 0.3418
  Batch 2600/12038, Loss: 0.2163
  Batch 2700/12038, Loss: 0.3908
  Batch 2800/12038, Loss: 0.1781
  Batch 2900/12038, Loss: 0.1968
  Batch 3000/12038, Loss: 0.1639
  Batch 3100/12038, Loss: 0.2583
  Batch 3200/12038, Loss: 0.3673
  Batch 3300/12038, Loss: 0.1919
  Batch 3400/12038, Loss: 0.3437
  Batch 3500/12038, Loss: 0.3099
  Batch 3600/12038, Loss: 0.3642
  Batch 3700/12038, Loss: 0.3672
  Batch 3800/12038, Loss: 0.4346
  Batch 3900/12038, Loss: 0.4276
  Batch 4000/12038, Loss: 0.1633
  Batch 4100/12038, Loss: 0.2910
  Batch 4200/12038, Loss: 0.3183
  Batch 4300/12038, Loss: 0.2593
  Batch 4400/12038, Loss: 0.2658
  Batch 4500/12038, Loss: 0.1799
  Batch 4600/12038, Loss: 0.2305
  Batch 4700/12038, Loss: 0.3865
  Batch 4800/12038, Loss: 0.2838
  Batch 4900/12038, Loss: 0.3107
  Batch 5000/12038, Loss: 0.1969
  Batch 5100/12038, Loss: 0.3163
  Batch 5200/12038, Loss: 0.2437
  Batch 5300/12038, Loss: 0.1891
  Batch 5400/12038, Loss: 0.2831
  Batch 5500/12038, Loss: 0.3321
  Batch 5600/12038, Loss: 0.2361
  Batch 5700/12038, Loss: 0.2033
  Batch 5800/12038, Loss: 0.2671
  Batch 5900/12038, Loss: 0.4555
  Batch 6000/12038, Loss: 0.1866
  Batch 6100/12038, Loss: 0.1677
  Batch 6200/12038, Loss: 0.2287
  Batch 6300/12038, Loss: 0.1902
  Batch 6400/12038, Loss: 0.3601
  Batch 6500/12038, Loss: 0.3284
  Batch 6600/12038, Loss: 0.2614
  Batch 6700/12038, Loss: 0.5288
  Batch 6800/12038, Loss: 0.2777
  Batch 6900/12038, Loss: 0.4674
  Batch 7000/12038, Loss: 0.2866
  Batch 7100/12038, Loss: 0.2708
  Batch 7200/12038, Loss: 0.1757
  Batch 7300/12038, Loss: 0.3706
  Batch 7400/12038, Loss: 0.1837
  Batch 7500/12038, Loss: 0.3051
  Batch 7600/12038, Loss: 0.2534
  Batch 7700/12038, Loss: 0.2242
  Batch 7800/12038, Loss: 0.2220
  Batch 7900/12038, Loss: 0.2618
  Batch 8000/12038, Loss: 0.2481
  Batch 8100/12038, Loss: 0.2593
  Batch 8200/12038, Loss: 0.1458
  Batch 8300/12038, Loss: 0.3123
  Batch 8400/12038, Loss: 0.3195
  Batch 8500/12038, Loss: 0.2534
  Batch 8600/12038, Loss: 0.2959
  Batch 8700/12038, Loss: 0.1899
  Batch 8800/12038, Loss: 0.2319
  Batch 8900/12038, Loss: 0.2518
  Batch 9000/12038, Loss: 0.3951
  Batch 9100/12038, Loss: 0.1756
  Batch 9200/12038, Loss: 0.3085
  Batch 9300/12038, Loss: 0.2577
  Batch 9400/12038, Loss: 0.2569
  Batch 9500/12038, Loss: 0.2115
  Batch 9600/12038, Loss: 0.2579
  Batch 9700/12038, Loss: 0.3025
  Batch 9800/12038, Loss: 0.3207
  Batch 9900/12038, Loss: 0.2649
  Batch 10000/12038, Loss: 0.1441
  Batch 10100/12038, Loss: 0.1635
  Batch 10200/12038, Loss: 0.3128
  Batch 10300/12038, Loss: 0.2833
  Batch 10400/12038, Loss: 0.4720
  Batch 10500/12038, Loss: 0.1830
  Batch 10600/12038, Loss: 0.2467
  Batch 10700/12038, Loss: 0.3423
  Batch 10800/12038, Loss: 0.2365
  Batch 10900/12038, Loss: 0.1743
  Batch 11000/12038, Loss: 0.2875
  Batch 11100/12038, Loss: 0.2608
  Batch 11200/12038, Loss: 0.2920
  Batch 11300/12038, Loss: 0.3136
  Batch 11400/12038, Loss: 0.1703
  Batch 11500/12038, Loss: 0.3034
  Batch 11600/12038, Loss: 0.2406
  Batch 11700/12038, Loss: 0.2613
  Batch 11800/12038, Loss: 0.2293
  Batch 11900/12038, Loss: 0.1978
  Batch 12000/12038, Loss: 0.2781
Train Loss: 0.2672
Val Loss: 0.3898, Val Macro F1: 0.7207
Current learning rate: 0.000089

============================================================
Epoch 12/50
============================================================
  Batch 0/12038, Loss: 0.3088
  Batch 100/12038, Loss: 0.1993
  Batch 200/12038, Loss: 0.1516
  Batch 300/12038, Loss: 0.2195
  Batch 400/12038, Loss: 0.2882
  Batch 500/12038, Loss: 0.2517
  Batch 600/12038, Loss: 0.2504
  Batch 700/12038, Loss: 0.3246
  Batch 800/12038, Loss: 0.3992
  Batch 900/12038, Loss: 0.1806
  Batch 1000/12038, Loss: 0.2615
  Batch 1100/12038, Loss: 0.3214
  Batch 1200/12038, Loss: 0.3341
  Batch 1300/12038, Loss: 0.4332
  Batch 1400/12038, Loss: 0.2033
  Batch 1500/12038, Loss: 0.1566
  Batch 1600/12038, Loss: 0.1988
  Batch 1700/12038, Loss: 0.3448
  Batch 1800/12038, Loss: 0.2049
  Batch 1900/12038, Loss: 0.3324
  Batch 2000/12038, Loss: 0.1823
  Batch 2100/12038, Loss: 0.2175
  Batch 2200/12038, Loss: 0.1658
  Batch 2300/12038, Loss: 0.2770
  Batch 2400/12038, Loss: 0.2473
  Batch 2500/12038, Loss: 0.2201
  Batch 2600/12038, Loss: 0.3821
  Batch 2700/12038, Loss: 0.3419
  Batch 2800/12038, Loss: 0.1920
  Batch 2900/12038, Loss: 0.2798
  Batch 3000/12038, Loss: 0.2516
  Batch 3100/12038, Loss: 0.1860
  Batch 3200/12038, Loss: 0.4315
  Batch 3300/12038, Loss: 0.2491
  Batch 3400/12038, Loss: 0.2271
  Batch 3500/12038, Loss: 0.2680
  Batch 3600/12038, Loss: 0.2483
  Batch 3700/12038, Loss: 0.2364
  Batch 3800/12038, Loss: 0.2837
  Batch 3900/12038, Loss: 0.2647
  Batch 4000/12038, Loss: 0.1940
  Batch 4100/12038, Loss: 0.3360
  Batch 4200/12038, Loss: 0.3162
  Batch 4300/12038, Loss: 0.2804
  Batch 4400/12038, Loss: 0.2785
  Batch 4500/12038, Loss: 0.4333
  Batch 4600/12038, Loss: 0.4659
  Batch 4700/12038, Loss: 0.2519
  Batch 4800/12038, Loss: 0.2696
  Batch 4900/12038, Loss: 0.2645
  Batch 5000/12038, Loss: 0.1686
  Batch 5100/12038, Loss: 0.4311
  Batch 5200/12038, Loss: 0.2524
  Batch 5300/12038, Loss: 0.2198
  Batch 5400/12038, Loss: 0.2052
  Batch 5500/12038, Loss: 0.3638
  Batch 5600/12038, Loss: 0.1562
  Batch 5700/12038, Loss: 0.1580
  Batch 5800/12038, Loss: 0.1877
  Batch 5900/12038, Loss: 0.1424
  Batch 6000/12038, Loss: 0.3481
  Batch 6100/12038, Loss: 0.2166
  Batch 6200/12038, Loss: 0.3633
  Batch 6300/12038, Loss: 0.3599
  Batch 6400/12038, Loss: 0.2229
  Batch 6500/12038, Loss: 0.1236
  Batch 6600/12038, Loss: 0.2379
  Batch 6700/12038, Loss: 0.2123
  Batch 6800/12038, Loss: 0.3131
  Batch 6900/12038, Loss: 0.1695
  Batch 7000/12038, Loss: 0.3270
  Batch 7100/12038, Loss: 0.1324
  Batch 7200/12038, Loss: 0.1580
  Batch 7300/12038, Loss: 0.4045
  Batch 7400/12038, Loss: 0.3278
  Batch 7500/12038, Loss: 0.2748
  Batch 7600/12038, Loss: 0.2357
  Batch 7700/12038, Loss: 0.2748
  Batch 7800/12038, Loss: 0.2551
  Batch 7900/12038, Loss: 0.2250
  Batch 8000/12038, Loss: 0.1844
  Batch 8100/12038, Loss: 0.1621
  Batch 8200/12038, Loss: 0.1757
  Batch 8300/12038, Loss: 0.2963
  Batch 8400/12038, Loss: 0.2591
  Batch 8500/12038, Loss: 0.2069
  Batch 8600/12038, Loss: 0.2098
  Batch 8700/12038, Loss: 0.2162
  Batch 8800/12038, Loss: 0.0883
  Batch 8900/12038, Loss: 0.2004
  Batch 9000/12038, Loss: 0.2154
  Batch 9100/12038, Loss: 0.2514
  Batch 9200/12038, Loss: 0.3692
  Batch 9300/12038, Loss: 0.2157
  Batch 9400/12038, Loss: 0.3127
  Batch 9500/12038, Loss: 0.3286
  Batch 9600/12038, Loss: 0.2296
  Batch 9700/12038, Loss: 0.2579
  Batch 9800/12038, Loss: 0.2634
  Batch 9900/12038, Loss: 0.2489
  Batch 10000/12038, Loss: 0.1905
  Batch 10100/12038, Loss: 0.3057
  Batch 10200/12038, Loss: 0.2484
  Batch 10300/12038, Loss: 0.2835
  Batch 10400/12038, Loss: 0.2755
  Batch 10500/12038, Loss: 0.2614
  Batch 10600/12038, Loss: 0.2595
  Batch 10700/12038, Loss: 0.2408
  Batch 10800/12038, Loss: 0.4718
  Batch 10900/12038, Loss: 0.2548
  Batch 11000/12038, Loss: 0.2423
  Batch 11100/12038, Loss: 0.3855
  Batch 11200/12038, Loss: 0.2373
  Batch 11300/12038, Loss: 0.2753
  Batch 11400/12038, Loss: 0.3048
  Batch 11500/12038, Loss: 0.1946
  Batch 11600/12038, Loss: 0.2004
  Batch 11700/12038, Loss: 0.1069
  Batch 11800/12038, Loss: 0.2066
  Batch 11900/12038, Loss: 0.4540
  Batch 12000/12038, Loss: 0.2283
Train Loss: 0.2622
Val Loss: 0.4161, Val Macro F1: 0.7274
Current learning rate: 0.000086

============================================================
Epoch 13/50
============================================================
  Batch 0/12038, Loss: 0.2562
  Batch 100/12038, Loss: 0.2538
  Batch 200/12038, Loss: 0.2181
  Batch 300/12038, Loss: 0.3173
  Batch 400/12038, Loss: 0.2517
  Batch 500/12038, Loss: 0.4512
  Batch 600/12038, Loss: 0.3435
  Batch 700/12038, Loss: 0.2679
  Batch 800/12038, Loss: 0.2050
  Batch 900/12038, Loss: 0.2560
  Batch 1000/12038, Loss: 0.1681
  Batch 1100/12038, Loss: 0.2903
  Batch 1200/12038, Loss: 0.2318
  Batch 1300/12038, Loss: 0.3326
  Batch 1400/12038, Loss: 0.2528
  Batch 1500/12038, Loss: 0.2555
  Batch 1600/12038, Loss: 0.3074
  Batch 1700/12038, Loss: 0.2945
  Batch 1800/12038, Loss: 0.1699
  Batch 1900/12038, Loss: 0.1727
  Batch 2000/12038, Loss: 0.3587
  Batch 2100/12038, Loss: 0.4442
  Batch 2200/12038, Loss: 0.2329
  Batch 2300/12038, Loss: 0.3378
  Batch 2400/12038, Loss: 0.3046
  Batch 2500/12038, Loss: 0.2637
  Batch 2600/12038, Loss: 0.1663
  Batch 2700/12038, Loss: 0.3357
  Batch 2800/12038, Loss: 0.2334
  Batch 2900/12038, Loss: 0.2731
  Batch 3000/12038, Loss: 0.3222
  Batch 3100/12038, Loss: 0.3150
  Batch 3200/12038, Loss: 0.3175
  Batch 3300/12038, Loss: 0.2400
  Batch 3400/12038, Loss: 0.2430
  Batch 3500/12038, Loss: 0.1967
  Batch 3600/12038, Loss: 0.1322
  Batch 3700/12038, Loss: 0.4586
  Batch 3800/12038, Loss: 0.3275
  Batch 3900/12038, Loss: 0.1867
  Batch 4000/12038, Loss: 0.1911
  Batch 4100/12038, Loss: 0.2383
  Batch 4200/12038, Loss: 0.2100
  Batch 4300/12038, Loss: 0.2115
  Batch 4400/12038, Loss: 0.2446
  Batch 4500/12038, Loss: 0.2428
  Batch 4600/12038, Loss: 0.2063
  Batch 4700/12038, Loss: 0.3876
  Batch 4800/12038, Loss: 0.1848
  Batch 4900/12038, Loss: 0.2141
  Batch 5000/12038, Loss: 0.1968
  Batch 5100/12038, Loss: 0.2868
  Batch 5200/12038, Loss: 0.3586
  Batch 5300/12038, Loss: 0.1334
  Batch 5400/12038, Loss: 0.2264
  Batch 5500/12038, Loss: 0.2302
  Batch 5600/12038, Loss: 0.3939
  Batch 5700/12038, Loss: 0.2825
  Batch 5800/12038, Loss: 0.3190
  Batch 5900/12038, Loss: 0.1470
  Batch 6000/12038, Loss: 0.2269
  Batch 6100/12038, Loss: 0.1978
  Batch 6200/12038, Loss: 0.2868
  Batch 6300/12038, Loss: 0.3085
  Batch 6400/12038, Loss: 0.3503
  Batch 6500/12038, Loss: 0.3874
  Batch 6600/12038, Loss: 0.2234
  Batch 6700/12038, Loss: 0.3016
  Batch 6800/12038, Loss: 0.1860
  Batch 6900/12038, Loss: 0.2892
  Batch 7000/12038, Loss: 0.2753
  Batch 7100/12038, Loss: 0.1661
  Batch 7200/12038, Loss: 0.2237
  Batch 7300/12038, Loss: 0.3277
  Batch 7400/12038, Loss: 0.1847
  Batch 7500/12038, Loss: 0.2010
  Batch 7600/12038, Loss: 0.2741
  Batch 7700/12038, Loss: 0.2704
  Batch 7800/12038, Loss: 0.2959
  Batch 7900/12038, Loss: 0.1636
  Batch 8000/12038, Loss: 0.2359
  Batch 8100/12038, Loss: 0.4020
  Batch 8200/12038, Loss: 0.2335
  Batch 8300/12038, Loss: 0.2298
  Batch 8400/12038, Loss: 0.2512
  Batch 8500/12038, Loss: 0.1904
  Batch 8600/12038, Loss: 0.1353
  Batch 8700/12038, Loss: 0.2708
  Batch 8800/12038, Loss: 0.1937
  Batch 8900/12038, Loss: 0.3587
  Batch 9000/12038, Loss: 0.2578
  Batch 9100/12038, Loss: 0.3029
  Batch 9200/12038, Loss: 0.2445
  Batch 9300/12038, Loss: 0.3537
  Batch 9400/12038, Loss: 0.2185
  Batch 9500/12038, Loss: 0.2854
  Batch 9600/12038, Loss: 0.3309
  Batch 9700/12038, Loss: 0.2099
  Batch 9800/12038, Loss: 0.2427
  Batch 9900/12038, Loss: 0.3067
  Batch 10000/12038, Loss: 0.1310
  Batch 10100/12038, Loss: 0.2082
  Batch 10200/12038, Loss: 0.5002
  Batch 10300/12038, Loss: 0.2829
  Batch 10400/12038, Loss: 0.3322
  Batch 10500/12038, Loss: 0.1645
  Batch 10600/12038, Loss: 0.1607
  Batch 10700/12038, Loss: 0.2376
  Batch 10800/12038, Loss: 0.3869
  Batch 10900/12038, Loss: 0.2583
  Batch 11000/12038, Loss: 0.2081
  Batch 11100/12038, Loss: 0.2427
  Batch 11200/12038, Loss: 0.1504
  Batch 11300/12038, Loss: 0.2917
  Batch 11400/12038, Loss: 0.2439
  Batch 11500/12038, Loss: 0.3290
  Batch 11600/12038, Loss: 0.3092
  Batch 11700/12038, Loss: 0.3319
  Batch 11800/12038, Loss: 0.3136
  Batch 11900/12038, Loss: 0.1906
  Batch 12000/12038, Loss: 0.2161
Train Loss: 0.2581
Val Loss: 0.4228, Val Macro F1: 0.7065
Current learning rate: 0.000084

============================================================
Epoch 14/50
============================================================
