INFO:    User not listed in /etc/subuid, trying root-mapped namespace
INFO:    Using fakeroot command combined with root-mapped namespace
Using device: cuda
GPU: NVIDIA L40S
Memory: 47.67 GB
Checkpoint directory: model/STM/CoordConvLDAM_preIN6_corpora_categories/standard/ckpt/2026-02-07_11-08

============================================================
Loading and preparing data...
============================================================
Loaded: /vast-ac8888/MusicSpeech-STM/STM_output/corpSTMnpy/BibleTTS-akuapem-twi_STMall.npy, shape: (23592, 2420)
Loaded: /vast-ac8888/MusicSpeech-STM/STM_output/corpSTMnpy/BibleTTS-asante-twi_STMall.npy, shape: (20768, 2420)
Loaded: /vast-ac8888/MusicSpeech-STM/STM_output/corpSTMnpy/BibleTTS-ewe_STMall.npy, shape: (22138, 2420)
Loaded: /vast-ac8888/MusicSpeech-STM/STM_output/corpSTMnpy/BibleTTS-hausa_STMall.npy, shape: (29002, 2420)
Loaded: /vast-ac8888/MusicSpeech-STM/STM_output/corpSTMnpy/BibleTTS-lingala_STMall.npy, shape: (11219, 2420)
Loaded: /vast-ac8888/MusicSpeech-STM/STM_output/corpSTMnpy/BibleTTS-yoruba_STMall.npy, shape: (6629, 2420)
Loaded: /vast-ac8888/MusicSpeech-STM/STM_output/corpSTMnpy/Buckeye_STMall.npy, shape: (255, 2420)
Loaded: /vast-ac8888/MusicSpeech-STM/STM_output/corpSTMnpy/EUROM_STMall.npy, shape: (6623, 2420)
Loaded: /vast-ac8888/MusicSpeech-STM/STM_output/corpSTMnpy/HiltonMoser2022_speech_STMall.npy, shape: (785, 2420)
Loaded: /vast-ac8888/MusicSpeech-STM/STM_output/corpSTMnpy/LibriSpeech_STMall.npy, shape: (27144, 2420)
Loaded: /vast-ac8888/MusicSpeech-STM/STM_output/corpSTMnpy/MediaSpeech-AR_STMall.npy, shape: (2505, 2420)
Loaded: /vast-ac8888/MusicSpeech-STM/STM_output/corpSTMnpy/MediaSpeech-ES_STMall.npy, shape: (2507, 2420)
Loaded: /vast-ac8888/MusicSpeech-STM/STM_output/corpSTMnpy/MediaSpeech-FR_STMall.npy, shape: (2498, 2420)
Loaded: /vast-ac8888/MusicSpeech-STM/STM_output/corpSTMnpy/MediaSpeech-TR_STMall.npy, shape: (2512, 2420)
Loaded: /vast-ac8888/MusicSpeech-STM/STM_output/corpSTMnpy/MozillaCommonVoice-ab_STMall.npy, shape: (7558, 2420)
Loaded: /vast-ac8888/MusicSpeech-STM/STM_output/corpSTMnpy/MozillaCommonVoice-ar_STMall.npy, shape: (8080, 2420)
Loaded: /vast-ac8888/MusicSpeech-STM/STM_output/corpSTMnpy/MozillaCommonVoice-ba_STMall.npy, shape: (7964, 2420)
Loaded: /vast-ac8888/MusicSpeech-STM/STM_output/corpSTMnpy/MozillaCommonVoice-be_STMall.npy, shape: (8595, 2420)
Loaded: /vast-ac8888/MusicSpeech-STM/STM_output/corpSTMnpy/MozillaCommonVoice-bg_STMall.npy, shape: (7130, 2420)
Loaded: /vast-ac8888/MusicSpeech-STM/STM_output/corpSTMnpy/MozillaCommonVoice-bn_STMall.npy, shape: (8149, 2420)
Loaded: /vast-ac8888/MusicSpeech-STM/STM_output/corpSTMnpy/MozillaCommonVoice-br_STMall.npy, shape: (1454, 2420)
Loaded: /vast-ac8888/MusicSpeech-STM/STM_output/corpSTMnpy/MozillaCommonVoice-ca_STMall.npy, shape: (8237, 2420)
Loaded: /vast-ac8888/MusicSpeech-STM/STM_output/corpSTMnpy/MozillaCommonVoice-ckb_STMall.npy, shape: (7490, 2420)
Loaded: /vast-ac8888/MusicSpeech-STM/STM_output/corpSTMnpy/MozillaCommonVoice-cnh_STMall.npy, shape: (656, 2420)
Loaded: /vast-ac8888/MusicSpeech-STM/STM_output/corpSTMnpy/MozillaCommonVoice-cs_STMall.npy, shape: (8622, 2420)
Loaded: /vast-ac8888/MusicSpeech-STM/STM_output/corpSTMnpy/MozillaCommonVoice-cv_STMall.npy, shape: (8755, 2420)
Loaded: /vast-ac8888/MusicSpeech-STM/STM_output/corpSTMnpy/MozillaCommonVoice-cy_STMall.npy, shape: (7640, 2420)
Loaded: /vast-ac8888/MusicSpeech-STM/STM_output/corpSTMnpy/MozillaCommonVoice-da_STMall.npy, shape: (3878, 2420)
Loaded: /vast-ac8888/MusicSpeech-STM/STM_output/corpSTMnpy/MozillaCommonVoice-de_STMall.npy, shape: (8979, 2420)
Loaded: /vast-ac8888/MusicSpeech-STM/STM_output/corpSTMnpy/MozillaCommonVoice-dv_STMall.npy, shape: (9113, 2420)
Loaded: /vast-ac8888/MusicSpeech-STM/STM_output/corpSTMnpy/MozillaCommonVoice-el_STMall.npy, shape: (6422, 2420)
Loaded: /vast-ac8888/MusicSpeech-STM/STM_output/corpSTMnpy/MozillaCommonVoice-en_STMall.npy, shape: (8607, 2420)
Loaded: /vast-ac8888/MusicSpeech-STM/STM_output/corpSTMnpy/MozillaCommonVoice-eo_STMall.npy, shape: (9327, 2420)
Loaded: /vast-ac8888/MusicSpeech-STM/STM_output/corpSTMnpy/MozillaCommonVoice-es_STMall.npy, shape: (8742, 2420)
Loaded: /vast-ac8888/MusicSpeech-STM/STM_output/corpSTMnpy/MozillaCommonVoice-et_STMall.npy, shape: (9653, 2420)
Loaded: /vast-ac8888/MusicSpeech-STM/STM_output/corpSTMnpy/MozillaCommonVoice-eu_STMall.npy, shape: (7983, 2420)
Loaded: /vast-ac8888/MusicSpeech-STM/STM_output/corpSTMnpy/MozillaCommonVoice-fa_STMall.npy, shape: (8629, 2420)
Loaded: /vast-ac8888/MusicSpeech-STM/STM_output/corpSTMnpy/MozillaCommonVoice-fi_STMall.npy, shape: (3982, 2420)
Loaded: /vast-ac8888/MusicSpeech-STM/STM_output/corpSTMnpy/MozillaCommonVoice-fr_STMall.npy, shape: (8912, 2420)
Loaded: /vast-ac8888/MusicSpeech-STM/STM_output/corpSTMnpy/MozillaCommonVoice-fy-NL_STMall.npy, shape: (6694, 2420)
Loaded: /vast-ac8888/MusicSpeech-STM/STM_output/corpSTMnpy/MozillaCommonVoice-ga-IE_STMall.npy, shape: (1323, 2420)
Loaded: /vast-ac8888/MusicSpeech-STM/STM_output/corpSTMnpy/MozillaCommonVoice-gl_STMall.npy, shape: (8623, 2420)
Loaded: /vast-ac8888/MusicSpeech-STM/STM_output/corpSTMnpy/MozillaCommonVoice-gn_STMall.npy, shape: (1014, 2420)
Loaded: /vast-ac8888/MusicSpeech-STM/STM_output/corpSTMnpy/MozillaCommonVoice-hi_STMall.npy, shape: (5438, 2420)
Loaded: /vast-ac8888/MusicSpeech-STM/STM_output/corpSTMnpy/MozillaCommonVoice-hu_STMall.npy, shape: (8319, 2420)
Loaded: /vast-ac8888/MusicSpeech-STM/STM_output/corpSTMnpy/MozillaCommonVoice-hy-AM_STMall.npy, shape: (6980, 2420)
Loaded: /vast-ac8888/MusicSpeech-STM/STM_output/corpSTMnpy/MozillaCommonVoice-id_STMall.npy, shape: (8468, 2420)
Loaded: /vast-ac8888/MusicSpeech-STM/STM_output/corpSTMnpy/MozillaCommonVoice-ig_STMall.npy, shape: (9, 2420)
Loaded: /vast-ac8888/MusicSpeech-STM/STM_output/corpSTMnpy/MozillaCommonVoice-it_STMall.npy, shape: (9083, 2420)
Loaded: /vast-ac8888/MusicSpeech-STM/STM_output/corpSTMnpy/MozillaCommonVoice-ja_STMall.npy, shape: (8606, 2420)
Loaded: /vast-ac8888/MusicSpeech-STM/STM_output/corpSTMnpy/MozillaCommonVoice-ka_STMall.npy, shape: (9409, 2420)
Loaded: /vast-ac8888/MusicSpeech-STM/STM_output/corpSTMnpy/MozillaCommonVoice-kab_STMall.npy, shape: (7172, 2420)
Loaded: /vast-ac8888/MusicSpeech-STM/STM_output/corpSTMnpy/MozillaCommonVoice-kk_STMall.npy, shape: (867, 2420)
Loaded: /vast-ac8888/MusicSpeech-STM/STM_output/corpSTMnpy/MozillaCommonVoice-kmr_STMall.npy, shape: (6603, 2420)
Loaded: /vast-ac8888/MusicSpeech-STM/STM_output/corpSTMnpy/MozillaCommonVoice-ky_STMall.npy, shape: (7998, 2420)
Loaded: /vast-ac8888/MusicSpeech-STM/STM_output/corpSTMnpy/MozillaCommonVoice-lg_STMall.npy, shape: (8169, 2420)
Loaded: /vast-ac8888/MusicSpeech-STM/STM_output/corpSTMnpy/MozillaCommonVoice-lt_STMall.npy, shape: (9073, 2420)
Loaded: /vast-ac8888/MusicSpeech-STM/STM_output/corpSTMnpy/MozillaCommonVoice-ltg_STMall.npy, shape: (2299, 2420)
Loaded: /vast-ac8888/MusicSpeech-STM/STM_output/corpSTMnpy/MozillaCommonVoice-lv_STMall.npy, shape: (7666, 2420)
Loaded: /vast-ac8888/MusicSpeech-STM/STM_output/corpSTMnpy/MozillaCommonVoice-mhr_STMall.npy, shape: (8336, 2420)
Loaded: /vast-ac8888/MusicSpeech-STM/STM_output/corpSTMnpy/MozillaCommonVoice-ml_STMall.npy, shape: (813, 2420)
Loaded: /vast-ac8888/MusicSpeech-STM/STM_output/corpSTMnpy/MozillaCommonVoice-mn_STMall.npy, shape: (5968, 2420)
Loaded: /vast-ac8888/MusicSpeech-STM/STM_output/corpSTMnpy/MozillaCommonVoice-mt_STMall.npy, shape: (3632, 2420)
Loaded: /vast-ac8888/MusicSpeech-STM/STM_output/corpSTMnpy/MozillaCommonVoice-nan-tw_STMall.npy, shape: (181, 2420)
Loaded: /vast-ac8888/MusicSpeech-STM/STM_output/corpSTMnpy/MozillaCommonVoice-nl_STMall.npy, shape: (8834, 2420)
Loaded: /vast-ac8888/MusicSpeech-STM/STM_output/corpSTMnpy/MozillaCommonVoice-oc_STMall.npy, shape: (681, 2420)
Loaded: /vast-ac8888/MusicSpeech-STM/STM_output/corpSTMnpy/MozillaCommonVoice-or_STMall.npy, shape: (1941, 2420)
Loaded: /vast-ac8888/MusicSpeech-STM/STM_output/corpSTMnpy/MozillaCommonVoice-pl_STMall.npy, shape: (8817, 2420)
Loaded: /vast-ac8888/MusicSpeech-STM/STM_output/corpSTMnpy/MozillaCommonVoice-pt_STMall.npy, shape: (8413, 2420)
Loaded: /vast-ac8888/MusicSpeech-STM/STM_output/corpSTMnpy/MozillaCommonVoice-ro_STMall.npy, shape: (6666, 2420)
Loaded: /vast-ac8888/MusicSpeech-STM/STM_output/corpSTMnpy/MozillaCommonVoice-ru_STMall.npy, shape: (9260, 2420)
Loaded: /vast-ac8888/MusicSpeech-STM/STM_output/corpSTMnpy/MozillaCommonVoice-rw_STMall.npy, shape: (9148, 2420)
Loaded: /vast-ac8888/MusicSpeech-STM/STM_output/corpSTMnpy/MozillaCommonVoice-sr_STMall.npy, shape: (391, 2420)
Loaded: /vast-ac8888/MusicSpeech-STM/STM_output/corpSTMnpy/MozillaCommonVoice-sv-SE_STMall.npy, shape: (8288, 2420)
Loaded: /vast-ac8888/MusicSpeech-STM/STM_output/corpSTMnpy/MozillaCommonVoice-sw_STMall.npy, shape: (9192, 2420)
Loaded: /vast-ac8888/MusicSpeech-STM/STM_output/corpSTMnpy/MozillaCommonVoice-ta_STMall.npy, shape: (9474, 2420)
Loaded: /vast-ac8888/MusicSpeech-STM/STM_output/corpSTMnpy/MozillaCommonVoice-th_STMall.npy, shape: (8044, 2420)
Loaded: /vast-ac8888/MusicSpeech-STM/STM_output/corpSTMnpy/MozillaCommonVoice-tr_STMall.npy, shape: (7953, 2420)
Loaded: /vast-ac8888/MusicSpeech-STM/STM_output/corpSTMnpy/MozillaCommonVoice-tt_STMall.npy, shape: (7454, 2420)
Loaded: /vast-ac8888/MusicSpeech-STM/STM_output/corpSTMnpy/MozillaCommonVoice-ug_STMall.npy, shape: (7899, 2420)
Loaded: /vast-ac8888/MusicSpeech-STM/STM_output/corpSTMnpy/MozillaCommonVoice-uk_STMall.npy, shape: (8819, 2420)
Loaded: /vast-ac8888/MusicSpeech-STM/STM_output/corpSTMnpy/MozillaCommonVoice-ur_STMall.npy, shape: (8970, 2420)
Loaded: /vast-ac8888/MusicSpeech-STM/STM_output/corpSTMnpy/MozillaCommonVoice-uz_STMall.npy, shape: (7911, 2420)
Loaded: /vast-ac8888/MusicSpeech-STM/STM_output/corpSTMnpy/MozillaCommonVoice-vi_STMall.npy, shape: (1859, 2420)
Loaded: /vast-ac8888/MusicSpeech-STM/STM_output/corpSTMnpy/MozillaCommonVoice-yo_STMall.npy, shape: (2511, 2420)
Loaded: /vast-ac8888/MusicSpeech-STM/STM_output/corpSTMnpy/MozillaCommonVoice-yue_STMall.npy, shape: (6156, 2420)
Loaded: /vast-ac8888/MusicSpeech-STM/STM_output/corpSTMnpy/MozillaCommonVoice-zh-CN_STMall.npy, shape: (8715, 2420)
Loaded: /vast-ac8888/MusicSpeech-STM/STM_output/corpSTMnpy/MozillaCommonVoice-zh-TW_STMall.npy, shape: (7286, 2420)
Loaded: /vast-ac8888/MusicSpeech-STM/STM_output/corpSTMnpy/SpeechClarity_STMall.npy, shape: (555, 2420)
Loaded: /vast-ac8888/MusicSpeech-STM/STM_output/corpSTMnpy/TAT-Vol2_STMall.npy, shape: (793, 2420)
Loaded: /vast-ac8888/MusicSpeech-STM/STM_output/corpSTMnpy/TIMIT_STMall.npy, shape: (479, 2420)
Loaded: /vast-ac8888/MusicSpeech-STM/STM_output/corpSTMnpy/TTS_Javanese_STMall.npy, shape: (3068, 2420)
Loaded: /vast-ac8888/MusicSpeech-STM/STM_output/corpSTMnpy/primewords_chinese_STMall.npy, shape: (47166, 2420)
Loaded: /vast-ac8888/MusicSpeech-STM/STM_output/corpSTMnpy/room_reader_STMall.npy, shape: (146, 2420)
Loaded: /vast-ac8888/MusicSpeech-STM/STM_output/corpSTMnpy/thchs30_STMall.npy, shape: (13327, 2420)
Loaded: /vast-ac8888/MusicSpeech-STM/STM_output/corpSTMnpy/zeroth_korean_STMall.npy, shape: (22255, 2420)
Loaded: /vast-ac8888/MusicSpeech-STM/STM_output/corpSTMnpy/Albouy2020Science_STMall.npy, shape: (123, 2420)
Loaded: /vast-ac8888/MusicSpeech-STM/STM_output/corpSTMnpy/GarlandEncyclopedia_STMall.npy, shape: (296, 2420)
Loaded: /vast-ac8888/MusicSpeech-STM/STM_output/corpSTMnpy/HiltonMoser2022_song_STMall.npy, shape: (803, 2420)
Loaded: /vast-ac8888/MusicSpeech-STM/STM_output/corpSTMnpy/IRMAS_STMall.npy, shape: (2838, 2420)
Loaded: /vast-ac8888/MusicSpeech-STM/STM_output/corpSTMnpy/MTG-Jamendo_STMall.npy, shape: (55699, 2420)
Loaded: /vast-ac8888/MusicSpeech-STM/STM_output/corpSTMnpy/MagnaTagATune_STMall.npy, shape: (25859, 2420)
Loaded: /vast-ac8888/MusicSpeech-STM/STM_output/corpSTMnpy/NHS2_STMall.npy, shape: (1007, 2420)
Loaded: /vast-ac8888/MusicSpeech-STM/STM_output/corpSTMnpy/fma_large_STMall.npy, shape: (106257, 2420)
Loaded: /vast-ac8888/MusicSpeech-STM/STM_output/corpSTMnpy/ismir04_genre_STMall.npy, shape: (2185, 2420)
Loaded: /vast-ac8888/MusicSpeech-STM/STM_output/corpSTMnpy/MacaulayLibrary_STMall.npy, shape: (34565, 2420)
Loaded: /vast-ac8888/MusicSpeech-STM/STM_output/corpSTMnpy/SONYC_STMall.npy, shape: (10798, 2420)

Dataset Statistics:
Total samples: 978378
Train samples: 770393
Val samples: 102010
Test samples: 105975
Feature dimension (flattened): 2420
Expected 2D shape: (20, 121)

Class Distribution (Training):
  Class 0: 497475 samples (64.6%)
  Class 1:  80258 samples (10.4%)
  Class 2: 101893 samples (13.2%)
  Class 3:  53538 samples (6.9%)
  Class 4:   9580 samples (1.2%)
  Class 5:  27649 samples (3.6%)

PyTorch Dataset Shapes (2-channel Difference Map):
Train: torch.Size([770393, 2, 20, 121])
Val: torch.Size([102010, 2, 20, 121])
Test: torch.Size([105975, 2, 20, 121])
Channel 0: Symmetric component (texture)
Channel 1: Asymmetric component (frequency sweep direction)

DataLoaders created with batch_size=256

============================================================
Creating ImageNet-Pretrained ResNet-18 for STM (V2.4)...
============================================================
Loading ImageNet-pretrained ResNet-18...
✓ Successfully loaded ImageNet pretrained weights
✓ Cloned ImageNet weights to 4-channel CoordConv stem
✓ Created STM-adapted ResNet-18 V2.6 with ImageNet pretrained weights (6 classes)
Total parameters: 11,733,702
Trainable parameters: 11,733,702

V2.6 Enhancements:
  • Three-Scale Fusion: layer2 (128ch) + layer3 (256ch) + layer4 (512ch)
  • Hybrid Loss: LDAM + Focal Loss (70%/30%)
  • Earlier DRW: Epoch 30 (vs 50 in V2.4)
  • Attention: CA (layer1-2), SE (layer3-4)
  • Block dropout: 0.05
  • Head dropout: 0.4
  • Layer freezing support (first 10 epochs)
  • STM augmentation: SpecAugment-style masking + axis shifts

V2.4 Training Configuration:
  • Multi-Scale Fusion: layer3 (256ch) + layer4 (512ch)
  • Discriminative LR: Stem/L1 (0.1x), L2-3 (0.5x), L4/Head (1.0x)
  • Layer Freezing: layer1-2 frozen for first 10 epochs
  • STM Augmentation: SpecAugment-style masking + axis shifts
  • Weight decay: 5e-4
  • Mixup alpha: 0.4
  • LDAM + DRW: Enabled (epoch 50+)
  • Early stopping: 20 epochs patience

Discriminative Learning Rates:
  stem_layer1         : LR = 0.000010 (5 params)
  layer2_layer3       : LR = 0.000050 (14 params)
  layer4              : LR = 0.000100 (7 params)
  multi_scale_fusion  : LR = 0.000100 (3 params)
  head                : LR = 0.000100 (2 params)
  attention           : LR = 0.000100 (28 params)
  batchnorm           : LR = 0.000100 (34 params)

Hybrid Loss initialized: 70% LDAM + 30% Focal (gamma=2.0)
✓ Frozen: conv1, bn1, layer1, layer2

→ Layer1-2 frozen for first 10 epochs

============================================================
Starting training...
============================================================

============================================================
Epoch 1/100
============================================================
  Batch 0/3010, Loss: 7.5332, DRW: False, Mixup: True
  Batch 500/3010, Loss: 2.6190, DRW: False, Mixup: True
  Batch 1000/3010, Loss: 2.5263, DRW: False, Mixup: True
  Batch 1500/3010, Loss: 3.3084, DRW: False, Mixup: True
  Batch 2000/3010, Loss: 3.8944, DRW: False, Mixup: True
  Batch 2500/3010, Loss: 2.1141, DRW: False, Mixup: True
  Batch 3000/3010, Loss: 2.4297, DRW: False, Mixup: True
Train Loss: 2.9215
Val Loss: 1.5322, Val Macro F1: 0.7054
Current learning rate: 0.000010
✓ Saved best model with Val F1: 0.7054

============================================================
Epoch 2/100
============================================================
  Batch 0/3010, Loss: 2.5943, DRW: False, Mixup: True
  Batch 500/3010, Loss: 2.8369, DRW: False, Mixup: True
  Batch 1000/3010, Loss: 3.0487, DRW: False, Mixup: True
  Batch 1500/3010, Loss: 2.1858, DRW: False, Mixup: True
  Batch 2000/3010, Loss: 2.1895, DRW: False, Mixup: True
  Batch 2500/3010, Loss: 2.6111, DRW: False, Mixup: True
  Batch 3000/3010, Loss: 2.5728, DRW: False, Mixup: True
Train Loss: 2.5336
Val Loss: 1.5477, Val Macro F1: 0.7654
Current learning rate: 0.000010
✓ Saved best model with Val F1: 0.7654

============================================================
Epoch 3/100
============================================================
  Batch 0/3010, Loss: 2.1545, DRW: False, Mixup: True
  Batch 500/3010, Loss: 1.9631, DRW: False, Mixup: True
  Batch 1000/3010, Loss: 2.1903, DRW: False, Mixup: True
  Batch 1500/3010, Loss: 2.4541, DRW: False, Mixup: True
  Batch 2000/3010, Loss: 2.1375, DRW: False, Mixup: True
  Batch 2500/3010, Loss: 2.3534, DRW: False, Mixup: True
  Batch 3000/3010, Loss: 2.2122, DRW: False, Mixup: True
Train Loss: 2.4128
Val Loss: 1.5433, Val Macro F1: 0.7568
Current learning rate: 0.000010

============================================================
Epoch 4/100
============================================================
  Batch 0/3010, Loss: 2.4949, DRW: False, Mixup: True
  Batch 500/3010, Loss: 2.3877, DRW: False, Mixup: True
  Batch 1000/3010, Loss: 2.1796, DRW: False, Mixup: True
  Batch 1500/3010, Loss: 1.9884, DRW: False, Mixup: True
  Batch 2000/3010, Loss: 2.1002, DRW: False, Mixup: True
  Batch 2500/3010, Loss: 2.2627, DRW: False, Mixup: True
  Batch 3000/3010, Loss: 2.1424, DRW: False, Mixup: True
Train Loss: 2.3644
Val Loss: 1.5425, Val Macro F1: 0.7555
Current learning rate: 0.000010

============================================================
Epoch 5/100
============================================================
  Batch 0/3010, Loss: 1.9677, DRW: False, Mixup: True
  Batch 500/3010, Loss: 2.3829, DRW: False, Mixup: True
  Batch 1000/3010, Loss: 2.0207, DRW: False, Mixup: True
  Batch 1500/3010, Loss: 3.6705, DRW: False, Mixup: True
  Batch 2000/3010, Loss: 2.5302, DRW: False, Mixup: True
  Batch 2500/3010, Loss: 2.1976, DRW: False, Mixup: True
  Batch 3000/3010, Loss: 2.3152, DRW: False, Mixup: True
Train Loss: 2.3395
Val Loss: 1.5398, Val Macro F1: 0.7663
Current learning rate: 0.000010
✓ Saved best model with Val F1: 0.7663

============================================================
Epoch 6/100
============================================================
  Batch 0/3010, Loss: 1.9082, DRW: False, Mixup: True
  Batch 500/3010, Loss: 1.9367, DRW: False, Mixup: True
  Batch 1000/3010, Loss: 2.0851, DRW: False, Mixup: True
  Batch 1500/3010, Loss: 1.8797, DRW: False, Mixup: True
  Batch 2000/3010, Loss: 2.0071, DRW: False, Mixup: True
  Batch 2500/3010, Loss: 2.7207, DRW: False, Mixup: True
  Batch 3000/3010, Loss: 1.8643, DRW: False, Mixup: True
Train Loss: 2.3105
Val Loss: 1.5471, Val Macro F1: 0.7807
Current learning rate: 0.000010
✓ Saved best model with Val F1: 0.7807

============================================================
Epoch 7/100
============================================================
  Batch 0/3010, Loss: 2.0014, DRW: False, Mixup: True
  Batch 500/3010, Loss: 1.9709, DRW: False, Mixup: True
  Batch 1000/3010, Loss: 3.1693, DRW: False, Mixup: True
  Batch 1500/3010, Loss: 3.3884, DRW: False, Mixup: True
  Batch 2000/3010, Loss: 2.2997, DRW: False, Mixup: True
  Batch 2500/3010, Loss: 1.7905, DRW: False, Mixup: True
  Batch 3000/3010, Loss: 2.1170, DRW: False, Mixup: True
Train Loss: 2.2827
Val Loss: 1.5378, Val Macro F1: 0.7770
Current learning rate: 0.000010

============================================================
Epoch 8/100
============================================================
  Batch 0/3010, Loss: 2.0193, DRW: False, Mixup: True
  Batch 500/3010, Loss: 1.7855, DRW: False, Mixup: True
  Batch 1000/3010, Loss: 2.3990, DRW: False, Mixup: True
  Batch 1500/3010, Loss: 1.7226, DRW: False, Mixup: True
  Batch 2000/3010, Loss: 3.3658, DRW: False, Mixup: True
  Batch 2500/3010, Loss: 2.0931, DRW: False, Mixup: True
  Batch 3000/3010, Loss: 2.1039, DRW: False, Mixup: True
Train Loss: 2.2668
Val Loss: 1.5385, Val Macro F1: 0.7945
Current learning rate: 0.000010
✓ Saved best model with Val F1: 0.7945

============================================================
Epoch 9/100
============================================================
  Batch 0/3010, Loss: 1.9329, DRW: False, Mixup: True
  Batch 500/3010, Loss: 1.9687, DRW: False, Mixup: True
  Batch 1000/3010, Loss: 2.5496, DRW: False, Mixup: True
  Batch 1500/3010, Loss: 2.0934, DRW: False, Mixup: True
  Batch 2000/3010, Loss: 1.9722, DRW: False, Mixup: True
  Batch 2500/3010, Loss: 1.6878, DRW: False, Mixup: True
  Batch 3000/3010, Loss: 2.0728, DRW: False, Mixup: True
Train Loss: 2.2563
Val Loss: 1.5397, Val Macro F1: 0.7977
Current learning rate: 0.000010
✓ Saved best model with Val F1: 0.7977

============================================================
Epoch 10/100
============================================================
  Batch 0/3010, Loss: 1.8535, DRW: False, Mixup: True
  Batch 500/3010, Loss: 3.2469, DRW: False, Mixup: True
  Batch 1000/3010, Loss: 2.0937, DRW: False, Mixup: True
  Batch 1500/3010, Loss: 1.9668, DRW: False, Mixup: True
  Batch 2000/3010, Loss: 1.7221, DRW: False, Mixup: True
  Batch 2500/3010, Loss: 1.9470, DRW: False, Mixup: True
  Batch 3000/3010, Loss: 2.0040, DRW: False, Mixup: True
Train Loss: 2.2320
Val Loss: 1.5405, Val Macro F1: 0.7832
Current learning rate: 0.000010

============================================================
Epoch 11/100
============================================================
✓ Unfrozen all layers

*** Epoch 11: Unfreezing all layers ***

  Batch 0/3010, Loss: 2.1912, DRW: False, Mixup: True
  Batch 500/3010, Loss: 2.0290, DRW: False, Mixup: True
  Batch 1000/3010, Loss: 1.7275, DRW: False, Mixup: True
  Batch 1500/3010, Loss: 2.0287, DRW: False, Mixup: True
  Batch 2000/3010, Loss: 3.7684, DRW: False, Mixup: True
  Batch 2500/3010, Loss: 1.5075, DRW: False, Mixup: True
  Batch 3000/3010, Loss: 2.2764, DRW: False, Mixup: True
Train Loss: 2.1294
Val Loss: 1.5444, Val Macro F1: 0.8065
Current learning rate: 0.000010
✓ Saved best model with Val F1: 0.8065

============================================================
Epoch 12/100
============================================================
  Batch 0/3010, Loss: 2.2899, DRW: False, Mixup: True
  Batch 500/3010, Loss: 1.5993, DRW: False, Mixup: True
  Batch 1000/3010, Loss: 1.8833, DRW: False, Mixup: True
  Batch 1500/3010, Loss: 2.0471, DRW: False, Mixup: True
  Batch 2000/3010, Loss: 3.3432, DRW: False, Mixup: True
  Batch 2500/3010, Loss: 2.0379, DRW: False, Mixup: True
  Batch 3000/3010, Loss: 1.5501, DRW: False, Mixup: True
Train Loss: 2.0658
Val Loss: 1.5287, Val Macro F1: 0.8144
Current learning rate: 0.000010
✓ Saved best model with Val F1: 0.8144

============================================================
Epoch 13/100
============================================================
  Batch 0/3010, Loss: 1.6811, DRW: False, Mixup: True
  Batch 500/3010, Loss: 1.8822, DRW: False, Mixup: True
  Batch 1000/3010, Loss: 1.9511, DRW: False, Mixup: True
  Batch 1500/3010, Loss: 1.5873, DRW: False, Mixup: True
  Batch 2000/3010, Loss: 3.7247, DRW: False, Mixup: True
  Batch 2500/3010, Loss: 3.4963, DRW: False, Mixup: True
  Batch 3000/3010, Loss: 1.8759, DRW: False, Mixup: True
Train Loss: 2.0108
Val Loss: 1.5357, Val Macro F1: 0.8223
Current learning rate: 0.000010
✓ Saved best model with Val F1: 0.8223

============================================================
Epoch 14/100
============================================================
  Batch 0/3010, Loss: 2.4400, DRW: False, Mixup: True
  Batch 500/3010, Loss: 3.0189, DRW: False, Mixup: True
  Batch 1000/3010, Loss: 1.6772, DRW: False, Mixup: True
  Batch 1500/3010, Loss: 1.5323, DRW: False, Mixup: True
  Batch 2000/3010, Loss: 3.2848, DRW: False, Mixup: True
  Batch 2500/3010, Loss: 1.8363, DRW: False, Mixup: True
  Batch 3000/3010, Loss: 1.8524, DRW: False, Mixup: True
Train Loss: 1.9703
Val Loss: 1.5333, Val Macro F1: 0.8152
Current learning rate: 0.000010

============================================================
Epoch 15/100
============================================================
  Batch 0/3010, Loss: 1.8910, DRW: False, Mixup: True
  Batch 500/3010, Loss: 1.7025, DRW: False, Mixup: True
  Batch 1000/3010, Loss: 1.4735, DRW: False, Mixup: True
  Batch 1500/3010, Loss: 2.0029, DRW: False, Mixup: True
  Batch 2000/3010, Loss: 1.8103, DRW: False, Mixup: True
  Batch 2500/3010, Loss: 1.9988, DRW: False, Mixup: True
  Batch 3000/3010, Loss: 3.6977, DRW: False, Mixup: True
Train Loss: 1.9615
Val Loss: 1.5304, Val Macro F1: 0.8272
Current learning rate: 0.000010
✓ Saved best model with Val F1: 0.8272

============================================================
Epoch 16/100
============================================================
  Batch 0/3010, Loss: 1.6477, DRW: False, Mixup: True
  Batch 500/3010, Loss: 1.6988, DRW: False, Mixup: True
  Batch 1000/3010, Loss: 2.3816, DRW: False, Mixup: True
  Batch 1500/3010, Loss: 2.4119, DRW: False, Mixup: True
  Batch 2000/3010, Loss: 3.9534, DRW: False, Mixup: True
  Batch 2500/3010, Loss: 1.3711, DRW: False, Mixup: True
  Batch 3000/3010, Loss: 1.6019, DRW: False, Mixup: True
Train Loss: 1.9161
Val Loss: 1.5325, Val Macro F1: 0.8353
Current learning rate: 0.000010
✓ Saved best model with Val F1: 0.8353

============================================================
Epoch 17/100
============================================================
  Batch 0/3010, Loss: 1.9160, DRW: False, Mixup: True
  Batch 500/3010, Loss: 1.6018, DRW: False, Mixup: True
  Batch 1000/3010, Loss: 1.8654, DRW: False, Mixup: True
  Batch 1500/3010, Loss: 3.9208, DRW: False, Mixup: True
  Batch 2000/3010, Loss: 2.8818, DRW: False, Mixup: True
  Batch 2500/3010, Loss: 1.7237, DRW: False, Mixup: True
  Batch 3000/3010, Loss: 1.7744, DRW: False, Mixup: True
Train Loss: 1.9071
Val Loss: 1.5302, Val Macro F1: 0.8383
Current learning rate: 0.000010
✓ Saved best model with Val F1: 0.8383

============================================================
Epoch 18/100
============================================================
  Batch 0/3010, Loss: 1.5449, DRW: False, Mixup: True
  Batch 500/3010, Loss: 1.7128, DRW: False, Mixup: True
  Batch 1000/3010, Loss: 1.6465, DRW: False, Mixup: True
  Batch 1500/3010, Loss: 1.5664, DRW: False, Mixup: True
  Batch 2000/3010, Loss: 2.7260, DRW: False, Mixup: True
  Batch 2500/3010, Loss: 2.1578, DRW: False, Mixup: True
  Batch 3000/3010, Loss: 1.8090, DRW: False, Mixup: True
Train Loss: 1.8873
Val Loss: 1.5301, Val Macro F1: 0.8334
Current learning rate: 0.000010

============================================================
Epoch 19/100
============================================================
  Batch 0/3010, Loss: 1.4285, DRW: False, Mixup: True
  Batch 500/3010, Loss: 1.4552, DRW: False, Mixup: True
  Batch 1000/3010, Loss: 1.5509, DRW: False, Mixup: True
  Batch 1500/3010, Loss: 1.7412, DRW: False, Mixup: True
  Batch 2000/3010, Loss: 1.6491, DRW: False, Mixup: True
  Batch 2500/3010, Loss: 1.4848, DRW: False, Mixup: True
  Batch 3000/3010, Loss: 1.4439, DRW: False, Mixup: True
Train Loss: 1.8608
Val Loss: 1.5303, Val Macro F1: 0.8391
Current learning rate: 0.000010
✓ Saved best model with Val F1: 0.8391

============================================================
Epoch 20/100
============================================================
  Batch 0/3010, Loss: 1.4487, DRW: False, Mixup: True
  Batch 500/3010, Loss: 1.3836, DRW: False, Mixup: True
  Batch 1000/3010, Loss: 1.9267, DRW: False, Mixup: True
  Batch 1500/3010, Loss: 1.6614, DRW: False, Mixup: True
  Batch 2000/3010, Loss: 1.6751, DRW: False, Mixup: True
  Batch 2500/3010, Loss: 1.9058, DRW: False, Mixup: True
  Batch 3000/3010, Loss: 1.4517, DRW: False, Mixup: True
Train Loss: 1.8417
Val Loss: 1.5314, Val Macro F1: 0.8421
Current learning rate: 0.000010
✓ Saved best model with Val F1: 0.8421

============================================================
Epoch 21/100
============================================================
  Batch 0/3010, Loss: 1.9373, DRW: False, Mixup: True
  Batch 500/3010, Loss: 1.9414, DRW: False, Mixup: True
  Batch 1000/3010, Loss: 3.0427, DRW: False, Mixup: True
  Batch 1500/3010, Loss: 1.5791, DRW: False, Mixup: True
  Batch 2000/3010, Loss: 1.5492, DRW: False, Mixup: True
  Batch 2500/3010, Loss: 1.5351, DRW: False, Mixup: True
  Batch 3000/3010, Loss: 1.5616, DRW: False, Mixup: True
Train Loss: 1.8389
Val Loss: 1.5270, Val Macro F1: 0.8440
Current learning rate: 0.000010
✓ Saved best model with Val F1: 0.8440

============================================================
Epoch 22/100
============================================================
  Batch 0/3010, Loss: 1.8282, DRW: False, Mixup: True
  Batch 500/3010, Loss: 2.1964, DRW: False, Mixup: True
  Batch 1000/3010, Loss: 2.1985, DRW: False, Mixup: True
  Batch 1500/3010, Loss: 1.6043, DRW: False, Mixup: True
  Batch 2000/3010, Loss: 1.9125, DRW: False, Mixup: True
  Batch 2500/3010, Loss: 1.5254, DRW: False, Mixup: True
  Batch 3000/3010, Loss: 1.4371, DRW: False, Mixup: True
Train Loss: 1.8094
Val Loss: 1.5252, Val Macro F1: 0.8406
Current learning rate: 0.000010

============================================================
Epoch 23/100
============================================================
  Batch 0/3010, Loss: 1.3799, DRW: False, Mixup: True
  Batch 500/3010, Loss: 1.7563, DRW: False, Mixup: True
  Batch 1000/3010, Loss: 1.3036, DRW: False, Mixup: True
  Batch 1500/3010, Loss: 1.4189, DRW: False, Mixup: True
  Batch 2000/3010, Loss: 3.5493, DRW: False, Mixup: True
  Batch 2500/3010, Loss: 1.4766, DRW: False, Mixup: True
  Batch 3000/3010, Loss: 1.0814, DRW: False, Mixup: True
Train Loss: 1.8385
Val Loss: 1.5251, Val Macro F1: 0.8431
Current learning rate: 0.000010

============================================================
Epoch 24/100
============================================================
  Batch 0/3010, Loss: 1.3386, DRW: False, Mixup: True
  Batch 500/3010, Loss: 1.3154, DRW: False, Mixup: True
  Batch 1000/3010, Loss: 2.3071, DRW: False, Mixup: True
  Batch 1500/3010, Loss: 1.5154, DRW: False, Mixup: True
  Batch 2000/3010, Loss: 1.6128, DRW: False, Mixup: True
  Batch 2500/3010, Loss: 1.4179, DRW: False, Mixup: True
  Batch 3000/3010, Loss: 1.9747, DRW: False, Mixup: True
Train Loss: 1.8046
Val Loss: 1.5270, Val Macro F1: 0.8402
Current learning rate: 0.000010

============================================================
Epoch 25/100
============================================================
  Batch 0/3010, Loss: 1.2013, DRW: False, Mixup: True
  Batch 500/3010, Loss: 1.5261, DRW: False, Mixup: True
  Batch 1000/3010, Loss: 1.3379, DRW: False, Mixup: True
  Batch 1500/3010, Loss: 1.6542, DRW: False, Mixup: True
  Batch 2000/3010, Loss: 1.4176, DRW: False, Mixup: True
  Batch 2500/3010, Loss: 1.5883, DRW: False, Mixup: True
  Batch 3000/3010, Loss: 1.5136, DRW: False, Mixup: True
Train Loss: 1.8029
Val Loss: 1.5298, Val Macro F1: 0.8420
Current learning rate: 0.000010

============================================================
Epoch 26/100
============================================================
  Batch 0/3010, Loss: 1.4882, DRW: False, Mixup: True
  Batch 500/3010, Loss: 1.8405, DRW: False, Mixup: True
  Batch 1000/3010, Loss: 3.1323, DRW: False, Mixup: True
  Batch 1500/3010, Loss: 1.5166, DRW: False, Mixup: True
  Batch 2000/3010, Loss: 2.0265, DRW: False, Mixup: True
  Batch 2500/3010, Loss: 1.9814, DRW: False, Mixup: True
  Batch 3000/3010, Loss: 1.4228, DRW: False, Mixup: True
Train Loss: 1.8056
Val Loss: 1.5319, Val Macro F1: 0.8402
Current learning rate: 0.000010

============================================================
Epoch 27/100
============================================================
  Batch 0/3010, Loss: 1.2721, DRW: False, Mixup: True
  Batch 500/3010, Loss: 2.1044, DRW: False, Mixup: True
  Batch 1000/3010, Loss: 1.5747, DRW: False, Mixup: True
  Batch 1500/3010, Loss: 3.1740, DRW: False, Mixup: True
  Batch 2000/3010, Loss: 2.3675, DRW: False, Mixup: True
  Batch 2500/3010, Loss: 2.1620, DRW: False, Mixup: True
  Batch 3000/3010, Loss: 1.3614, DRW: False, Mixup: True
Train Loss: 1.7749
Val Loss: 1.5255, Val Macro F1: 0.8420
Current learning rate: 0.000010

============================================================
Epoch 28/100
============================================================
  Batch 0/3010, Loss: 1.6738, DRW: False, Mixup: True
  Batch 500/3010, Loss: 1.8624, DRW: False, Mixup: True
  Batch 1000/3010, Loss: 1.6267, DRW: False, Mixup: True
  Batch 1500/3010, Loss: 1.3827, DRW: False, Mixup: True
  Batch 2000/3010, Loss: 2.4603, DRW: False, Mixup: True
  Batch 2500/3010, Loss: 1.7634, DRW: False, Mixup: True
  Batch 3000/3010, Loss: 1.5691, DRW: False, Mixup: True
Train Loss: 1.7572
Val Loss: 1.5326, Val Macro F1: 0.8354
Current learning rate: 0.000010

============================================================
Epoch 29/100
============================================================
  Batch 0/3010, Loss: 1.3196, DRW: False, Mixup: True
  Batch 500/3010, Loss: 1.3281, DRW: False, Mixup: True
  Batch 1000/3010, Loss: 1.3362, DRW: False, Mixup: True
  Batch 1500/3010, Loss: 1.7718, DRW: False, Mixup: True
  Batch 2000/3010, Loss: 2.0088, DRW: False, Mixup: True
  Batch 2500/3010, Loss: 1.3481, DRW: False, Mixup: True
  Batch 3000/3010, Loss: 1.3469, DRW: False, Mixup: True
Train Loss: 1.7656
Val Loss: 1.5271, Val Macro F1: 0.8470
Current learning rate: 0.000010
✓ Saved best model with Val F1: 0.8470

============================================================
Epoch 30/100
============================================================
  Batch 0/3010, Loss: 1.9990, DRW: False, Mixup: True
  Batch 500/3010, Loss: 1.5651, DRW: False, Mixup: True
  Batch 1000/3010, Loss: 3.3765, DRW: False, Mixup: True
  Batch 1500/3010, Loss: 1.7338, DRW: False, Mixup: True
  Batch 2000/3010, Loss: 1.4813, DRW: False, Mixup: True
  Batch 2500/3010, Loss: 1.4857, DRW: False, Mixup: True
  Batch 3000/3010, Loss: 1.3108, DRW: False, Mixup: True
Train Loss: 1.7593
Val Loss: 1.5318, Val Macro F1: 0.8477
Current learning rate: 0.000010
✓ Saved best model with Val F1: 0.8477

============================================================
Epoch 31/100
============================================================

*** Activating Deferred Reweighting (DRW) at epoch 31 ***

  Batch 0/3010, Loss: 2.4074, DRW: True, Mixup: True
  Batch 500/3010, Loss: 1.2272, DRW: True, Mixup: True
  Batch 1000/3010, Loss: 1.6643, DRW: True, Mixup: True
  Batch 1500/3010, Loss: 1.6169, DRW: True, Mixup: True
  Batch 2000/3010, Loss: 1.7862, DRW: True, Mixup: True
  Batch 2500/3010, Loss: 1.7896, DRW: True, Mixup: True
  Batch 3000/3010, Loss: 1.4497, DRW: True, Mixup: True
Train Loss: 1.7536
Val Loss: 1.5241, Val Macro F1: 0.8488
Current learning rate: 0.000010
✓ Saved best model with Val F1: 0.8488

============================================================
Epoch 32/100
============================================================
  Batch 0/3010, Loss: 1.7639, DRW: True, Mixup: True
  Batch 500/3010, Loss: 1.4961, DRW: True, Mixup: True
  Batch 1000/3010, Loss: 1.7891, DRW: True, Mixup: True
  Batch 1500/3010, Loss: 1.5276, DRW: True, Mixup: True
  Batch 2000/3010, Loss: 1.2501, DRW: True, Mixup: True
  Batch 2500/3010, Loss: 2.9115, DRW: True, Mixup: True
  Batch 3000/3010, Loss: 1.4539, DRW: True, Mixup: True
Train Loss: 1.7372
Val Loss: 1.5310, Val Macro F1: 0.8418
Current learning rate: 0.000010

============================================================
Epoch 33/100
============================================================
  Batch 0/3010, Loss: 1.4893, DRW: True, Mixup: True
  Batch 500/3010, Loss: 1.4317, DRW: True, Mixup: True
  Batch 1000/3010, Loss: 1.2658, DRW: True, Mixup: True
  Batch 1500/3010, Loss: 1.8594, DRW: True, Mixup: True
  Batch 2000/3010, Loss: 1.2082, DRW: True, Mixup: True
  Batch 2500/3010, Loss: 1.6965, DRW: True, Mixup: True
  Batch 3000/3010, Loss: 1.4373, DRW: True, Mixup: True
Train Loss: 1.7102
Val Loss: 1.5275, Val Macro F1: 0.8489
Current learning rate: 0.000010
✓ Saved best model with Val F1: 0.8489

============================================================
Epoch 34/100
============================================================
  Batch 0/3010, Loss: 3.1068, DRW: True, Mixup: True
  Batch 500/3010, Loss: 1.6486, DRW: True, Mixup: True
  Batch 1000/3010, Loss: 1.4791, DRW: True, Mixup: True
  Batch 1500/3010, Loss: 1.5108, DRW: True, Mixup: True
  Batch 2000/3010, Loss: 1.4999, DRW: True, Mixup: True
  Batch 2500/3010, Loss: 1.2872, DRW: True, Mixup: True
  Batch 3000/3010, Loss: 1.3442, DRW: True, Mixup: True
Train Loss: 1.7307
Val Loss: 1.5169, Val Macro F1: 0.8487
Current learning rate: 0.000010

============================================================
Epoch 35/100
============================================================
  Batch 0/3010, Loss: 1.2150, DRW: True, Mixup: True
  Batch 500/3010, Loss: 1.3426, DRW: True, Mixup: True
  Batch 1000/3010, Loss: 1.4849, DRW: True, Mixup: True
  Batch 1500/3010, Loss: 1.5170, DRW: True, Mixup: True
  Batch 2000/3010, Loss: 1.6301, DRW: True, Mixup: True
  Batch 2500/3010, Loss: 3.0819, DRW: True, Mixup: True
  Batch 3000/3010, Loss: 1.5986, DRW: True, Mixup: True
Train Loss: 1.7176
Val Loss: 1.5307, Val Macro F1: 0.8421
Current learning rate: 0.000010

============================================================
Epoch 36/100
============================================================
  Batch 0/3010, Loss: 1.6210, DRW: True, Mixup: True
  Batch 500/3010, Loss: 1.2810, DRW: True, Mixup: True
  Batch 1000/3010, Loss: 1.2172, DRW: True, Mixup: True
  Batch 1500/3010, Loss: 3.5075, DRW: True, Mixup: True
  Batch 2000/3010, Loss: 1.5973, DRW: True, Mixup: True
  Batch 2500/3010, Loss: 1.6441, DRW: True, Mixup: True
  Batch 3000/3010, Loss: 1.3076, DRW: True, Mixup: True
Train Loss: 1.7039
Val Loss: 1.5222, Val Macro F1: 0.8463
Current learning rate: 0.000010

============================================================
Epoch 37/100
============================================================
  Batch 0/3010, Loss: 3.4214, DRW: True, Mixup: True
  Batch 500/3010, Loss: 2.0637, DRW: True, Mixup: True
  Batch 1000/3010, Loss: 2.3056, DRW: True, Mixup: True
  Batch 1500/3010, Loss: 1.4524, DRW: True, Mixup: True
  Batch 2000/3010, Loss: 1.2323, DRW: True, Mixup: True
  Batch 2500/3010, Loss: 1.7277, DRW: True, Mixup: True
  Batch 3000/3010, Loss: 1.9077, DRW: True, Mixup: True
Train Loss: 1.6916
Val Loss: 1.5266, Val Macro F1: 0.8514
Current learning rate: 0.000010
✓ Saved best model with Val F1: 0.8514

============================================================
Epoch 38/100
============================================================
  Batch 0/3010, Loss: 1.5427, DRW: True, Mixup: True
  Batch 500/3010, Loss: 3.3796, DRW: True, Mixup: True
  Batch 1000/3010, Loss: 1.3166, DRW: True, Mixup: True
  Batch 1500/3010, Loss: 1.5217, DRW: True, Mixup: True
  Batch 2000/3010, Loss: 1.2830, DRW: True, Mixup: True
  Batch 2500/3010, Loss: 1.7598, DRW: True, Mixup: True
  Batch 3000/3010, Loss: 1.3744, DRW: True, Mixup: True
Train Loss: 1.7193
Val Loss: 1.5187, Val Macro F1: 0.8499
Current learning rate: 0.000010

============================================================
Epoch 39/100
============================================================
  Batch 0/3010, Loss: 1.9319, DRW: True, Mixup: True
  Batch 500/3010, Loss: 1.2344, DRW: True, Mixup: True
  Batch 1000/3010, Loss: 1.7741, DRW: True, Mixup: True
  Batch 1500/3010, Loss: 2.4482, DRW: True, Mixup: True
  Batch 2000/3010, Loss: 1.5387, DRW: True, Mixup: True
  Batch 2500/3010, Loss: 1.6918, DRW: True, Mixup: True
  Batch 3000/3010, Loss: 1.6538, DRW: True, Mixup: True
Train Loss: 1.6895
Val Loss: 1.5277, Val Macro F1: 0.8480
Current learning rate: 0.000010

============================================================
Epoch 40/100
============================================================
  Batch 0/3010, Loss: 1.5488, DRW: True, Mixup: True
  Batch 500/3010, Loss: 1.2286, DRW: True, Mixup: True
  Batch 1000/3010, Loss: 1.1246, DRW: True, Mixup: True
  Batch 1500/3010, Loss: 1.5737, DRW: True, Mixup: True
  Batch 2000/3010, Loss: 1.1727, DRW: True, Mixup: True
  Batch 2500/3010, Loss: 3.7047, DRW: True, Mixup: True
  Batch 3000/3010, Loss: 1.4213, DRW: True, Mixup: True
Train Loss: 1.6930
Val Loss: 1.5273, Val Macro F1: 0.8508
Current learning rate: 0.000010

============================================================
Epoch 41/100
============================================================
  Batch 0/3010, Loss: 1.2796, DRW: True, Mixup: True
  Batch 500/3010, Loss: 1.3159, DRW: True, Mixup: True
  Batch 1000/3010, Loss: 1.5113, DRW: True, Mixup: True
  Batch 1500/3010, Loss: 1.4943, DRW: True, Mixup: True
  Batch 2000/3010, Loss: 1.0528, DRW: True, Mixup: True
  Batch 2500/3010, Loss: 1.3064, DRW: True, Mixup: True
  Batch 3000/3010, Loss: 1.3426, DRW: True, Mixup: True
Train Loss: 1.6851
Val Loss: 1.5286, Val Macro F1: 0.8516
Current learning rate: 0.000010
✓ Saved best model with Val F1: 0.8516

============================================================
Epoch 42/100
============================================================
  Batch 0/3010, Loss: 1.4003, DRW: True, Mixup: True
  Batch 500/3010, Loss: 3.2987, DRW: True, Mixup: True
  Batch 1000/3010, Loss: 1.5177, DRW: True, Mixup: True
  Batch 1500/3010, Loss: 3.8286, DRW: True, Mixup: True
  Batch 2000/3010, Loss: 1.0539, DRW: True, Mixup: True
  Batch 2500/3010, Loss: 1.5375, DRW: True, Mixup: True
  Batch 3000/3010, Loss: 1.0661, DRW: True, Mixup: True
Train Loss: 1.6661
Val Loss: 1.5236, Val Macro F1: 0.8537
Current learning rate: 0.000010
✓ Saved best model with Val F1: 0.8537

============================================================
Epoch 43/100
============================================================
  Batch 0/3010, Loss: 1.2152, DRW: True, Mixup: True
  Batch 500/3010, Loss: 1.5261, DRW: True, Mixup: True
  Batch 1000/3010, Loss: 1.5302, DRW: True, Mixup: True
  Batch 1500/3010, Loss: 1.2524, DRW: True, Mixup: True
  Batch 2000/3010, Loss: 1.6752, DRW: True, Mixup: True
  Batch 2500/3010, Loss: 1.1460, DRW: True, Mixup: True
  Batch 3000/3010, Loss: 1.8722, DRW: True, Mixup: True
Train Loss: 1.6517
Val Loss: 1.5263, Val Macro F1: 0.8513
Current learning rate: 0.000010

============================================================
Epoch 44/100
============================================================
  Batch 0/3010, Loss: 1.2667, DRW: True, Mixup: True
  Batch 500/3010, Loss: 2.5875, DRW: True, Mixup: True
  Batch 1000/3010, Loss: 1.5869, DRW: True, Mixup: True
  Batch 1500/3010, Loss: 1.3803, DRW: True, Mixup: True
  Batch 2000/3010, Loss: 1.3210, DRW: True, Mixup: True
  Batch 2500/3010, Loss: 1.3540, DRW: True, Mixup: True
  Batch 3000/3010, Loss: 3.8260, DRW: True, Mixup: True
Train Loss: 1.6647
Val Loss: 1.5311, Val Macro F1: 0.8468
Current learning rate: 0.000010

============================================================
Epoch 45/100
============================================================
  Batch 0/3010, Loss: 1.4383, DRW: True, Mixup: True
  Batch 500/3010, Loss: 2.5445, DRW: True, Mixup: True
  Batch 1000/3010, Loss: 1.4814, DRW: True, Mixup: True
  Batch 1500/3010, Loss: 1.3014, DRW: True, Mixup: True
  Batch 2000/3010, Loss: 1.3228, DRW: True, Mixup: True
  Batch 2500/3010, Loss: 1.3689, DRW: True, Mixup: True
  Batch 3000/3010, Loss: 1.8165, DRW: True, Mixup: True
Train Loss: 1.6428
Val Loss: 1.5284, Val Macro F1: 0.8558
Current learning rate: 0.000010
✓ Saved best model with Val F1: 0.8558

============================================================
Epoch 46/100
============================================================
  Batch 0/3010, Loss: 1.3030, DRW: True, Mixup: True
  Batch 500/3010, Loss: 1.6539, DRW: True, Mixup: True
  Batch 1000/3010, Loss: 1.4098, DRW: True, Mixup: True
  Batch 1500/3010, Loss: 2.1605, DRW: True, Mixup: True
  Batch 2000/3010, Loss: 1.2746, DRW: True, Mixup: True
  Batch 2500/3010, Loss: 1.4855, DRW: True, Mixup: True
  Batch 3000/3010, Loss: 1.1251, DRW: True, Mixup: True
Train Loss: 1.6507
Val Loss: 1.5294, Val Macro F1: 0.8440
Current learning rate: 0.000010

============================================================
Epoch 47/100
============================================================
  Batch 0/3010, Loss: 1.3678, DRW: True, Mixup: True
  Batch 500/3010, Loss: 3.5570, DRW: True, Mixup: True
  Batch 1000/3010, Loss: 3.1956, DRW: True, Mixup: True
  Batch 1500/3010, Loss: 1.1604, DRW: True, Mixup: True
  Batch 2000/3010, Loss: 1.4272, DRW: True, Mixup: True
  Batch 2500/3010, Loss: 1.2468, DRW: True, Mixup: True
  Batch 3000/3010, Loss: 1.5520, DRW: True, Mixup: True
Train Loss: 1.6415
Val Loss: 1.5230, Val Macro F1: 0.8510
Current learning rate: 0.000010

============================================================
Epoch 48/100
============================================================
  Batch 0/3010, Loss: 2.0397, DRW: True, Mixup: True
  Batch 500/3010, Loss: 1.2430, DRW: True, Mixup: True
  Batch 1000/3010, Loss: 1.3634, DRW: True, Mixup: True
  Batch 1500/3010, Loss: 1.0413, DRW: True, Mixup: True
  Batch 2000/3010, Loss: 1.3108, DRW: True, Mixup: True
  Batch 2500/3010, Loss: 0.9918, DRW: True, Mixup: True
  Batch 3000/3010, Loss: 1.2324, DRW: True, Mixup: True
Train Loss: 1.6366
Val Loss: 1.5243, Val Macro F1: 0.8505
Current learning rate: 0.000010

============================================================
Epoch 49/100
============================================================
  Batch 0/3010, Loss: 1.2713, DRW: True, Mixup: True
  Batch 500/3010, Loss: 1.2545, DRW: True, Mixup: True
  Batch 1000/3010, Loss: 1.4133, DRW: True, Mixup: True
  Batch 1500/3010, Loss: 3.7006, DRW: True, Mixup: True
  Batch 2000/3010, Loss: 1.4062, DRW: True, Mixup: True
  Batch 2500/3010, Loss: 1.5548, DRW: True, Mixup: True
  Batch 3000/3010, Loss: 1.4460, DRW: True, Mixup: True
Train Loss: 1.6290
Val Loss: 1.5268, Val Macro F1: 0.8495
Current learning rate: 0.000010

============================================================
Epoch 50/100
============================================================
  Batch 0/3010, Loss: 1.2846, DRW: True, Mixup: True
  Batch 500/3010, Loss: 1.2317, DRW: True, Mixup: True
  Batch 1000/3010, Loss: 1.5533, DRW: True, Mixup: True
  Batch 1500/3010, Loss: 1.7025, DRW: True, Mixup: True
  Batch 2000/3010, Loss: 1.4904, DRW: True, Mixup: True
  Batch 2500/3010, Loss: 1.2922, DRW: True, Mixup: True
  Batch 3000/3010, Loss: 1.2616, DRW: True, Mixup: True
Train Loss: 1.6355
Val Loss: 1.5256, Val Macro F1: 0.8422
Current learning rate: 0.000010

============================================================
Epoch 51/100
============================================================
  Batch 0/3010, Loss: 3.2529, DRW: True, Mixup: True
  Batch 500/3010, Loss: 1.4666, DRW: True, Mixup: True
  Batch 1000/3010, Loss: 1.3682, DRW: True, Mixup: True
  Batch 1500/3010, Loss: 1.3147, DRW: True, Mixup: True
  Batch 2000/3010, Loss: 1.3182, DRW: True, Mixup: True
  Batch 2500/3010, Loss: 1.6858, DRW: True, Mixup: True
  Batch 3000/3010, Loss: 1.5482, DRW: True, Mixup: True
Train Loss: 1.6307
Val Loss: 1.5200, Val Macro F1: 0.8550
Current learning rate: 0.000010

============================================================
Epoch 52/100
============================================================
  Batch 0/3010, Loss: 1.3961, DRW: True, Mixup: True
  Batch 500/3010, Loss: 1.3365, DRW: True, Mixup: True
  Batch 1000/3010, Loss: 2.3237, DRW: True, Mixup: True
  Batch 1500/3010, Loss: 2.7615, DRW: True, Mixup: True
  Batch 2000/3010, Loss: 1.0923, DRW: True, Mixup: True
  Batch 2500/3010, Loss: 1.4656, DRW: True, Mixup: True
  Batch 3000/3010, Loss: 1.0051, DRW: True, Mixup: True
Train Loss: 1.5976
Val Loss: 1.5224, Val Macro F1: 0.8503
Current learning rate: 0.000010

============================================================
Epoch 53/100
============================================================
  Batch 0/3010, Loss: 1.3043, DRW: True, Mixup: True
  Batch 500/3010, Loss: 2.0163, DRW: True, Mixup: True
  Batch 1000/3010, Loss: 1.3302, DRW: True, Mixup: True
  Batch 1500/3010, Loss: 1.5350, DRW: True, Mixup: True
  Batch 2000/3010, Loss: 1.4657, DRW: True, Mixup: True
  Batch 2500/3010, Loss: 2.2037, DRW: True, Mixup: True
  Batch 3000/3010, Loss: 1.3785, DRW: True, Mixup: True
Train Loss: 1.5872
Val Loss: 1.5193, Val Macro F1: 0.8533
Current learning rate: 0.000005

============================================================
Epoch 54/100
============================================================
  Batch 0/3010, Loss: 1.3492, DRW: True, Mixup: True
  Batch 500/3010, Loss: 1.2237, DRW: True, Mixup: True
  Batch 1000/3010, Loss: 1.1550, DRW: True, Mixup: True
  Batch 1500/3010, Loss: 2.9587, DRW: True, Mixup: True
  Batch 2000/3010, Loss: 1.3751, DRW: True, Mixup: True
  Batch 2500/3010, Loss: 1.1996, DRW: True, Mixup: True
  Batch 3000/3010, Loss: 1.0095, DRW: True, Mixup: True
Train Loss: 1.5845
Val Loss: 1.5233, Val Macro F1: 0.8548
Current learning rate: 0.000005

============================================================
Epoch 55/100
============================================================
  Batch 0/3010, Loss: 1.1455, DRW: True, Mixup: True
  Batch 500/3010, Loss: 1.2368, DRW: True, Mixup: True
  Batch 1000/3010, Loss: 1.4370, DRW: True, Mixup: True
  Batch 1500/3010, Loss: 1.2364, DRW: True, Mixup: True
  Batch 2000/3010, Loss: 1.2839, DRW: True, Mixup: True
  Batch 2500/3010, Loss: 1.2477, DRW: True, Mixup: True
  Batch 3000/3010, Loss: 1.4185, DRW: True, Mixup: True
Train Loss: 1.5543
Val Loss: 1.5236, Val Macro F1: 0.8563
Current learning rate: 0.000005
✓ Saved best model with Val F1: 0.8563

============================================================
Epoch 56/100
============================================================
  Batch 0/3010, Loss: 1.4616, DRW: True, Mixup: True
  Batch 500/3010, Loss: 2.5486, DRW: True, Mixup: True
  Batch 1000/3010, Loss: 1.7011, DRW: True, Mixup: True
  Batch 1500/3010, Loss: 1.6760, DRW: True, Mixup: True
  Batch 2000/3010, Loss: 1.3022, DRW: True, Mixup: True
  Batch 2500/3010, Loss: 1.3733, DRW: True, Mixup: True
  Batch 3000/3010, Loss: 1.9078, DRW: True, Mixup: True
Train Loss: 1.5514
Val Loss: 1.5235, Val Macro F1: 0.8557
Current learning rate: 0.000005

============================================================
Epoch 57/100
============================================================
  Batch 0/3010, Loss: 1.2284, DRW: True, Mixup: True
  Batch 500/3010, Loss: 1.4051, DRW: True, Mixup: True
  Batch 1000/3010, Loss: 1.6561, DRW: True, Mixup: True
  Batch 1500/3010, Loss: 1.3586, DRW: True, Mixup: True
  Batch 2000/3010, Loss: 1.4529, DRW: True, Mixup: True
  Batch 2500/3010, Loss: 1.1320, DRW: True, Mixup: True
  Batch 3000/3010, Loss: 0.8995, DRW: True, Mixup: True
Train Loss: 1.5654
Val Loss: 1.5211, Val Macro F1: 0.8564
Current learning rate: 0.000005
✓ Saved best model with Val F1: 0.8564

============================================================
Epoch 58/100
============================================================
  Batch 0/3010, Loss: 1.1197, DRW: True, Mixup: True
  Batch 500/3010, Loss: 1.3451, DRW: True, Mixup: True
  Batch 1000/3010, Loss: 1.3042, DRW: True, Mixup: True
  Batch 1500/3010, Loss: 1.1233, DRW: True, Mixup: True
  Batch 2000/3010, Loss: 1.2646, DRW: True, Mixup: True
  Batch 2500/3010, Loss: 1.1576, DRW: True, Mixup: True
  Batch 3000/3010, Loss: 2.6281, DRW: True, Mixup: True
Train Loss: 1.5324
Val Loss: 1.5262, Val Macro F1: 0.8532
Current learning rate: 0.000005

============================================================
Epoch 59/100
============================================================
  Batch 0/3010, Loss: 1.0461, DRW: True, Mixup: True
  Batch 500/3010, Loss: 2.1605, DRW: True, Mixup: True
  Batch 1000/3010, Loss: 1.1954, DRW: True, Mixup: True
  Batch 1500/3010, Loss: 1.5676, DRW: True, Mixup: True
  Batch 2000/3010, Loss: 1.1999, DRW: True, Mixup: True
  Batch 2500/3010, Loss: 1.0435, DRW: True, Mixup: True
  Batch 3000/3010, Loss: 1.1416, DRW: True, Mixup: True
Train Loss: 1.5057
Val Loss: 1.5222, Val Macro F1: 0.8565
Current learning rate: 0.000005
✓ Saved best model with Val F1: 0.8565

============================================================
Epoch 60/100
============================================================
  Batch 0/3010, Loss: 1.5196, DRW: True, Mixup: True
  Batch 500/3010, Loss: 1.3779, DRW: True, Mixup: True
  Batch 1000/3010, Loss: 2.6168, DRW: True, Mixup: True
  Batch 1500/3010, Loss: 2.8531, DRW: True, Mixup: True
  Batch 2000/3010, Loss: 2.4770, DRW: True, Mixup: True
  Batch 2500/3010, Loss: 1.0557, DRW: True, Mixup: True
  Batch 3000/3010, Loss: 2.1405, DRW: True, Mixup: True
Train Loss: 1.5436
Val Loss: 1.5288, Val Macro F1: 0.8572
Current learning rate: 0.000005
✓ Saved best model with Val F1: 0.8572

============================================================
Epoch 61/100
============================================================
  Batch 0/3010, Loss: 1.3982, DRW: True, Mixup: True
  Batch 500/3010, Loss: 1.1569, DRW: True, Mixup: True
  Batch 1000/3010, Loss: 1.3346, DRW: True, Mixup: True
  Batch 1500/3010, Loss: 1.1521, DRW: True, Mixup: True
  Batch 2000/3010, Loss: 1.2127, DRW: True, Mixup: True
  Batch 2500/3010, Loss: 1.2302, DRW: True, Mixup: True
  Batch 3000/3010, Loss: 3.4993, DRW: True, Mixup: True
Train Loss: 1.5008
Val Loss: 1.5211, Val Macro F1: 0.8558
Current learning rate: 0.000005

============================================================
Epoch 62/100
============================================================
  Batch 0/3010, Loss: 3.2885, DRW: True, Mixup: True
  Batch 500/3010, Loss: 1.3513, DRW: True, Mixup: True
  Batch 1000/3010, Loss: 3.6053, DRW: True, Mixup: True
  Batch 1500/3010, Loss: 1.0002, DRW: True, Mixup: True
  Batch 2000/3010, Loss: 1.2672, DRW: True, Mixup: True
  Batch 2500/3010, Loss: 1.0706, DRW: True, Mixup: True
  Batch 3000/3010, Loss: 2.6692, DRW: True, Mixup: True
Train Loss: 1.5112
Val Loss: 1.5251, Val Macro F1: 0.8532
Current learning rate: 0.000005

============================================================
Epoch 63/100
============================================================
  Batch 0/3010, Loss: 1.2812, DRW: True, Mixup: True
  Batch 500/3010, Loss: 1.1762, DRW: True, Mixup: True
  Batch 1000/3010, Loss: 1.0757, DRW: True, Mixup: True
  Batch 1500/3010, Loss: 1.1010, DRW: True, Mixup: True
  Batch 2000/3010, Loss: 1.4559, DRW: True, Mixup: True
  Batch 2500/3010, Loss: 3.0124, DRW: True, Mixup: True
  Batch 3000/3010, Loss: 1.1755, DRW: True, Mixup: True
Train Loss: 1.4839
Val Loss: 1.5182, Val Macro F1: 0.8537
Current learning rate: 0.000005

============================================================
Epoch 64/100
============================================================
  Batch 0/3010, Loss: 1.1955, DRW: True, Mixup: True
  Batch 500/3010, Loss: 1.0503, DRW: True, Mixup: True
  Batch 1000/3010, Loss: 1.0353, DRW: True, Mixup: True
  Batch 1500/3010, Loss: 3.6437, DRW: True, Mixup: True
  Batch 2000/3010, Loss: 1.0412, DRW: True, Mixup: True
  Batch 2500/3010, Loss: 1.3448, DRW: True, Mixup: True
  Batch 3000/3010, Loss: 1.2252, DRW: True, Mixup: True
Train Loss: 1.4967
Val Loss: 1.5291, Val Macro F1: 0.8568
Current learning rate: 0.000005

============================================================
Epoch 65/100
============================================================
  Batch 0/3010, Loss: 0.8543, DRW: True, Mixup: True
  Batch 500/3010, Loss: 2.0780, DRW: True, Mixup: True
  Batch 1000/3010, Loss: 1.4115, DRW: True, Mixup: True
  Batch 1500/3010, Loss: 1.0988, DRW: True, Mixup: True
  Batch 2000/3010, Loss: 1.3998, DRW: True, Mixup: True
  Batch 2500/3010, Loss: 1.3675, DRW: True, Mixup: True
  Batch 3000/3010, Loss: 1.2502, DRW: True, Mixup: True
Train Loss: 1.4817
Val Loss: 1.5243, Val Macro F1: 0.8564
Current learning rate: 0.000005

============================================================
Epoch 66/100
============================================================
  Batch 0/3010, Loss: 1.0407, DRW: True, Mixup: True
  Batch 500/3010, Loss: 1.6933, DRW: True, Mixup: True
  Batch 1000/3010, Loss: 0.9171, DRW: True, Mixup: True
  Batch 1500/3010, Loss: 1.6727, DRW: True, Mixup: True
  Batch 2000/3010, Loss: 1.1075, DRW: True, Mixup: True
  Batch 2500/3010, Loss: 1.0475, DRW: True, Mixup: True
  Batch 3000/3010, Loss: 2.6284, DRW: True, Mixup: True
Train Loss: 1.4757
Val Loss: 1.5254, Val Macro F1: 0.8550
Current learning rate: 0.000005

============================================================
Epoch 67/100
============================================================
  Batch 0/3010, Loss: 0.9476, DRW: True, Mixup: True
  Batch 500/3010, Loss: 1.2857, DRW: True, Mixup: True
  Batch 1000/3010, Loss: 0.7889, DRW: True, Mixup: True
  Batch 1500/3010, Loss: 1.1796, DRW: True, Mixup: True
  Batch 2000/3010, Loss: 1.1480, DRW: True, Mixup: True
  Batch 2500/3010, Loss: 1.1948, DRW: True, Mixup: True
  Batch 3000/3010, Loss: 1.4671, DRW: True, Mixup: True
Train Loss: 1.4887
Val Loss: 1.5168, Val Macro F1: 0.8521
Current learning rate: 0.000005

============================================================
Epoch 68/100
============================================================
  Batch 0/3010, Loss: 0.8273, DRW: True, Mixup: True
  Batch 500/3010, Loss: 1.5621, DRW: True, Mixup: True
  Batch 1000/3010, Loss: 1.1705, DRW: True, Mixup: True
  Batch 1500/3010, Loss: 1.4450, DRW: True, Mixup: True
  Batch 2000/3010, Loss: 1.1111, DRW: True, Mixup: True
  Batch 2500/3010, Loss: 0.8147, DRW: True, Mixup: True
  Batch 3000/3010, Loss: 1.5519, DRW: True, Mixup: True
Train Loss: 1.4690
Val Loss: 1.5259, Val Macro F1: 0.8556
Current learning rate: 0.000003

============================================================
Epoch 69/100
============================================================
  Batch 0/3010, Loss: 1.0739, DRW: True, Mixup: True
  Batch 500/3010, Loss: 1.4176, DRW: True, Mixup: True
  Batch 1000/3010, Loss: 1.1259, DRW: True, Mixup: True
  Batch 1500/3010, Loss: 1.3194, DRW: True, Mixup: True
  Batch 2000/3010, Loss: 1.4030, DRW: True, Mixup: True
  Batch 2500/3010, Loss: 1.1911, DRW: True, Mixup: True
  Batch 3000/3010, Loss: 3.2921, DRW: True, Mixup: True
Train Loss: 1.4543
Val Loss: 1.5238, Val Macro F1: 0.8574
Current learning rate: 0.000003
✓ Saved best model with Val F1: 0.8574

============================================================
Epoch 70/100
============================================================
  Batch 0/3010, Loss: 1.4707, DRW: True, Mixup: True
  Batch 500/3010, Loss: 3.3780, DRW: True, Mixup: True
  Batch 1000/3010, Loss: 0.9407, DRW: True, Mixup: True
  Batch 1500/3010, Loss: 1.3945, DRW: True, Mixup: True
  Batch 2000/3010, Loss: 1.1434, DRW: True, Mixup: True
  Batch 2500/3010, Loss: 1.2145, DRW: True, Mixup: True
  Batch 3000/3010, Loss: 1.1966, DRW: True, Mixup: True
Train Loss: 1.4772
Val Loss: 1.5286, Val Macro F1: 0.8568
Current learning rate: 0.000003

============================================================
Epoch 71/100
============================================================
  Batch 0/3010, Loss: 2.4217, DRW: True, Mixup: True
  Batch 500/3010, Loss: 1.4706, DRW: True, Mixup: True
  Batch 1000/3010, Loss: 1.2190, DRW: True, Mixup: True
  Batch 1500/3010, Loss: 1.2489, DRW: True, Mixup: True
  Batch 2000/3010, Loss: 1.1276, DRW: True, Mixup: True
  Batch 2500/3010, Loss: 1.4300, DRW: True, Mixup: True
  Batch 3000/3010, Loss: 1.6782, DRW: True, Mixup: True
Train Loss: 1.4679
Val Loss: 1.5253, Val Macro F1: 0.8570
Current learning rate: 0.000003

============================================================
Epoch 72/100
============================================================
  Batch 0/3010, Loss: 1.3222, DRW: True, Mixup: True
  Batch 500/3010, Loss: 1.1852, DRW: True, Mixup: True
  Batch 1000/3010, Loss: 0.9085, DRW: True, Mixup: True
  Batch 1500/3010, Loss: 0.8900, DRW: True, Mixup: True
  Batch 2000/3010, Loss: 3.5749, DRW: True, Mixup: True
  Batch 2500/3010, Loss: 1.1992, DRW: True, Mixup: True
  Batch 3000/3010, Loss: 1.3660, DRW: True, Mixup: True
Train Loss: 1.4440
Val Loss: 1.5243, Val Macro F1: 0.8545
Current learning rate: 0.000003

============================================================
Epoch 73/100
============================================================
  Batch 0/3010, Loss: 1.1506, DRW: True, Mixup: True
  Batch 500/3010, Loss: 1.2236, DRW: True, Mixup: True
  Batch 1000/3010, Loss: 1.2823, DRW: True, Mixup: True
  Batch 1500/3010, Loss: 1.3269, DRW: True, Mixup: True
  Batch 2000/3010, Loss: 0.8563, DRW: True, Mixup: True
  Batch 2500/3010, Loss: 1.1338, DRW: True, Mixup: True
  Batch 3000/3010, Loss: 1.4233, DRW: True, Mixup: True
Train Loss: 1.4398
Val Loss: 1.5239, Val Macro F1: 0.8565
Current learning rate: 0.000003

============================================================
Epoch 74/100
============================================================
  Batch 0/3010, Loss: 1.1028, DRW: True, Mixup: True
  Batch 500/3010, Loss: 1.3316, DRW: True, Mixup: True
  Batch 1000/3010, Loss: 0.9493, DRW: True, Mixup: True
  Batch 1500/3010, Loss: 0.8602, DRW: True, Mixup: True
  Batch 2000/3010, Loss: 1.0452, DRW: True, Mixup: True
  Batch 2500/3010, Loss: 0.7693, DRW: True, Mixup: True
  Batch 3000/3010, Loss: 1.2188, DRW: True, Mixup: True
Train Loss: 1.4376
Val Loss: 1.5207, Val Macro F1: 0.8584
Current learning rate: 0.000003
✓ Saved best model with Val F1: 0.8584

============================================================
Epoch 75/100
============================================================
  Batch 0/3010, Loss: 0.9642, DRW: True, Mixup: True
  Batch 500/3010, Loss: 1.2220, DRW: True, Mixup: True
  Batch 1000/3010, Loss: 1.2227, DRW: True, Mixup: True
  Batch 1500/3010, Loss: 0.9095, DRW: True, Mixup: True
  Batch 2000/3010, Loss: 1.2470, DRW: True, Mixup: True
  Batch 2500/3010, Loss: 2.6131, DRW: True, Mixup: True
  Batch 3000/3010, Loss: 1.3368, DRW: True, Mixup: True
Train Loss: 1.4446
Val Loss: 1.5180, Val Macro F1: 0.8556
Current learning rate: 0.000003

============================================================
Epoch 76/100
============================================================
  Batch 0/3010, Loss: 1.4037, DRW: True, Mixup: True
  Batch 500/3010, Loss: 1.1383, DRW: True, Mixup: True
  Batch 1000/3010, Loss: 1.3371, DRW: True, Mixup: True
  Batch 1500/3010, Loss: 0.9205, DRW: True, Mixup: True
  Batch 2000/3010, Loss: 1.1732, DRW: True, Mixup: True
  Batch 2500/3010, Loss: 0.8683, DRW: True, Mixup: True
  Batch 3000/3010, Loss: 1.2649, DRW: True, Mixup: True
Train Loss: 1.4463
Val Loss: 1.5248, Val Macro F1: 0.8538
Current learning rate: 0.000003

============================================================
Epoch 77/100
============================================================
  Batch 0/3010, Loss: 1.1569, DRW: True, Mixup: True
  Batch 500/3010, Loss: 1.2966, DRW: True, Mixup: True
  Batch 1000/3010, Loss: 3.6389, DRW: True, Mixup: True
  Batch 1500/3010, Loss: 1.2125, DRW: True, Mixup: True
  Batch 2000/3010, Loss: 1.2958, DRW: True, Mixup: True
  Batch 2500/3010, Loss: 1.0484, DRW: True, Mixup: True
  Batch 3000/3010, Loss: 1.3459, DRW: True, Mixup: True
Train Loss: 1.4106
Val Loss: 1.5184, Val Macro F1: 0.8570
Current learning rate: 0.000003

============================================================
Epoch 78/100
============================================================
  Batch 0/3010, Loss: 3.5023, DRW: True, Mixup: True
  Batch 500/3010, Loss: 0.8991, DRW: True, Mixup: True
  Batch 1000/3010, Loss: 1.1716, DRW: True, Mixup: True
  Batch 1500/3010, Loss: 1.4769, DRW: True, Mixup: True
  Batch 2000/3010, Loss: 1.3596, DRW: True, Mixup: True
  Batch 2500/3010, Loss: 1.0788, DRW: True, Mixup: True
  Batch 3000/3010, Loss: 1.5241, DRW: True, Mixup: True
Train Loss: 1.4328
Val Loss: 1.5224, Val Macro F1: 0.8574
Current learning rate: 0.000003

============================================================
Epoch 79/100
============================================================
  Batch 0/3010, Loss: 1.1499, DRW: True, Mixup: True
  Batch 500/3010, Loss: 1.1599, DRW: True, Mixup: True
  Batch 1000/3010, Loss: 1.0804, DRW: True, Mixup: True
  Batch 1500/3010, Loss: 1.2189, DRW: True, Mixup: True
  Batch 2000/3010, Loss: 1.0797, DRW: True, Mixup: True
  Batch 2500/3010, Loss: 0.9804, DRW: True, Mixup: True
  Batch 3000/3010, Loss: 1.3396, DRW: True, Mixup: True
Train Loss: 1.4094
Val Loss: 1.5220, Val Macro F1: 0.8542
Current learning rate: 0.000003

============================================================
Epoch 80/100
============================================================
  Batch 0/3010, Loss: 2.0325, DRW: True, Mixup: True
  Batch 500/3010, Loss: 1.0718, DRW: True, Mixup: True
  Batch 1000/3010, Loss: 0.9170, DRW: True, Mixup: True
  Batch 1500/3010, Loss: 1.0740, DRW: True, Mixup: True
  Batch 2000/3010, Loss: 1.5219, DRW: True, Mixup: True
  Batch 2500/3010, Loss: 1.3322, DRW: True, Mixup: True
  Batch 3000/3010, Loss: 0.9449, DRW: True, Mixup: True
Train Loss: 1.4324
Val Loss: 1.5257, Val Macro F1: 0.8562
Current learning rate: 0.000003

============================================================
Epoch 81/100
============================================================
  Batch 0/3010, Loss: 1.3218, DRW: True, Mixup: True
  Batch 500/3010, Loss: 1.0983, DRW: True, Mixup: True
  Batch 1000/3010, Loss: 1.0006, DRW: True, Mixup: True
  Batch 1500/3010, Loss: 1.0732, DRW: True, Mixup: True
  Batch 2000/3010, Loss: 1.2096, DRW: True, Mixup: True
  Batch 2500/3010, Loss: 1.0629, DRW: True, Mixup: True
  Batch 3000/3010, Loss: 0.9056, DRW: True, Mixup: True
Train Loss: 1.4293
Val Loss: 1.5248, Val Macro F1: 0.8559
Current learning rate: 0.000003

============================================================
Epoch 82/100
============================================================
  Batch 0/3010, Loss: 1.2218, DRW: True, Mixup: True
  Batch 500/3010, Loss: 1.1505, DRW: True, Mixup: True
  Batch 1000/3010, Loss: 2.1460, DRW: True, Mixup: True
  Batch 1500/3010, Loss: 1.3214, DRW: True, Mixup: True
  Batch 2000/3010, Loss: 1.8831, DRW: True, Mixup: True
  Batch 2500/3010, Loss: 1.2522, DRW: True, Mixup: True
  Batch 3000/3010, Loss: 0.6801, DRW: True, Mixup: True
Train Loss: 1.4054
Val Loss: 1.5215, Val Macro F1: 0.8555
Current learning rate: 0.000001

============================================================
Epoch 83/100
============================================================
  Batch 0/3010, Loss: 1.1900, DRW: True, Mixup: True
  Batch 500/3010, Loss: 1.4020, DRW: True, Mixup: True
  Batch 1000/3010, Loss: 1.1264, DRW: True, Mixup: True
  Batch 1500/3010, Loss: 1.6229, DRW: True, Mixup: True
  Batch 2000/3010, Loss: 1.1542, DRW: True, Mixup: True
  Batch 2500/3010, Loss: 1.0424, DRW: True, Mixup: True
  Batch 3000/3010, Loss: 1.0226, DRW: True, Mixup: True
Train Loss: 1.3957
Val Loss: 1.5302, Val Macro F1: 0.8556
Current learning rate: 0.000001

============================================================
Epoch 84/100
============================================================
  Batch 0/3010, Loss: 1.1684, DRW: True, Mixup: True
  Batch 500/3010, Loss: 1.2210, DRW: True, Mixup: True
  Batch 1000/3010, Loss: 0.9879, DRW: True, Mixup: True
  Batch 1500/3010, Loss: 1.1461, DRW: True, Mixup: True
  Batch 2000/3010, Loss: 1.2351, DRW: True, Mixup: True
  Batch 2500/3010, Loss: 1.1172, DRW: True, Mixup: True
  Batch 3000/3010, Loss: 1.5123, DRW: True, Mixup: True
Train Loss: 1.4262
Val Loss: 1.5235, Val Macro F1: 0.8587
Current learning rate: 0.000001
✓ Saved best model with Val F1: 0.8587

============================================================
Epoch 85/100
============================================================
  Batch 0/3010, Loss: 1.3175, DRW: True, Mixup: True
  Batch 500/3010, Loss: 1.0976, DRW: True, Mixup: True
  Batch 1000/3010, Loss: 0.9216, DRW: True, Mixup: True
  Batch 1500/3010, Loss: 1.0139, DRW: True, Mixup: True
  Batch 2000/3010, Loss: 3.5841, DRW: True, Mixup: True
  Batch 2500/3010, Loss: 3.0499, DRW: True, Mixup: True
  Batch 3000/3010, Loss: 1.1753, DRW: True, Mixup: True
Train Loss: 1.4155
Val Loss: 1.5199, Val Macro F1: 0.8568
Current learning rate: 0.000001

============================================================
Epoch 86/100
============================================================
  Batch 0/3010, Loss: 1.3016, DRW: True, Mixup: True
  Batch 500/3010, Loss: 1.0453, DRW: True, Mixup: True
  Batch 1000/3010, Loss: 1.2934, DRW: True, Mixup: True
  Batch 1500/3010, Loss: 0.9760, DRW: True, Mixup: True
  Batch 2000/3010, Loss: 3.5099, DRW: True, Mixup: True
  Batch 2500/3010, Loss: 1.3068, DRW: True, Mixup: True
  Batch 3000/3010, Loss: 0.9305, DRW: True, Mixup: True
Train Loss: 1.3881
Val Loss: 1.5196, Val Macro F1: 0.8556
Current learning rate: 0.000001

============================================================
Epoch 87/100
============================================================
  Batch 0/3010, Loss: 0.8993, DRW: True, Mixup: True
  Batch 500/3010, Loss: 1.1366, DRW: True, Mixup: True
  Batch 1000/3010, Loss: 1.0895, DRW: True, Mixup: True
  Batch 1500/3010, Loss: 1.4307, DRW: True, Mixup: True
  Batch 2000/3010, Loss: 0.8421, DRW: True, Mixup: True
  Batch 2500/3010, Loss: 1.0254, DRW: True, Mixup: True
  Batch 3000/3010, Loss: 1.0241, DRW: True, Mixup: True
Train Loss: 1.4058
Val Loss: 1.5189, Val Macro F1: 0.8554
Current learning rate: 0.000001

============================================================
Epoch 88/100
============================================================
  Batch 0/3010, Loss: 0.9288, DRW: True, Mixup: True
  Batch 500/3010, Loss: 0.9121, DRW: True, Mixup: True
  Batch 1000/3010, Loss: 1.2097, DRW: True, Mixup: True
  Batch 1500/3010, Loss: 1.2570, DRW: True, Mixup: True
  Batch 2000/3010, Loss: 0.9465, DRW: True, Mixup: True
  Batch 2500/3010, Loss: 0.9313, DRW: True, Mixup: True
  Batch 3000/3010, Loss: 1.6260, DRW: True, Mixup: True
Train Loss: 1.3993
Val Loss: 1.5224, Val Macro F1: 0.8577
Current learning rate: 0.000001

============================================================
Epoch 89/100
============================================================
  Batch 0/3010, Loss: 1.2406, DRW: True, Mixup: True
  Batch 500/3010, Loss: 1.0110, DRW: True, Mixup: True
  Batch 1000/3010, Loss: 1.0262, DRW: True, Mixup: True
  Batch 1500/3010, Loss: 1.1511, DRW: True, Mixup: True
  Batch 2000/3010, Loss: 1.1366, DRW: True, Mixup: True
  Batch 2500/3010, Loss: 1.0211, DRW: True, Mixup: True
  Batch 3000/3010, Loss: 1.6057, DRW: True, Mixup: True
Train Loss: 1.3906
Val Loss: 1.5227, Val Macro F1: 0.8557
Current learning rate: 0.000001

============================================================
Epoch 90/100
============================================================
  Batch 0/3010, Loss: 1.1604, DRW: True, Mixup: True
  Batch 500/3010, Loss: 0.9526, DRW: True, Mixup: True
  Batch 1000/3010, Loss: 2.3576, DRW: True, Mixup: True
  Batch 1500/3010, Loss: 1.6167, DRW: True, Mixup: True
  Batch 2000/3010, Loss: 0.8804, DRW: True, Mixup: True
  Batch 2500/3010, Loss: 0.9459, DRW: True, Mixup: True
  Batch 3000/3010, Loss: 1.1188, DRW: True, Mixup: True
Train Loss: 1.3705
Val Loss: 1.5232, Val Macro F1: 0.8563
Current learning rate: 0.000001

============================================================
Epoch 91/100
============================================================
  Batch 0/3010, Loss: 0.9593, DRW: True, Mixup: True
  Batch 500/3010, Loss: 1.0992, DRW: True, Mixup: True
  Batch 1000/3010, Loss: 1.1218, DRW: True, Mixup: True
  Batch 1500/3010, Loss: 1.1426, DRW: True, Mixup: True
  Batch 2000/3010, Loss: 1.0715, DRW: True, Mixup: True
  Batch 2500/3010, Loss: 0.6894, DRW: True, Mixup: True
  Batch 3000/3010, Loss: 0.9781, DRW: True, Mixup: True
Train Loss: 1.3820
Val Loss: 1.5191, Val Macro F1: 0.8562
Current learning rate: 0.000001

============================================================
Epoch 92/100
============================================================
  Batch 0/3010, Loss: 1.4961, DRW: True, Mixup: True
  Batch 500/3010, Loss: 0.9410, DRW: True, Mixup: True
  Batch 1000/3010, Loss: 1.0821, DRW: True, Mixup: True
  Batch 1500/3010, Loss: 1.0967, DRW: True, Mixup: True
  Batch 2000/3010, Loss: 3.3394, DRW: True, Mixup: True
  Batch 2500/3010, Loss: 1.4064, DRW: True, Mixup: True
  Batch 3000/3010, Loss: 1.3482, DRW: True, Mixup: True
Train Loss: 1.3897
Val Loss: 1.5184, Val Macro F1: 0.8561
Current learning rate: 0.000001

============================================================
Epoch 93/100
============================================================
  Batch 0/3010, Loss: 1.4382, DRW: True, Mixup: True
  Batch 500/3010, Loss: 1.1428, DRW: True, Mixup: True
  Batch 1000/3010, Loss: 1.0292, DRW: True, Mixup: True
  Batch 1500/3010, Loss: 0.9174, DRW: True, Mixup: True
  Batch 2000/3010, Loss: 1.1537, DRW: True, Mixup: True
  Batch 2500/3010, Loss: 1.1526, DRW: True, Mixup: True
  Batch 3000/3010, Loss: 1.0702, DRW: True, Mixup: True
Train Loss: 1.3832
Val Loss: 1.5243, Val Macro F1: 0.8569
Current learning rate: 0.000001

============================================================
Epoch 94/100
============================================================
  Batch 0/3010, Loss: 3.5071, DRW: True, Mixup: True
  Batch 500/3010, Loss: 1.2408, DRW: True, Mixup: True
  Batch 1000/3010, Loss: 1.2979, DRW: True, Mixup: True
  Batch 1500/3010, Loss: 1.0394, DRW: True, Mixup: True
  Batch 2000/3010, Loss: 0.8635, DRW: True, Mixup: True
  Batch 2500/3010, Loss: 0.9282, DRW: True, Mixup: True
  Batch 3000/3010, Loss: 0.9590, DRW: True, Mixup: True
Train Loss: 1.3897
Val Loss: 1.5208, Val Macro F1: 0.8561
Current learning rate: 0.000001

============================================================
Epoch 95/100
============================================================
  Batch 0/3010, Loss: 1.4736, DRW: True, Mixup: True
  Batch 500/3010, Loss: 0.9848, DRW: True, Mixup: True
  Batch 1000/3010, Loss: 1.5478, DRW: True, Mixup: True
  Batch 1500/3010, Loss: 1.2894, DRW: True, Mixup: True
  Batch 2000/3010, Loss: 3.5332, DRW: True, Mixup: True
  Batch 2500/3010, Loss: 1.0008, DRW: True, Mixup: True
  Batch 3000/3010, Loss: 1.6256, DRW: True, Mixup: True
Train Loss: 1.3869
Val Loss: 1.5225, Val Macro F1: 0.8568
Current learning rate: 0.000001

============================================================
Epoch 96/100
============================================================
  Batch 0/3010, Loss: 1.0112, DRW: True, Mixup: True
  Batch 500/3010, Loss: 1.1192, DRW: True, Mixup: True
  Batch 1000/3010, Loss: 1.0267, DRW: True, Mixup: True
  Batch 1500/3010, Loss: 1.1291, DRW: True, Mixup: True
  Batch 2000/3010, Loss: 1.2543, DRW: True, Mixup: True
  Batch 2500/3010, Loss: 1.5030, DRW: True, Mixup: True
  Batch 3000/3010, Loss: 1.5696, DRW: True, Mixup: True
Train Loss: 1.3876
Val Loss: 1.5236, Val Macro F1: 0.8562
Current learning rate: 0.000001

============================================================
Epoch 97/100
============================================================
  Batch 0/3010, Loss: 1.2240, DRW: True, Mixup: True
  Batch 500/3010, Loss: 1.0157, DRW: True, Mixup: True
  Batch 1000/3010, Loss: 0.9913, DRW: True, Mixup: True
  Batch 1500/3010, Loss: 1.3310, DRW: True, Mixup: True
  Batch 2000/3010, Loss: 3.5160, DRW: True, Mixup: True
  Batch 2500/3010, Loss: 1.5034, DRW: True, Mixup: True
  Batch 3000/3010, Loss: 1.2307, DRW: True, Mixup: True
Train Loss: 1.3856
Val Loss: 1.5210, Val Macro F1: 0.8544
Current learning rate: 0.000001

============================================================
Epoch 98/100
============================================================
  Batch 0/3010, Loss: 1.5061, DRW: True, Mixup: True
  Batch 500/3010, Loss: 1.0208, DRW: True, Mixup: True
  Batch 1000/3010, Loss: 1.0828, DRW: True, Mixup: True
  Batch 1500/3010, Loss: 1.8587, DRW: True, Mixup: True
  Batch 2000/3010, Loss: 1.0293, DRW: True, Mixup: True
  Batch 2500/3010, Loss: 2.0446, DRW: True, Mixup: True
  Batch 3000/3010, Loss: 0.9732, DRW: True, Mixup: True
Train Loss: 1.3731
Val Loss: 1.5213, Val Macro F1: 0.8554
Current learning rate: 0.000001

============================================================
Epoch 99/100
============================================================
  Batch 0/3010, Loss: 1.0336, DRW: True, Mixup: True
  Batch 500/3010, Loss: 1.1052, DRW: True, Mixup: True
  Batch 1000/3010, Loss: 1.2285, DRW: True, Mixup: True
  Batch 1500/3010, Loss: 1.1297, DRW: True, Mixup: True
  Batch 2000/3010, Loss: 1.0690, DRW: True, Mixup: True
  Batch 2500/3010, Loss: 1.8966, DRW: True, Mixup: True
  Batch 3000/3010, Loss: 0.9860, DRW: True, Mixup: True
Train Loss: 1.3672
Val Loss: 1.5254, Val Macro F1: 0.8562
Current learning rate: 0.000001

============================================================
Epoch 100/100
============================================================
  Batch 0/3010, Loss: 0.9994, DRW: True, Mixup: True
  Batch 500/3010, Loss: 1.2847, DRW: True, Mixup: True
  Batch 1000/3010, Loss: 0.9060, DRW: True, Mixup: True
  Batch 1500/3010, Loss: 1.1313, DRW: True, Mixup: True
  Batch 2000/3010, Loss: 2.6682, DRW: True, Mixup: True
  Batch 2500/3010, Loss: 3.5469, DRW: True, Mixup: True
  Batch 3000/3010, Loss: 1.0125, DRW: True, Mixup: True
Train Loss: 1.3592
Val Loss: 1.5225, Val Macro F1: 0.8568
Current learning rate: 0.000001

============================================================
Training completed! Best Val F1: 0.8587
============================================================

============================================================
Evaluating on test set...
============================================================
Test Loss: 1.5216
Test Macro F1: 0.8709

Classification Report:
                  precision    recall  f1-score   support

speech:non-tonal       0.95      0.98      0.97     70117
    speech:tonal       0.89      0.73      0.80     13495
     music:vocal       0.84      0.82      0.83     12165
 music:non-vocal       0.68      0.69      0.68      6018
       env:urban       0.96      0.99      0.98       769
    env:wildlife       0.96      0.97      0.96      3411

        accuracy                           0.92    105975
       macro avg       0.88      0.87      0.87    105975
    weighted avg       0.91      0.92      0.91    105975


============================================================
Done!
============================================================
