INFO:    User not listed in /etc/subuid, trying root-mapped namespace
INFO:    Using fakeroot command combined with root-mapped namespace
INFO:    FUSE2FS (3): Warning: Mounting unchecked fs, running e2fsck is recommended.
WARNING: timm not installed. Install with: pip install timm
Using device: cuda
GPU: NVIDIA L40S
CUDA version: 12.8
✓ Using pretrained ViM from: Vim/vim_s_midclstok_ft_81p6acc.pth
Checkpoint directory: model/STM/branchAuM_preViM_corpora_categories/standard/ckpt/20260207_154959

================================================================================
Loading and preparing data...
================================================================================
Loaded: /vast-ac8888/MusicSpeech-STM/STM_output/corpSTMnpy/BibleTTS-akuapem-twi_STMall.npy, shape: (23592, 2420)
Loaded: /vast-ac8888/MusicSpeech-STM/STM_output/corpSTMnpy/BibleTTS-asante-twi_STMall.npy, shape: (20768, 2420)
Loaded: /vast-ac8888/MusicSpeech-STM/STM_output/corpSTMnpy/BibleTTS-ewe_STMall.npy, shape: (22138, 2420)
Loaded: /vast-ac8888/MusicSpeech-STM/STM_output/corpSTMnpy/BibleTTS-hausa_STMall.npy, shape: (29002, 2420)
Loaded: /vast-ac8888/MusicSpeech-STM/STM_output/corpSTMnpy/BibleTTS-lingala_STMall.npy, shape: (11219, 2420)
Loaded: /vast-ac8888/MusicSpeech-STM/STM_output/corpSTMnpy/BibleTTS-yoruba_STMall.npy, shape: (6629, 2420)
Loaded: /vast-ac8888/MusicSpeech-STM/STM_output/corpSTMnpy/Buckeye_STMall.npy, shape: (255, 2420)
Loaded: /vast-ac8888/MusicSpeech-STM/STM_output/corpSTMnpy/EUROM_STMall.npy, shape: (6623, 2420)
Loaded: /vast-ac8888/MusicSpeech-STM/STM_output/corpSTMnpy/HiltonMoser2022_speech_STMall.npy, shape: (785, 2420)
Loaded: /vast-ac8888/MusicSpeech-STM/STM_output/corpSTMnpy/LibriSpeech_STMall.npy, shape: (27144, 2420)
Loaded: /vast-ac8888/MusicSpeech-STM/STM_output/corpSTMnpy/MediaSpeech-AR_STMall.npy, shape: (2505, 2420)
Loaded: /vast-ac8888/MusicSpeech-STM/STM_output/corpSTMnpy/MediaSpeech-ES_STMall.npy, shape: (2507, 2420)
Loaded: /vast-ac8888/MusicSpeech-STM/STM_output/corpSTMnpy/MediaSpeech-FR_STMall.npy, shape: (2498, 2420)
Loaded: /vast-ac8888/MusicSpeech-STM/STM_output/corpSTMnpy/MediaSpeech-TR_STMall.npy, shape: (2512, 2420)
Loaded: /vast-ac8888/MusicSpeech-STM/STM_output/corpSTMnpy/MozillaCommonVoice-ab_STMall.npy, shape: (7558, 2420)
Loaded: /vast-ac8888/MusicSpeech-STM/STM_output/corpSTMnpy/MozillaCommonVoice-ar_STMall.npy, shape: (8080, 2420)
Loaded: /vast-ac8888/MusicSpeech-STM/STM_output/corpSTMnpy/MozillaCommonVoice-ba_STMall.npy, shape: (7964, 2420)
Loaded: /vast-ac8888/MusicSpeech-STM/STM_output/corpSTMnpy/MozillaCommonVoice-be_STMall.npy, shape: (8595, 2420)
Loaded: /vast-ac8888/MusicSpeech-STM/STM_output/corpSTMnpy/MozillaCommonVoice-bg_STMall.npy, shape: (7130, 2420)
Loaded: /vast-ac8888/MusicSpeech-STM/STM_output/corpSTMnpy/MozillaCommonVoice-bn_STMall.npy, shape: (8149, 2420)
Loaded: /vast-ac8888/MusicSpeech-STM/STM_output/corpSTMnpy/MozillaCommonVoice-br_STMall.npy, shape: (1454, 2420)
Loaded: /vast-ac8888/MusicSpeech-STM/STM_output/corpSTMnpy/MozillaCommonVoice-ca_STMall.npy, shape: (8237, 2420)
Loaded: /vast-ac8888/MusicSpeech-STM/STM_output/corpSTMnpy/MozillaCommonVoice-ckb_STMall.npy, shape: (7490, 2420)
Loaded: /vast-ac8888/MusicSpeech-STM/STM_output/corpSTMnpy/MozillaCommonVoice-cnh_STMall.npy, shape: (656, 2420)
Loaded: /vast-ac8888/MusicSpeech-STM/STM_output/corpSTMnpy/MozillaCommonVoice-cs_STMall.npy, shape: (8622, 2420)
Loaded: /vast-ac8888/MusicSpeech-STM/STM_output/corpSTMnpy/MozillaCommonVoice-cv_STMall.npy, shape: (8755, 2420)
Loaded: /vast-ac8888/MusicSpeech-STM/STM_output/corpSTMnpy/MozillaCommonVoice-cy_STMall.npy, shape: (7640, 2420)
Loaded: /vast-ac8888/MusicSpeech-STM/STM_output/corpSTMnpy/MozillaCommonVoice-da_STMall.npy, shape: (3878, 2420)
Loaded: /vast-ac8888/MusicSpeech-STM/STM_output/corpSTMnpy/MozillaCommonVoice-de_STMall.npy, shape: (8979, 2420)
Loaded: /vast-ac8888/MusicSpeech-STM/STM_output/corpSTMnpy/MozillaCommonVoice-dv_STMall.npy, shape: (9113, 2420)
Loaded: /vast-ac8888/MusicSpeech-STM/STM_output/corpSTMnpy/MozillaCommonVoice-el_STMall.npy, shape: (6422, 2420)
Loaded: /vast-ac8888/MusicSpeech-STM/STM_output/corpSTMnpy/MozillaCommonVoice-en_STMall.npy, shape: (8607, 2420)
Loaded: /vast-ac8888/MusicSpeech-STM/STM_output/corpSTMnpy/MozillaCommonVoice-eo_STMall.npy, shape: (9327, 2420)
Loaded: /vast-ac8888/MusicSpeech-STM/STM_output/corpSTMnpy/MozillaCommonVoice-es_STMall.npy, shape: (8742, 2420)
Loaded: /vast-ac8888/MusicSpeech-STM/STM_output/corpSTMnpy/MozillaCommonVoice-et_STMall.npy, shape: (9653, 2420)
Loaded: /vast-ac8888/MusicSpeech-STM/STM_output/corpSTMnpy/MozillaCommonVoice-eu_STMall.npy, shape: (7983, 2420)
Loaded: /vast-ac8888/MusicSpeech-STM/STM_output/corpSTMnpy/MozillaCommonVoice-fa_STMall.npy, shape: (8629, 2420)
Loaded: /vast-ac8888/MusicSpeech-STM/STM_output/corpSTMnpy/MozillaCommonVoice-fi_STMall.npy, shape: (3982, 2420)
Loaded: /vast-ac8888/MusicSpeech-STM/STM_output/corpSTMnpy/MozillaCommonVoice-fr_STMall.npy, shape: (8912, 2420)
Loaded: /vast-ac8888/MusicSpeech-STM/STM_output/corpSTMnpy/MozillaCommonVoice-fy-NL_STMall.npy, shape: (6694, 2420)
Loaded: /vast-ac8888/MusicSpeech-STM/STM_output/corpSTMnpy/MozillaCommonVoice-ga-IE_STMall.npy, shape: (1323, 2420)
Loaded: /vast-ac8888/MusicSpeech-STM/STM_output/corpSTMnpy/MozillaCommonVoice-gl_STMall.npy, shape: (8623, 2420)
Loaded: /vast-ac8888/MusicSpeech-STM/STM_output/corpSTMnpy/MozillaCommonVoice-gn_STMall.npy, shape: (1014, 2420)
Loaded: /vast-ac8888/MusicSpeech-STM/STM_output/corpSTMnpy/MozillaCommonVoice-hi_STMall.npy, shape: (5438, 2420)
Loaded: /vast-ac8888/MusicSpeech-STM/STM_output/corpSTMnpy/MozillaCommonVoice-hu_STMall.npy, shape: (8319, 2420)
Loaded: /vast-ac8888/MusicSpeech-STM/STM_output/corpSTMnpy/MozillaCommonVoice-hy-AM_STMall.npy, shape: (6980, 2420)
Loaded: /vast-ac8888/MusicSpeech-STM/STM_output/corpSTMnpy/MozillaCommonVoice-id_STMall.npy, shape: (8468, 2420)
Loaded: /vast-ac8888/MusicSpeech-STM/STM_output/corpSTMnpy/MozillaCommonVoice-ig_STMall.npy, shape: (9, 2420)
Loaded: /vast-ac8888/MusicSpeech-STM/STM_output/corpSTMnpy/MozillaCommonVoice-it_STMall.npy, shape: (9083, 2420)
Loaded: /vast-ac8888/MusicSpeech-STM/STM_output/corpSTMnpy/MozillaCommonVoice-ja_STMall.npy, shape: (8606, 2420)
Loaded: /vast-ac8888/MusicSpeech-STM/STM_output/corpSTMnpy/MozillaCommonVoice-ka_STMall.npy, shape: (9409, 2420)
Loaded: /vast-ac8888/MusicSpeech-STM/STM_output/corpSTMnpy/MozillaCommonVoice-kab_STMall.npy, shape: (7172, 2420)
Loaded: /vast-ac8888/MusicSpeech-STM/STM_output/corpSTMnpy/MozillaCommonVoice-kk_STMall.npy, shape: (867, 2420)
Loaded: /vast-ac8888/MusicSpeech-STM/STM_output/corpSTMnpy/MozillaCommonVoice-kmr_STMall.npy, shape: (6603, 2420)
Loaded: /vast-ac8888/MusicSpeech-STM/STM_output/corpSTMnpy/MozillaCommonVoice-ky_STMall.npy, shape: (7998, 2420)
Loaded: /vast-ac8888/MusicSpeech-STM/STM_output/corpSTMnpy/MozillaCommonVoice-lg_STMall.npy, shape: (8169, 2420)
Loaded: /vast-ac8888/MusicSpeech-STM/STM_output/corpSTMnpy/MozillaCommonVoice-lt_STMall.npy, shape: (9073, 2420)
Loaded: /vast-ac8888/MusicSpeech-STM/STM_output/corpSTMnpy/MozillaCommonVoice-ltg_STMall.npy, shape: (2299, 2420)
Loaded: /vast-ac8888/MusicSpeech-STM/STM_output/corpSTMnpy/MozillaCommonVoice-lv_STMall.npy, shape: (7666, 2420)
Loaded: /vast-ac8888/MusicSpeech-STM/STM_output/corpSTMnpy/MozillaCommonVoice-mhr_STMall.npy, shape: (8336, 2420)
Loaded: /vast-ac8888/MusicSpeech-STM/STM_output/corpSTMnpy/MozillaCommonVoice-ml_STMall.npy, shape: (813, 2420)
Loaded: /vast-ac8888/MusicSpeech-STM/STM_output/corpSTMnpy/MozillaCommonVoice-mn_STMall.npy, shape: (5968, 2420)
Loaded: /vast-ac8888/MusicSpeech-STM/STM_output/corpSTMnpy/MozillaCommonVoice-mt_STMall.npy, shape: (3632, 2420)
Loaded: /vast-ac8888/MusicSpeech-STM/STM_output/corpSTMnpy/MozillaCommonVoice-nan-tw_STMall.npy, shape: (181, 2420)
Loaded: /vast-ac8888/MusicSpeech-STM/STM_output/corpSTMnpy/MozillaCommonVoice-nl_STMall.npy, shape: (8834, 2420)
Loaded: /vast-ac8888/MusicSpeech-STM/STM_output/corpSTMnpy/MozillaCommonVoice-oc_STMall.npy, shape: (681, 2420)
Loaded: /vast-ac8888/MusicSpeech-STM/STM_output/corpSTMnpy/MozillaCommonVoice-or_STMall.npy, shape: (1941, 2420)
Loaded: /vast-ac8888/MusicSpeech-STM/STM_output/corpSTMnpy/MozillaCommonVoice-pl_STMall.npy, shape: (8817, 2420)
Loaded: /vast-ac8888/MusicSpeech-STM/STM_output/corpSTMnpy/MozillaCommonVoice-pt_STMall.npy, shape: (8413, 2420)
Loaded: /vast-ac8888/MusicSpeech-STM/STM_output/corpSTMnpy/MozillaCommonVoice-ro_STMall.npy, shape: (6666, 2420)
Loaded: /vast-ac8888/MusicSpeech-STM/STM_output/corpSTMnpy/MozillaCommonVoice-ru_STMall.npy, shape: (9260, 2420)
Loaded: /vast-ac8888/MusicSpeech-STM/STM_output/corpSTMnpy/MozillaCommonVoice-rw_STMall.npy, shape: (9148, 2420)
Loaded: /vast-ac8888/MusicSpeech-STM/STM_output/corpSTMnpy/MozillaCommonVoice-sr_STMall.npy, shape: (391, 2420)
Loaded: /vast-ac8888/MusicSpeech-STM/STM_output/corpSTMnpy/MozillaCommonVoice-sv-SE_STMall.npy, shape: (8288, 2420)
Loaded: /vast-ac8888/MusicSpeech-STM/STM_output/corpSTMnpy/MozillaCommonVoice-sw_STMall.npy, shape: (9192, 2420)
Loaded: /vast-ac8888/MusicSpeech-STM/STM_output/corpSTMnpy/MozillaCommonVoice-ta_STMall.npy, shape: (9474, 2420)
Loaded: /vast-ac8888/MusicSpeech-STM/STM_output/corpSTMnpy/MozillaCommonVoice-th_STMall.npy, shape: (8044, 2420)
Loaded: /vast-ac8888/MusicSpeech-STM/STM_output/corpSTMnpy/MozillaCommonVoice-tr_STMall.npy, shape: (7953, 2420)
Loaded: /vast-ac8888/MusicSpeech-STM/STM_output/corpSTMnpy/MozillaCommonVoice-tt_STMall.npy, shape: (7454, 2420)
Loaded: /vast-ac8888/MusicSpeech-STM/STM_output/corpSTMnpy/MozillaCommonVoice-ug_STMall.npy, shape: (7899, 2420)
Loaded: /vast-ac8888/MusicSpeech-STM/STM_output/corpSTMnpy/MozillaCommonVoice-uk_STMall.npy, shape: (8819, 2420)
Loaded: /vast-ac8888/MusicSpeech-STM/STM_output/corpSTMnpy/MozillaCommonVoice-ur_STMall.npy, shape: (8970, 2420)
Loaded: /vast-ac8888/MusicSpeech-STM/STM_output/corpSTMnpy/MozillaCommonVoice-uz_STMall.npy, shape: (7911, 2420)
Loaded: /vast-ac8888/MusicSpeech-STM/STM_output/corpSTMnpy/MozillaCommonVoice-vi_STMall.npy, shape: (1859, 2420)
Loaded: /vast-ac8888/MusicSpeech-STM/STM_output/corpSTMnpy/MozillaCommonVoice-yo_STMall.npy, shape: (2511, 2420)
Loaded: /vast-ac8888/MusicSpeech-STM/STM_output/corpSTMnpy/MozillaCommonVoice-yue_STMall.npy, shape: (6156, 2420)
Loaded: /vast-ac8888/MusicSpeech-STM/STM_output/corpSTMnpy/MozillaCommonVoice-zh-CN_STMall.npy, shape: (8715, 2420)
Loaded: /vast-ac8888/MusicSpeech-STM/STM_output/corpSTMnpy/MozillaCommonVoice-zh-TW_STMall.npy, shape: (7286, 2420)
Loaded: /vast-ac8888/MusicSpeech-STM/STM_output/corpSTMnpy/SpeechClarity_STMall.npy, shape: (555, 2420)
Loaded: /vast-ac8888/MusicSpeech-STM/STM_output/corpSTMnpy/TAT-Vol2_STMall.npy, shape: (793, 2420)
Loaded: /vast-ac8888/MusicSpeech-STM/STM_output/corpSTMnpy/TIMIT_STMall.npy, shape: (479, 2420)
Loaded: /vast-ac8888/MusicSpeech-STM/STM_output/corpSTMnpy/TTS_Javanese_STMall.npy, shape: (3068, 2420)
Loaded: /vast-ac8888/MusicSpeech-STM/STM_output/corpSTMnpy/primewords_chinese_STMall.npy, shape: (47166, 2420)
Loaded: /vast-ac8888/MusicSpeech-STM/STM_output/corpSTMnpy/room_reader_STMall.npy, shape: (146, 2420)
Loaded: /vast-ac8888/MusicSpeech-STM/STM_output/corpSTMnpy/thchs30_STMall.npy, shape: (13327, 2420)
Loaded: /vast-ac8888/MusicSpeech-STM/STM_output/corpSTMnpy/zeroth_korean_STMall.npy, shape: (22255, 2420)
Loaded: /vast-ac8888/MusicSpeech-STM/STM_output/corpSTMnpy/Albouy2020Science_STMall.npy, shape: (123, 2420)
Loaded: /vast-ac8888/MusicSpeech-STM/STM_output/corpSTMnpy/GarlandEncyclopedia_STMall.npy, shape: (296, 2420)
Loaded: /vast-ac8888/MusicSpeech-STM/STM_output/corpSTMnpy/HiltonMoser2022_song_STMall.npy, shape: (803, 2420)
Loaded: /vast-ac8888/MusicSpeech-STM/STM_output/corpSTMnpy/IRMAS_STMall.npy, shape: (2838, 2420)
Loaded: /vast-ac8888/MusicSpeech-STM/STM_output/corpSTMnpy/MTG-Jamendo_STMall.npy, shape: (55699, 2420)
Loaded: /vast-ac8888/MusicSpeech-STM/STM_output/corpSTMnpy/MagnaTagATune_STMall.npy, shape: (25859, 2420)
Loaded: /vast-ac8888/MusicSpeech-STM/STM_output/corpSTMnpy/NHS2_STMall.npy, shape: (1007, 2420)
Loaded: /vast-ac8888/MusicSpeech-STM/STM_output/corpSTMnpy/fma_large_STMall.npy, shape: (106257, 2420)
Loaded: /vast-ac8888/MusicSpeech-STM/STM_output/corpSTMnpy/ismir04_genre_STMall.npy, shape: (2185, 2420)
Loaded: /vast-ac8888/MusicSpeech-STM/STM_output/corpSTMnpy/MacaulayLibrary_STMall.npy, shape: (34565, 2420)
Loaded: /vast-ac8888/MusicSpeech-STM/STM_output/corpSTMnpy/SONYC_STMall.npy, shape: (10798, 2420)

Dataset Statistics:
Total samples: 978378
Train samples: 770393
Val samples: 102010
Test samples: 105975
Original feature dim: 2420
After asymmetric processing: 2440 tokens

Class Distribution (Training):
  Class 0: 497475 samples (0.6457)
  Class 1: 80258 samples (0.1042)
  Class 2: 101893 samples (0.1323)
  Class 3: 53538 samples (0.0695)
  Class 4: 9580 samples (0.0124)
  Class 5: 27649 samples (0.0359)

Applying asymmetric 2-channel STM processing...
Original: 20 freq × 121 rates = 2420 features
After processing: 2 channels × 20 freq × 61 rates
  Channel 0: S_up (upward frequency sweeps)
  Channel 1: S_down (downward frequency sweeps)
After spatial adapter: 3 channels × 224 × 224 (ViM input)

DataLoaders created with batch_size=32

================================================================================
Creating STM_branchAuM_preViM model...
================================================================================
Loading pretrained ViM weights from Vim/vim_s_midclstok_ft_81p6acc.pth
  ✗ Failed to load pretrained weights: Weights only load failed. This file can still be loaded, to do so you have two options, [1mdo those steps only if you trust the source of the checkpoint[0m. 
	(1) In PyTorch 2.6, we changed the default value of the `weights_only` argument in `torch.load` from `False` to `True`. Re-running `torch.load` with `weights_only` set to `False` will likely succeed, but it can result in arbitrary code execution. Do it only if you got the file from a trusted source.
	(2) Alternatively, to load with `weights_only=True` please check the recommended steps in the following error message.
	WeightsUnpickler error: Unsupported global: GLOBAL argparse.Namespace was not an allowed global by default. Please use `torch.serialization.add_safe_globals([argparse.Namespace])` or the `torch.serialization.safe_globals([argparse.Namespace])` context manager to allowlist this global if you trust this class/function.

Check the documentation of torch.load to learn more about types accepted by default with weights_only https://pytorch.org/docs/stable/generated/torch.load.html.
  → Training from scratch
Total parameters: 53,893,842
Trainable parameters: 53,893,842
Branch point: Layer 4

Architecture (Speed-Optimized):
  1. Spatial Adapter: (2,20,61) → (3,224,224) [Bilinear + Conv2D]
  2. Pretrained ViM: vim_small with 16×16 patches (196 tokens)
     - 16× fewer tokens than 4×4 patches
     - Matches standard ViM config (no interpolation)
  3. Hierarchical branching:
     - Early blocks (0-3): Feature extraction
     - Coarse classifier: 3 super-classes
     - Deep blocks (4-23): Fine-grained with guidance
     - Fine classifier: 6 classes

Progressive Unfreezing Schedule:
  - Epochs 0-9: Freeze blocks 0-3
  - Epochs 10-29: Unfreeze blocks 2-3
  - Epochs 30+: Unfreeze all

Expected Speedup: ~15-20× over 4×4 patch version

================================================================================
Starting training for 50 epochs
================================================================================


================================================================================
Epoch 0: Freezing backbone blocks 0-3
================================================================================
Epoch 1/50
  Train Loss: 3.1411 | Train F1: 0.6747
  Val Loss: 0.6692 | Val F1: 0.7753
  Val F1 per class: [0.95714234 0.6283824  0.78081705 0.58771174 0.85851781 0.8394285 ]
  LR: 0.000098 (backbone), 0.000976 (new)
  ✓ Saved best model (Val F1: 0.7753)

Epoch 2/50
  Train Loss: 2.8107 | Train F1: 0.7365
  Val Loss: 0.6641 | Val F1: 0.7762
  Val F1 per class: [0.96132144 0.64048594 0.82235616 0.45422711 0.91317671 0.86581343]
  LR: 0.000091 (backbone), 0.000905 (new)
  ✓ Saved best model (Val F1: 0.7762)

Epoch 3/50
  Train Loss: 2.6853 | Train F1: 0.7569
  Val Loss: 0.6483 | Val F1: 0.8117
  Val F1 per class: [0.96482477 0.68835341 0.81965927 0.57560818 0.93432203 0.88752556]
  LR: 0.000080 (backbone), 0.000794 (new)
  ✓ Saved best model (Val F1: 0.8117)

Epoch 4/50
  Train Loss: 2.5975 | Train F1: 0.7663
  Val Loss: 0.5680 | Val F1: 0.8280
  Val F1 per class: [0.96877165 0.74476415 0.79671502 0.63533683 0.92403746 0.89811011]
  LR: 0.000066 (backbone), 0.000655 (new)
  ✓ Saved best model (Val F1: 0.8280)

Epoch 5/50
  Train Loss: 2.5205 | Train F1: 0.7789
  Val Loss: 0.5402 | Val F1: 0.8335
  Val F1 per class: [0.96802373 0.75169048 0.80312982 0.63715242 0.93630573 0.90458691]
  LR: 0.000051 (backbone), 0.000501 (new)
  ✓ Saved best model (Val F1: 0.8335)

Epoch 6/50
  Train Loss: 2.4592 | Train F1: 0.7884
  Val Loss: 0.5953 | Val F1: 0.8338
  Val F1 per class: [0.96697685 0.75348048 0.80105774 0.64408595 0.93514644 0.90188062]
  LR: 0.000035 (backbone), 0.000346 (new)
  ✓ Saved best model (Val F1: 0.8338)

Epoch 7/50
  Train Loss: 2.3948 | Train F1: 0.7970
  Val Loss: 0.5865 | Val F1: 0.8389
  Val F1 per class: [0.97101386 0.75093416 0.8303934  0.60960961 0.95605573 0.91556911]
  LR: 0.000021 (backbone), 0.000207 (new)
  ✓ Saved best model (Val F1: 0.8389)

Epoch 8/50
  Train Loss: 2.3278 | Train F1: 0.8057
  Val Loss: 0.5904 | Val F1: 0.8408
  Val F1 per class: [0.9699472  0.7622619  0.82630577 0.62309799 0.95095949 0.91234735]
  LR: 0.000010 (backbone), 0.000096 (new)
  ✓ Saved best model (Val F1: 0.8408)

Epoch 9/50
  Train Loss: 2.2704 | Train F1: 0.8151
  Val Loss: 0.5840 | Val F1: 0.8442
  Val F1 per class: [0.97188421 0.76642245 0.82822232 0.62691549 0.95410886 0.91741619]
  LR: 0.000003 (backbone), 0.000025 (new)
  ✓ Saved best model (Val F1: 0.8442)

Epoch 10/50
  Train Loss: 2.2225 | Train F1: 0.8211
  Val Loss: 0.6006 | Val F1: 0.8438
  Val F1 per class: [0.97124563 0.7699508  0.83189569 0.61450051 0.95493562 0.92008758]
  LR: 0.000100 (backbone), 0.001000 (new)


================================================================================
Epoch 10: Freezing backbone blocks 0-1
================================================================================
Epoch 11/50
  Train Loss: 2.4994 | Train F1: 0.7826
  Val Loss: 0.7125 | Val F1: 0.8107
  Val F1 per class: [0.96346975 0.73171274 0.83165908 0.50109347 0.93403141 0.902379  ]
  LR: 0.000099 (backbone), 0.000994 (new)

Epoch 12/50
  Train Loss: 2.5144 | Train F1: 0.7796
  Val Loss: 0.5785 | Val F1: 0.8260
  Val F1 per class: [0.96976209 0.73953278 0.80860008 0.6121177  0.91504606 0.91064314]
  LR: 0.000098 (backbone), 0.000976 (new)

Epoch 13/50
  Train Loss: 2.4881 | Train F1: 0.7834
  Val Loss: 0.6321 | Val F1: 0.8216
  Val F1 per class: [0.96685739 0.73700506 0.82926035 0.57036473 0.92450879 0.90162831]
  LR: 0.000095 (backbone), 0.000946 (new)

Epoch 14/50
  Train Loss: 2.4673 | Train F1: 0.7857
  Val Loss: 0.5893 | Val F1: 0.8242
  Val F1 per class: [0.96868573 0.72240271 0.81849504 0.62166778 0.91880781 0.89484369]
  LR: 0.000091 (backbone), 0.000905 (new)

Epoch 15/50
  Train Loss: 2.4413 | Train F1: 0.7903
  Val Loss: 0.5560 | Val F1: 0.8278
  Val F1 per class: [0.97015913 0.74503778 0.83167604 0.58220035 0.92768595 0.91025992]
  LR: 0.000086 (backbone), 0.000854 (new)

Epoch 16/50
  Train Loss: 2.3984 | Train F1: 0.7976
  Val Loss: 0.5767 | Val F1: 0.8254
  Val F1 per class: [0.96964249 0.75179481 0.83326355 0.56172081 0.93929712 0.89652417]
  LR: 0.000080 (backbone), 0.000794 (new)

Epoch 17/50
  Train Loss: 2.3809 | Train F1: 0.7995
  Val Loss: 0.6155 | Val F1: 0.8289
  Val F1 per class: [0.96755802 0.73064781 0.83326815 0.58090724 0.94805195 0.91297752]
  LR: 0.000073 (backbone), 0.000727 (new)

Epoch 18/50
  Train Loss: 2.3381 | Train F1: 0.8057
  Val Loss: 0.6317 | Val F1: 0.8308
  Val F1 per class: [0.96846969 0.75915534 0.83325846 0.55571202 0.95474138 0.91330263]
  LR: 0.000066 (backbone), 0.000655 (new)

Epoch 19/50
  Train Loss: 2.3194 | Train F1: 0.8084
  Val Loss: 0.6245 | Val F1: 0.8307
  Val F1 per class: [0.96929462 0.73688975 0.82816189 0.59653645 0.93710692 0.91592374]
  LR: 0.000058 (backbone), 0.000579 (new)

Epoch 20/50
  Train Loss: 2.2777 | Train F1: 0.8131
  Val Loss: 0.5939 | Val F1: 0.8417
  Val F1 per class: [0.96957574 0.76567312 0.83429616 0.59351003 0.96199783 0.92501047]
  LR: 0.000051 (backbone), 0.000501 (new)

Epoch 21/50
  Train Loss: 2.2430 | Train F1: 0.8186
  Val Loss: 0.6343 | Val F1: 0.8345
  Val F1 per class: [0.97055471 0.75807935 0.8325128  0.58495915 0.93920335 0.92171508]
  LR: 0.000043 (backbone), 0.000422 (new)

Epoch 22/50
  Train Loss: 2.1759 | Train F1: 0.8292
  Val Loss: 0.6245 | Val F1: 0.8402
  Val F1 per class: [0.97081788 0.77207392 0.83179944 0.59578294 0.95299145 0.91760861]
  LR: 0.000035 (backbone), 0.000346 (new)

Epoch 23/50
  Train Loss: 2.1287 | Train F1: 0.8364
  Val Loss: 0.6461 | Val F1: 0.8461
  Val F1 per class: [0.9707124  0.76654138 0.82417433 0.6209991  0.9673913  0.92692469]
  LR: 0.000028 (backbone), 0.000274 (new)
  ✓ Saved best model (Val F1: 0.8461)

Epoch 24/50
  Train Loss: 2.0982 | Train F1: 0.8405
  Val Loss: 0.6631 | Val F1: 0.8438
  Val F1 per class: [0.97125945 0.76535972 0.82523023 0.61557289 0.96017223 0.92508951]
  LR: 0.000021 (backbone), 0.000207 (new)

Epoch 25/50
  Train Loss: 2.0543 | Train F1: 0.8461
  Val Loss: 0.6402 | Val F1: 0.8414
  Val F1 per class: [0.9702423  0.76882754 0.82868686 0.60771402 0.94580234 0.92734626]
  LR: 0.000015 (backbone), 0.000147 (new)

Epoch 26/50
  Train Loss: 2.0211 | Train F1: 0.8521
  Val Loss: 0.6769 | Val F1: 0.8373
  Val F1 per class: [0.96906471 0.76581022 0.82695243 0.59266378 0.94680851 0.92252747]
  LR: 0.000010 (backbone), 0.000096 (new)

