INFO:    User not listed in /etc/subuid, trying root-mapped namespace
INFO:    Using fakeroot command combined with root-mapped namespace
INFO:    FUSE2FS (3): Warning: Mounting unchecked fs, running e2fsck is recommended.
Using device: cuda
GPU: NVIDIA L40S
Memory: 47.67 GB
Checkpoint directory: model/STM/CoordConvLDAM_preIN3_corpora_categories/standard/ckpt/2026-02-06_19-30

============================================================
Loading and preparing data...
============================================================
Loaded: /vast-ac8888/MusicSpeech-STM/STM_output/corpSTMnpy/BibleTTS-akuapem-twi_STMall.npy, shape: (23592, 2420)
Loaded: /vast-ac8888/MusicSpeech-STM/STM_output/corpSTMnpy/BibleTTS-asante-twi_STMall.npy, shape: (20768, 2420)
Loaded: /vast-ac8888/MusicSpeech-STM/STM_output/corpSTMnpy/BibleTTS-ewe_STMall.npy, shape: (22138, 2420)
Loaded: /vast-ac8888/MusicSpeech-STM/STM_output/corpSTMnpy/BibleTTS-hausa_STMall.npy, shape: (29002, 2420)
Loaded: /vast-ac8888/MusicSpeech-STM/STM_output/corpSTMnpy/BibleTTS-lingala_STMall.npy, shape: (11219, 2420)
Loaded: /vast-ac8888/MusicSpeech-STM/STM_output/corpSTMnpy/BibleTTS-yoruba_STMall.npy, shape: (6629, 2420)
Loaded: /vast-ac8888/MusicSpeech-STM/STM_output/corpSTMnpy/Buckeye_STMall.npy, shape: (255, 2420)
Loaded: /vast-ac8888/MusicSpeech-STM/STM_output/corpSTMnpy/EUROM_STMall.npy, shape: (6623, 2420)
Loaded: /vast-ac8888/MusicSpeech-STM/STM_output/corpSTMnpy/HiltonMoser2022_speech_STMall.npy, shape: (785, 2420)
Loaded: /vast-ac8888/MusicSpeech-STM/STM_output/corpSTMnpy/LibriSpeech_STMall.npy, shape: (27144, 2420)
Loaded: /vast-ac8888/MusicSpeech-STM/STM_output/corpSTMnpy/MediaSpeech-AR_STMall.npy, shape: (2505, 2420)
Loaded: /vast-ac8888/MusicSpeech-STM/STM_output/corpSTMnpy/MediaSpeech-ES_STMall.npy, shape: (2507, 2420)
Loaded: /vast-ac8888/MusicSpeech-STM/STM_output/corpSTMnpy/MediaSpeech-FR_STMall.npy, shape: (2498, 2420)
Loaded: /vast-ac8888/MusicSpeech-STM/STM_output/corpSTMnpy/MediaSpeech-TR_STMall.npy, shape: (2512, 2420)
Loaded: /vast-ac8888/MusicSpeech-STM/STM_output/corpSTMnpy/MozillaCommonVoice-ab_STMall.npy, shape: (7558, 2420)
Loaded: /vast-ac8888/MusicSpeech-STM/STM_output/corpSTMnpy/MozillaCommonVoice-ar_STMall.npy, shape: (8080, 2420)
Loaded: /vast-ac8888/MusicSpeech-STM/STM_output/corpSTMnpy/MozillaCommonVoice-ba_STMall.npy, shape: (7964, 2420)
Loaded: /vast-ac8888/MusicSpeech-STM/STM_output/corpSTMnpy/MozillaCommonVoice-be_STMall.npy, shape: (8595, 2420)
Loaded: /vast-ac8888/MusicSpeech-STM/STM_output/corpSTMnpy/MozillaCommonVoice-bg_STMall.npy, shape: (7130, 2420)
Loaded: /vast-ac8888/MusicSpeech-STM/STM_output/corpSTMnpy/MozillaCommonVoice-bn_STMall.npy, shape: (8149, 2420)
Loaded: /vast-ac8888/MusicSpeech-STM/STM_output/corpSTMnpy/MozillaCommonVoice-br_STMall.npy, shape: (1454, 2420)
Loaded: /vast-ac8888/MusicSpeech-STM/STM_output/corpSTMnpy/MozillaCommonVoice-ca_STMall.npy, shape: (8237, 2420)
Loaded: /vast-ac8888/MusicSpeech-STM/STM_output/corpSTMnpy/MozillaCommonVoice-ckb_STMall.npy, shape: (7490, 2420)
Loaded: /vast-ac8888/MusicSpeech-STM/STM_output/corpSTMnpy/MozillaCommonVoice-cnh_STMall.npy, shape: (656, 2420)
Loaded: /vast-ac8888/MusicSpeech-STM/STM_output/corpSTMnpy/MozillaCommonVoice-cs_STMall.npy, shape: (8622, 2420)
Loaded: /vast-ac8888/MusicSpeech-STM/STM_output/corpSTMnpy/MozillaCommonVoice-cv_STMall.npy, shape: (8755, 2420)
Loaded: /vast-ac8888/MusicSpeech-STM/STM_output/corpSTMnpy/MozillaCommonVoice-cy_STMall.npy, shape: (7640, 2420)
Loaded: /vast-ac8888/MusicSpeech-STM/STM_output/corpSTMnpy/MozillaCommonVoice-da_STMall.npy, shape: (3878, 2420)
Loaded: /vast-ac8888/MusicSpeech-STM/STM_output/corpSTMnpy/MozillaCommonVoice-de_STMall.npy, shape: (8979, 2420)
Loaded: /vast-ac8888/MusicSpeech-STM/STM_output/corpSTMnpy/MozillaCommonVoice-dv_STMall.npy, shape: (9113, 2420)
Loaded: /vast-ac8888/MusicSpeech-STM/STM_output/corpSTMnpy/MozillaCommonVoice-el_STMall.npy, shape: (6422, 2420)
Loaded: /vast-ac8888/MusicSpeech-STM/STM_output/corpSTMnpy/MozillaCommonVoice-en_STMall.npy, shape: (8607, 2420)
Loaded: /vast-ac8888/MusicSpeech-STM/STM_output/corpSTMnpy/MozillaCommonVoice-eo_STMall.npy, shape: (9327, 2420)
Loaded: /vast-ac8888/MusicSpeech-STM/STM_output/corpSTMnpy/MozillaCommonVoice-es_STMall.npy, shape: (8742, 2420)
Loaded: /vast-ac8888/MusicSpeech-STM/STM_output/corpSTMnpy/MozillaCommonVoice-et_STMall.npy, shape: (9653, 2420)
Loaded: /vast-ac8888/MusicSpeech-STM/STM_output/corpSTMnpy/MozillaCommonVoice-eu_STMall.npy, shape: (7983, 2420)
Loaded: /vast-ac8888/MusicSpeech-STM/STM_output/corpSTMnpy/MozillaCommonVoice-fa_STMall.npy, shape: (8629, 2420)
Loaded: /vast-ac8888/MusicSpeech-STM/STM_output/corpSTMnpy/MozillaCommonVoice-fi_STMall.npy, shape: (3982, 2420)
Loaded: /vast-ac8888/MusicSpeech-STM/STM_output/corpSTMnpy/MozillaCommonVoice-fr_STMall.npy, shape: (8912, 2420)
Loaded: /vast-ac8888/MusicSpeech-STM/STM_output/corpSTMnpy/MozillaCommonVoice-fy-NL_STMall.npy, shape: (6694, 2420)
Loaded: /vast-ac8888/MusicSpeech-STM/STM_output/corpSTMnpy/MozillaCommonVoice-ga-IE_STMall.npy, shape: (1323, 2420)
Loaded: /vast-ac8888/MusicSpeech-STM/STM_output/corpSTMnpy/MozillaCommonVoice-gl_STMall.npy, shape: (8623, 2420)
Loaded: /vast-ac8888/MusicSpeech-STM/STM_output/corpSTMnpy/MozillaCommonVoice-gn_STMall.npy, shape: (1014, 2420)
Loaded: /vast-ac8888/MusicSpeech-STM/STM_output/corpSTMnpy/MozillaCommonVoice-hi_STMall.npy, shape: (5438, 2420)
Loaded: /vast-ac8888/MusicSpeech-STM/STM_output/corpSTMnpy/MozillaCommonVoice-hu_STMall.npy, shape: (8319, 2420)
Loaded: /vast-ac8888/MusicSpeech-STM/STM_output/corpSTMnpy/MozillaCommonVoice-hy-AM_STMall.npy, shape: (6980, 2420)
Loaded: /vast-ac8888/MusicSpeech-STM/STM_output/corpSTMnpy/MozillaCommonVoice-id_STMall.npy, shape: (8468, 2420)
Loaded: /vast-ac8888/MusicSpeech-STM/STM_output/corpSTMnpy/MozillaCommonVoice-ig_STMall.npy, shape: (9, 2420)
Loaded: /vast-ac8888/MusicSpeech-STM/STM_output/corpSTMnpy/MozillaCommonVoice-it_STMall.npy, shape: (9083, 2420)
Loaded: /vast-ac8888/MusicSpeech-STM/STM_output/corpSTMnpy/MozillaCommonVoice-ja_STMall.npy, shape: (8606, 2420)
Loaded: /vast-ac8888/MusicSpeech-STM/STM_output/corpSTMnpy/MozillaCommonVoice-ka_STMall.npy, shape: (9409, 2420)
Loaded: /vast-ac8888/MusicSpeech-STM/STM_output/corpSTMnpy/MozillaCommonVoice-kab_STMall.npy, shape: (7172, 2420)
Loaded: /vast-ac8888/MusicSpeech-STM/STM_output/corpSTMnpy/MozillaCommonVoice-kk_STMall.npy, shape: (867, 2420)
Loaded: /vast-ac8888/MusicSpeech-STM/STM_output/corpSTMnpy/MozillaCommonVoice-kmr_STMall.npy, shape: (6603, 2420)
Loaded: /vast-ac8888/MusicSpeech-STM/STM_output/corpSTMnpy/MozillaCommonVoice-ky_STMall.npy, shape: (7998, 2420)
Loaded: /vast-ac8888/MusicSpeech-STM/STM_output/corpSTMnpy/MozillaCommonVoice-lg_STMall.npy, shape: (8169, 2420)
Loaded: /vast-ac8888/MusicSpeech-STM/STM_output/corpSTMnpy/MozillaCommonVoice-lt_STMall.npy, shape: (9073, 2420)
Loaded: /vast-ac8888/MusicSpeech-STM/STM_output/corpSTMnpy/MozillaCommonVoice-ltg_STMall.npy, shape: (2299, 2420)
Loaded: /vast-ac8888/MusicSpeech-STM/STM_output/corpSTMnpy/MozillaCommonVoice-lv_STMall.npy, shape: (7666, 2420)
Loaded: /vast-ac8888/MusicSpeech-STM/STM_output/corpSTMnpy/MozillaCommonVoice-mhr_STMall.npy, shape: (8336, 2420)
Loaded: /vast-ac8888/MusicSpeech-STM/STM_output/corpSTMnpy/MozillaCommonVoice-ml_STMall.npy, shape: (813, 2420)
Loaded: /vast-ac8888/MusicSpeech-STM/STM_output/corpSTMnpy/MozillaCommonVoice-mn_STMall.npy, shape: (5968, 2420)
Loaded: /vast-ac8888/MusicSpeech-STM/STM_output/corpSTMnpy/MozillaCommonVoice-mt_STMall.npy, shape: (3632, 2420)
Loaded: /vast-ac8888/MusicSpeech-STM/STM_output/corpSTMnpy/MozillaCommonVoice-nan-tw_STMall.npy, shape: (181, 2420)
Loaded: /vast-ac8888/MusicSpeech-STM/STM_output/corpSTMnpy/MozillaCommonVoice-nl_STMall.npy, shape: (8834, 2420)
Loaded: /vast-ac8888/MusicSpeech-STM/STM_output/corpSTMnpy/MozillaCommonVoice-oc_STMall.npy, shape: (681, 2420)
Loaded: /vast-ac8888/MusicSpeech-STM/STM_output/corpSTMnpy/MozillaCommonVoice-or_STMall.npy, shape: (1941, 2420)
Loaded: /vast-ac8888/MusicSpeech-STM/STM_output/corpSTMnpy/MozillaCommonVoice-pl_STMall.npy, shape: (8817, 2420)
Loaded: /vast-ac8888/MusicSpeech-STM/STM_output/corpSTMnpy/MozillaCommonVoice-pt_STMall.npy, shape: (8413, 2420)
Loaded: /vast-ac8888/MusicSpeech-STM/STM_output/corpSTMnpy/MozillaCommonVoice-ro_STMall.npy, shape: (6666, 2420)
Loaded: /vast-ac8888/MusicSpeech-STM/STM_output/corpSTMnpy/MozillaCommonVoice-ru_STMall.npy, shape: (9260, 2420)
Loaded: /vast-ac8888/MusicSpeech-STM/STM_output/corpSTMnpy/MozillaCommonVoice-rw_STMall.npy, shape: (9148, 2420)
Loaded: /vast-ac8888/MusicSpeech-STM/STM_output/corpSTMnpy/MozillaCommonVoice-sr_STMall.npy, shape: (391, 2420)
Loaded: /vast-ac8888/MusicSpeech-STM/STM_output/corpSTMnpy/MozillaCommonVoice-sv-SE_STMall.npy, shape: (8288, 2420)
Loaded: /vast-ac8888/MusicSpeech-STM/STM_output/corpSTMnpy/MozillaCommonVoice-sw_STMall.npy, shape: (9192, 2420)
Loaded: /vast-ac8888/MusicSpeech-STM/STM_output/corpSTMnpy/MozillaCommonVoice-ta_STMall.npy, shape: (9474, 2420)
Loaded: /vast-ac8888/MusicSpeech-STM/STM_output/corpSTMnpy/MozillaCommonVoice-th_STMall.npy, shape: (8044, 2420)
Loaded: /vast-ac8888/MusicSpeech-STM/STM_output/corpSTMnpy/MozillaCommonVoice-tr_STMall.npy, shape: (7953, 2420)
Loaded: /vast-ac8888/MusicSpeech-STM/STM_output/corpSTMnpy/MozillaCommonVoice-tt_STMall.npy, shape: (7454, 2420)
Loaded: /vast-ac8888/MusicSpeech-STM/STM_output/corpSTMnpy/MozillaCommonVoice-ug_STMall.npy, shape: (7899, 2420)
Loaded: /vast-ac8888/MusicSpeech-STM/STM_output/corpSTMnpy/MozillaCommonVoice-uk_STMall.npy, shape: (8819, 2420)
Loaded: /vast-ac8888/MusicSpeech-STM/STM_output/corpSTMnpy/MozillaCommonVoice-ur_STMall.npy, shape: (8970, 2420)
Loaded: /vast-ac8888/MusicSpeech-STM/STM_output/corpSTMnpy/MozillaCommonVoice-uz_STMall.npy, shape: (7911, 2420)
Loaded: /vast-ac8888/MusicSpeech-STM/STM_output/corpSTMnpy/MozillaCommonVoice-vi_STMall.npy, shape: (1859, 2420)
Loaded: /vast-ac8888/MusicSpeech-STM/STM_output/corpSTMnpy/MozillaCommonVoice-yo_STMall.npy, shape: (2511, 2420)
Loaded: /vast-ac8888/MusicSpeech-STM/STM_output/corpSTMnpy/MozillaCommonVoice-yue_STMall.npy, shape: (6156, 2420)
Loaded: /vast-ac8888/MusicSpeech-STM/STM_output/corpSTMnpy/MozillaCommonVoice-zh-CN_STMall.npy, shape: (8715, 2420)
Loaded: /vast-ac8888/MusicSpeech-STM/STM_output/corpSTMnpy/MozillaCommonVoice-zh-TW_STMall.npy, shape: (7286, 2420)
Loaded: /vast-ac8888/MusicSpeech-STM/STM_output/corpSTMnpy/SpeechClarity_STMall.npy, shape: (555, 2420)
Loaded: /vast-ac8888/MusicSpeech-STM/STM_output/corpSTMnpy/TAT-Vol2_STMall.npy, shape: (793, 2420)
Loaded: /vast-ac8888/MusicSpeech-STM/STM_output/corpSTMnpy/TIMIT_STMall.npy, shape: (479, 2420)
Loaded: /vast-ac8888/MusicSpeech-STM/STM_output/corpSTMnpy/TTS_Javanese_STMall.npy, shape: (3068, 2420)
Loaded: /vast-ac8888/MusicSpeech-STM/STM_output/corpSTMnpy/primewords_chinese_STMall.npy, shape: (47166, 2420)
Loaded: /vast-ac8888/MusicSpeech-STM/STM_output/corpSTMnpy/room_reader_STMall.npy, shape: (146, 2420)
Loaded: /vast-ac8888/MusicSpeech-STM/STM_output/corpSTMnpy/thchs30_STMall.npy, shape: (13327, 2420)
Loaded: /vast-ac8888/MusicSpeech-STM/STM_output/corpSTMnpy/zeroth_korean_STMall.npy, shape: (22255, 2420)
Loaded: /vast-ac8888/MusicSpeech-STM/STM_output/corpSTMnpy/Albouy2020Science_STMall.npy, shape: (123, 2420)
Loaded: /vast-ac8888/MusicSpeech-STM/STM_output/corpSTMnpy/GarlandEncyclopedia_STMall.npy, shape: (296, 2420)
Loaded: /vast-ac8888/MusicSpeech-STM/STM_output/corpSTMnpy/HiltonMoser2022_song_STMall.npy, shape: (803, 2420)
Loaded: /vast-ac8888/MusicSpeech-STM/STM_output/corpSTMnpy/IRMAS_STMall.npy, shape: (2838, 2420)
Loaded: /vast-ac8888/MusicSpeech-STM/STM_output/corpSTMnpy/MTG-Jamendo_STMall.npy, shape: (55699, 2420)
Loaded: /vast-ac8888/MusicSpeech-STM/STM_output/corpSTMnpy/MagnaTagATune_STMall.npy, shape: (25859, 2420)
Loaded: /vast-ac8888/MusicSpeech-STM/STM_output/corpSTMnpy/NHS2_STMall.npy, shape: (1007, 2420)
Loaded: /vast-ac8888/MusicSpeech-STM/STM_output/corpSTMnpy/fma_large_STMall.npy, shape: (106257, 2420)
Loaded: /vast-ac8888/MusicSpeech-STM/STM_output/corpSTMnpy/ismir04_genre_STMall.npy, shape: (2185, 2420)
Loaded: /vast-ac8888/MusicSpeech-STM/STM_output/corpSTMnpy/MacaulayLibrary_STMall.npy, shape: (34565, 2420)
Loaded: /vast-ac8888/MusicSpeech-STM/STM_output/corpSTMnpy/SONYC_STMall.npy, shape: (10798, 2420)

Dataset Statistics:
Total samples: 978378
Train samples: 770393
Val samples: 102010
Test samples: 105975
Feature dimension (flattened): 2420
Expected 2D shape: (20, 121)

Class Distribution (Training):
  Class 0: 497475 samples (64.6%)
  Class 1:  80258 samples (10.4%)
  Class 2: 101893 samples (13.2%)
  Class 3:  53538 samples (6.9%)
  Class 4:   9580 samples (1.2%)
  Class 5:  27649 samples (3.6%)

PyTorch Dataset Shapes (2-channel Difference Map):
Train: torch.Size([770393, 2, 20, 121])
Val: torch.Size([102010, 2, 20, 121])
Test: torch.Size([105975, 2, 20, 121])
Channel 0: Symmetric component (texture)
Channel 1: Asymmetric component (frequency sweep direction)

DataLoaders created with batch_size=256

============================================================
Creating ImageNet-Pretrained ResNet-18 for STM (V2.1)...
============================================================
Loading ImageNet-pretrained ResNet-18...
✓ Successfully loaded ImageNet pretrained weights
✓ Cloned ImageNet weights to 4-channel CoordConv stem
✓ Created STM-adapted ResNet-18 V2.1 with ImageNet pretrained weights (6 classes)
Total parameters: 11,273,926
Trainable parameters: 11,273,926

V2.1 Enhancements:
  • Attention: CA (layer1-2), SE (layer3-4)
  • Block dropout: 0.05
  • Head dropout: 0.4
  • Ready for discriminative learning rates

V2.1 Training Configuration:
  • Discriminative LR: Stem/L1 (0.1x), L2-3 (0.5x), L4/Head (1.0x)
  • Weight decay: 5e-4 (increased from 2e-4)
  • Mixup alpha: 0.4 (increased from 0.3)
  • LDAM + DRW: Enabled (epoch 50+)
  • Early stopping: 20 epochs patience

Discriminative Learning Rates:
  stem_layer1         : LR = 0.000010 (5 params)
  layer2_layer3       : LR = 0.000050 (14 params)
  layer4              : LR = 0.000100 (7 params)
  head                : LR = 0.000100 (2 params)
  attention           : LR = 0.000100 (28 params)
  batchnorm           : LR = 0.000100 (34 params)

============================================================
Starting training...
============================================================

============================================================
Epoch 1/100
============================================================
  Batch 0/3010, Loss: 14.9270, DRW: False, Mixup: True
  Batch 500/3010, Loss: 4.1427, DRW: False, Mixup: True
  Batch 1000/3010, Loss: 2.8777, DRW: False, Mixup: True
  Batch 1500/3010, Loss: 2.7160, DRW: False, Mixup: True
  Batch 2000/3010, Loss: 1.5777, DRW: False, Mixup: True
  Batch 2500/3010, Loss: 4.3719, DRW: False, Mixup: True
  Batch 3000/3010, Loss: 2.1905, DRW: False, Mixup: True
Train Loss: 3.1642
Val Loss: 1.5320, Val Macro F1: 0.7718
Current learning rate: 0.000010
✓ Saved best model with Val F1: 0.7718

============================================================
Epoch 2/100
============================================================
  Batch 0/3010, Loss: 4.6630, DRW: False, Mixup: True
  Batch 500/3010, Loss: 4.4581, DRW: False, Mixup: True
  Batch 1000/3010, Loss: 3.0298, DRW: False, Mixup: True
  Batch 1500/3010, Loss: 2.5111, DRW: False, Mixup: True
  Batch 2000/3010, Loss: 1.9096, DRW: False, Mixup: True
  Batch 2500/3010, Loss: 2.4740, DRW: False, Mixup: True
  Batch 3000/3010, Loss: 2.0424, DRW: False, Mixup: True
Train Loss: 2.5962
Val Loss: 1.5390, Val Macro F1: 0.8043
Current learning rate: 0.000010
✓ Saved best model with Val F1: 0.8043

============================================================
Epoch 3/100
============================================================
  Batch 0/3010, Loss: 2.4800, DRW: False, Mixup: True
  Batch 500/3010, Loss: 2.7843, DRW: False, Mixup: True
  Batch 1000/3010, Loss: 2.6877, DRW: False, Mixup: True
  Batch 1500/3010, Loss: 1.9769, DRW: False, Mixup: True
  Batch 2000/3010, Loss: 2.2776, DRW: False, Mixup: True
  Batch 2500/3010, Loss: 2.0866, DRW: False, Mixup: True
  Batch 3000/3010, Loss: 4.5250, DRW: False, Mixup: True
Train Loss: 2.4731
Val Loss: 1.5369, Val Macro F1: 0.8037
Current learning rate: 0.000010

============================================================
Epoch 4/100
============================================================
  Batch 0/3010, Loss: 2.2187, DRW: False, Mixup: True
  Batch 500/3010, Loss: 1.5393, DRW: False, Mixup: True
  Batch 1000/3010, Loss: 2.0117, DRW: False, Mixup: True
  Batch 1500/3010, Loss: 2.7983, DRW: False, Mixup: True
  Batch 2000/3010, Loss: 2.1500, DRW: False, Mixup: True
  Batch 2500/3010, Loss: 1.8331, DRW: False, Mixup: True
  Batch 3000/3010, Loss: 2.0735, DRW: False, Mixup: True
Train Loss: 2.3441
Val Loss: 1.5337, Val Macro F1: 0.8229
Current learning rate: 0.000010
✓ Saved best model with Val F1: 0.8229

============================================================
Epoch 5/100
============================================================
  Batch 0/3010, Loss: 1.8333, DRW: False, Mixup: True
  Batch 500/3010, Loss: 1.8569, DRW: False, Mixup: True
  Batch 1000/3010, Loss: 1.8921, DRW: False, Mixup: True
  Batch 1500/3010, Loss: 2.1951, DRW: False, Mixup: True
  Batch 2000/3010, Loss: 2.1071, DRW: False, Mixup: True
  Batch 2500/3010, Loss: 3.0644, DRW: False, Mixup: True
  Batch 3000/3010, Loss: 2.0988, DRW: False, Mixup: True
Train Loss: 2.2655
Val Loss: 1.5261, Val Macro F1: 0.8237
Current learning rate: 0.000010
✓ Saved best model with Val F1: 0.8237

============================================================
Epoch 6/100
============================================================
  Batch 0/3010, Loss: 1.5242, DRW: False, Mixup: True
  Batch 500/3010, Loss: 3.3731, DRW: False, Mixup: True
  Batch 1000/3010, Loss: 1.9225, DRW: False, Mixup: True
  Batch 1500/3010, Loss: 1.9074, DRW: False, Mixup: True
  Batch 2000/3010, Loss: 2.0152, DRW: False, Mixup: True
  Batch 2500/3010, Loss: 2.0666, DRW: False, Mixup: True
  Batch 3000/3010, Loss: 1.9996, DRW: False, Mixup: True
Train Loss: 2.2209
Val Loss: 1.5281, Val Macro F1: 0.8173
Current learning rate: 0.000010

============================================================
Epoch 7/100
============================================================
  Batch 0/3010, Loss: 2.0167, DRW: False, Mixup: True
  Batch 500/3010, Loss: 1.7567, DRW: False, Mixup: True
  Batch 1000/3010, Loss: 1.5380, DRW: False, Mixup: True
  Batch 1500/3010, Loss: 2.2871, DRW: False, Mixup: True
  Batch 2000/3010, Loss: 4.3942, DRW: False, Mixup: True
  Batch 2500/3010, Loss: 1.7719, DRW: False, Mixup: True
  Batch 3000/3010, Loss: 2.4910, DRW: False, Mixup: True
Train Loss: 2.2116
Val Loss: 1.5291, Val Macro F1: 0.8291
Current learning rate: 0.000010
✓ Saved best model with Val F1: 0.8291

============================================================
Epoch 8/100
============================================================
  Batch 0/3010, Loss: 1.7449, DRW: False, Mixup: True
  Batch 500/3010, Loss: 1.5616, DRW: False, Mixup: True
  Batch 1000/3010, Loss: 3.4076, DRW: False, Mixup: True
  Batch 1500/3010, Loss: 4.6743, DRW: False, Mixup: True
  Batch 2000/3010, Loss: 1.9388, DRW: False, Mixup: True
  Batch 2500/3010, Loss: 1.6743, DRW: False, Mixup: True
  Batch 3000/3010, Loss: 4.1405, DRW: False, Mixup: True
Train Loss: 2.1847
Val Loss: 1.5317, Val Macro F1: 0.8285
Current learning rate: 0.000010

============================================================
Epoch 9/100
============================================================
  Batch 0/3010, Loss: 1.8588, DRW: False, Mixup: True
  Batch 500/3010, Loss: 2.0081, DRW: False, Mixup: True
  Batch 1000/3010, Loss: 2.0931, DRW: False, Mixup: True
  Batch 1500/3010, Loss: 2.2381, DRW: False, Mixup: True
  Batch 2000/3010, Loss: 1.4841, DRW: False, Mixup: True
  Batch 2500/3010, Loss: 2.5958, DRW: False, Mixup: True
  Batch 3000/3010, Loss: 1.8053, DRW: False, Mixup: True
Train Loss: 2.1413
Val Loss: 1.5302, Val Macro F1: 0.8382
Current learning rate: 0.000010
✓ Saved best model with Val F1: 0.8382

============================================================
Epoch 10/100
============================================================
  Batch 0/3010, Loss: 2.1582, DRW: False, Mixup: True
  Batch 500/3010, Loss: 1.9859, DRW: False, Mixup: True
  Batch 1000/3010, Loss: 1.8379, DRW: False, Mixup: True
  Batch 1500/3010, Loss: 1.7263, DRW: False, Mixup: True
  Batch 2000/3010, Loss: 2.0066, DRW: False, Mixup: True
  Batch 2500/3010, Loss: 2.4575, DRW: False, Mixup: True
  Batch 3000/3010, Loss: 2.7764, DRW: False, Mixup: True
Train Loss: 2.1117
Val Loss: 1.5227, Val Macro F1: 0.8440
Current learning rate: 0.000010
✓ Saved best model with Val F1: 0.8440

============================================================
Epoch 11/100
============================================================
  Batch 0/3010, Loss: 1.7370, DRW: False, Mixup: True
  Batch 500/3010, Loss: 1.8342, DRW: False, Mixup: True
  Batch 1000/3010, Loss: 1.8655, DRW: False, Mixup: True
  Batch 1500/3010, Loss: 1.7839, DRW: False, Mixup: True
  Batch 2000/3010, Loss: 1.8422, DRW: False, Mixup: True
  Batch 2500/3010, Loss: 2.2316, DRW: False, Mixup: True
  Batch 3000/3010, Loss: 3.0810, DRW: False, Mixup: True
Train Loss: 2.0748
Val Loss: 1.5254, Val Macro F1: 0.8363
Current learning rate: 0.000010

============================================================
Epoch 12/100
============================================================
  Batch 0/3010, Loss: 1.5296, DRW: False, Mixup: True
  Batch 500/3010, Loss: 1.6654, DRW: False, Mixup: True
  Batch 1000/3010, Loss: 1.5331, DRW: False, Mixup: True
  Batch 1500/3010, Loss: 2.3505, DRW: False, Mixup: True
  Batch 2000/3010, Loss: 1.5831, DRW: False, Mixup: True
  Batch 2500/3010, Loss: 1.7997, DRW: False, Mixup: True
  Batch 3000/3010, Loss: 1.9561, DRW: False, Mixup: True
Train Loss: 2.0628
Val Loss: 1.5252, Val Macro F1: 0.8341
Current learning rate: 0.000010

============================================================
Epoch 13/100
============================================================
  Batch 0/3010, Loss: 3.6281, DRW: False, Mixup: True
  Batch 500/3010, Loss: 1.8328, DRW: False, Mixup: True
  Batch 1000/3010, Loss: 1.5746, DRW: False, Mixup: True
  Batch 1500/3010, Loss: 1.6016, DRW: False, Mixup: True
  Batch 2000/3010, Loss: 2.0595, DRW: False, Mixup: True
  Batch 2500/3010, Loss: 1.4165, DRW: False, Mixup: True
  Batch 3000/3010, Loss: 1.1705, DRW: False, Mixup: True
Train Loss: 2.0330
Val Loss: 1.5350, Val Macro F1: 0.8450
Current learning rate: 0.000010
✓ Saved best model with Val F1: 0.8450

============================================================
Epoch 14/100
============================================================
  Batch 0/3010, Loss: 1.5872, DRW: False, Mixup: True
  Batch 500/3010, Loss: 2.0847, DRW: False, Mixup: True
  Batch 1000/3010, Loss: 4.3695, DRW: False, Mixup: True
  Batch 1500/3010, Loss: 1.3310, DRW: False, Mixup: True
  Batch 2000/3010, Loss: 2.0285, DRW: False, Mixup: True
  Batch 2500/3010, Loss: 1.8869, DRW: False, Mixup: True
  Batch 3000/3010, Loss: 1.5094, DRW: False, Mixup: True
Train Loss: 2.0015
Val Loss: 1.5271, Val Macro F1: 0.8411
Current learning rate: 0.000010

============================================================
Epoch 15/100
============================================================
  Batch 0/3010, Loss: 4.8916, DRW: False, Mixup: True
  Batch 500/3010, Loss: 1.1884, DRW: False, Mixup: True
  Batch 1000/3010, Loss: 4.7276, DRW: False, Mixup: True
  Batch 1500/3010, Loss: 2.1349, DRW: False, Mixup: True
  Batch 2000/3010, Loss: 3.0498, DRW: False, Mixup: True
  Batch 2500/3010, Loss: 3.7964, DRW: False, Mixup: True
  Batch 3000/3010, Loss: 1.5180, DRW: False, Mixup: True
Train Loss: 1.9859
Val Loss: 1.5241, Val Macro F1: 0.8414
Current learning rate: 0.000010

============================================================
Epoch 16/100
============================================================
  Batch 0/3010, Loss: 1.5988, DRW: False, Mixup: True
  Batch 500/3010, Loss: 1.7807, DRW: False, Mixup: True
  Batch 1000/3010, Loss: 4.6386, DRW: False, Mixup: True
  Batch 1500/3010, Loss: 1.3992, DRW: False, Mixup: True
  Batch 2000/3010, Loss: 3.4208, DRW: False, Mixup: True
  Batch 2500/3010, Loss: 1.6886, DRW: False, Mixup: True
  Batch 3000/3010, Loss: 2.2814, DRW: False, Mixup: True
Train Loss: 1.9578
Val Loss: 1.5263, Val Macro F1: 0.8489
Current learning rate: 0.000010
✓ Saved best model with Val F1: 0.8489

============================================================
Epoch 17/100
============================================================
  Batch 0/3010, Loss: 4.6430, DRW: False, Mixup: True
  Batch 500/3010, Loss: 2.8984, DRW: False, Mixup: True
  Batch 1000/3010, Loss: 1.2692, DRW: False, Mixup: True
  Batch 1500/3010, Loss: 1.7852, DRW: False, Mixup: True
  Batch 2000/3010, Loss: 4.9114, DRW: False, Mixup: True
  Batch 2500/3010, Loss: 2.0239, DRW: False, Mixup: True
  Batch 3000/3010, Loss: 1.4786, DRW: False, Mixup: True
Train Loss: 1.9326
Val Loss: 1.5285, Val Macro F1: 0.8455
Current learning rate: 0.000010

============================================================
Epoch 18/100
============================================================
  Batch 0/3010, Loss: 1.5855, DRW: False, Mixup: True
  Batch 500/3010, Loss: 1.9031, DRW: False, Mixup: True
  Batch 1000/3010, Loss: 1.4799, DRW: False, Mixup: True
  Batch 1500/3010, Loss: 1.4906, DRW: False, Mixup: True
  Batch 2000/3010, Loss: 3.7551, DRW: False, Mixup: True
  Batch 2500/3010, Loss: 2.1644, DRW: False, Mixup: True
  Batch 3000/3010, Loss: 4.3144, DRW: False, Mixup: True
Train Loss: 1.9168
Val Loss: 1.5263, Val Macro F1: 0.8430
Current learning rate: 0.000010

============================================================
Epoch 19/100
============================================================
  Batch 0/3010, Loss: 1.2765, DRW: False, Mixup: True
  Batch 500/3010, Loss: 1.5689, DRW: False, Mixup: True
  Batch 1000/3010, Loss: 1.9855, DRW: False, Mixup: True
  Batch 1500/3010, Loss: 1.6993, DRW: False, Mixup: True
  Batch 2000/3010, Loss: 1.4645, DRW: False, Mixup: True
  Batch 2500/3010, Loss: 1.5383, DRW: False, Mixup: True
  Batch 3000/3010, Loss: 1.3808, DRW: False, Mixup: True
Train Loss: 1.9047
Val Loss: 1.5325, Val Macro F1: 0.8450
Current learning rate: 0.000010

============================================================
Epoch 20/100
============================================================
  Batch 0/3010, Loss: 1.1376, DRW: False, Mixup: True
  Batch 500/3010, Loss: 1.4581, DRW: False, Mixup: True
  Batch 1000/3010, Loss: 2.0559, DRW: False, Mixup: True
  Batch 1500/3010, Loss: 1.0972, DRW: False, Mixup: True
  Batch 2000/3010, Loss: 2.0571, DRW: False, Mixup: True
  Batch 2500/3010, Loss: 1.2343, DRW: False, Mixup: True
  Batch 3000/3010, Loss: 1.7683, DRW: False, Mixup: True
Train Loss: 1.8798
Val Loss: 1.5304, Val Macro F1: 0.8451
Current learning rate: 0.000010

============================================================
Epoch 21/100
============================================================
  Batch 0/3010, Loss: 1.6008, DRW: False, Mixup: True
  Batch 500/3010, Loss: 1.0974, DRW: False, Mixup: True
  Batch 1000/3010, Loss: 1.5818, DRW: False, Mixup: True
  Batch 1500/3010, Loss: 1.3752, DRW: False, Mixup: True
  Batch 2000/3010, Loss: 2.0803, DRW: False, Mixup: True
  Batch 2500/3010, Loss: 1.3418, DRW: False, Mixup: True
  Batch 3000/3010, Loss: 1.7977, DRW: False, Mixup: True
Train Loss: 1.8552
Val Loss: 1.5308, Val Macro F1: 0.8445
Current learning rate: 0.000010

============================================================
Epoch 22/100
============================================================
  Batch 0/3010, Loss: 1.7593, DRW: False, Mixup: True
  Batch 500/3010, Loss: 0.9548, DRW: False, Mixup: True
  Batch 1000/3010, Loss: 2.7995, DRW: False, Mixup: True
  Batch 1500/3010, Loss: 1.7196, DRW: False, Mixup: True
  Batch 2000/3010, Loss: 1.7433, DRW: False, Mixup: True
  Batch 2500/3010, Loss: 1.8420, DRW: False, Mixup: True
  Batch 3000/3010, Loss: 1.4791, DRW: False, Mixup: True
Train Loss: 1.8234
Val Loss: 1.5213, Val Macro F1: 0.8481
Current learning rate: 0.000010

============================================================
Epoch 23/100
============================================================
  Batch 0/3010, Loss: 1.1053, DRW: False, Mixup: True
  Batch 500/3010, Loss: 1.2881, DRW: False, Mixup: True
  Batch 1000/3010, Loss: 1.6733, DRW: False, Mixup: True
  Batch 1500/3010, Loss: 1.7456, DRW: False, Mixup: True
  Batch 2000/3010, Loss: 1.8055, DRW: False, Mixup: True
  Batch 2500/3010, Loss: 1.4450, DRW: False, Mixup: True
  Batch 3000/3010, Loss: 3.6048, DRW: False, Mixup: True
Train Loss: 1.8144
Val Loss: 1.5346, Val Macro F1: 0.8462
Current learning rate: 0.000010

============================================================
Epoch 24/100
============================================================
  Batch 0/3010, Loss: 1.7367, DRW: False, Mixup: True
  Batch 500/3010, Loss: 1.8713, DRW: False, Mixup: True
  Batch 1000/3010, Loss: 1.5267, DRW: False, Mixup: True
  Batch 1500/3010, Loss: 1.5970, DRW: False, Mixup: True
  Batch 2000/3010, Loss: 2.0007, DRW: False, Mixup: True
  Batch 2500/3010, Loss: 2.7941, DRW: False, Mixup: True
  Batch 3000/3010, Loss: 0.9381, DRW: False, Mixup: True
Train Loss: 1.8217
Val Loss: 1.5295, Val Macro F1: 0.8470
Current learning rate: 0.000005

============================================================
Epoch 25/100
============================================================
  Batch 0/3010, Loss: 2.1754, DRW: False, Mixup: True
  Batch 500/3010, Loss: 1.1058, DRW: False, Mixup: True
  Batch 1000/3010, Loss: 3.7963, DRW: False, Mixup: True
  Batch 1500/3010, Loss: 4.2782, DRW: False, Mixup: True
  Batch 2000/3010, Loss: 3.8456, DRW: False, Mixup: True
  Batch 2500/3010, Loss: 1.4558, DRW: False, Mixup: True
  Batch 3000/3010, Loss: 1.2399, DRW: False, Mixup: True
Train Loss: 1.6941
Val Loss: 1.5286, Val Macro F1: 0.8488
Current learning rate: 0.000005

============================================================
Epoch 26/100
============================================================
  Batch 0/3010, Loss: 1.4626, DRW: False, Mixup: True
  Batch 500/3010, Loss: 2.9491, DRW: False, Mixup: True
  Batch 1000/3010, Loss: 1.2052, DRW: False, Mixup: True
  Batch 1500/3010, Loss: 1.0124, DRW: False, Mixup: True
  Batch 2000/3010, Loss: 1.0527, DRW: False, Mixup: True
  Batch 2500/3010, Loss: 0.9038, DRW: False, Mixup: True
  Batch 3000/3010, Loss: 1.7492, DRW: False, Mixup: True
Train Loss: 1.6849
Val Loss: 1.5269, Val Macro F1: 0.8464
Current learning rate: 0.000005

============================================================
Epoch 27/100
============================================================
  Batch 0/3010, Loss: 1.6950, DRW: False, Mixup: True
  Batch 500/3010, Loss: 1.5446, DRW: False, Mixup: True
  Batch 1000/3010, Loss: 1.3760, DRW: False, Mixup: True
  Batch 1500/3010, Loss: 1.2147, DRW: False, Mixup: True
  Batch 2000/3010, Loss: 4.3704, DRW: False, Mixup: True
  Batch 2500/3010, Loss: 5.4620, DRW: False, Mixup: True
  Batch 3000/3010, Loss: 1.4961, DRW: False, Mixup: True
Train Loss: 1.6748
Val Loss: 1.5250, Val Macro F1: 0.8489
Current learning rate: 0.000005
✓ Saved best model with Val F1: 0.8489

============================================================
Epoch 28/100
============================================================
  Batch 0/3010, Loss: 0.9827, DRW: False, Mixup: True
  Batch 500/3010, Loss: 1.1985, DRW: False, Mixup: True
  Batch 1000/3010, Loss: 2.1002, DRW: False, Mixup: True
  Batch 1500/3010, Loss: 1.2956, DRW: False, Mixup: True
  Batch 2000/3010, Loss: 1.9969, DRW: False, Mixup: True
  Batch 2500/3010, Loss: 1.3146, DRW: False, Mixup: True
  Batch 3000/3010, Loss: 1.4466, DRW: False, Mixup: True
Train Loss: 1.6333
Val Loss: 1.5317, Val Macro F1: 0.8501
Current learning rate: 0.000005
✓ Saved best model with Val F1: 0.8501

============================================================
Epoch 29/100
============================================================
  Batch 0/3010, Loss: 1.4686, DRW: False, Mixup: True
  Batch 500/3010, Loss: 1.1626, DRW: False, Mixup: True
  Batch 1000/3010, Loss: 1.6195, DRW: False, Mixup: True
  Batch 1500/3010, Loss: 4.6534, DRW: False, Mixup: True
  Batch 2000/3010, Loss: 1.5560, DRW: False, Mixup: True
  Batch 2500/3010, Loss: 0.8617, DRW: False, Mixup: True
  Batch 3000/3010, Loss: 1.2653, DRW: False, Mixup: True
Train Loss: 1.6510
Val Loss: 1.5326, Val Macro F1: 0.8479
Current learning rate: 0.000005

============================================================
Epoch 30/100
============================================================
  Batch 0/3010, Loss: 1.6514, DRW: False, Mixup: True
  Batch 500/3010, Loss: 1.1125, DRW: False, Mixup: True
  Batch 1000/3010, Loss: 1.9966, DRW: False, Mixup: True
  Batch 1500/3010, Loss: 1.4296, DRW: False, Mixup: True
  Batch 2000/3010, Loss: 1.8853, DRW: False, Mixup: True
  Batch 2500/3010, Loss: 1.4621, DRW: False, Mixup: True
  Batch 3000/3010, Loss: 1.2338, DRW: False, Mixup: True
Train Loss: 1.5924
Val Loss: 1.5285, Val Macro F1: 0.8501
Current learning rate: 0.000005

============================================================
Epoch 31/100
============================================================
  Batch 0/3010, Loss: 0.9791, DRW: False, Mixup: True
  Batch 500/3010, Loss: 1.5612, DRW: False, Mixup: True
  Batch 1000/3010, Loss: 1.4436, DRW: False, Mixup: True
  Batch 1500/3010, Loss: 1.1068, DRW: False, Mixup: True
  Batch 2000/3010, Loss: 1.3123, DRW: False, Mixup: True
  Batch 2500/3010, Loss: 1.4752, DRW: False, Mixup: True
  Batch 3000/3010, Loss: 1.5444, DRW: False, Mixup: True
Train Loss: 1.5842
Val Loss: 1.5267, Val Macro F1: 0.8513
Current learning rate: 0.000005
✓ Saved best model with Val F1: 0.8513

============================================================
Epoch 32/100
============================================================
  Batch 0/3010, Loss: 1.0263, DRW: False, Mixup: True
  Batch 500/3010, Loss: 1.0933, DRW: False, Mixup: True
  Batch 1000/3010, Loss: 1.2666, DRW: False, Mixup: True
  Batch 1500/3010, Loss: 1.4895, DRW: False, Mixup: True
  Batch 2000/3010, Loss: 1.8017, DRW: False, Mixup: True
  Batch 2500/3010, Loss: 0.8764, DRW: False, Mixup: True
  Batch 3000/3010, Loss: 0.8590, DRW: False, Mixup: True
Train Loss: 1.5575
Val Loss: 1.5264, Val Macro F1: 0.8474
Current learning rate: 0.000005

============================================================
Epoch 33/100
============================================================
  Batch 0/3010, Loss: 1.7534, DRW: False, Mixup: True
  Batch 500/3010, Loss: 1.2419, DRW: False, Mixup: True
  Batch 1000/3010, Loss: 0.9966, DRW: False, Mixup: True
  Batch 1500/3010, Loss: 1.2922, DRW: False, Mixup: True
  Batch 2000/3010, Loss: 1.2683, DRW: False, Mixup: True
  Batch 2500/3010, Loss: 2.3863, DRW: False, Mixup: True
  Batch 3000/3010, Loss: 1.3799, DRW: False, Mixup: True
Train Loss: 1.5392
Val Loss: 1.5253, Val Macro F1: 0.8472
Current learning rate: 0.000005

============================================================
Epoch 34/100
============================================================
  Batch 0/3010, Loss: 3.0260, DRW: False, Mixup: True
  Batch 500/3010, Loss: 3.9592, DRW: False, Mixup: True
  Batch 1000/3010, Loss: 1.0611, DRW: False, Mixup: True
  Batch 1500/3010, Loss: 1.3500, DRW: False, Mixup: True
  Batch 2000/3010, Loss: 1.3965, DRW: False, Mixup: True
  Batch 2500/3010, Loss: 1.1114, DRW: False, Mixup: True
  Batch 3000/3010, Loss: 1.5401, DRW: False, Mixup: True
Train Loss: 1.5554
Val Loss: 1.5250, Val Macro F1: 0.8503
Current learning rate: 0.000005

============================================================
Epoch 35/100
============================================================
  Batch 0/3010, Loss: 1.5602, DRW: False, Mixup: True
  Batch 500/3010, Loss: 1.1550, DRW: False, Mixup: True
  Batch 1000/3010, Loss: 1.0788, DRW: False, Mixup: True
  Batch 1500/3010, Loss: 1.7931, DRW: False, Mixup: True
  Batch 2000/3010, Loss: 2.0571, DRW: False, Mixup: True
  Batch 2500/3010, Loss: 1.5831, DRW: False, Mixup: True
  Batch 3000/3010, Loss: 0.9821, DRW: False, Mixup: True
Train Loss: 1.5529
Val Loss: 1.5317, Val Macro F1: 0.8510
Current learning rate: 0.000005

============================================================
Epoch 36/100
============================================================
  Batch 0/3010, Loss: 1.5855, DRW: False, Mixup: True
  Batch 500/3010, Loss: 1.5764, DRW: False, Mixup: True
  Batch 1000/3010, Loss: 0.8230, DRW: False, Mixup: True
  Batch 1500/3010, Loss: 0.8778, DRW: False, Mixup: True
  Batch 2000/3010, Loss: 1.9799, DRW: False, Mixup: True
  Batch 2500/3010, Loss: 1.2714, DRW: False, Mixup: True
  Batch 3000/3010, Loss: 3.0018, DRW: False, Mixup: True
Train Loss: 1.5388
Val Loss: 1.5279, Val Macro F1: 0.8488
Current learning rate: 0.000005

============================================================
Epoch 37/100
============================================================
  Batch 0/3010, Loss: 1.2249, DRW: False, Mixup: True
  Batch 500/3010, Loss: 1.1231, DRW: False, Mixup: True
  Batch 1000/3010, Loss: 1.1638, DRW: False, Mixup: True
  Batch 1500/3010, Loss: 1.4077, DRW: False, Mixup: True
  Batch 2000/3010, Loss: 0.9460, DRW: False, Mixup: True
  Batch 2500/3010, Loss: 5.5773, DRW: False, Mixup: True
  Batch 3000/3010, Loss: 1.5769, DRW: False, Mixup: True
Train Loss: 1.5367
Val Loss: 1.5257, Val Macro F1: 0.8492
Current learning rate: 0.000005

============================================================
Epoch 38/100
============================================================
  Batch 0/3010, Loss: 1.0806, DRW: False, Mixup: True
  Batch 500/3010, Loss: 0.7896, DRW: False, Mixup: True
  Batch 1000/3010, Loss: 1.0459, DRW: False, Mixup: True
  Batch 1500/3010, Loss: 1.0091, DRW: False, Mixup: True
  Batch 2000/3010, Loss: 1.1839, DRW: False, Mixup: True
  Batch 2500/3010, Loss: 1.0842, DRW: False, Mixup: True
  Batch 3000/3010, Loss: 1.6283, DRW: False, Mixup: True
Train Loss: 1.4704
Val Loss: 1.5264, Val Macro F1: 0.8503
Current learning rate: 0.000005

============================================================
Epoch 39/100
============================================================
  Batch 0/3010, Loss: 1.2770, DRW: False, Mixup: True
  Batch 500/3010, Loss: 3.4936, DRW: False, Mixup: True
  Batch 1000/3010, Loss: 0.9753, DRW: False, Mixup: True
  Batch 1500/3010, Loss: 1.0045, DRW: False, Mixup: True
  Batch 2000/3010, Loss: 1.1070, DRW: False, Mixup: True
  Batch 2500/3010, Loss: 1.0653, DRW: False, Mixup: True
  Batch 3000/3010, Loss: 0.8724, DRW: False, Mixup: True
Train Loss: 1.4891
Val Loss: 1.5271, Val Macro F1: 0.8456
Current learning rate: 0.000003

============================================================
Epoch 40/100
============================================================
  Batch 0/3010, Loss: 0.6818, DRW: False, Mixup: True
  Batch 500/3010, Loss: 5.3113, DRW: False, Mixup: True
  Batch 1000/3010, Loss: 0.9297, DRW: False, Mixup: True
  Batch 1500/3010, Loss: 1.9725, DRW: False, Mixup: True
  Batch 2000/3010, Loss: 0.9987, DRW: False, Mixup: True
  Batch 2500/3010, Loss: 3.4548, DRW: False, Mixup: True
  Batch 3000/3010, Loss: 1.2292, DRW: False, Mixup: True
Train Loss: 1.4356
Val Loss: 1.5308, Val Macro F1: 0.8484
Current learning rate: 0.000003

============================================================
Epoch 41/100
============================================================
  Batch 0/3010, Loss: 2.3098, DRW: False, Mixup: True
  Batch 500/3010, Loss: 0.9603, DRW: False, Mixup: True
  Batch 1000/3010, Loss: 1.0280, DRW: False, Mixup: True
  Batch 1500/3010, Loss: 1.1778, DRW: False, Mixup: True
  Batch 2000/3010, Loss: 1.1902, DRW: False, Mixup: True
  Batch 2500/3010, Loss: 1.2353, DRW: False, Mixup: True
  Batch 3000/3010, Loss: 1.1771, DRW: False, Mixup: True
Train Loss: 1.4154
Val Loss: 1.5318, Val Macro F1: 0.8476
Current learning rate: 0.000003

============================================================
Epoch 42/100
============================================================
  Batch 0/3010, Loss: 1.0948, DRW: False, Mixup: True
  Batch 500/3010, Loss: 0.8602, DRW: False, Mixup: True
  Batch 1000/3010, Loss: 1.0810, DRW: False, Mixup: True
  Batch 1500/3010, Loss: 0.9664, DRW: False, Mixup: True
  Batch 2000/3010, Loss: 0.9002, DRW: False, Mixup: True
  Batch 2500/3010, Loss: 0.8110, DRW: False, Mixup: True
  Batch 3000/3010, Loss: 1.5439, DRW: False, Mixup: True
Train Loss: 1.4130
Val Loss: 1.5282, Val Macro F1: 0.8496
Current learning rate: 0.000003

============================================================
Epoch 43/100
============================================================
  Batch 0/3010, Loss: 1.0884, DRW: False, Mixup: True
  Batch 500/3010, Loss: 3.4805, DRW: False, Mixup: True
  Batch 1000/3010, Loss: 0.9424, DRW: False, Mixup: True
  Batch 1500/3010, Loss: 1.2269, DRW: False, Mixup: True
  Batch 2000/3010, Loss: 0.9894, DRW: False, Mixup: True
  Batch 2500/3010, Loss: 0.8897, DRW: False, Mixup: True
  Batch 3000/3010, Loss: 0.9675, DRW: False, Mixup: True
Train Loss: 1.3860
Val Loss: 1.5299, Val Macro F1: 0.8504
Current learning rate: 0.000003

============================================================
Epoch 44/100
============================================================
  Batch 0/3010, Loss: 1.0626, DRW: False, Mixup: True
  Batch 500/3010, Loss: 1.1186, DRW: False, Mixup: True
  Batch 1000/3010, Loss: 0.9526, DRW: False, Mixup: True
  Batch 1500/3010, Loss: 1.3681, DRW: False, Mixup: True
  Batch 2000/3010, Loss: 1.1778, DRW: False, Mixup: True
  Batch 2500/3010, Loss: 1.4372, DRW: False, Mixup: True
  Batch 3000/3010, Loss: 1.0889, DRW: False, Mixup: True
Train Loss: 1.3855
Val Loss: 1.5292, Val Macro F1: 0.8480
Current learning rate: 0.000003

============================================================
Epoch 45/100
============================================================
  Batch 0/3010, Loss: 1.0723, DRW: False, Mixup: True
  Batch 500/3010, Loss: 0.9800, DRW: False, Mixup: True
  Batch 1000/3010, Loss: 1.4599, DRW: False, Mixup: True
  Batch 1500/3010, Loss: 1.1201, DRW: False, Mixup: True
  Batch 2000/3010, Loss: 0.8458, DRW: False, Mixup: True
  Batch 2500/3010, Loss: 1.5381, DRW: False, Mixup: True
  Batch 3000/3010, Loss: 0.8514, DRW: False, Mixup: True
Train Loss: 1.3888
Val Loss: 1.5290, Val Macro F1: 0.8484
Current learning rate: 0.000003

============================================================
Epoch 46/100
============================================================
  Batch 0/3010, Loss: 1.1678, DRW: False, Mixup: True
  Batch 500/3010, Loss: 4.7205, DRW: False, Mixup: True
  Batch 1000/3010, Loss: 0.5472, DRW: False, Mixup: True
  Batch 1500/3010, Loss: 1.0184, DRW: False, Mixup: True
  Batch 2000/3010, Loss: 0.8081, DRW: False, Mixup: True
  Batch 2500/3010, Loss: 0.7741, DRW: False, Mixup: True
  Batch 3000/3010, Loss: 1.0784, DRW: False, Mixup: True
Train Loss: 1.3921
Val Loss: 1.5290, Val Macro F1: 0.8503
Current learning rate: 0.000003

============================================================
Epoch 47/100
============================================================
  Batch 0/3010, Loss: 0.7715, DRW: False, Mixup: True
  Batch 500/3010, Loss: 1.0298, DRW: False, Mixup: True
  Batch 1000/3010, Loss: 0.9650, DRW: False, Mixup: True
  Batch 1500/3010, Loss: 0.4731, DRW: False, Mixup: True
  Batch 2000/3010, Loss: 0.6255, DRW: False, Mixup: True
  Batch 2500/3010, Loss: 1.0466, DRW: False, Mixup: True
  Batch 3000/3010, Loss: 1.4221, DRW: False, Mixup: True
Train Loss: 1.3177
Val Loss: 1.5284, Val Macro F1: 0.8479
Current learning rate: 0.000001

============================================================
Epoch 48/100
============================================================
  Batch 0/3010, Loss: 0.9657, DRW: False, Mixup: True
  Batch 500/3010, Loss: 0.7009, DRW: False, Mixup: True
  Batch 1000/3010, Loss: 0.6138, DRW: False, Mixup: True
  Batch 1500/3010, Loss: 0.9374, DRW: False, Mixup: True
  Batch 2000/3010, Loss: 0.7914, DRW: False, Mixup: True
  Batch 2500/3010, Loss: 1.0804, DRW: False, Mixup: True
  Batch 3000/3010, Loss: 1.3444, DRW: False, Mixup: True
Train Loss: 1.3034
Val Loss: 1.5265, Val Macro F1: 0.8502
Current learning rate: 0.000001

============================================================
Epoch 49/100
============================================================
  Batch 0/3010, Loss: 0.8420, DRW: False, Mixup: True
  Batch 500/3010, Loss: 1.1884, DRW: False, Mixup: True
  Batch 1000/3010, Loss: 0.5529, DRW: False, Mixup: True
  Batch 1500/3010, Loss: 0.8228, DRW: False, Mixup: True
  Batch 2000/3010, Loss: 0.7240, DRW: False, Mixup: True
  Batch 2500/3010, Loss: 0.8279, DRW: False, Mixup: True
  Batch 3000/3010, Loss: 0.9895, DRW: False, Mixup: True
Train Loss: 1.3197
Val Loss: 1.5270, Val Macro F1: 0.8487
Current learning rate: 0.000001

============================================================
Epoch 50/100
============================================================
  Batch 0/3010, Loss: 0.8682, DRW: False, Mixup: True
  Batch 500/3010, Loss: 1.0654, DRW: False, Mixup: True
  Batch 1000/3010, Loss: 1.0213, DRW: False, Mixup: True
  Batch 1500/3010, Loss: 1.2474, DRW: False, Mixup: True
  Batch 2000/3010, Loss: 0.8293, DRW: False, Mixup: True
  Batch 2500/3010, Loss: 1.1003, DRW: False, Mixup: True
  Batch 3000/3010, Loss: 0.7538, DRW: False, Mixup: True
Train Loss: 1.3200
Val Loss: 1.5283, Val Macro F1: 0.8501
Current learning rate: 0.000001

============================================================
Epoch 51/100
============================================================

*** Activating Deferred Reweighting (DRW) ***

  Batch 0/3010, Loss: 0.7553, DRW: True, Mixup: True
  Batch 500/3010, Loss: 3.8016, DRW: True, Mixup: True
  Batch 1000/3010, Loss: 1.0496, DRW: True, Mixup: True
  Batch 1500/3010, Loss: 1.0487, DRW: True, Mixup: True
  Batch 2000/3010, Loss: 0.8925, DRW: True, Mixup: True
  Batch 2500/3010, Loss: 0.6873, DRW: True, Mixup: True
  Batch 3000/3010, Loss: 1.1106, DRW: True, Mixup: True
Train Loss: 1.3333
Val Loss: 1.5301, Val Macro F1: 0.8499
Current learning rate: 0.000001

Early stopping triggered after 51 epochs

============================================================
Training completed! Best Val F1: 0.8513
============================================================

============================================================
Evaluating on test set...
============================================================
Test Loss: 1.5261
Test Macro F1: 0.8646

Classification Report:
                  precision    recall  f1-score   support

speech:non-tonal       0.95      0.98      0.96     70117
    speech:tonal       0.88      0.72      0.79     13495
     music:vocal       0.83      0.85      0.84     12165
 music:non-vocal       0.70      0.64      0.67      6018
       env:urban       0.95      0.98      0.97       769
    env:wildlife       0.95      0.96      0.96      3411

        accuracy                           0.91    105975
       macro avg       0.88      0.86      0.86    105975
    weighted avg       0.91      0.91      0.91    105975


============================================================
Done!
============================================================
