Using device: cuda
GPU: NVIDIA H100 80GB HBM3
GPU Memory: 84.94 GB
Mode 0: Standard training
Checkpoint directory: model/STM/Conformer_corpora_categories/standard/ckpt/2026-01-14_23-29

============================================================
Loading and preparing data...
============================================================
Loaded: /vast-ac8888/MusicSpeech-STM/STM_output/corpSTMnpy/BibleTTS-akuapem-twi_STMall.npy, shape: (23592, 2420)
Loaded: /vast-ac8888/MusicSpeech-STM/STM_output/corpSTMnpy/BibleTTS-asante-twi_STMall.npy, shape: (20768, 2420)
Loaded: /vast-ac8888/MusicSpeech-STM/STM_output/corpSTMnpy/BibleTTS-ewe_STMall.npy, shape: (22138, 2420)
Loaded: /vast-ac8888/MusicSpeech-STM/STM_output/corpSTMnpy/BibleTTS-hausa_STMall.npy, shape: (29002, 2420)
Loaded: /vast-ac8888/MusicSpeech-STM/STM_output/corpSTMnpy/BibleTTS-lingala_STMall.npy, shape: (11219, 2420)
Loaded: /vast-ac8888/MusicSpeech-STM/STM_output/corpSTMnpy/BibleTTS-yoruba_STMall.npy, shape: (6629, 2420)
Loaded: /vast-ac8888/MusicSpeech-STM/STM_output/corpSTMnpy/Buckeye_STMall.npy, shape: (255, 2420)
Loaded: /vast-ac8888/MusicSpeech-STM/STM_output/corpSTMnpy/EUROM_STMall.npy, shape: (6623, 2420)
Loaded: /vast-ac8888/MusicSpeech-STM/STM_output/corpSTMnpy/HiltonMoser2022_speech_STMall.npy, shape: (785, 2420)
Loaded: /vast-ac8888/MusicSpeech-STM/STM_output/corpSTMnpy/LibriSpeech_STMall.npy, shape: (27144, 2420)
Loaded: /vast-ac8888/MusicSpeech-STM/STM_output/corpSTMnpy/MediaSpeech-AR_STMall.npy, shape: (2505, 2420)
Loaded: /vast-ac8888/MusicSpeech-STM/STM_output/corpSTMnpy/MediaSpeech-ES_STMall.npy, shape: (2507, 2420)
Loaded: /vast-ac8888/MusicSpeech-STM/STM_output/corpSTMnpy/MediaSpeech-FR_STMall.npy, shape: (2498, 2420)
Loaded: /vast-ac8888/MusicSpeech-STM/STM_output/corpSTMnpy/MediaSpeech-TR_STMall.npy, shape: (2512, 2420)
Loaded: /vast-ac8888/MusicSpeech-STM/STM_output/corpSTMnpy/MozillaCommonVoice-ab_STMall.npy, shape: (7558, 2420)
Loaded: /vast-ac8888/MusicSpeech-STM/STM_output/corpSTMnpy/MozillaCommonVoice-ar_STMall.npy, shape: (8080, 2420)
Loaded: /vast-ac8888/MusicSpeech-STM/STM_output/corpSTMnpy/MozillaCommonVoice-ba_STMall.npy, shape: (7964, 2420)
Loaded: /vast-ac8888/MusicSpeech-STM/STM_output/corpSTMnpy/MozillaCommonVoice-be_STMall.npy, shape: (8595, 2420)
Loaded: /vast-ac8888/MusicSpeech-STM/STM_output/corpSTMnpy/MozillaCommonVoice-bg_STMall.npy, shape: (7130, 2420)
Loaded: /vast-ac8888/MusicSpeech-STM/STM_output/corpSTMnpy/MozillaCommonVoice-bn_STMall.npy, shape: (8149, 2420)
Loaded: /vast-ac8888/MusicSpeech-STM/STM_output/corpSTMnpy/MozillaCommonVoice-br_STMall.npy, shape: (1454, 2420)
Loaded: /vast-ac8888/MusicSpeech-STM/STM_output/corpSTMnpy/MozillaCommonVoice-ca_STMall.npy, shape: (8237, 2420)
Loaded: /vast-ac8888/MusicSpeech-STM/STM_output/corpSTMnpy/MozillaCommonVoice-ckb_STMall.npy, shape: (7490, 2420)
Loaded: /vast-ac8888/MusicSpeech-STM/STM_output/corpSTMnpy/MozillaCommonVoice-cnh_STMall.npy, shape: (656, 2420)
Loaded: /vast-ac8888/MusicSpeech-STM/STM_output/corpSTMnpy/MozillaCommonVoice-cs_STMall.npy, shape: (8622, 2420)
Loaded: /vast-ac8888/MusicSpeech-STM/STM_output/corpSTMnpy/MozillaCommonVoice-cv_STMall.npy, shape: (8755, 2420)
Loaded: /vast-ac8888/MusicSpeech-STM/STM_output/corpSTMnpy/MozillaCommonVoice-cy_STMall.npy, shape: (7640, 2420)
Loaded: /vast-ac8888/MusicSpeech-STM/STM_output/corpSTMnpy/MozillaCommonVoice-da_STMall.npy, shape: (3878, 2420)
Loaded: /vast-ac8888/MusicSpeech-STM/STM_output/corpSTMnpy/MozillaCommonVoice-de_STMall.npy, shape: (8979, 2420)
Loaded: /vast-ac8888/MusicSpeech-STM/STM_output/corpSTMnpy/MozillaCommonVoice-dv_STMall.npy, shape: (9113, 2420)
Loaded: /vast-ac8888/MusicSpeech-STM/STM_output/corpSTMnpy/MozillaCommonVoice-el_STMall.npy, shape: (6422, 2420)
Loaded: /vast-ac8888/MusicSpeech-STM/STM_output/corpSTMnpy/MozillaCommonVoice-en_STMall.npy, shape: (8607, 2420)
Loaded: /vast-ac8888/MusicSpeech-STM/STM_output/corpSTMnpy/MozillaCommonVoice-eo_STMall.npy, shape: (9327, 2420)
Loaded: /vast-ac8888/MusicSpeech-STM/STM_output/corpSTMnpy/MozillaCommonVoice-es_STMall.npy, shape: (8742, 2420)
Loaded: /vast-ac8888/MusicSpeech-STM/STM_output/corpSTMnpy/MozillaCommonVoice-et_STMall.npy, shape: (9653, 2420)
Loaded: /vast-ac8888/MusicSpeech-STM/STM_output/corpSTMnpy/MozillaCommonVoice-eu_STMall.npy, shape: (7983, 2420)
Loaded: /vast-ac8888/MusicSpeech-STM/STM_output/corpSTMnpy/MozillaCommonVoice-fa_STMall.npy, shape: (8629, 2420)
Loaded: /vast-ac8888/MusicSpeech-STM/STM_output/corpSTMnpy/MozillaCommonVoice-fi_STMall.npy, shape: (3982, 2420)
Loaded: /vast-ac8888/MusicSpeech-STM/STM_output/corpSTMnpy/MozillaCommonVoice-fr_STMall.npy, shape: (8912, 2420)
Loaded: /vast-ac8888/MusicSpeech-STM/STM_output/corpSTMnpy/MozillaCommonVoice-fy-NL_STMall.npy, shape: (6694, 2420)
Loaded: /vast-ac8888/MusicSpeech-STM/STM_output/corpSTMnpy/MozillaCommonVoice-ga-IE_STMall.npy, shape: (1323, 2420)
Loaded: /vast-ac8888/MusicSpeech-STM/STM_output/corpSTMnpy/MozillaCommonVoice-gl_STMall.npy, shape: (8623, 2420)
Loaded: /vast-ac8888/MusicSpeech-STM/STM_output/corpSTMnpy/MozillaCommonVoice-gn_STMall.npy, shape: (1014, 2420)
Loaded: /vast-ac8888/MusicSpeech-STM/STM_output/corpSTMnpy/MozillaCommonVoice-hi_STMall.npy, shape: (5438, 2420)
Loaded: /vast-ac8888/MusicSpeech-STM/STM_output/corpSTMnpy/MozillaCommonVoice-hu_STMall.npy, shape: (8319, 2420)
Loaded: /vast-ac8888/MusicSpeech-STM/STM_output/corpSTMnpy/MozillaCommonVoice-hy-AM_STMall.npy, shape: (6980, 2420)
Loaded: /vast-ac8888/MusicSpeech-STM/STM_output/corpSTMnpy/MozillaCommonVoice-id_STMall.npy, shape: (8468, 2420)
Loaded: /vast-ac8888/MusicSpeech-STM/STM_output/corpSTMnpy/MozillaCommonVoice-ig_STMall.npy, shape: (9, 2420)
Loaded: /vast-ac8888/MusicSpeech-STM/STM_output/corpSTMnpy/MozillaCommonVoice-it_STMall.npy, shape: (9083, 2420)
Loaded: /vast-ac8888/MusicSpeech-STM/STM_output/corpSTMnpy/MozillaCommonVoice-ja_STMall.npy, shape: (8606, 2420)
Loaded: /vast-ac8888/MusicSpeech-STM/STM_output/corpSTMnpy/MozillaCommonVoice-ka_STMall.npy, shape: (9409, 2420)
Loaded: /vast-ac8888/MusicSpeech-STM/STM_output/corpSTMnpy/MozillaCommonVoice-kab_STMall.npy, shape: (7172, 2420)
Loaded: /vast-ac8888/MusicSpeech-STM/STM_output/corpSTMnpy/MozillaCommonVoice-kk_STMall.npy, shape: (867, 2420)
Loaded: /vast-ac8888/MusicSpeech-STM/STM_output/corpSTMnpy/MozillaCommonVoice-kmr_STMall.npy, shape: (6603, 2420)
Loaded: /vast-ac8888/MusicSpeech-STM/STM_output/corpSTMnpy/MozillaCommonVoice-ky_STMall.npy, shape: (7998, 2420)
Loaded: /vast-ac8888/MusicSpeech-STM/STM_output/corpSTMnpy/MozillaCommonVoice-lg_STMall.npy, shape: (8169, 2420)
Loaded: /vast-ac8888/MusicSpeech-STM/STM_output/corpSTMnpy/MozillaCommonVoice-lt_STMall.npy, shape: (9073, 2420)
Loaded: /vast-ac8888/MusicSpeech-STM/STM_output/corpSTMnpy/MozillaCommonVoice-ltg_STMall.npy, shape: (2299, 2420)
Loaded: /vast-ac8888/MusicSpeech-STM/STM_output/corpSTMnpy/MozillaCommonVoice-lv_STMall.npy, shape: (7666, 2420)
Loaded: /vast-ac8888/MusicSpeech-STM/STM_output/corpSTMnpy/MozillaCommonVoice-mhr_STMall.npy, shape: (8336, 2420)
Loaded: /vast-ac8888/MusicSpeech-STM/STM_output/corpSTMnpy/MozillaCommonVoice-ml_STMall.npy, shape: (813, 2420)
Loaded: /vast-ac8888/MusicSpeech-STM/STM_output/corpSTMnpy/MozillaCommonVoice-mn_STMall.npy, shape: (5968, 2420)
Loaded: /vast-ac8888/MusicSpeech-STM/STM_output/corpSTMnpy/MozillaCommonVoice-mt_STMall.npy, shape: (3632, 2420)
Loaded: /vast-ac8888/MusicSpeech-STM/STM_output/corpSTMnpy/MozillaCommonVoice-nan-tw_STMall.npy, shape: (181, 2420)
Loaded: /vast-ac8888/MusicSpeech-STM/STM_output/corpSTMnpy/MozillaCommonVoice-nl_STMall.npy, shape: (8834, 2420)
Loaded: /vast-ac8888/MusicSpeech-STM/STM_output/corpSTMnpy/MozillaCommonVoice-oc_STMall.npy, shape: (681, 2420)
Loaded: /vast-ac8888/MusicSpeech-STM/STM_output/corpSTMnpy/MozillaCommonVoice-or_STMall.npy, shape: (1941, 2420)
Loaded: /vast-ac8888/MusicSpeech-STM/STM_output/corpSTMnpy/MozillaCommonVoice-pl_STMall.npy, shape: (8817, 2420)
Loaded: /vast-ac8888/MusicSpeech-STM/STM_output/corpSTMnpy/MozillaCommonVoice-pt_STMall.npy, shape: (8413, 2420)
Loaded: /vast-ac8888/MusicSpeech-STM/STM_output/corpSTMnpy/MozillaCommonVoice-ro_STMall.npy, shape: (6666, 2420)
Loaded: /vast-ac8888/MusicSpeech-STM/STM_output/corpSTMnpy/MozillaCommonVoice-ru_STMall.npy, shape: (9260, 2420)
Loaded: /vast-ac8888/MusicSpeech-STM/STM_output/corpSTMnpy/MozillaCommonVoice-rw_STMall.npy, shape: (9148, 2420)
Loaded: /vast-ac8888/MusicSpeech-STM/STM_output/corpSTMnpy/MozillaCommonVoice-sr_STMall.npy, shape: (391, 2420)
Loaded: /vast-ac8888/MusicSpeech-STM/STM_output/corpSTMnpy/MozillaCommonVoice-sv-SE_STMall.npy, shape: (8288, 2420)
Loaded: /vast-ac8888/MusicSpeech-STM/STM_output/corpSTMnpy/MozillaCommonVoice-sw_STMall.npy, shape: (9192, 2420)
Loaded: /vast-ac8888/MusicSpeech-STM/STM_output/corpSTMnpy/MozillaCommonVoice-ta_STMall.npy, shape: (9474, 2420)
Loaded: /vast-ac8888/MusicSpeech-STM/STM_output/corpSTMnpy/MozillaCommonVoice-th_STMall.npy, shape: (8044, 2420)
Loaded: /vast-ac8888/MusicSpeech-STM/STM_output/corpSTMnpy/MozillaCommonVoice-tr_STMall.npy, shape: (7953, 2420)
Loaded: /vast-ac8888/MusicSpeech-STM/STM_output/corpSTMnpy/MozillaCommonVoice-tt_STMall.npy, shape: (7454, 2420)
Loaded: /vast-ac8888/MusicSpeech-STM/STM_output/corpSTMnpy/MozillaCommonVoice-ug_STMall.npy, shape: (7899, 2420)
Loaded: /vast-ac8888/MusicSpeech-STM/STM_output/corpSTMnpy/MozillaCommonVoice-uk_STMall.npy, shape: (8819, 2420)
Loaded: /vast-ac8888/MusicSpeech-STM/STM_output/corpSTMnpy/MozillaCommonVoice-ur_STMall.npy, shape: (8970, 2420)
Loaded: /vast-ac8888/MusicSpeech-STM/STM_output/corpSTMnpy/MozillaCommonVoice-uz_STMall.npy, shape: (7911, 2420)
Loaded: /vast-ac8888/MusicSpeech-STM/STM_output/corpSTMnpy/MozillaCommonVoice-vi_STMall.npy, shape: (1859, 2420)
Loaded: /vast-ac8888/MusicSpeech-STM/STM_output/corpSTMnpy/MozillaCommonVoice-yo_STMall.npy, shape: (2511, 2420)
Loaded: /vast-ac8888/MusicSpeech-STM/STM_output/corpSTMnpy/MozillaCommonVoice-yue_STMall.npy, shape: (6156, 2420)
Loaded: /vast-ac8888/MusicSpeech-STM/STM_output/corpSTMnpy/MozillaCommonVoice-zh-CN_STMall.npy, shape: (8715, 2420)
Loaded: /vast-ac8888/MusicSpeech-STM/STM_output/corpSTMnpy/MozillaCommonVoice-zh-TW_STMall.npy, shape: (7286, 2420)
Loaded: /vast-ac8888/MusicSpeech-STM/STM_output/corpSTMnpy/SpeechClarity_STMall.npy, shape: (555, 2420)
Loaded: /vast-ac8888/MusicSpeech-STM/STM_output/corpSTMnpy/TAT-Vol2_STMall.npy, shape: (793, 2420)
Loaded: /vast-ac8888/MusicSpeech-STM/STM_output/corpSTMnpy/TIMIT_STMall.npy, shape: (479, 2420)
Loaded: /vast-ac8888/MusicSpeech-STM/STM_output/corpSTMnpy/TTS_Javanese_STMall.npy, shape: (3068, 2420)
Loaded: /vast-ac8888/MusicSpeech-STM/STM_output/corpSTMnpy/primewords_chinese_STMall.npy, shape: (47166, 2420)
Loaded: /vast-ac8888/MusicSpeech-STM/STM_output/corpSTMnpy/room_reader_STMall.npy, shape: (146, 2420)
Loaded: /vast-ac8888/MusicSpeech-STM/STM_output/corpSTMnpy/thchs30_STMall.npy, shape: (13327, 2420)
Loaded: /vast-ac8888/MusicSpeech-STM/STM_output/corpSTMnpy/zeroth_korean_STMall.npy, shape: (22255, 2420)
Loaded: /vast-ac8888/MusicSpeech-STM/STM_output/corpSTMnpy/Albouy2020Science_STMall.npy, shape: (123, 2420)
Loaded: /vast-ac8888/MusicSpeech-STM/STM_output/corpSTMnpy/GarlandEncyclopedia_STMall.npy, shape: (296, 2420)
Loaded: /vast-ac8888/MusicSpeech-STM/STM_output/corpSTMnpy/HiltonMoser2022_song_STMall.npy, shape: (803, 2420)
Loaded: /vast-ac8888/MusicSpeech-STM/STM_output/corpSTMnpy/IRMAS_STMall.npy, shape: (2838, 2420)
Loaded: /vast-ac8888/MusicSpeech-STM/STM_output/corpSTMnpy/MTG-Jamendo_STMall.npy, shape: (55699, 2420)
Loaded: /vast-ac8888/MusicSpeech-STM/STM_output/corpSTMnpy/MagnaTagATune_STMall.npy, shape: (25859, 2420)
Loaded: /vast-ac8888/MusicSpeech-STM/STM_output/corpSTMnpy/NHS2_STMall.npy, shape: (1007, 2420)
Loaded: /vast-ac8888/MusicSpeech-STM/STM_output/corpSTMnpy/fma_large_STMall.npy, shape: (106257, 2420)
Loaded: /vast-ac8888/MusicSpeech-STM/STM_output/corpSTMnpy/ismir04_genre_STMall.npy, shape: (2185, 2420)
Loaded: /vast-ac8888/MusicSpeech-STM/STM_output/corpSTMnpy/MacaulayLibrary_STMall.npy, shape: (34565, 2420)
Loaded: /vast-ac8888/MusicSpeech-STM/STM_output/corpSTMnpy/SONYC_STMall.npy, shape: (10798, 2420)
Total samples: 978378
Train samples: 770393
Val samples: 102010
Test samples: 105975
Feature dimension (flattened): 2420
Expected 2D shape: (20, 121)
Train dataset shape: torch.Size([770393, 20, 121])
Val dataset shape: torch.Size([102010, 20, 121])
Test dataset shape: torch.Size([105975, 20, 121])

DataLoaders created with batch_size=128

============================================================
Creating Conformer model...
============================================================
Total parameters: 1,555,270
Trainable parameters: 1,555,270

Starting training for 50 epochs...

============================================================
Epoch 1/50
============================================================
  Batch 0/6019, Loss: 1.7706
  Batch 100/6019, Loss: 0.6830
  Batch 200/6019, Loss: 0.5845
  Batch 300/6019, Loss: 0.5197
  Batch 400/6019, Loss: 0.5035
  Batch 500/6019, Loss: 0.3490
  Batch 600/6019, Loss: 0.3918
  Batch 700/6019, Loss: 0.3740
  Batch 800/6019, Loss: 0.3528
  Batch 900/6019, Loss: 0.4314
  Batch 1000/6019, Loss: 0.3723
  Batch 1100/6019, Loss: 0.3293
  Batch 1200/6019, Loss: 0.3696
  Batch 1300/6019, Loss: 0.4446
  Batch 1400/6019, Loss: 0.3339
  Batch 1500/6019, Loss: 0.3068
  Batch 1600/6019, Loss: 0.3173
  Batch 1700/6019, Loss: 0.4114
  Batch 1800/6019, Loss: 0.2938
  Batch 1900/6019, Loss: 0.2889
  Batch 2000/6019, Loss: 0.4629
  Batch 2100/6019, Loss: 0.3022
  Batch 2200/6019, Loss: 0.2346
  Batch 2300/6019, Loss: 0.3495
  Batch 2400/6019, Loss: 0.3109
  Batch 2500/6019, Loss: 0.3176
  Batch 2600/6019, Loss: 0.3693
  Batch 2700/6019, Loss: 0.2748
  Batch 2800/6019, Loss: 0.3295
  Batch 2900/6019, Loss: 0.3162
  Batch 3000/6019, Loss: 0.3801
  Batch 3100/6019, Loss: 0.3351
  Batch 3200/6019, Loss: 0.2544
  Batch 3300/6019, Loss: 0.3740
  Batch 3400/6019, Loss: 0.2948
  Batch 3500/6019, Loss: 0.3724
  Batch 3600/6019, Loss: 0.2392
  Batch 3700/6019, Loss: 0.3645
  Batch 3800/6019, Loss: 0.2919
  Batch 3900/6019, Loss: 0.3882
  Batch 4000/6019, Loss: 0.2749
  Batch 4100/6019, Loss: 0.3065
  Batch 4200/6019, Loss: 0.3157
  Batch 4300/6019, Loss: 0.3184
  Batch 4400/6019, Loss: 0.3048
  Batch 4500/6019, Loss: 0.2523
  Batch 4600/6019, Loss: 0.3310
  Batch 4700/6019, Loss: 0.2555
  Batch 4800/6019, Loss: 0.2724
  Batch 4900/6019, Loss: 0.2684
  Batch 5000/6019, Loss: 0.2762
  Batch 5100/6019, Loss: 0.2875
  Batch 5200/6019, Loss: 0.2568
  Batch 5300/6019, Loss: 0.2749
  Batch 5400/6019, Loss: 0.2905
  Batch 5500/6019, Loss: 0.2503
  Batch 5600/6019, Loss: 0.2780
  Batch 5700/6019, Loss: 0.3674
  Batch 5800/6019, Loss: 0.3388
  Batch 5900/6019, Loss: 0.2766
  Batch 6000/6019, Loss: 0.3308
Train Loss: 0.3328
Val Loss: 0.2742, Val Macro F1: 0.7981
Current learning rate: 0.000100
✓ Saved best model with Val F1: 0.7981

============================================================
Epoch 2/50
============================================================
  Batch 0/6019, Loss: 0.2331
  Batch 100/6019, Loss: 0.2214
  Batch 200/6019, Loss: 0.2637
  Batch 300/6019, Loss: 0.2521
  Batch 400/6019, Loss: 0.2933
  Batch 500/6019, Loss: 0.2794
  Batch 600/6019, Loss: 0.2626
  Batch 700/6019, Loss: 0.2717
  Batch 800/6019, Loss: 0.3872
  Batch 900/6019, Loss: 0.3302
  Batch 1000/6019, Loss: 0.2798
  Batch 1100/6019, Loss: 0.2477
  Batch 1200/6019, Loss: 0.2442
  Batch 1300/6019, Loss: 0.2464
  Batch 1400/6019, Loss: 0.2361
  Batch 1500/6019, Loss: 0.2173
  Batch 1600/6019, Loss: 0.2292
  Batch 1700/6019, Loss: 0.1679
  Batch 1800/6019, Loss: 0.2826
  Batch 1900/6019, Loss: 0.2535
  Batch 2000/6019, Loss: 0.2439
  Batch 2100/6019, Loss: 0.2730
  Batch 2200/6019, Loss: 0.1979
  Batch 2300/6019, Loss: 0.2353
  Batch 2400/6019, Loss: 0.2273
  Batch 2500/6019, Loss: 0.3164
  Batch 2600/6019, Loss: 0.2216
  Batch 2700/6019, Loss: 0.2792
  Batch 2800/6019, Loss: 0.2360
  Batch 2900/6019, Loss: 0.2925
  Batch 3000/6019, Loss: 0.3211
  Batch 3100/6019, Loss: 0.2128
  Batch 3200/6019, Loss: 0.2122
  Batch 3300/6019, Loss: 0.1624
  Batch 3400/6019, Loss: 0.3208
  Batch 3500/6019, Loss: 0.3492
  Batch 3600/6019, Loss: 0.2047
  Batch 3700/6019, Loss: 0.2784
  Batch 3800/6019, Loss: 0.2370
  Batch 3900/6019, Loss: 0.2872
  Batch 4000/6019, Loss: 0.2426
  Batch 4100/6019, Loss: 0.2791
  Batch 4200/6019, Loss: 0.2709
  Batch 4300/6019, Loss: 0.2529
  Batch 4400/6019, Loss: 0.2475
  Batch 4500/6019, Loss: 0.1975
  Batch 4600/6019, Loss: 0.2000
  Batch 4700/6019, Loss: 0.2140
  Batch 4800/6019, Loss: 0.2191
  Batch 4900/6019, Loss: 0.1366
  Batch 5000/6019, Loss: 0.2170
  Batch 5100/6019, Loss: 0.3454
  Batch 5200/6019, Loss: 0.2161
  Batch 5300/6019, Loss: 0.3114
  Batch 5400/6019, Loss: 0.2008
  Batch 5500/6019, Loss: 0.2719
  Batch 5600/6019, Loss: 0.2793
  Batch 5700/6019, Loss: 0.2986
  Batch 5800/6019, Loss: 0.3783
  Batch 5900/6019, Loss: 0.3409
  Batch 6000/6019, Loss: 0.2370
Train Loss: 0.2651
Val Loss: 0.2495, Val Macro F1: 0.8162
Current learning rate: 0.000100
✓ Saved best model with Val F1: 0.8162

============================================================
Epoch 3/50
============================================================
  Batch 0/6019, Loss: 0.2097
  Batch 100/6019, Loss: 0.3741
  Batch 200/6019, Loss: 0.2420
  Batch 300/6019, Loss: 0.2265
  Batch 400/6019, Loss: 0.3390
  Batch 500/6019, Loss: 0.1834
  Batch 600/6019, Loss: 0.2831
  Batch 700/6019, Loss: 0.2902
  Batch 800/6019, Loss: 0.2487
  Batch 900/6019, Loss: 0.2718
  Batch 1000/6019, Loss: 0.2467
  Batch 1100/6019, Loss: 0.2578
  Batch 1200/6019, Loss: 0.2939
  Batch 1300/6019, Loss: 0.1783
  Batch 1400/6019, Loss: 0.3761
  Batch 1500/6019, Loss: 0.2066
  Batch 1600/6019, Loss: 0.2101
  Batch 1700/6019, Loss: 0.3192
  Batch 1800/6019, Loss: 0.2001
  Batch 1900/6019, Loss: 0.3159
  Batch 2000/6019, Loss: 0.2863
  Batch 2100/6019, Loss: 0.2678
  Batch 2200/6019, Loss: 0.2568
  Batch 2300/6019, Loss: 0.2841
  Batch 2400/6019, Loss: 0.2181
  Batch 2500/6019, Loss: 0.3081
  Batch 2600/6019, Loss: 0.2045
  Batch 2700/6019, Loss: 0.1935
  Batch 2800/6019, Loss: 0.3200
  Batch 2900/6019, Loss: 0.2530
  Batch 3000/6019, Loss: 0.2264
  Batch 3100/6019, Loss: 0.2043
  Batch 3200/6019, Loss: 0.2695
  Batch 3300/6019, Loss: 0.1964
  Batch 3400/6019, Loss: 0.2795
  Batch 3500/6019, Loss: 0.1650
  Batch 3600/6019, Loss: 0.1884
  Batch 3700/6019, Loss: 0.2504
  Batch 3800/6019, Loss: 0.3027
  Batch 3900/6019, Loss: 0.3203
  Batch 4000/6019, Loss: 0.2348
  Batch 4100/6019, Loss: 0.2698
  Batch 4200/6019, Loss: 0.2266
  Batch 4300/6019, Loss: 0.2812
  Batch 4400/6019, Loss: 0.1812
  Batch 4500/6019, Loss: 0.2413
  Batch 4600/6019, Loss: 0.3880
  Batch 4700/6019, Loss: 0.2408
  Batch 4800/6019, Loss: 0.2482
  Batch 4900/6019, Loss: 0.2098
  Batch 5000/6019, Loss: 0.2368
  Batch 5100/6019, Loss: 0.2531
  Batch 5200/6019, Loss: 0.2731
  Batch 5300/6019, Loss: 0.1912
  Batch 5400/6019, Loss: 0.2331
  Batch 5500/6019, Loss: 0.2828
  Batch 5600/6019, Loss: 0.1817
  Batch 5700/6019, Loss: 0.2473
  Batch 5800/6019, Loss: 0.2898
  Batch 5900/6019, Loss: 0.3102
  Batch 6000/6019, Loss: 0.1735
Train Loss: 0.2468
Val Loss: 0.2481, Val Macro F1: 0.8165
Current learning rate: 0.000100
✓ Saved best model with Val F1: 0.8165

============================================================
Epoch 4/50
============================================================
  Batch 0/6019, Loss: 0.2800
  Batch 100/6019, Loss: 0.1448
  Batch 200/6019, Loss: 0.2294
  Batch 300/6019, Loss: 0.2349
  Batch 400/6019, Loss: 0.2532
  Batch 500/6019, Loss: 0.1785
  Batch 600/6019, Loss: 0.1598
  Batch 700/6019, Loss: 0.2540
  Batch 800/6019, Loss: 0.2678
  Batch 900/6019, Loss: 0.3401
  Batch 1000/6019, Loss: 0.2197
  Batch 1100/6019, Loss: 0.1871
  Batch 1200/6019, Loss: 0.2385
  Batch 1300/6019, Loss: 0.2105
  Batch 1400/6019, Loss: 0.2442
  Batch 1500/6019, Loss: 0.2022
  Batch 1600/6019, Loss: 0.3891
  Batch 1700/6019, Loss: 0.2280
  Batch 1800/6019, Loss: 0.1714
  Batch 1900/6019, Loss: 0.2414
  Batch 2000/6019, Loss: 0.1672
  Batch 2100/6019, Loss: 0.2345
  Batch 2200/6019, Loss: 0.2214
  Batch 2300/6019, Loss: 0.2054
  Batch 2400/6019, Loss: 0.3054
  Batch 2500/6019, Loss: 0.2224
  Batch 2600/6019, Loss: 0.2431
  Batch 2700/6019, Loss: 0.2152
  Batch 2800/6019, Loss: 0.2249
  Batch 2900/6019, Loss: 0.2077
  Batch 3000/6019, Loss: 0.3587
  Batch 3100/6019, Loss: 0.2937
  Batch 3200/6019, Loss: 0.2637
  Batch 3300/6019, Loss: 0.2727
  Batch 3400/6019, Loss: 0.2405
  Batch 3500/6019, Loss: 0.2513
  Batch 3600/6019, Loss: 0.1897
  Batch 3700/6019, Loss: 0.1506
  Batch 3800/6019, Loss: 0.2650
  Batch 3900/6019, Loss: 0.3120
  Batch 4000/6019, Loss: 0.2206
  Batch 4100/6019, Loss: 0.2860
  Batch 4200/6019, Loss: 0.2272
  Batch 4300/6019, Loss: 0.2553
  Batch 4400/6019, Loss: 0.1730
  Batch 4500/6019, Loss: 0.2974
  Batch 4600/6019, Loss: 0.1822
  Batch 4700/6019, Loss: 0.2227
  Batch 4800/6019, Loss: 0.2902
  Batch 4900/6019, Loss: 0.1746
  Batch 5000/6019, Loss: 0.2590
  Batch 5100/6019, Loss: 0.2890
  Batch 5200/6019, Loss: 0.2180
  Batch 5300/6019, Loss: 0.2043
  Batch 5400/6019, Loss: 0.2223
  Batch 5500/6019, Loss: 0.1940
  Batch 5600/6019, Loss: 0.2164
  Batch 5700/6019, Loss: 0.2829
  Batch 5800/6019, Loss: 0.4882
  Batch 5900/6019, Loss: 0.2630
  Batch 6000/6019, Loss: 0.2749
Train Loss: 0.2356
Val Loss: 0.2446, Val Macro F1: 0.8224
Current learning rate: 0.000100
✓ Saved best model with Val F1: 0.8224

============================================================
Epoch 5/50
============================================================
  Batch 0/6019, Loss: 0.2414
  Batch 100/6019, Loss: 0.1691
  Batch 200/6019, Loss: 0.2281
  Batch 300/6019, Loss: 0.2763
  Batch 400/6019, Loss: 0.1655
  Batch 500/6019, Loss: 0.1821
  Batch 600/6019, Loss: 0.1779
  Batch 700/6019, Loss: 0.2269
  Batch 800/6019, Loss: 0.2301
  Batch 900/6019, Loss: 0.2281
  Batch 1000/6019, Loss: 0.1688
  Batch 1100/6019, Loss: 0.2014
  Batch 1200/6019, Loss: 0.1394
  Batch 1300/6019, Loss: 0.1560
  Batch 1400/6019, Loss: 0.2770
  Batch 1500/6019, Loss: 0.2157
  Batch 1600/6019, Loss: 0.2418
  Batch 1700/6019, Loss: 0.3116
  Batch 1800/6019, Loss: 0.1047
  Batch 1900/6019, Loss: 0.2800
  Batch 2000/6019, Loss: 0.2553
  Batch 2100/6019, Loss: 0.2358
  Batch 2200/6019, Loss: 0.1719
  Batch 2300/6019, Loss: 0.2756
  Batch 2400/6019, Loss: 0.2634
  Batch 2500/6019, Loss: 0.2385
  Batch 2600/6019, Loss: 0.1557
  Batch 2700/6019, Loss: 0.2443
  Batch 2800/6019, Loss: 0.1853
  Batch 2900/6019, Loss: 0.2047
  Batch 3000/6019, Loss: 0.2963
  Batch 3100/6019, Loss: 0.1527
  Batch 3200/6019, Loss: 0.2462
  Batch 3300/6019, Loss: 0.3473
  Batch 3400/6019, Loss: 0.1932
  Batch 3500/6019, Loss: 0.1806
  Batch 3600/6019, Loss: 0.2376
  Batch 3700/6019, Loss: 0.2847
  Batch 3800/6019, Loss: 0.2719
  Batch 3900/6019, Loss: 0.3066
  Batch 4000/6019, Loss: 0.2617
  Batch 4100/6019, Loss: 0.1492
  Batch 4200/6019, Loss: 0.2049
  Batch 4300/6019, Loss: 0.1954
  Batch 4400/6019, Loss: 0.2793
  Batch 4500/6019, Loss: 0.2620
  Batch 4600/6019, Loss: 0.2850
  Batch 4700/6019, Loss: 0.3586
  Batch 4800/6019, Loss: 0.2711
  Batch 4900/6019, Loss: 0.2704
  Batch 5000/6019, Loss: 0.1977
  Batch 5100/6019, Loss: 0.3070
  Batch 5200/6019, Loss: 0.2342
  Batch 5300/6019, Loss: 0.1838
  Batch 5400/6019, Loss: 0.1940
  Batch 5500/6019, Loss: 0.2251
  Batch 5600/6019, Loss: 0.4068
  Batch 5700/6019, Loss: 0.2964
  Batch 5800/6019, Loss: 0.1689
  Batch 5900/6019, Loss: 0.1916
  Batch 6000/6019, Loss: 0.1834
Train Loss: 0.2276
Val Loss: 0.2319, Val Macro F1: 0.8355
Current learning rate: 0.000100
✓ Saved best model with Val F1: 0.8355

============================================================
Epoch 6/50
============================================================
  Batch 0/6019, Loss: 0.1740
  Batch 100/6019, Loss: 0.2630
  Batch 200/6019, Loss: 0.2485
  Batch 300/6019, Loss: 0.2600
  Batch 400/6019, Loss: 0.1394
  Batch 500/6019, Loss: 0.1539
  Batch 600/6019, Loss: 0.2776
  Batch 700/6019, Loss: 0.2658
  Batch 800/6019, Loss: 0.2058
  Batch 900/6019, Loss: 0.2641
  Batch 1000/6019, Loss: 0.2016
  Batch 1100/6019, Loss: 0.2069
  Batch 1200/6019, Loss: 0.2228
  Batch 1300/6019, Loss: 0.1562
  Batch 1400/6019, Loss: 0.1728
  Batch 1500/6019, Loss: 0.1920
  Batch 1600/6019, Loss: 0.2342
  Batch 1700/6019, Loss: 0.2356
  Batch 1800/6019, Loss: 0.2775
  Batch 1900/6019, Loss: 0.2080
  Batch 2000/6019, Loss: 0.1623
  Batch 2100/6019, Loss: 0.1909
  Batch 2200/6019, Loss: 0.2361
  Batch 2300/6019, Loss: 0.2264
  Batch 2400/6019, Loss: 0.1964
  Batch 2500/6019, Loss: 0.2186
  Batch 2600/6019, Loss: 0.1641
  Batch 2700/6019, Loss: 0.1890
  Batch 2800/6019, Loss: 0.2269
  Batch 2900/6019, Loss: 0.2160
  Batch 3000/6019, Loss: 0.1932
  Batch 3100/6019, Loss: 0.3073
  Batch 3200/6019, Loss: 0.1308
  Batch 3300/6019, Loss: 0.1940
  Batch 3400/6019, Loss: 0.3646
  Batch 3500/6019, Loss: 0.1896
  Batch 3600/6019, Loss: 0.1456
  Batch 3700/6019, Loss: 0.2383
  Batch 3800/6019, Loss: 0.2552
  Batch 3900/6019, Loss: 0.1634
  Batch 4000/6019, Loss: 0.2397
  Batch 4100/6019, Loss: 0.1551
  Batch 4200/6019, Loss: 0.2657
  Batch 4300/6019, Loss: 0.2431
  Batch 4400/6019, Loss: 0.1518
  Batch 4500/6019, Loss: 0.2086
  Batch 4600/6019, Loss: 0.2496
  Batch 4700/6019, Loss: 0.2759
  Batch 4800/6019, Loss: 0.2058
  Batch 4900/6019, Loss: 0.1398
  Batch 5000/6019, Loss: 0.1287
  Batch 5100/6019, Loss: 0.1851
  Batch 5200/6019, Loss: 0.2395
  Batch 5300/6019, Loss: 0.1531
  Batch 5400/6019, Loss: 0.1977
  Batch 5500/6019, Loss: 0.3109
  Batch 5600/6019, Loss: 0.2313
  Batch 5700/6019, Loss: 0.2755
  Batch 5800/6019, Loss: 0.2375
  Batch 5900/6019, Loss: 0.3133
  Batch 6000/6019, Loss: 0.2249
Train Loss: 0.2209
Val Loss: 0.2335, Val Macro F1: 0.8250
Current learning rate: 0.000100

============================================================
Epoch 7/50
============================================================
  Batch 0/6019, Loss: 0.1793
  Batch 100/6019, Loss: 0.2173
  Batch 200/6019, Loss: 0.1937
  Batch 300/6019, Loss: 0.1997
  Batch 400/6019, Loss: 0.2393
  Batch 500/6019, Loss: 0.2467
  Batch 600/6019, Loss: 0.2073
  Batch 700/6019, Loss: 0.2603
  Batch 800/6019, Loss: 0.2214
  Batch 900/6019, Loss: 0.2321
  Batch 1000/6019, Loss: 0.2524
  Batch 1100/6019, Loss: 0.1404
  Batch 1200/6019, Loss: 0.1042
  Batch 1300/6019, Loss: 0.2086
  Batch 1400/6019, Loss: 0.2235
  Batch 1500/6019, Loss: 0.2287
  Batch 1600/6019, Loss: 0.1892
  Batch 1700/6019, Loss: 0.2897
  Batch 1800/6019, Loss: 0.1851
  Batch 1900/6019, Loss: 0.2520
  Batch 2000/6019, Loss: 0.1651
  Batch 2100/6019, Loss: 0.2086
  Batch 2200/6019, Loss: 0.1722
  Batch 2300/6019, Loss: 0.2013
  Batch 2400/6019, Loss: 0.2262
  Batch 2500/6019, Loss: 0.2524
  Batch 2600/6019, Loss: 0.2502
  Batch 2700/6019, Loss: 0.2368
  Batch 2800/6019, Loss: 0.2289
  Batch 2900/6019, Loss: 0.2056
  Batch 3000/6019, Loss: 0.2424
  Batch 3100/6019, Loss: 0.1618
  Batch 3200/6019, Loss: 0.1958
  Batch 3300/6019, Loss: 0.3090
  Batch 3400/6019, Loss: 0.2045
  Batch 3500/6019, Loss: 0.1937
  Batch 3600/6019, Loss: 0.1811
  Batch 3700/6019, Loss: 0.1771
  Batch 3800/6019, Loss: 0.2074
  Batch 3900/6019, Loss: 0.1668
  Batch 4000/6019, Loss: 0.2414
  Batch 4100/6019, Loss: 0.2377
  Batch 4200/6019, Loss: 0.2775
  Batch 4300/6019, Loss: 0.2361
  Batch 4400/6019, Loss: 0.2327
  Batch 4500/6019, Loss: 0.1788
  Batch 4600/6019, Loss: 0.1150
  Batch 4700/6019, Loss: 0.2411
  Batch 4800/6019, Loss: 0.2155
  Batch 4900/6019, Loss: 0.2135
  Batch 5000/6019, Loss: 0.2556
  Batch 5100/6019, Loss: 0.1760
  Batch 5200/6019, Loss: 0.1389
  Batch 5300/6019, Loss: 0.2210
  Batch 5400/6019, Loss: 0.2664
  Batch 5500/6019, Loss: 0.1667
  Batch 5600/6019, Loss: 0.1614
  Batch 5700/6019, Loss: 0.1847
  Batch 5800/6019, Loss: 0.2594
  Batch 5900/6019, Loss: 0.2285
  Batch 6000/6019, Loss: 0.3123
Train Loss: 0.2153
Val Loss: 0.2151, Val Macro F1: 0.8409
Current learning rate: 0.000100
✓ Saved best model with Val F1: 0.8409

============================================================
Epoch 8/50
============================================================
  Batch 0/6019, Loss: 0.1787
  Batch 100/6019, Loss: 0.2234
  Batch 200/6019, Loss: 0.2473
  Batch 300/6019, Loss: 0.1853
  Batch 400/6019, Loss: 0.1376
  Batch 500/6019, Loss: 0.1569
  Batch 600/6019, Loss: 0.1775
  Batch 700/6019, Loss: 0.2361
  Batch 800/6019, Loss: 0.1429
  Batch 900/6019, Loss: 0.2505
  Batch 1000/6019, Loss: 0.2899
  Batch 1100/6019, Loss: 0.1943
  Batch 1200/6019, Loss: 0.2270
  Batch 1300/6019, Loss: 0.1747
  Batch 1400/6019, Loss: 0.2180
  Batch 1500/6019, Loss: 0.2686
  Batch 1600/6019, Loss: 0.1590
  Batch 1700/6019, Loss: 0.2570
  Batch 1800/6019, Loss: 0.1219
  Batch 1900/6019, Loss: 0.2943
  Batch 2000/6019, Loss: 0.1705
  Batch 2100/6019, Loss: 0.1904
  Batch 2200/6019, Loss: 0.1382
  Batch 2300/6019, Loss: 0.2499
  Batch 2400/6019, Loss: 0.3716
  Batch 2500/6019, Loss: 0.1984
  Batch 2600/6019, Loss: 0.2034
  Batch 2700/6019, Loss: 0.1432
  Batch 2800/6019, Loss: 0.2419
  Batch 2900/6019, Loss: 0.1666
  Batch 3000/6019, Loss: 0.2596
  Batch 3100/6019, Loss: 0.1775
  Batch 3200/6019, Loss: 0.2405
  Batch 3300/6019, Loss: 0.2419
  Batch 3400/6019, Loss: 0.2921
  Batch 3500/6019, Loss: 0.2374
  Batch 3600/6019, Loss: 0.2043
  Batch 3700/6019, Loss: 0.1724
  Batch 3800/6019, Loss: 0.2016
  Batch 3900/6019, Loss: 0.2606
  Batch 4000/6019, Loss: 0.1898
  Batch 4100/6019, Loss: 0.2527
  Batch 4200/6019, Loss: 0.1768
  Batch 4300/6019, Loss: 0.1375
  Batch 4400/6019, Loss: 0.2464
  Batch 4500/6019, Loss: 0.2027
  Batch 4600/6019, Loss: 0.2404
  Batch 4700/6019, Loss: 0.2177
  Batch 4800/6019, Loss: 0.1331
  Batch 4900/6019, Loss: 0.1809
  Batch 5000/6019, Loss: 0.2322
  Batch 5100/6019, Loss: 0.1844
  Batch 5200/6019, Loss: 0.2005
  Batch 5300/6019, Loss: 0.3107
  Batch 5400/6019, Loss: 0.1517
  Batch 5500/6019, Loss: 0.2095
  Batch 5600/6019, Loss: 0.2767
  Batch 5700/6019, Loss: 0.2822
  Batch 5800/6019, Loss: 0.1564
  Batch 5900/6019, Loss: 0.1915
  Batch 6000/6019, Loss: 0.1750
Train Loss: 0.2104
Val Loss: 0.2225, Val Macro F1: 0.8455
Current learning rate: 0.000100
✓ Saved best model with Val F1: 0.8455

============================================================
Epoch 9/50
============================================================
  Batch 0/6019, Loss: 0.1859
  Batch 100/6019, Loss: 0.1679
  Batch 200/6019, Loss: 0.1152
  Batch 300/6019, Loss: 0.2542
  Batch 400/6019, Loss: 0.2617
  Batch 500/6019, Loss: 0.2649
  Batch 600/6019, Loss: 0.1821
  Batch 700/6019, Loss: 0.2061
  Batch 800/6019, Loss: 0.1775
  Batch 900/6019, Loss: 0.2370
  Batch 1000/6019, Loss: 0.1588
  Batch 1100/6019, Loss: 0.2009
  Batch 1200/6019, Loss: 0.2579
  Batch 1300/6019, Loss: 0.2232
  Batch 1400/6019, Loss: 0.1791
  Batch 1500/6019, Loss: 0.1537
  Batch 1600/6019, Loss: 0.2506
  Batch 1700/6019, Loss: 0.1556
  Batch 1800/6019, Loss: 0.1896
  Batch 1900/6019, Loss: 0.2444
  Batch 2000/6019, Loss: 0.2250
  Batch 2100/6019, Loss: 0.2135
  Batch 2200/6019, Loss: 0.1780
  Batch 2300/6019, Loss: 0.1964
  Batch 2400/6019, Loss: 0.2588
  Batch 2500/6019, Loss: 0.3693
  Batch 2600/6019, Loss: 0.1932
  Batch 2700/6019, Loss: 0.1886
  Batch 2800/6019, Loss: 0.1478
  Batch 2900/6019, Loss: 0.1697
  Batch 3000/6019, Loss: 0.2250
  Batch 3100/6019, Loss: 0.2180
  Batch 3200/6019, Loss: 0.2916
  Batch 3300/6019, Loss: 0.2064
  Batch 3400/6019, Loss: 0.2388
  Batch 3500/6019, Loss: 0.2547
  Batch 3600/6019, Loss: 0.1620
  Batch 3700/6019, Loss: 0.1578
  Batch 3800/6019, Loss: 0.1901
  Batch 3900/6019, Loss: 0.1940
  Batch 4000/6019, Loss: 0.1696
  Batch 4100/6019, Loss: 0.2488
  Batch 4200/6019, Loss: 0.2201
  Batch 4300/6019, Loss: 0.2017
  Batch 4400/6019, Loss: 0.1712
  Batch 4500/6019, Loss: 0.2046
  Batch 4600/6019, Loss: 0.2356
  Batch 4700/6019, Loss: 0.2138
  Batch 4800/6019, Loss: 0.2068
  Batch 4900/6019, Loss: 0.1341
  Batch 5000/6019, Loss: 0.1588
  Batch 5100/6019, Loss: 0.1812
  Batch 5200/6019, Loss: 0.1654
  Batch 5300/6019, Loss: 0.1598
  Batch 5400/6019, Loss: 0.2497
  Batch 5500/6019, Loss: 0.1564
  Batch 5600/6019, Loss: 0.1489
  Batch 5700/6019, Loss: 0.1962
  Batch 5800/6019, Loss: 0.2145
  Batch 5900/6019, Loss: 0.2453
  Batch 6000/6019, Loss: 0.3185
Train Loss: 0.2061
Val Loss: 0.2331, Val Macro F1: 0.8392
Current learning rate: 0.000100

============================================================
Epoch 10/50
============================================================
  Batch 0/6019, Loss: 0.1648
  Batch 100/6019, Loss: 0.1103
  Batch 200/6019, Loss: 0.1427
  Batch 300/6019, Loss: 0.2329
  Batch 400/6019, Loss: 0.1570
  Batch 500/6019, Loss: 0.1967
  Batch 600/6019, Loss: 0.2270
  Batch 700/6019, Loss: 0.1996
  Batch 800/6019, Loss: 0.2619
  Batch 900/6019, Loss: 0.1761
  Batch 1000/6019, Loss: 0.1708
  Batch 1100/6019, Loss: 0.1854
  Batch 1200/6019, Loss: 0.2035
  Batch 1300/6019, Loss: 0.2152
  Batch 1400/6019, Loss: 0.1939
  Batch 1500/6019, Loss: 0.1537
  Batch 1600/6019, Loss: 0.1475
  Batch 1700/6019, Loss: 0.1500
  Batch 1800/6019, Loss: 0.2210
  Batch 1900/6019, Loss: 0.2491
  Batch 2000/6019, Loss: 0.2685
  Batch 2100/6019, Loss: 0.1694
  Batch 2200/6019, Loss: 0.2524
  Batch 2300/6019, Loss: 0.1596
  Batch 2400/6019, Loss: 0.1919
  Batch 2500/6019, Loss: 0.2160
  Batch 2600/6019, Loss: 0.1984
  Batch 2700/6019, Loss: 0.2191
  Batch 2800/6019, Loss: 0.1733
  Batch 2900/6019, Loss: 0.2092
  Batch 3000/6019, Loss: 0.1578
  Batch 3100/6019, Loss: 0.2011
  Batch 3200/6019, Loss: 0.1318
  Batch 3300/6019, Loss: 0.1367
  Batch 3400/6019, Loss: 0.2368
  Batch 3500/6019, Loss: 0.1333
  Batch 3600/6019, Loss: 0.2383
  Batch 3700/6019, Loss: 0.1611
  Batch 3800/6019, Loss: 0.2170
  Batch 3900/6019, Loss: 0.1939
  Batch 4000/6019, Loss: 0.2831
  Batch 4100/6019, Loss: 0.2794
  Batch 4200/6019, Loss: 0.1792
  Batch 4300/6019, Loss: 0.2193
  Batch 4400/6019, Loss: 0.2057
  Batch 4500/6019, Loss: 0.1980
  Batch 4600/6019, Loss: 0.1806
  Batch 4700/6019, Loss: 0.1380
  Batch 4800/6019, Loss: 0.1793
  Batch 4900/6019, Loss: 0.1534
  Batch 5000/6019, Loss: 0.1462
  Batch 5100/6019, Loss: 0.1601
  Batch 5200/6019, Loss: 0.2211
  Batch 5300/6019, Loss: 0.1910
  Batch 5400/6019, Loss: 0.1653
  Batch 5500/6019, Loss: 0.2523
  Batch 5600/6019, Loss: 0.2027
  Batch 5700/6019, Loss: 0.1927
  Batch 5800/6019, Loss: 0.1768
  Batch 5900/6019, Loss: 0.2057
  Batch 6000/6019, Loss: 0.2115
Train Loss: 0.2020
Val Loss: 0.2191, Val Macro F1: 0.8345
Current learning rate: 0.000100

============================================================
Epoch 11/50
============================================================
  Batch 0/6019, Loss: 0.2457
  Batch 100/6019, Loss: 0.2066
  Batch 200/6019, Loss: 0.1963
  Batch 300/6019, Loss: 0.1574
  Batch 400/6019, Loss: 0.1498
  Batch 500/6019, Loss: 0.1989
  Batch 600/6019, Loss: 0.2281
  Batch 700/6019, Loss: 0.2712
  Batch 800/6019, Loss: 0.1869
  Batch 900/6019, Loss: 0.2399
  Batch 1000/6019, Loss: 0.1422
  Batch 1100/6019, Loss: 0.1558
  Batch 1200/6019, Loss: 0.1754
  Batch 1300/6019, Loss: 0.1547
  Batch 1400/6019, Loss: 0.1274
  Batch 1500/6019, Loss: 0.1050
  Batch 1600/6019, Loss: 0.1636
  Batch 1700/6019, Loss: 0.1933
  Batch 1800/6019, Loss: 0.1739
  Batch 1900/6019, Loss: 0.2092
  Batch 2000/6019, Loss: 0.1943
  Batch 2100/6019, Loss: 0.1810
  Batch 2200/6019, Loss: 0.1790
  Batch 2300/6019, Loss: 0.1276
  Batch 2400/6019, Loss: 0.2357
  Batch 2500/6019, Loss: 0.1965
  Batch 2600/6019, Loss: 0.1800
  Batch 2700/6019, Loss: 0.1709
  Batch 2800/6019, Loss: 0.1367
  Batch 2900/6019, Loss: 0.2113
  Batch 3000/6019, Loss: 0.2638
  Batch 3100/6019, Loss: 0.1168
  Batch 3200/6019, Loss: 0.1280
  Batch 3300/6019, Loss: 0.1974
  Batch 3400/6019, Loss: 0.1690
  Batch 3500/6019, Loss: 0.1786
  Batch 3600/6019, Loss: 0.1736
  Batch 3700/6019, Loss: 0.2213
  Batch 3800/6019, Loss: 0.2040
  Batch 3900/6019, Loss: 0.1935
  Batch 4000/6019, Loss: 0.1728
  Batch 4100/6019, Loss: 0.1717
  Batch 4200/6019, Loss: 0.2177
  Batch 4300/6019, Loss: 0.2016
  Batch 4400/6019, Loss: 0.2509
  Batch 4500/6019, Loss: 0.1830
  Batch 4600/6019, Loss: 0.1598
  Batch 4700/6019, Loss: 0.2675
  Batch 4800/6019, Loss: 0.2847
  Batch 4900/6019, Loss: 0.1791
  Batch 5000/6019, Loss: 0.1286
  Batch 5100/6019, Loss: 0.1379
  Batch 5200/6019, Loss: 0.2094
  Batch 5300/6019, Loss: 0.1992
  Batch 5400/6019, Loss: 0.1751
  Batch 5500/6019, Loss: 0.2372
  Batch 5600/6019, Loss: 0.2834
  Batch 5700/6019, Loss: 0.1269
  Batch 5800/6019, Loss: 0.2718
  Batch 5900/6019, Loss: 0.1654
  Batch 6000/6019, Loss: 0.1978
Train Loss: 0.1981
Val Loss: 0.2352, Val Macro F1: 0.8205
Current learning rate: 0.000100

============================================================
Epoch 12/50
============================================================
  Batch 0/6019, Loss: 0.1569
  Batch 100/6019, Loss: 0.3074
  Batch 200/6019, Loss: 0.2016
  Batch 300/6019, Loss: 0.1329
  Batch 400/6019, Loss: 0.1463
  Batch 500/6019, Loss: 0.2058
  Batch 600/6019, Loss: 0.1993
  Batch 700/6019, Loss: 0.1616
  Batch 800/6019, Loss: 0.2313
  Batch 900/6019, Loss: 0.0992
  Batch 1000/6019, Loss: 0.2083
  Batch 1100/6019, Loss: 0.2116
  Batch 1200/6019, Loss: 0.0918
  Batch 1300/6019, Loss: 0.0926
  Batch 1400/6019, Loss: 0.1734
  Batch 1500/6019, Loss: 0.1219
  Batch 1600/6019, Loss: 0.1650
  Batch 1700/6019, Loss: 0.2062
  Batch 1800/6019, Loss: 0.2341
  Batch 1900/6019, Loss: 0.1770
  Batch 2000/6019, Loss: 0.2707
  Batch 2100/6019, Loss: 0.1457
  Batch 2200/6019, Loss: 0.2368
  Batch 2300/6019, Loss: 0.1851
  Batch 2400/6019, Loss: 0.1839
  Batch 2500/6019, Loss: 0.1958
  Batch 2600/6019, Loss: 0.1495
  Batch 2700/6019, Loss: 0.1830
  Batch 2800/6019, Loss: 0.1672
  Batch 2900/6019, Loss: 0.2173
  Batch 3000/6019, Loss: 0.1225
  Batch 3100/6019, Loss: 0.1279
  Batch 3200/6019, Loss: 0.1946
  Batch 3300/6019, Loss: 0.1823
  Batch 3400/6019, Loss: 0.1658
  Batch 3500/6019, Loss: 0.2094
  Batch 3600/6019, Loss: 0.2170
  Batch 3700/6019, Loss: 0.2972
  Batch 3800/6019, Loss: 0.1949
  Batch 3900/6019, Loss: 0.3163
  Batch 4000/6019, Loss: 0.1355
  Batch 4100/6019, Loss: 0.1736
  Batch 4200/6019, Loss: 0.2036
  Batch 4300/6019, Loss: 0.2719
  Batch 4400/6019, Loss: 0.1856
  Batch 4500/6019, Loss: 0.1696
  Batch 4600/6019, Loss: 0.2076
  Batch 4700/6019, Loss: 0.1454
  Batch 4800/6019, Loss: 0.2591
  Batch 4900/6019, Loss: 0.1541
  Batch 5000/6019, Loss: 0.1288
  Batch 5100/6019, Loss: 0.1625
  Batch 5200/6019, Loss: 0.2165
  Batch 5300/6019, Loss: 0.1418
  Batch 5400/6019, Loss: 0.2146
  Batch 5500/6019, Loss: 0.1773
  Batch 5600/6019, Loss: 0.2215
  Batch 5700/6019, Loss: 0.2399
  Batch 5800/6019, Loss: 0.1623
  Batch 5900/6019, Loss: 0.2348
  Batch 6000/6019, Loss: 0.1255
Train Loss: 0.1950
Val Loss: 0.2251, Val Macro F1: 0.8332
Current learning rate: 0.000050

============================================================
Epoch 13/50
============================================================
  Batch 0/6019, Loss: 0.1698
  Batch 100/6019, Loss: 0.1812
  Batch 200/6019, Loss: 0.2034
  Batch 300/6019, Loss: 0.2596
  Batch 400/6019, Loss: 0.2155
  Batch 500/6019, Loss: 0.1568
  Batch 600/6019, Loss: 0.1565
  Batch 700/6019, Loss: 0.1412
  Batch 800/6019, Loss: 0.1324
  Batch 900/6019, Loss: 0.1852
  Batch 1000/6019, Loss: 0.1641
  Batch 1100/6019, Loss: 0.1580
  Batch 1200/6019, Loss: 0.2241
  Batch 1300/6019, Loss: 0.1645
  Batch 1400/6019, Loss: 0.1550
  Batch 1500/6019, Loss: 0.1862
  Batch 1600/6019, Loss: 0.3015
  Batch 1700/6019, Loss: 0.1747
  Batch 1800/6019, Loss: 0.2336
  Batch 1900/6019, Loss: 0.1757
  Batch 2000/6019, Loss: 0.2016
  Batch 2100/6019, Loss: 0.1575
  Batch 2200/6019, Loss: 0.1740
  Batch 2300/6019, Loss: 0.1281
  Batch 2400/6019, Loss: 0.1418
  Batch 2500/6019, Loss: 0.1373
  Batch 2600/6019, Loss: 0.1739
  Batch 2700/6019, Loss: 0.1641
  Batch 2800/6019, Loss: 0.1915
  Batch 2900/6019, Loss: 0.1907
  Batch 3000/6019, Loss: 0.2720
  Batch 3100/6019, Loss: 0.1412
  Batch 3200/6019, Loss: 0.1465
  Batch 3300/6019, Loss: 0.1367
  Batch 3400/6019, Loss: 0.2164
  Batch 3500/6019, Loss: 0.1457
  Batch 3600/6019, Loss: 0.1882
  Batch 3700/6019, Loss: 0.2163
  Batch 3800/6019, Loss: 0.2321
  Batch 3900/6019, Loss: 0.1759
  Batch 4000/6019, Loss: 0.2274
  Batch 4100/6019, Loss: 0.1915
  Batch 4200/6019, Loss: 0.2571
  Batch 4300/6019, Loss: 0.1844
  Batch 4400/6019, Loss: 0.1078
  Batch 4500/6019, Loss: 0.1579
  Batch 4600/6019, Loss: 0.1327
  Batch 4700/6019, Loss: 0.1705
  Batch 4800/6019, Loss: 0.1475
  Batch 4900/6019, Loss: 0.2325
  Batch 5000/6019, Loss: 0.1887
  Batch 5100/6019, Loss: 0.1827
  Batch 5200/6019, Loss: 0.2027
  Batch 5300/6019, Loss: 0.2772
  Batch 5400/6019, Loss: 0.1492
  Batch 5500/6019, Loss: 0.2381
  Batch 5600/6019, Loss: 0.1753
  Batch 5700/6019, Loss: 0.1896
  Batch 5800/6019, Loss: 0.1681
  Batch 5900/6019, Loss: 0.1949
  Batch 6000/6019, Loss: 0.1517
Train Loss: 0.1829
Val Loss: 0.2325, Val Macro F1: 0.8346
Current learning rate: 0.000050

============================================================
Epoch 14/50
============================================================
  Batch 0/6019, Loss: 0.1900
  Batch 100/6019, Loss: 0.2697
  Batch 200/6019, Loss: 0.2060
  Batch 300/6019, Loss: 0.1510
  Batch 400/6019, Loss: 0.1630
  Batch 500/6019, Loss: 0.1559
  Batch 600/6019, Loss: 0.1347
  Batch 700/6019, Loss: 0.1376
  Batch 800/6019, Loss: 0.0702
  Batch 900/6019, Loss: 0.1740
  Batch 1000/6019, Loss: 0.1234
  Batch 1100/6019, Loss: 0.1264
  Batch 1200/6019, Loss: 0.1616
  Batch 1300/6019, Loss: 0.2232
  Batch 1400/6019, Loss: 0.1655
  Batch 1500/6019, Loss: 0.1019
  Batch 1600/6019, Loss: 0.1272
  Batch 1700/6019, Loss: 0.1290
  Batch 1800/6019, Loss: 0.2257
  Batch 1900/6019, Loss: 0.1100
  Batch 2000/6019, Loss: 0.2102
  Batch 2100/6019, Loss: 0.1665
  Batch 2200/6019, Loss: 0.1272
  Batch 2300/6019, Loss: 0.1536
  Batch 2400/6019, Loss: 0.1718
  Batch 2500/6019, Loss: 0.2350
  Batch 2600/6019, Loss: 0.2376
  Batch 2700/6019, Loss: 0.1492
  Batch 2800/6019, Loss: 0.2810
  Batch 2900/6019, Loss: 0.2377
  Batch 3000/6019, Loss: 0.1625
  Batch 3100/6019, Loss: 0.1693
  Batch 3200/6019, Loss: 0.0839
  Batch 3300/6019, Loss: 0.2637
  Batch 3400/6019, Loss: 0.1671
  Batch 3500/6019, Loss: 0.1259
  Batch 3600/6019, Loss: 0.2158
  Batch 3700/6019, Loss: 0.1395
  Batch 3800/6019, Loss: 0.2292
  Batch 3900/6019, Loss: 0.1261
  Batch 4000/6019, Loss: 0.1527
  Batch 4100/6019, Loss: 0.1090
  Batch 4200/6019, Loss: 0.1403
  Batch 4300/6019, Loss: 0.2513
  Batch 4400/6019, Loss: 0.1656
  Batch 4500/6019, Loss: 0.1820
  Batch 4600/6019, Loss: 0.1805
  Batch 4700/6019, Loss: 0.1495
  Batch 4800/6019, Loss: 0.1153
  Batch 4900/6019, Loss: 0.2067
  Batch 5000/6019, Loss: 0.2114
  Batch 5100/6019, Loss: 0.2427
  Batch 5200/6019, Loss: 0.1891
  Batch 5300/6019, Loss: 0.2527
  Batch 5400/6019, Loss: 0.1443
  Batch 5500/6019, Loss: 0.1853
  Batch 5600/6019, Loss: 0.1441
  Batch 5700/6019, Loss: 0.1399
  Batch 5800/6019, Loss: 0.1734
  Batch 5900/6019, Loss: 0.1437
  Batch 6000/6019, Loss: 0.1625
Train Loss: 0.1797
Val Loss: 0.2247, Val Macro F1: 0.8432
Current learning rate: 0.000050

============================================================
Epoch 15/50
============================================================
  Batch 0/6019, Loss: 0.1814
  Batch 100/6019, Loss: 0.1543
  Batch 200/6019, Loss: 0.1822
  Batch 300/6019, Loss: 0.1650
  Batch 400/6019, Loss: 0.1681
  Batch 500/6019, Loss: 0.2024
  Batch 600/6019, Loss: 0.1658
  Batch 700/6019, Loss: 0.1830
  Batch 800/6019, Loss: 0.1728
  Batch 900/6019, Loss: 0.2033
  Batch 1000/6019, Loss: 0.1459
  Batch 1100/6019, Loss: 0.1722
  Batch 1200/6019, Loss: 0.1374
  Batch 1300/6019, Loss: 0.1536
  Batch 1400/6019, Loss: 0.1586
  Batch 1500/6019, Loss: 0.2015
  Batch 1600/6019, Loss: 0.1250
  Batch 1700/6019, Loss: 0.0944
  Batch 1800/6019, Loss: 0.1481
  Batch 1900/6019, Loss: 0.0949
  Batch 2000/6019, Loss: 0.1356
  Batch 2100/6019, Loss: 0.2284
  Batch 2200/6019, Loss: 0.1335
  Batch 2300/6019, Loss: 0.1674
  Batch 2400/6019, Loss: 0.1883
  Batch 2500/6019, Loss: 0.1127
  Batch 2600/6019, Loss: 0.1666
  Batch 2700/6019, Loss: 0.1708
  Batch 2800/6019, Loss: 0.1974
  Batch 2900/6019, Loss: 0.1631
  Batch 3000/6019, Loss: 0.1875
  Batch 3100/6019, Loss: 0.1691
  Batch 3200/6019, Loss: 0.1353
  Batch 3300/6019, Loss: 0.1505
  Batch 3400/6019, Loss: 0.1608
  Batch 3500/6019, Loss: 0.1139
  Batch 3600/6019, Loss: 0.1282
  Batch 3700/6019, Loss: 0.2295
  Batch 3800/6019, Loss: 0.1444
  Batch 3900/6019, Loss: 0.1007
  Batch 4000/6019, Loss: 0.1788
  Batch 4100/6019, Loss: 0.1100
  Batch 4200/6019, Loss: 0.1249
  Batch 4300/6019, Loss: 0.1660
  Batch 4400/6019, Loss: 0.1113
  Batch 4500/6019, Loss: 0.1813
  Batch 4600/6019, Loss: 0.1370
  Batch 4700/6019, Loss: 0.1356
  Batch 4800/6019, Loss: 0.1574
  Batch 4900/6019, Loss: 0.1215
  Batch 5000/6019, Loss: 0.1405
  Batch 5100/6019, Loss: 0.1763
  Batch 5200/6019, Loss: 0.2086
  Batch 5300/6019, Loss: 0.1856
  Batch 5400/6019, Loss: 0.2004
  Batch 5500/6019, Loss: 0.1430
  Batch 5600/6019, Loss: 0.1279
  Batch 5700/6019, Loss: 0.2392
  Batch 5800/6019, Loss: 0.1634
  Batch 5900/6019, Loss: 0.1609
  Batch 6000/6019, Loss: 0.2670
Train Loss: 0.1775
Val Loss: 0.2201, Val Macro F1: 0.8490
Current learning rate: 0.000050
✓ Saved best model with Val F1: 0.8490

============================================================
Epoch 16/50
============================================================
  Batch 0/6019, Loss: 0.1546
  Batch 100/6019, Loss: 0.1781
  Batch 200/6019, Loss: 0.1697
  Batch 300/6019, Loss: 0.2372
  Batch 400/6019, Loss: 0.1418
  Batch 500/6019, Loss: 0.2262
  Batch 600/6019, Loss: 0.1838
  Batch 700/6019, Loss: 0.2506
  Batch 800/6019, Loss: 0.1580
  Batch 900/6019, Loss: 0.2059
  Batch 1000/6019, Loss: 0.1978
  Batch 1100/6019, Loss: 0.1767
  Batch 1200/6019, Loss: 0.2359
  Batch 1300/6019, Loss: 0.1437
  Batch 1400/6019, Loss: 0.1580
  Batch 1500/6019, Loss: 0.1934
  Batch 1600/6019, Loss: 0.1646
  Batch 1700/6019, Loss: 0.1635
  Batch 1800/6019, Loss: 0.1265
  Batch 1900/6019, Loss: 0.1472
  Batch 2000/6019, Loss: 0.1496
  Batch 2100/6019, Loss: 0.1597
  Batch 2200/6019, Loss: 0.1660
  Batch 2300/6019, Loss: 0.2682
  Batch 2400/6019, Loss: 0.2792
  Batch 2500/6019, Loss: 0.1818
  Batch 2600/6019, Loss: 0.1492
  Batch 2700/6019, Loss: 0.1437
  Batch 2800/6019, Loss: 0.1004
  Batch 2900/6019, Loss: 0.1609
  Batch 3000/6019, Loss: 0.1468
  Batch 3100/6019, Loss: 0.2179
  Batch 3200/6019, Loss: 0.1516
  Batch 3300/6019, Loss: 0.1301
  Batch 3400/6019, Loss: 0.2277
  Batch 3500/6019, Loss: 0.2050
  Batch 3600/6019, Loss: 0.1828
  Batch 3700/6019, Loss: 0.1065
  Batch 3800/6019, Loss: 0.1806
  Batch 3900/6019, Loss: 0.1424
  Batch 4000/6019, Loss: 0.2012
  Batch 4100/6019, Loss: 0.1587
  Batch 4200/6019, Loss: 0.1132
  Batch 4300/6019, Loss: 0.1412
  Batch 4400/6019, Loss: 0.1178
  Batch 4500/6019, Loss: 0.1647
  Batch 4600/6019, Loss: 0.2385
  Batch 4700/6019, Loss: 0.0878
  Batch 4800/6019, Loss: 0.1116
  Batch 4900/6019, Loss: 0.1521
  Batch 5000/6019, Loss: 0.2424
  Batch 5100/6019, Loss: 0.1699
  Batch 5200/6019, Loss: 0.1637
  Batch 5300/6019, Loss: 0.1211
  Batch 5400/6019, Loss: 0.2023
  Batch 5500/6019, Loss: 0.1991
  Batch 5600/6019, Loss: 0.2853
  Batch 5700/6019, Loss: 0.1051
  Batch 5800/6019, Loss: 0.1752
  Batch 5900/6019, Loss: 0.1882
  Batch 6000/6019, Loss: 0.1676
Train Loss: 0.1749
Val Loss: 0.2327, Val Macro F1: 0.8376
Current learning rate: 0.000050

============================================================
Epoch 17/50
============================================================
  Batch 0/6019, Loss: 0.1900
  Batch 100/6019, Loss: 0.1548
  Batch 200/6019, Loss: 0.1865
  Batch 300/6019, Loss: 0.1629
  Batch 400/6019, Loss: 0.1898
  Batch 500/6019, Loss: 0.2069
  Batch 600/6019, Loss: 0.1551
  Batch 700/6019, Loss: 0.2053
  Batch 800/6019, Loss: 0.2540
  Batch 900/6019, Loss: 0.2074
  Batch 1000/6019, Loss: 0.1836
  Batch 1100/6019, Loss: 0.1830
  Batch 1200/6019, Loss: 0.1552
  Batch 1300/6019, Loss: 0.1662
  Batch 1400/6019, Loss: 0.1581
  Batch 1500/6019, Loss: 0.1203
  Batch 1600/6019, Loss: 0.1783
  Batch 1700/6019, Loss: 0.1005
  Batch 1800/6019, Loss: 0.1618
  Batch 1900/6019, Loss: 0.2033
  Batch 2000/6019, Loss: 0.1836
  Batch 2100/6019, Loss: 0.1450
  Batch 2200/6019, Loss: 0.1280
  Batch 2300/6019, Loss: 0.1770
  Batch 2400/6019, Loss: 0.0819
  Batch 2500/6019, Loss: 0.2046
  Batch 2600/6019, Loss: 0.2013
  Batch 2700/6019, Loss: 0.1934
  Batch 2800/6019, Loss: 0.1728
  Batch 2900/6019, Loss: 0.1791
  Batch 3000/6019, Loss: 0.1222
  Batch 3100/6019, Loss: 0.1125
  Batch 3200/6019, Loss: 0.1888
  Batch 3300/6019, Loss: 0.1232
  Batch 3400/6019, Loss: 0.2368
  Batch 3500/6019, Loss: 0.1920
  Batch 3600/6019, Loss: 0.3226
  Batch 3700/6019, Loss: 0.1603
  Batch 3800/6019, Loss: 0.2142
  Batch 3900/6019, Loss: 0.1300
  Batch 4000/6019, Loss: 0.2902
  Batch 4100/6019, Loss: 0.1954
  Batch 4200/6019, Loss: 0.1924
  Batch 4300/6019, Loss: 0.1531
  Batch 4400/6019, Loss: 0.1371
  Batch 4500/6019, Loss: 0.0954
  Batch 4600/6019, Loss: 0.1343
  Batch 4700/6019, Loss: 0.1930
  Batch 4800/6019, Loss: 0.2320
  Batch 4900/6019, Loss: 0.2147
  Batch 5000/6019, Loss: 0.1236
  Batch 5100/6019, Loss: 0.1809
  Batch 5200/6019, Loss: 0.1787
  Batch 5300/6019, Loss: 0.1816
  Batch 5400/6019, Loss: 0.2669
  Batch 5500/6019, Loss: 0.0937
  Batch 5600/6019, Loss: 0.1054
  Batch 5700/6019, Loss: 0.2010
  Batch 5800/6019, Loss: 0.1322
  Batch 5900/6019, Loss: 0.1612
  Batch 6000/6019, Loss: 0.1522
Train Loss: 0.1730
Val Loss: 0.2333, Val Macro F1: 0.8393
Current learning rate: 0.000050

============================================================
Epoch 18/50
============================================================
  Batch 0/6019, Loss: 0.1790
  Batch 100/6019, Loss: 0.1646
  Batch 200/6019, Loss: 0.1927
  Batch 300/6019, Loss: 0.1354
  Batch 400/6019, Loss: 0.2371
  Batch 500/6019, Loss: 0.2022
  Batch 600/6019, Loss: 0.1449
  Batch 700/6019, Loss: 0.1088
  Batch 800/6019, Loss: 0.1652
  Batch 900/6019, Loss: 0.1629
  Batch 1000/6019, Loss: 0.1249
  Batch 1100/6019, Loss: 0.2558
  Batch 1200/6019, Loss: 0.1443
  Batch 1300/6019, Loss: 0.1768
  Batch 1400/6019, Loss: 0.1789
  Batch 1500/6019, Loss: 0.2823
  Batch 1600/6019, Loss: 0.2328
  Batch 1700/6019, Loss: 0.1841
  Batch 1800/6019, Loss: 0.1751
  Batch 1900/6019, Loss: 0.1537
  Batch 2000/6019, Loss: 0.1238
  Batch 2100/6019, Loss: 0.1423
  Batch 2200/6019, Loss: 0.1715
  Batch 2300/6019, Loss: 0.1923
  Batch 2400/6019, Loss: 0.1127
  Batch 2500/6019, Loss: 0.1517
  Batch 2600/6019, Loss: 0.1765
  Batch 2700/6019, Loss: 0.2054
  Batch 2800/6019, Loss: 0.2277
  Batch 2900/6019, Loss: 0.1873
  Batch 3000/6019, Loss: 0.1445
  Batch 3100/6019, Loss: 0.1929
  Batch 3200/6019, Loss: 0.1920
  Batch 3300/6019, Loss: 0.1340
  Batch 3400/6019, Loss: 0.1304
  Batch 3500/6019, Loss: 0.1855
  Batch 3600/6019, Loss: 0.1702
  Batch 3700/6019, Loss: 0.2605
  Batch 3800/6019, Loss: 0.1723
  Batch 3900/6019, Loss: 0.2182
  Batch 4000/6019, Loss: 0.1599
  Batch 4100/6019, Loss: 0.1687
  Batch 4200/6019, Loss: 0.1172
  Batch 4300/6019, Loss: 0.1583
  Batch 4400/6019, Loss: 0.1847
  Batch 4500/6019, Loss: 0.1752
  Batch 4600/6019, Loss: 0.1246
  Batch 4700/6019, Loss: 0.1747
  Batch 4800/6019, Loss: 0.2120
  Batch 4900/6019, Loss: 0.1116
  Batch 5000/6019, Loss: 0.2362
  Batch 5100/6019, Loss: 0.1877
  Batch 5200/6019, Loss: 0.1451
  Batch 5300/6019, Loss: 0.1580
  Batch 5400/6019, Loss: 0.1368
  Batch 5500/6019, Loss: 0.1631
  Batch 5600/6019, Loss: 0.1651
  Batch 5700/6019, Loss: 0.1698
  Batch 5800/6019, Loss: 0.1138
  Batch 5900/6019, Loss: 0.1679
  Batch 6000/6019, Loss: 0.1859
Train Loss: 0.1705
Val Loss: 0.2475, Val Macro F1: 0.8354
Current learning rate: 0.000050

============================================================
Epoch 19/50
============================================================
  Batch 0/6019, Loss: 0.2181
  Batch 100/6019, Loss: 0.1801
  Batch 200/6019, Loss: 0.1357
  Batch 300/6019, Loss: 0.2134
  Batch 400/6019, Loss: 0.1377
  Batch 500/6019, Loss: 0.1797
  Batch 600/6019, Loss: 0.1765
  Batch 700/6019, Loss: 0.1491
  Batch 800/6019, Loss: 0.0840
  Batch 900/6019, Loss: 0.2019
  Batch 1000/6019, Loss: 0.2659
  Batch 1100/6019, Loss: 0.1136
  Batch 1200/6019, Loss: 0.1805
  Batch 1300/6019, Loss: 0.1784
  Batch 1400/6019, Loss: 0.1273
  Batch 1500/6019, Loss: 0.1471
  Batch 1600/6019, Loss: 0.1460
  Batch 1700/6019, Loss: 0.1347
  Batch 1800/6019, Loss: 0.1904
  Batch 1900/6019, Loss: 0.1340
  Batch 2000/6019, Loss: 0.2220
  Batch 2100/6019, Loss: 0.1345
  Batch 2200/6019, Loss: 0.1946
  Batch 2300/6019, Loss: 0.1599
  Batch 2400/6019, Loss: 0.1198
  Batch 2500/6019, Loss: 0.1461
  Batch 2600/6019, Loss: 0.1636
  Batch 2700/6019, Loss: 0.1141
  Batch 2800/6019, Loss: 0.2397
  Batch 2900/6019, Loss: 0.1732
  Batch 3000/6019, Loss: 0.2097
  Batch 3100/6019, Loss: 0.1715
  Batch 3200/6019, Loss: 0.1591
  Batch 3300/6019, Loss: 0.1613
  Batch 3400/6019, Loss: 0.1482
  Batch 3500/6019, Loss: 0.2058
  Batch 3600/6019, Loss: 0.1619
  Batch 3700/6019, Loss: 0.1562
  Batch 3800/6019, Loss: 0.1505
  Batch 3900/6019, Loss: 0.1369
  Batch 4000/6019, Loss: 0.1716
  Batch 4100/6019, Loss: 0.3022
  Batch 4200/6019, Loss: 0.1630
  Batch 4300/6019, Loss: 0.1276
  Batch 4400/6019, Loss: 0.1127
  Batch 4500/6019, Loss: 0.0960
  Batch 4600/6019, Loss: 0.1575
  Batch 4700/6019, Loss: 0.1527
  Batch 4800/6019, Loss: 0.1041
  Batch 4900/6019, Loss: 0.1383
  Batch 5000/6019, Loss: 0.1824
  Batch 5100/6019, Loss: 0.1845
  Batch 5200/6019, Loss: 0.2065
  Batch 5300/6019, Loss: 0.2240
  Batch 5400/6019, Loss: 0.1898
  Batch 5500/6019, Loss: 0.2110
  Batch 5600/6019, Loss: 0.1755
  Batch 5700/6019, Loss: 0.1880
  Batch 5800/6019, Loss: 0.1787
  Batch 5900/6019, Loss: 0.1589
  Batch 6000/6019, Loss: 0.1053
Train Loss: 0.1688
Val Loss: 0.2276, Val Macro F1: 0.8420
Current learning rate: 0.000025

============================================================
Epoch 20/50
============================================================
  Batch 0/6019, Loss: 0.2458
  Batch 100/6019, Loss: 0.0799
  Batch 200/6019, Loss: 0.1719
  Batch 300/6019, Loss: 0.1688
  Batch 400/6019, Loss: 0.2422
  Batch 500/6019, Loss: 0.0424
  Batch 600/6019, Loss: 0.1294
  Batch 700/6019, Loss: 0.1818
  Batch 800/6019, Loss: 0.1311
  Batch 900/6019, Loss: 0.1345
  Batch 1000/6019, Loss: 0.1736
  Batch 1100/6019, Loss: 0.1414
  Batch 1200/6019, Loss: 0.1626
  Batch 1300/6019, Loss: 0.1911
  Batch 1400/6019, Loss: 0.1002
  Batch 1500/6019, Loss: 0.1349
  Batch 1600/6019, Loss: 0.1742
  Batch 1700/6019, Loss: 0.1303
  Batch 1800/6019, Loss: 0.1225
  Batch 1900/6019, Loss: 0.1697
  Batch 2000/6019, Loss: 0.1969
  Batch 2100/6019, Loss: 0.1392
  Batch 2200/6019, Loss: 0.1397
  Batch 2300/6019, Loss: 0.2435
  Batch 2400/6019, Loss: 0.2473
  Batch 2500/6019, Loss: 0.1107
  Batch 2600/6019, Loss: 0.1906
  Batch 2700/6019, Loss: 0.2405
  Batch 2800/6019, Loss: 0.1877
  Batch 2900/6019, Loss: 0.1395
  Batch 3000/6019, Loss: 0.1638
  Batch 3100/6019, Loss: 0.1462
  Batch 3200/6019, Loss: 0.1394
  Batch 3300/6019, Loss: 0.1394
  Batch 3400/6019, Loss: 0.1345
  Batch 3500/6019, Loss: 0.1614
  Batch 3600/6019, Loss: 0.1176
  Batch 3700/6019, Loss: 0.1610
  Batch 3800/6019, Loss: 0.1397
  Batch 3900/6019, Loss: 0.1992
  Batch 4000/6019, Loss: 0.2016
  Batch 4100/6019, Loss: 0.1600
  Batch 4200/6019, Loss: 0.1601
  Batch 4300/6019, Loss: 0.2510
  Batch 4400/6019, Loss: 0.2213
  Batch 4500/6019, Loss: 0.1332
  Batch 4600/6019, Loss: 0.1489
  Batch 4700/6019, Loss: 0.2158
  Batch 4800/6019, Loss: 0.1529
  Batch 4900/6019, Loss: 0.1678
  Batch 5000/6019, Loss: 0.1781
  Batch 5100/6019, Loss: 0.1915
  Batch 5200/6019, Loss: 0.1579
  Batch 5300/6019, Loss: 0.1872
  Batch 5400/6019, Loss: 0.1626
  Batch 5500/6019, Loss: 0.1810
  Batch 5600/6019, Loss: 0.1642
  Batch 5700/6019, Loss: 0.1737
  Batch 5800/6019, Loss: 0.1158
  Batch 5900/6019, Loss: 0.1135
  Batch 6000/6019, Loss: 0.1686
Train Loss: 0.1613
Val Loss: 0.2437, Val Macro F1: 0.8423
Current learning rate: 0.000025

============================================================
Epoch 21/50
============================================================
  Batch 0/6019, Loss: 0.1969
  Batch 100/6019, Loss: 0.1527
  Batch 200/6019, Loss: 0.1239
  Batch 300/6019, Loss: 0.1397
  Batch 400/6019, Loss: 0.1163
  Batch 500/6019, Loss: 0.1692
  Batch 600/6019, Loss: 0.1274
  Batch 700/6019, Loss: 0.0735
  Batch 800/6019, Loss: 0.1340
  Batch 900/6019, Loss: 0.1785
  Batch 1000/6019, Loss: 0.2093
  Batch 1100/6019, Loss: 0.1426
  Batch 1200/6019, Loss: 0.0977
  Batch 1300/6019, Loss: 0.1880
  Batch 1400/6019, Loss: 0.1150
  Batch 1500/6019, Loss: 0.1220
  Batch 1600/6019, Loss: 0.1593
  Batch 1700/6019, Loss: 0.1086
  Batch 1800/6019, Loss: 0.1809
  Batch 1900/6019, Loss: 0.1674
  Batch 2000/6019, Loss: 0.1334
  Batch 2100/6019, Loss: 0.1844
  Batch 2200/6019, Loss: 0.1186
  Batch 2300/6019, Loss: 0.1627
  Batch 2400/6019, Loss: 0.1637
  Batch 2500/6019, Loss: 0.0930
  Batch 2600/6019, Loss: 0.1294
  Batch 2700/6019, Loss: 0.1435
  Batch 2800/6019, Loss: 0.1780
  Batch 2900/6019, Loss: 0.1134
  Batch 3000/6019, Loss: 0.1886
  Batch 3100/6019, Loss: 0.1847
  Batch 3200/6019, Loss: 0.1389
  Batch 3300/6019, Loss: 0.1746
  Batch 3400/6019, Loss: 0.1163
  Batch 3500/6019, Loss: 0.2223
  Batch 3600/6019, Loss: 0.1097
  Batch 3700/6019, Loss: 0.1557
  Batch 3800/6019, Loss: 0.1727
  Batch 3900/6019, Loss: 0.1608
  Batch 4000/6019, Loss: 0.1882
  Batch 4100/6019, Loss: 0.1497
  Batch 4200/6019, Loss: 0.1705
  Batch 4300/6019, Loss: 0.1347
  Batch 4400/6019, Loss: 0.1274
  Batch 4500/6019, Loss: 0.2418
  Batch 4600/6019, Loss: 0.1086
  Batch 4700/6019, Loss: 0.1395
  Batch 4800/6019, Loss: 0.1369
  Batch 4900/6019, Loss: 0.1339
  Batch 5000/6019, Loss: 0.1251
  Batch 5100/6019, Loss: 0.1599
  Batch 5200/6019, Loss: 0.2175
  Batch 5300/6019, Loss: 0.2133
  Batch 5400/6019, Loss: 0.1641
  Batch 5500/6019, Loss: 0.1286
  Batch 5600/6019, Loss: 0.1082
  Batch 5700/6019, Loss: 0.1426
  Batch 5800/6019, Loss: 0.1879
  Batch 5900/6019, Loss: 0.0955
  Batch 6000/6019, Loss: 0.1855
Train Loss: 0.1592
Val Loss: 0.2346, Val Macro F1: 0.8447
Current learning rate: 0.000025

============================================================
Epoch 22/50
============================================================
  Batch 0/6019, Loss: 0.1964
  Batch 100/6019, Loss: 0.0567
  Batch 200/6019, Loss: 0.1135
  Batch 300/6019, Loss: 0.0755
  Batch 400/6019, Loss: 0.1758
  Batch 500/6019, Loss: 0.0904
  Batch 600/6019, Loss: 0.1740
  Batch 700/6019, Loss: 0.1225
  Batch 800/6019, Loss: 0.1340
  Batch 900/6019, Loss: 0.1601
  Batch 1000/6019, Loss: 0.0932
  Batch 1100/6019, Loss: 0.1736
  Batch 1200/6019, Loss: 0.1708
  Batch 1300/6019, Loss: 0.1724
  Batch 1400/6019, Loss: 0.1495
  Batch 1500/6019, Loss: 0.1498
  Batch 1600/6019, Loss: 0.1493
  Batch 1700/6019, Loss: 0.1803
  Batch 1800/6019, Loss: 0.1498
  Batch 1900/6019, Loss: 0.1836
  Batch 2000/6019, Loss: 0.2616
  Batch 2100/6019, Loss: 0.1629
  Batch 2200/6019, Loss: 0.0989
  Batch 2300/6019, Loss: 0.2637
  Batch 2400/6019, Loss: 0.2078
  Batch 2500/6019, Loss: 0.1069
  Batch 2600/6019, Loss: 0.1391
  Batch 2700/6019, Loss: 0.1491
  Batch 2800/6019, Loss: 0.1613
  Batch 2900/6019, Loss: 0.1052
  Batch 3000/6019, Loss: 0.1575
  Batch 3100/6019, Loss: 0.1723
  Batch 3200/6019, Loss: 0.1335
  Batch 3300/6019, Loss: 0.1406
  Batch 3400/6019, Loss: 0.1529
  Batch 3500/6019, Loss: 0.1168
  Batch 3600/6019, Loss: 0.1688
  Batch 3700/6019, Loss: 0.2263
  Batch 3800/6019, Loss: 0.1747
  Batch 3900/6019, Loss: 0.1559
  Batch 4000/6019, Loss: 0.1292
  Batch 4100/6019, Loss: 0.1278
  Batch 4200/6019, Loss: 0.1377
  Batch 4300/6019, Loss: 0.2149
  Batch 4400/6019, Loss: 0.1472
  Batch 4500/6019, Loss: 0.1305
  Batch 4600/6019, Loss: 0.1589
  Batch 4700/6019, Loss: 0.1575
  Batch 4800/6019, Loss: 0.1052
  Batch 4900/6019, Loss: 0.1656
  Batch 5000/6019, Loss: 0.1339
  Batch 5100/6019, Loss: 0.2052
  Batch 5200/6019, Loss: 0.1469
  Batch 5300/6019, Loss: 0.1014
  Batch 5400/6019, Loss: 0.0964
  Batch 5500/6019, Loss: 0.1536
  Batch 5600/6019, Loss: 0.2943
  Batch 5700/6019, Loss: 0.1260
  Batch 5800/6019, Loss: 0.1800
  Batch 5900/6019, Loss: 0.1331
  Batch 6000/6019, Loss: 0.1214
Train Loss: 0.1579
Val Loss: 0.2349, Val Macro F1: 0.8400
Current learning rate: 0.000025

============================================================
Epoch 23/50
============================================================
  Batch 0/6019, Loss: 0.1364
  Batch 100/6019, Loss: 0.1530
  Batch 200/6019, Loss: 0.1941
  Batch 300/6019, Loss: 0.1588
  Batch 400/6019, Loss: 0.1025
  Batch 500/6019, Loss: 0.1274
  Batch 600/6019, Loss: 0.1090
  Batch 700/6019, Loss: 0.1769
  Batch 800/6019, Loss: 0.1711
  Batch 900/6019, Loss: 0.1912
  Batch 1000/6019, Loss: 0.1850
  Batch 1100/6019, Loss: 0.1603
  Batch 1200/6019, Loss: 0.2209
  Batch 1300/6019, Loss: 0.2144
  Batch 1400/6019, Loss: 0.0951
  Batch 1500/6019, Loss: 0.1226
  Batch 1600/6019, Loss: 0.1406
  Batch 1700/6019, Loss: 0.2124
  Batch 1800/6019, Loss: 0.2350
  Batch 1900/6019, Loss: 0.1979
  Batch 2000/6019, Loss: 0.1152
  Batch 2100/6019, Loss: 0.1120
  Batch 2200/6019, Loss: 0.2262
  Batch 2300/6019, Loss: 0.3059
  Batch 2400/6019, Loss: 0.2476
  Batch 2500/6019, Loss: 0.1137
  Batch 2600/6019, Loss: 0.1655
  Batch 2700/6019, Loss: 0.1129
  Batch 2800/6019, Loss: 0.1677
  Batch 2900/6019, Loss: 0.3270
  Batch 3000/6019, Loss: 0.1974
  Batch 3100/6019, Loss: 0.1848
  Batch 3200/6019, Loss: 0.1000
  Batch 3300/6019, Loss: 0.1414
  Batch 3400/6019, Loss: 0.2078
  Batch 3500/6019, Loss: 0.0870
  Batch 3600/6019, Loss: 0.1439
  Batch 3700/6019, Loss: 0.2199
  Batch 3800/6019, Loss: 0.1278
  Batch 3900/6019, Loss: 0.1557
  Batch 4000/6019, Loss: 0.1628
  Batch 4100/6019, Loss: 0.1404
  Batch 4200/6019, Loss: 0.2287
  Batch 4300/6019, Loss: 0.1211
  Batch 4400/6019, Loss: 0.1676
  Batch 4500/6019, Loss: 0.1199
  Batch 4600/6019, Loss: 0.1457
  Batch 4700/6019, Loss: 0.1449
  Batch 4800/6019, Loss: 0.1660
  Batch 4900/6019, Loss: 0.2427
  Batch 5000/6019, Loss: 0.1896
  Batch 5100/6019, Loss: 0.2011
  Batch 5200/6019, Loss: 0.1493
  Batch 5300/6019, Loss: 0.1351
  Batch 5400/6019, Loss: 0.1763
  Batch 5500/6019, Loss: 0.2074
  Batch 5600/6019, Loss: 0.1343
  Batch 5700/6019, Loss: 0.1497
  Batch 5800/6019, Loss: 0.1943
  Batch 5900/6019, Loss: 0.1665
  Batch 6000/6019, Loss: 0.1240
Train Loss: 0.1566
Val Loss: 0.2492, Val Macro F1: 0.8410
Current learning rate: 0.000013

============================================================
Epoch 24/50
============================================================
  Batch 0/6019, Loss: 0.1799
  Batch 100/6019, Loss: 0.0822
  Batch 200/6019, Loss: 0.2161
  Batch 300/6019, Loss: 0.1937
  Batch 400/6019, Loss: 0.1781
  Batch 500/6019, Loss: 0.1878
  Batch 600/6019, Loss: 0.1427
  Batch 700/6019, Loss: 0.1684
  Batch 800/6019, Loss: 0.2659
  Batch 900/6019, Loss: 0.1381
  Batch 1000/6019, Loss: 0.1431
  Batch 1100/6019, Loss: 0.1239
  Batch 1200/6019, Loss: 0.1987
  Batch 1300/6019, Loss: 0.1712
  Batch 1400/6019, Loss: 0.1133
  Batch 1500/6019, Loss: 0.1959
  Batch 1600/6019, Loss: 0.1716
  Batch 1700/6019, Loss: 0.1925
  Batch 1800/6019, Loss: 0.1783
  Batch 1900/6019, Loss: 0.1606
  Batch 2000/6019, Loss: 0.1973
  Batch 2100/6019, Loss: 0.1318
  Batch 2200/6019, Loss: 0.1739
  Batch 2300/6019, Loss: 0.2072
  Batch 2400/6019, Loss: 0.1976
  Batch 2500/6019, Loss: 0.1268
  Batch 2600/6019, Loss: 0.1740
  Batch 2700/6019, Loss: 0.1873
  Batch 2800/6019, Loss: 0.1181
  Batch 2900/6019, Loss: 0.1180
  Batch 3000/6019, Loss: 0.1059
  Batch 3100/6019, Loss: 0.0941
  Batch 3200/6019, Loss: 0.1756
  Batch 3300/6019, Loss: 0.1308
  Batch 3400/6019, Loss: 0.1081
  Batch 3500/6019, Loss: 0.1039
  Batch 3600/6019, Loss: 0.2150
  Batch 3700/6019, Loss: 0.2246
  Batch 3800/6019, Loss: 0.1796
  Batch 3900/6019, Loss: 0.1460
  Batch 4000/6019, Loss: 0.2309
  Batch 4100/6019, Loss: 0.0748
  Batch 4200/6019, Loss: 0.0865
  Batch 4300/6019, Loss: 0.1562
  Batch 4400/6019, Loss: 0.1027
  Batch 4500/6019, Loss: 0.1697
  Batch 4600/6019, Loss: 0.2027
  Batch 4700/6019, Loss: 0.1503
  Batch 4800/6019, Loss: 0.1455
  Batch 4900/6019, Loss: 0.1052
  Batch 5000/6019, Loss: 0.1411
  Batch 5100/6019, Loss: 0.1590
  Batch 5200/6019, Loss: 0.1523
  Batch 5300/6019, Loss: 0.1049
  Batch 5400/6019, Loss: 0.2563
  Batch 5500/6019, Loss: 0.1276
  Batch 5600/6019, Loss: 0.1123
  Batch 5700/6019, Loss: 0.1226
  Batch 5800/6019, Loss: 0.1538
  Batch 5900/6019, Loss: 0.2458
  Batch 6000/6019, Loss: 0.0843
Train Loss: 0.1525
Val Loss: 0.2446, Val Macro F1: 0.8442
Current learning rate: 0.000013

============================================================
Epoch 25/50
============================================================
  Batch 0/6019, Loss: 0.1716
  Batch 100/6019, Loss: 0.1528
  Batch 200/6019, Loss: 0.1444
  Batch 300/6019, Loss: 0.2430
  Batch 400/6019, Loss: 0.2294
  Batch 500/6019, Loss: 0.1899
  Batch 600/6019, Loss: 0.1253
  Batch 700/6019, Loss: 0.1032
  Batch 800/6019, Loss: 0.0869
  Batch 900/6019, Loss: 0.1452
  Batch 1000/6019, Loss: 0.2341
  Batch 1100/6019, Loss: 0.1496
  Batch 1200/6019, Loss: 0.1749
  Batch 1300/6019, Loss: 0.1374
  Batch 1400/6019, Loss: 0.1091
  Batch 1500/6019, Loss: 0.1186
  Batch 1600/6019, Loss: 0.1682
  Batch 1700/6019, Loss: 0.2462
  Batch 1800/6019, Loss: 0.1426
  Batch 1900/6019, Loss: 0.1964
  Batch 2000/6019, Loss: 0.1670
  Batch 2100/6019, Loss: 0.2161
  Batch 2200/6019, Loss: 0.1967
  Batch 2300/6019, Loss: 0.1602
  Batch 2400/6019, Loss: 0.1530
  Batch 2500/6019, Loss: 0.1491
  Batch 2600/6019, Loss: 0.1647
  Batch 2700/6019, Loss: 0.0863
  Batch 2800/6019, Loss: 0.1258
  Batch 2900/6019, Loss: 0.1738
  Batch 3000/6019, Loss: 0.1324
  Batch 3100/6019, Loss: 0.2579
  Batch 3200/6019, Loss: 0.1118
  Batch 3300/6019, Loss: 0.0829
  Batch 3400/6019, Loss: 0.1541
  Batch 3500/6019, Loss: 0.1295
  Batch 3600/6019, Loss: 0.2194
  Batch 3700/6019, Loss: 0.1073
  Batch 3800/6019, Loss: 0.2559
  Batch 3900/6019, Loss: 0.1211
  Batch 4000/6019, Loss: 0.2199
  Batch 4100/6019, Loss: 0.2085
  Batch 4200/6019, Loss: 0.2212
  Batch 4300/6019, Loss: 0.1540
  Batch 4400/6019, Loss: 0.2236
  Batch 4500/6019, Loss: 0.1823
  Batch 4600/6019, Loss: 0.1711
  Batch 4700/6019, Loss: 0.1717
  Batch 4800/6019, Loss: 0.1781
  Batch 4900/6019, Loss: 0.1173
  Batch 5000/6019, Loss: 0.0780
  Batch 5100/6019, Loss: 0.1435
  Batch 5200/6019, Loss: 0.2462
  Batch 5300/6019, Loss: 0.2060
  Batch 5400/6019, Loss: 0.1546
  Batch 5500/6019, Loss: 0.1501
  Batch 5600/6019, Loss: 0.1237
  Batch 5700/6019, Loss: 0.1511
  Batch 5800/6019, Loss: 0.1066
  Batch 5900/6019, Loss: 0.2078
  Batch 6000/6019, Loss: 0.1818
Train Loss: 0.1515
Val Loss: 0.2437, Val Macro F1: 0.8419
Current learning rate: 0.000013

============================================================
Epoch 26/50
============================================================
  Batch 0/6019, Loss: 0.1849
  Batch 100/6019, Loss: 0.1722
  Batch 200/6019, Loss: 0.1908
  Batch 300/6019, Loss: 0.1661
  Batch 400/6019, Loss: 0.1198
  Batch 500/6019, Loss: 0.1485
  Batch 600/6019, Loss: 0.2238
  Batch 700/6019, Loss: 0.1291
  Batch 800/6019, Loss: 0.1321
  Batch 900/6019, Loss: 0.1071
  Batch 1000/6019, Loss: 0.1385
  Batch 1100/6019, Loss: 0.1664
  Batch 1200/6019, Loss: 0.2193
  Batch 1300/6019, Loss: 0.1066
  Batch 1400/6019, Loss: 0.0935
  Batch 1500/6019, Loss: 0.1435
  Batch 1600/6019, Loss: 0.1587
  Batch 1700/6019, Loss: 0.1736
  Batch 1800/6019, Loss: 0.1286
  Batch 1900/6019, Loss: 0.1490
  Batch 2000/6019, Loss: 0.2215
  Batch 2100/6019, Loss: 0.1154
  Batch 2200/6019, Loss: 0.1581
  Batch 2300/6019, Loss: 0.1588
  Batch 2400/6019, Loss: 0.1543
  Batch 2500/6019, Loss: 0.2009
  Batch 2600/6019, Loss: 0.1839
  Batch 2700/6019, Loss: 0.2888
  Batch 2800/6019, Loss: 0.1188
  Batch 2900/6019, Loss: 0.0949
  Batch 3000/6019, Loss: 0.1634
  Batch 3100/6019, Loss: 0.1746
  Batch 3200/6019, Loss: 0.1364
  Batch 3300/6019, Loss: 0.1646
  Batch 3400/6019, Loss: 0.1527
  Batch 3500/6019, Loss: 0.2346
  Batch 3600/6019, Loss: 0.1171
  Batch 3700/6019, Loss: 0.2220
  Batch 3800/6019, Loss: 0.1120
  Batch 3900/6019, Loss: 0.1532
  Batch 4000/6019, Loss: 0.1468
  Batch 4100/6019, Loss: 0.1456
  Batch 4200/6019, Loss: 0.1641
  Batch 4300/6019, Loss: 0.2350
  Batch 4400/6019, Loss: 0.1207
  Batch 4500/6019, Loss: 0.1433
  Batch 4600/6019, Loss: 0.1674
  Batch 4700/6019, Loss: 0.1486
  Batch 4800/6019, Loss: 0.1998
  Batch 4900/6019, Loss: 0.2315
  Batch 5000/6019, Loss: 0.1494
  Batch 5100/6019, Loss: 0.0891
  Batch 5200/6019, Loss: 0.2009
  Batch 5300/6019, Loss: 0.2113
  Batch 5400/6019, Loss: 0.1691
  Batch 5500/6019, Loss: 0.1245
  Batch 5600/6019, Loss: 0.1272
  Batch 5700/6019, Loss: 0.1754
  Batch 5800/6019, Loss: 0.1372
  Batch 5900/6019, Loss: 0.1614
  Batch 6000/6019, Loss: 0.0999
Train Loss: 0.1507
Val Loss: 0.2483, Val Macro F1: 0.8401
Current learning rate: 0.000013

============================================================
Epoch 27/50
============================================================
  Batch 0/6019, Loss: 0.1669
  Batch 100/6019, Loss: 0.1560
  Batch 200/6019, Loss: 0.1494
  Batch 300/6019, Loss: 0.2092
  Batch 400/6019, Loss: 0.1274
  Batch 500/6019, Loss: 0.2190
  Batch 600/6019, Loss: 0.1355
  Batch 700/6019, Loss: 0.1400
  Batch 800/6019, Loss: 0.1177
  Batch 900/6019, Loss: 0.1675
  Batch 1000/6019, Loss: 0.1791
  Batch 1100/6019, Loss: 0.2544
  Batch 1200/6019, Loss: 0.0904
  Batch 1300/6019, Loss: 0.1390
  Batch 1400/6019, Loss: 0.2532
  Batch 1500/6019, Loss: 0.1746
  Batch 1600/6019, Loss: 0.1980
  Batch 1700/6019, Loss: 0.1130
  Batch 1800/6019, Loss: 0.1515
  Batch 1900/6019, Loss: 0.1651
  Batch 2000/6019, Loss: 0.1656
  Batch 2100/6019, Loss: 0.1482
  Batch 2200/6019, Loss: 0.0890
  Batch 2300/6019, Loss: 0.1001
  Batch 2400/6019, Loss: 0.1969
  Batch 2500/6019, Loss: 0.1263
  Batch 2600/6019, Loss: 0.1665
  Batch 2700/6019, Loss: 0.2047
  Batch 2800/6019, Loss: 0.1194
  Batch 2900/6019, Loss: 0.1916
  Batch 3000/6019, Loss: 0.1527
  Batch 3100/6019, Loss: 0.1504
  Batch 3200/6019, Loss: 0.1467
  Batch 3300/6019, Loss: 0.1974
  Batch 3400/6019, Loss: 0.1463
  Batch 3500/6019, Loss: 0.1545
  Batch 3600/6019, Loss: 0.1279
  Batch 3700/6019, Loss: 0.2009
  Batch 3800/6019, Loss: 0.0910
  Batch 3900/6019, Loss: 0.1110
  Batch 4000/6019, Loss: 0.1277
  Batch 4100/6019, Loss: 0.1494
  Batch 4200/6019, Loss: 0.1002
  Batch 4300/6019, Loss: 0.0979
  Batch 4400/6019, Loss: 0.1254
  Batch 4500/6019, Loss: 0.1781
  Batch 4600/6019, Loss: 0.1615
  Batch 4700/6019, Loss: 0.1257
  Batch 4800/6019, Loss: 0.2436
  Batch 4900/6019, Loss: 0.1452
  Batch 5000/6019, Loss: 0.1143
  Batch 5100/6019, Loss: 0.1742
  Batch 5200/6019, Loss: 0.1358
  Batch 5300/6019, Loss: 0.2006
  Batch 5400/6019, Loss: 0.1182
  Batch 5500/6019, Loss: 0.1347
  Batch 5600/6019, Loss: 0.1831
  Batch 5700/6019, Loss: 0.1393
  Batch 5800/6019, Loss: 0.1267
  Batch 5900/6019, Loss: 0.1395
  Batch 6000/6019, Loss: 0.2030
Train Loss: 0.1499
Val Loss: 0.2465, Val Macro F1: 0.8411
Current learning rate: 0.000006

============================================================
Epoch 28/50
============================================================
  Batch 0/6019, Loss: 0.1517
  Batch 100/6019, Loss: 0.1343
  Batch 200/6019, Loss: 0.1080
  Batch 300/6019, Loss: 0.1557
  Batch 400/6019, Loss: 0.0794
  Batch 500/6019, Loss: 0.1284
  Batch 600/6019, Loss: 0.1013
  Batch 700/6019, Loss: 0.1620
  Batch 800/6019, Loss: 0.1233
  Batch 900/6019, Loss: 0.1752
  Batch 1000/6019, Loss: 0.1306
  Batch 1100/6019, Loss: 0.1345
  Batch 1200/6019, Loss: 0.1780
  Batch 1300/6019, Loss: 0.1225
  Batch 1400/6019, Loss: 0.1056
  Batch 1500/6019, Loss: 0.1022
  Batch 1600/6019, Loss: 0.1354
  Batch 1700/6019, Loss: 0.1825
  Batch 1800/6019, Loss: 0.1334
  Batch 1900/6019, Loss: 0.0983
  Batch 2000/6019, Loss: 0.1968
  Batch 2100/6019, Loss: 0.0833
  Batch 2200/6019, Loss: 0.1327
  Batch 2300/6019, Loss: 0.1798
  Batch 2400/6019, Loss: 0.1838
  Batch 2500/6019, Loss: 0.0808
  Batch 2600/6019, Loss: 0.1524
  Batch 2700/6019, Loss: 0.1862
  Batch 2800/6019, Loss: 0.0761
  Batch 2900/6019, Loss: 0.1412
  Batch 3000/6019, Loss: 0.1530
  Batch 3100/6019, Loss: 0.1683
  Batch 3200/6019, Loss: 0.1376
  Batch 3300/6019, Loss: 0.1105
  Batch 3400/6019, Loss: 0.1853
  Batch 3500/6019, Loss: 0.1360
  Batch 3600/6019, Loss: 0.1448
  Batch 3700/6019, Loss: 0.1061
  Batch 3800/6019, Loss: 0.1374
  Batch 3900/6019, Loss: 0.1381
  Batch 4000/6019, Loss: 0.1698
  Batch 4100/6019, Loss: 0.1457
  Batch 4200/6019, Loss: 0.1288
  Batch 4300/6019, Loss: 0.1878
  Batch 4400/6019, Loss: 0.1184
  Batch 4500/6019, Loss: 0.1439
  Batch 4600/6019, Loss: 0.1526
  Batch 4700/6019, Loss: 0.1695
  Batch 4800/6019, Loss: 0.1048
  Batch 4900/6019, Loss: 0.1204
  Batch 5000/6019, Loss: 0.1390
  Batch 5100/6019, Loss: 0.1469
  Batch 5200/6019, Loss: 0.1379
  Batch 5300/6019, Loss: 0.1711
  Batch 5400/6019, Loss: 0.1386
  Batch 5500/6019, Loss: 0.1027
  Batch 5600/6019, Loss: 0.1773
  Batch 5700/6019, Loss: 0.0912
  Batch 5800/6019, Loss: 0.1390
  Batch 5900/6019, Loss: 0.0878
  Batch 6000/6019, Loss: 0.1342
Train Loss: 0.1480
Val Loss: 0.2446, Val Macro F1: 0.8410
Current learning rate: 0.000006

============================================================
Epoch 29/50
============================================================
  Batch 0/6019, Loss: 0.1265
  Batch 100/6019, Loss: 0.1111
  Batch 200/6019, Loss: 0.1374
  Batch 300/6019, Loss: 0.1249
  Batch 400/6019, Loss: 0.0803
  Batch 500/6019, Loss: 0.2102
  Batch 600/6019, Loss: 0.1475
  Batch 700/6019, Loss: 0.0963
  Batch 800/6019, Loss: 0.1129
  Batch 900/6019, Loss: 0.1017
  Batch 1000/6019, Loss: 0.1482
  Batch 1100/6019, Loss: 0.1372
  Batch 1200/6019, Loss: 0.1384
  Batch 1300/6019, Loss: 0.1571
  Batch 1400/6019, Loss: 0.1769
  Batch 1500/6019, Loss: 0.1336
  Batch 1600/6019, Loss: 0.1457
  Batch 1700/6019, Loss: 0.0996
  Batch 1800/6019, Loss: 0.1920
  Batch 1900/6019, Loss: 0.0940
  Batch 2000/6019, Loss: 0.1902
  Batch 2100/6019, Loss: 0.0991
  Batch 2200/6019, Loss: 0.0781
  Batch 2300/6019, Loss: 0.1298
  Batch 2400/6019, Loss: 0.0909
  Batch 2500/6019, Loss: 0.1491
  Batch 2600/6019, Loss: 0.0969
  Batch 2700/6019, Loss: 0.1160
  Batch 2800/6019, Loss: 0.1573
  Batch 2900/6019, Loss: 0.0784
  Batch 3000/6019, Loss: 0.1796
  Batch 3100/6019, Loss: 0.1268
  Batch 3200/6019, Loss: 0.1911
  Batch 3300/6019, Loss: 0.1037
  Batch 3400/6019, Loss: 0.1459
  Batch 3500/6019, Loss: 0.1756
  Batch 3600/6019, Loss: 0.1354
  Batch 3700/6019, Loss: 0.1431
  Batch 3800/6019, Loss: 0.1068
  Batch 3900/6019, Loss: 0.1358
  Batch 4000/6019, Loss: 0.1464
  Batch 4100/6019, Loss: 0.1370
  Batch 4200/6019, Loss: 0.1122
  Batch 4300/6019, Loss: 0.1051
  Batch 4400/6019, Loss: 0.1373
  Batch 4500/6019, Loss: 0.1233
  Batch 4600/6019, Loss: 0.1260
  Batch 4700/6019, Loss: 0.1832
  Batch 4800/6019, Loss: 0.1001
  Batch 4900/6019, Loss: 0.1339
  Batch 5000/6019, Loss: 0.1096
  Batch 5100/6019, Loss: 0.1206
  Batch 5200/6019, Loss: 0.1147
  Batch 5300/6019, Loss: 0.1686
  Batch 5400/6019, Loss: 0.1295
  Batch 5500/6019, Loss: 0.1586
  Batch 5600/6019, Loss: 0.1570
  Batch 5700/6019, Loss: 0.1767
  Batch 5800/6019, Loss: 0.1708
  Batch 5900/6019, Loss: 0.0810
  Batch 6000/6019, Loss: 0.2319
Train Loss: 0.1465
Val Loss: 0.2500, Val Macro F1: 0.8417
Current learning rate: 0.000006

============================================================
Epoch 30/50
============================================================
  Batch 0/6019, Loss: 0.1513
  Batch 100/6019, Loss: 0.1169
  Batch 200/6019, Loss: 0.0891
  Batch 300/6019, Loss: 0.1290
  Batch 400/6019, Loss: 0.1179
  Batch 500/6019, Loss: 0.1330
  Batch 600/6019, Loss: 0.1661
  Batch 700/6019, Loss: 0.1248
  Batch 800/6019, Loss: 0.1622
  Batch 900/6019, Loss: 0.1679
  Batch 1000/6019, Loss: 0.1550
  Batch 1100/6019, Loss: 0.1095
  Batch 1200/6019, Loss: 0.1037
  Batch 1300/6019, Loss: 0.0994
  Batch 1400/6019, Loss: 0.1070
  Batch 1500/6019, Loss: 0.1197
  Batch 1600/6019, Loss: 0.1272
  Batch 1700/6019, Loss: 0.0669
  Batch 1800/6019, Loss: 0.1690
  Batch 1900/6019, Loss: 0.1561
  Batch 2000/6019, Loss: 0.1820
  Batch 2100/6019, Loss: 0.1935
  Batch 2200/6019, Loss: 0.1728
  Batch 2300/6019, Loss: 0.1527
  Batch 2400/6019, Loss: 0.1157
  Batch 2500/6019, Loss: 0.1961
  Batch 2600/6019, Loss: 0.1558
  Batch 2700/6019, Loss: 0.0579
  Batch 2800/6019, Loss: 0.1522
  Batch 2900/6019, Loss: 0.1347
  Batch 3000/6019, Loss: 0.1636
  Batch 3100/6019, Loss: 0.1423
  Batch 3200/6019, Loss: 0.0782
  Batch 3300/6019, Loss: 0.1013
  Batch 3400/6019, Loss: 0.1887
  Batch 3500/6019, Loss: 0.1509
  Batch 3600/6019, Loss: 0.2182
  Batch 3700/6019, Loss: 0.1145
  Batch 3800/6019, Loss: 0.1254
  Batch 3900/6019, Loss: 0.2132
  Batch 4000/6019, Loss: 0.1393
  Batch 4100/6019, Loss: 0.1660
  Batch 4200/6019, Loss: 0.1491
  Batch 4300/6019, Loss: 0.1225
  Batch 4400/6019, Loss: 0.1248
  Batch 4500/6019, Loss: 0.1243
  Batch 4600/6019, Loss: 0.1366
  Batch 4700/6019, Loss: 0.1582
  Batch 4800/6019, Loss: 0.1380
  Batch 4900/6019, Loss: 0.1721
  Batch 5000/6019, Loss: 0.1293
  Batch 5100/6019, Loss: 0.1500
  Batch 5200/6019, Loss: 0.1308
  Batch 5300/6019, Loss: 0.1414
  Batch 5400/6019, Loss: 0.1344
  Batch 5500/6019, Loss: 0.1680
  Batch 5600/6019, Loss: 0.1027
  Batch 5700/6019, Loss: 0.1511
  Batch 5800/6019, Loss: 0.1241
  Batch 5900/6019, Loss: 0.2801
  Batch 6000/6019, Loss: 0.1699
Train Loss: 0.1466
Val Loss: 0.2456, Val Macro F1: 0.8416
Current learning rate: 0.000006

============================================================
Epoch 31/50
============================================================
  Batch 0/6019, Loss: 0.0818
  Batch 100/6019, Loss: 0.1030
  Batch 200/6019, Loss: 0.1518
  Batch 300/6019, Loss: 0.1548
  Batch 400/6019, Loss: 0.1471
  Batch 500/6019, Loss: 0.1305
  Batch 600/6019, Loss: 0.2270
  Batch 700/6019, Loss: 0.2265
  Batch 800/6019, Loss: 0.1213
  Batch 900/6019, Loss: 0.1320
  Batch 1000/6019, Loss: 0.0973
  Batch 1100/6019, Loss: 0.0473
  Batch 1200/6019, Loss: 0.1080
  Batch 1300/6019, Loss: 0.1701
  Batch 1400/6019, Loss: 0.2461
  Batch 1500/6019, Loss: 0.1693
  Batch 1600/6019, Loss: 0.1701
  Batch 1700/6019, Loss: 0.1954
  Batch 1800/6019, Loss: 0.1217
  Batch 1900/6019, Loss: 0.1326
  Batch 2000/6019, Loss: 0.1463
  Batch 2100/6019, Loss: 0.1560
  Batch 2200/6019, Loss: 0.1544
  Batch 2300/6019, Loss: 0.1332
  Batch 2400/6019, Loss: 0.1556
  Batch 2500/6019, Loss: 0.1840
  Batch 2600/6019, Loss: 0.1981
  Batch 2700/6019, Loss: 0.1296
  Batch 2800/6019, Loss: 0.2275
  Batch 2900/6019, Loss: 0.1892
  Batch 3000/6019, Loss: 0.1486
  Batch 3100/6019, Loss: 0.1187
  Batch 3200/6019, Loss: 0.1201
  Batch 3300/6019, Loss: 0.1024
  Batch 3400/6019, Loss: 0.1806
  Batch 3500/6019, Loss: 0.1831
  Batch 3600/6019, Loss: 0.2057
  Batch 3700/6019, Loss: 0.1586
  Batch 3800/6019, Loss: 0.1660
  Batch 3900/6019, Loss: 0.1193
  Batch 4000/6019, Loss: 0.1015
  Batch 4100/6019, Loss: 0.2518
  Batch 4200/6019, Loss: 0.1369
  Batch 4300/6019, Loss: 0.1578
  Batch 4400/6019, Loss: 0.1573
  Batch 4500/6019, Loss: 0.2883
  Batch 4600/6019, Loss: 0.1671
  Batch 4700/6019, Loss: 0.0964
  Batch 4800/6019, Loss: 0.0867
  Batch 4900/6019, Loss: 0.1487
  Batch 5000/6019, Loss: 0.2055
  Batch 5100/6019, Loss: 0.1989
  Batch 5200/6019, Loss: 0.1125
  Batch 5300/6019, Loss: 0.1809
  Batch 5400/6019, Loss: 0.1056
  Batch 5500/6019, Loss: 0.1190
  Batch 5600/6019, Loss: 0.1357
  Batch 5700/6019, Loss: 0.0588
  Batch 5800/6019, Loss: 0.1821
  Batch 5900/6019, Loss: 0.1824
  Batch 6000/6019, Loss: 0.1480
Train Loss: 0.1468
Val Loss: 0.2494, Val Macro F1: 0.8422
Current learning rate: 0.000003

============================================================
Epoch 32/50
============================================================
  Batch 0/6019, Loss: 0.1641
  Batch 100/6019, Loss: 0.1482
  Batch 200/6019, Loss: 0.1581
  Batch 300/6019, Loss: 0.2127
  Batch 400/6019, Loss: 0.1187
  Batch 500/6019, Loss: 0.1752
  Batch 600/6019, Loss: 0.1905
  Batch 700/6019, Loss: 0.1105
  Batch 800/6019, Loss: 0.1221
  Batch 900/6019, Loss: 0.1874
  Batch 1000/6019, Loss: 0.1179
  Batch 1100/6019, Loss: 0.1614
  Batch 1200/6019, Loss: 0.1992
  Batch 1300/6019, Loss: 0.1613
  Batch 1400/6019, Loss: 0.1863
  Batch 1500/6019, Loss: 0.1620
  Batch 1600/6019, Loss: 0.1702
  Batch 1700/6019, Loss: 0.1299
  Batch 1800/6019, Loss: 0.1834
  Batch 1900/6019, Loss: 0.1776
  Batch 2000/6019, Loss: 0.1114
  Batch 2100/6019, Loss: 0.1339
  Batch 2200/6019, Loss: 0.1312
  Batch 2300/6019, Loss: 0.2132
  Batch 2400/6019, Loss: 0.1058
  Batch 2500/6019, Loss: 0.1801
  Batch 2600/6019, Loss: 0.1683
  Batch 2700/6019, Loss: 0.1062
  Batch 2800/6019, Loss: 0.1254
  Batch 2900/6019, Loss: 0.1349
  Batch 3000/6019, Loss: 0.1101
  Batch 3100/6019, Loss: 0.1100
  Batch 3200/6019, Loss: 0.1414
  Batch 3300/6019, Loss: 0.0539
  Batch 3400/6019, Loss: 0.1564
  Batch 3500/6019, Loss: 0.1538
  Batch 3600/6019, Loss: 0.1320
  Batch 3700/6019, Loss: 0.2180
  Batch 3800/6019, Loss: 0.1546
  Batch 3900/6019, Loss: 0.1637
  Batch 4000/6019, Loss: 0.1957
  Batch 4100/6019, Loss: 0.1976
  Batch 4200/6019, Loss: 0.1259
  Batch 4300/6019, Loss: 0.1603
  Batch 4400/6019, Loss: 0.1387
  Batch 4500/6019, Loss: 0.1259
  Batch 4600/6019, Loss: 0.0839
  Batch 4700/6019, Loss: 0.1562
  Batch 4800/6019, Loss: 0.1451
  Batch 4900/6019, Loss: 0.1481
  Batch 5000/6019, Loss: 0.1713
  Batch 5100/6019, Loss: 0.1595
  Batch 5200/6019, Loss: 0.1309
  Batch 5300/6019, Loss: 0.1612
  Batch 5400/6019, Loss: 0.0969
  Batch 5500/6019, Loss: 0.2196
  Batch 5600/6019, Loss: 0.0957
  Batch 5700/6019, Loss: 0.2691
  Batch 5800/6019, Loss: 0.1816
  Batch 5900/6019, Loss: 0.1022
  Batch 6000/6019, Loss: 0.1656
Train Loss: 0.1453
Val Loss: 0.2505, Val Macro F1: 0.8411
Current learning rate: 0.000003

============================================================
Epoch 33/50
============================================================
  Batch 0/6019, Loss: 0.1250
  Batch 100/6019, Loss: 0.1867
  Batch 200/6019, Loss: 0.1372
  Batch 300/6019, Loss: 0.1158
  Batch 400/6019, Loss: 0.0759
  Batch 500/6019, Loss: 0.1095
  Batch 600/6019, Loss: 0.1441
  Batch 700/6019, Loss: 0.1258
  Batch 800/6019, Loss: 0.1689
  Batch 900/6019, Loss: 0.1512
  Batch 1000/6019, Loss: 0.1655
  Batch 1100/6019, Loss: 0.0967
  Batch 1200/6019, Loss: 0.2488
  Batch 1300/6019, Loss: 0.0965
  Batch 1400/6019, Loss: 0.1247
  Batch 1500/6019, Loss: 0.1937
  Batch 1600/6019, Loss: 0.1899
  Batch 1700/6019, Loss: 0.1456
  Batch 1800/6019, Loss: 0.1396
  Batch 1900/6019, Loss: 0.1723
  Batch 2000/6019, Loss: 0.0956
  Batch 2100/6019, Loss: 0.1403
  Batch 2200/6019, Loss: 0.0702
  Batch 2300/6019, Loss: 0.2096
  Batch 2400/6019, Loss: 0.1592
  Batch 2500/6019, Loss: 0.1329
  Batch 2600/6019, Loss: 0.0909
  Batch 2700/6019, Loss: 0.1276
  Batch 2800/6019, Loss: 0.1131
  Batch 2900/6019, Loss: 0.1887
  Batch 3000/6019, Loss: 0.2019
  Batch 3100/6019, Loss: 0.2662
  Batch 3200/6019, Loss: 0.1699
  Batch 3300/6019, Loss: 0.1560
  Batch 3400/6019, Loss: 0.1848
  Batch 3500/6019, Loss: 0.1478
  Batch 3600/6019, Loss: 0.1367
  Batch 3700/6019, Loss: 0.1382
  Batch 3800/6019, Loss: 0.1824
  Batch 3900/6019, Loss: 0.1237
  Batch 4000/6019, Loss: 0.0688
  Batch 4100/6019, Loss: 0.1097
  Batch 4200/6019, Loss: 0.1595
  Batch 4300/6019, Loss: 0.1112
  Batch 4400/6019, Loss: 0.1736
  Batch 4500/6019, Loss: 0.1236
  Batch 4600/6019, Loss: 0.0732
  Batch 4700/6019, Loss: 0.1496
  Batch 4800/6019, Loss: 0.1041
  Batch 4900/6019, Loss: 0.1650
  Batch 5000/6019, Loss: 0.2095
  Batch 5100/6019, Loss: 0.1499
  Batch 5200/6019, Loss: 0.1012
  Batch 5300/6019, Loss: 0.0997
  Batch 5400/6019, Loss: 0.1613
  Batch 5500/6019, Loss: 0.1202
  Batch 5600/6019, Loss: 0.1284
  Batch 5700/6019, Loss: 0.1465
  Batch 5800/6019, Loss: 0.1709
  Batch 5900/6019, Loss: 0.1271
  Batch 6000/6019, Loss: 0.2090
Train Loss: 0.1449
Val Loss: 0.2539, Val Macro F1: 0.8384
Current learning rate: 0.000003

============================================================
Epoch 34/50
============================================================
  Batch 0/6019, Loss: 0.1844
  Batch 100/6019, Loss: 0.2061
  Batch 200/6019, Loss: 0.1031
  Batch 300/6019, Loss: 0.1019
  Batch 400/6019, Loss: 0.1431
  Batch 500/6019, Loss: 0.1069
  Batch 600/6019, Loss: 0.1820
  Batch 700/6019, Loss: 0.0793
  Batch 800/6019, Loss: 0.0898
  Batch 900/6019, Loss: 0.1206
  Batch 1000/6019, Loss: 0.2304
  Batch 1100/6019, Loss: 0.1729
  Batch 1200/6019, Loss: 0.1038
  Batch 1300/6019, Loss: 0.1583
  Batch 1400/6019, Loss: 0.1091
  Batch 1500/6019, Loss: 0.1599
  Batch 1600/6019, Loss: 0.1357
  Batch 1700/6019, Loss: 0.0855
  Batch 1800/6019, Loss: 0.0909
  Batch 1900/6019, Loss: 0.1436
  Batch 2000/6019, Loss: 0.1227
  Batch 2100/6019, Loss: 0.0884
  Batch 2200/6019, Loss: 0.1597
  Batch 2300/6019, Loss: 0.0890
  Batch 2400/6019, Loss: 0.0872
  Batch 2500/6019, Loss: 0.1864
  Batch 2600/6019, Loss: 0.1308
  Batch 2700/6019, Loss: 0.2151
  Batch 2800/6019, Loss: 0.1872
  Batch 2900/6019, Loss: 0.1325
  Batch 3000/6019, Loss: 0.0940
  Batch 3100/6019, Loss: 0.1943
  Batch 3200/6019, Loss: 0.1170
  Batch 3300/6019, Loss: 0.1850
  Batch 3400/6019, Loss: 0.1651
  Batch 3500/6019, Loss: 0.1102
  Batch 3600/6019, Loss: 0.0898
  Batch 3700/6019, Loss: 0.1578
  Batch 3800/6019, Loss: 0.0837
  Batch 3900/6019, Loss: 0.1239
  Batch 4000/6019, Loss: 0.1934
  Batch 4100/6019, Loss: 0.1202
  Batch 4200/6019, Loss: 0.1817
  Batch 4300/6019, Loss: 0.1325
  Batch 4400/6019, Loss: 0.0961
  Batch 4500/6019, Loss: 0.1514
  Batch 4600/6019, Loss: 0.1418
  Batch 4700/6019, Loss: 0.0968
  Batch 4800/6019, Loss: 0.1276
  Batch 4900/6019, Loss: 0.1763
  Batch 5000/6019, Loss: 0.1555
  Batch 5100/6019, Loss: 0.1554
  Batch 5200/6019, Loss: 0.1213
  Batch 5300/6019, Loss: 0.1491
  Batch 5400/6019, Loss: 0.1236
  Batch 5500/6019, Loss: 0.1086
  Batch 5600/6019, Loss: 0.1206
  Batch 5700/6019, Loss: 0.1467
  Batch 5800/6019, Loss: 0.0975
  Batch 5900/6019, Loss: 0.1027
  Batch 6000/6019, Loss: 0.1794
Train Loss: 0.1446
Val Loss: 0.2538, Val Macro F1: 0.8391
Current learning rate: 0.000003

============================================================
Epoch 35/50
============================================================
  Batch 0/6019, Loss: 0.1713
  Batch 100/6019, Loss: 0.2172
  Batch 200/6019, Loss: 0.1140
  Batch 300/6019, Loss: 0.1585
  Batch 400/6019, Loss: 0.0824
  Batch 500/6019, Loss: 0.1564
  Batch 600/6019, Loss: 0.1067
  Batch 700/6019, Loss: 0.1586
  Batch 800/6019, Loss: 0.1674
  Batch 900/6019, Loss: 0.1623
  Batch 1000/6019, Loss: 0.2362
  Batch 1100/6019, Loss: 0.1734
  Batch 1200/6019, Loss: 0.1564
  Batch 1300/6019, Loss: 0.1316
  Batch 1400/6019, Loss: 0.2218
  Batch 1500/6019, Loss: 0.2079
  Batch 1600/6019, Loss: 0.1484
  Batch 1700/6019, Loss: 0.1760
  Batch 1800/6019, Loss: 0.0699
  Batch 1900/6019, Loss: 0.1406
  Batch 2000/6019, Loss: 0.1244
  Batch 2100/6019, Loss: 0.1003
  Batch 2200/6019, Loss: 0.1406
  Batch 2300/6019, Loss: 0.1709
  Batch 2400/6019, Loss: 0.1590
  Batch 2500/6019, Loss: 0.1462
  Batch 2600/6019, Loss: 0.1976
  Batch 2700/6019, Loss: 0.1826
  Batch 2800/6019, Loss: 0.1649
  Batch 2900/6019, Loss: 0.1346
  Batch 3000/6019, Loss: 0.1495
  Batch 3100/6019, Loss: 0.0996
  Batch 3200/6019, Loss: 0.0876
  Batch 3300/6019, Loss: 0.1465
  Batch 3400/6019, Loss: 0.1362
  Batch 3500/6019, Loss: 0.1512
  Batch 3600/6019, Loss: 0.1565
  Batch 3700/6019, Loss: 0.1521
  Batch 3800/6019, Loss: 0.0845
  Batch 3900/6019, Loss: 0.1054
  Batch 4000/6019, Loss: 0.1664
  Batch 4100/6019, Loss: 0.0964
  Batch 4200/6019, Loss: 0.1726
  Batch 4300/6019, Loss: 0.1272
  Batch 4400/6019, Loss: 0.1220
  Batch 4500/6019, Loss: 0.1991
  Batch 4600/6019, Loss: 0.1165
  Batch 4700/6019, Loss: 0.1743
  Batch 4800/6019, Loss: 0.0924
  Batch 4900/6019, Loss: 0.1927
  Batch 5000/6019, Loss: 0.2164
  Batch 5100/6019, Loss: 0.0769
  Batch 5200/6019, Loss: 0.1283
  Batch 5300/6019, Loss: 0.3105
  Batch 5400/6019, Loss: 0.1411
  Batch 5500/6019, Loss: 0.1368
  Batch 5600/6019, Loss: 0.1365
  Batch 5700/6019, Loss: 0.1218
  Batch 5800/6019, Loss: 0.1459
  Batch 5900/6019, Loss: 0.1492
  Batch 6000/6019, Loss: 0.1314
Train Loss: 0.1445
Val Loss: 0.2521, Val Macro F1: 0.8399
Current learning rate: 0.000002

============================================================
Epoch 36/50
============================================================
  Batch 0/6019, Loss: 0.0817
  Batch 100/6019, Loss: 0.1720
  Batch 200/6019, Loss: 0.1240
  Batch 300/6019, Loss: 0.1613
  Batch 400/6019, Loss: 0.1310
  Batch 500/6019, Loss: 0.1327
  Batch 600/6019, Loss: 0.1420
  Batch 700/6019, Loss: 0.1853
  Batch 800/6019, Loss: 0.1691
  Batch 900/6019, Loss: 0.0897
  Batch 1000/6019, Loss: 0.2126
  Batch 1100/6019, Loss: 0.1283
  Batch 1200/6019, Loss: 0.0690
  Batch 1300/6019, Loss: 0.1151
  Batch 1400/6019, Loss: 0.1557
  Batch 1500/6019, Loss: 0.0858
  Batch 1600/6019, Loss: 0.1355
  Batch 1700/6019, Loss: 0.1106
  Batch 1800/6019, Loss: 0.1651
  Batch 1900/6019, Loss: 0.1809
  Batch 2000/6019, Loss: 0.1414
  Batch 2100/6019, Loss: 0.1811
  Batch 2200/6019, Loss: 0.1140
  Batch 2300/6019, Loss: 0.1392
  Batch 2400/6019, Loss: 0.1386
  Batch 2500/6019, Loss: 0.1283
  Batch 2600/6019, Loss: 0.1448
  Batch 2700/6019, Loss: 0.1464
  Batch 2800/6019, Loss: 0.0965
  Batch 2900/6019, Loss: 0.1771
  Batch 3000/6019, Loss: 0.1790
  Batch 3100/6019, Loss: 0.0841
  Batch 3200/6019, Loss: 0.1354
  Batch 3300/6019, Loss: 0.1188
  Batch 3400/6019, Loss: 0.1001
  Batch 3500/6019, Loss: 0.1552
  Batch 3600/6019, Loss: 0.1543
  Batch 3700/6019, Loss: 0.1170
  Batch 3800/6019, Loss: 0.2323
  Batch 3900/6019, Loss: 0.1776
  Batch 4000/6019, Loss: 0.1257
  Batch 4100/6019, Loss: 0.1084
  Batch 4200/6019, Loss: 0.1163
  Batch 4300/6019, Loss: 0.0804
  Batch 4400/6019, Loss: 0.1934
  Batch 4500/6019, Loss: 0.0905
  Batch 4600/6019, Loss: 0.0965
  Batch 4700/6019, Loss: 0.1431
  Batch 4800/6019, Loss: 0.2695
  Batch 4900/6019, Loss: 0.1307
  Batch 5000/6019, Loss: 0.2135
  Batch 5100/6019, Loss: 0.1188
  Batch 5200/6019, Loss: 0.0998
  Batch 5300/6019, Loss: 0.1769
  Batch 5400/6019, Loss: 0.1195
  Batch 5500/6019, Loss: 0.1236
  Batch 5600/6019, Loss: 0.2415
  Batch 5700/6019, Loss: 0.1902
  Batch 5800/6019, Loss: 0.1527
  Batch 5900/6019, Loss: 0.1067
  Batch 6000/6019, Loss: 0.1391
Train Loss: 0.1444
Val Loss: 0.2544, Val Macro F1: 0.8389
Current learning rate: 0.000002

============================================================
Epoch 37/50
============================================================
  Batch 0/6019, Loss: 0.0977
  Batch 100/6019, Loss: 0.2068
  Batch 200/6019, Loss: 0.1656
  Batch 300/6019, Loss: 0.0912
  Batch 400/6019, Loss: 0.0880
  Batch 500/6019, Loss: 0.1331
  Batch 600/6019, Loss: 0.1277
  Batch 700/6019, Loss: 0.1553
  Batch 800/6019, Loss: 0.1340
  Batch 900/6019, Loss: 0.0732
  Batch 1000/6019, Loss: 0.0971
  Batch 1100/6019, Loss: 0.0987
  Batch 1200/6019, Loss: 0.1362
  Batch 1300/6019, Loss: 0.1184
  Batch 1400/6019, Loss: 0.1380
  Batch 1500/6019, Loss: 0.1254
  Batch 1600/6019, Loss: 0.1969
  Batch 1700/6019, Loss: 0.1095
  Batch 1800/6019, Loss: 0.1136
  Batch 1900/6019, Loss: 0.1232
  Batch 2000/6019, Loss: 0.1660
  Batch 2100/6019, Loss: 0.2022
  Batch 2200/6019, Loss: 0.2066
  Batch 2300/6019, Loss: 0.1009
  Batch 2400/6019, Loss: 0.1207
  Batch 2500/6019, Loss: 0.0992
  Batch 2600/6019, Loss: 0.1211
  Batch 2700/6019, Loss: 0.1350
  Batch 2800/6019, Loss: 0.1343
  Batch 2900/6019, Loss: 0.2478
  Batch 3000/6019, Loss: 0.2462
  Batch 3100/6019, Loss: 0.0989
  Batch 3200/6019, Loss: 0.2113
  Batch 3300/6019, Loss: 0.1733
  Batch 3400/6019, Loss: 0.1885
  Batch 3500/6019, Loss: 0.1776
  Batch 3600/6019, Loss: 0.1070
  Batch 3700/6019, Loss: 0.0969
  Batch 3800/6019, Loss: 0.1390
  Batch 3900/6019, Loss: 0.1500
  Batch 4000/6019, Loss: 0.1454
  Batch 4100/6019, Loss: 0.0897
  Batch 4200/6019, Loss: 0.1357
  Batch 4300/6019, Loss: 0.2268
  Batch 4400/6019, Loss: 0.1567
  Batch 4500/6019, Loss: 0.1543
  Batch 4600/6019, Loss: 0.1604
  Batch 4700/6019, Loss: 0.1157
  Batch 4800/6019, Loss: 0.1624
  Batch 4900/6019, Loss: 0.2279
  Batch 5000/6019, Loss: 0.2045
  Batch 5100/6019, Loss: 0.1645
  Batch 5200/6019, Loss: 0.0945
  Batch 5300/6019, Loss: 0.2465
  Batch 5400/6019, Loss: 0.1186
  Batch 5500/6019, Loss: 0.1093
  Batch 5600/6019, Loss: 0.0957
  Batch 5700/6019, Loss: 0.1980
  Batch 5800/6019, Loss: 0.1566
  Batch 5900/6019, Loss: 0.1241
  Batch 6000/6019, Loss: 0.1463
Train Loss: 0.1439
Val Loss: 0.2541, Val Macro F1: 0.8402
Current learning rate: 0.000002

============================================================
Epoch 38/50
============================================================
  Batch 0/6019, Loss: 0.1327
  Batch 100/6019, Loss: 0.1318
  Batch 200/6019, Loss: 0.1156
  Batch 300/6019, Loss: 0.1068
  Batch 400/6019, Loss: 0.1315
  Batch 500/6019, Loss: 0.1120
  Batch 600/6019, Loss: 0.2163
  Batch 700/6019, Loss: 0.3142
  Batch 800/6019, Loss: 0.1470
  Batch 900/6019, Loss: 0.1237
  Batch 1000/6019, Loss: 0.1750
  Batch 1100/6019, Loss: 0.1275
  Batch 1200/6019, Loss: 0.1241
  Batch 1300/6019, Loss: 0.0985
  Batch 1400/6019, Loss: 0.2013
  Batch 1500/6019, Loss: 0.1195
  Batch 1600/6019, Loss: 0.1584
  Batch 1700/6019, Loss: 0.1150
  Batch 1800/6019, Loss: 0.1703
  Batch 1900/6019, Loss: 0.0942
  Batch 2000/6019, Loss: 0.0962
  Batch 2100/6019, Loss: 0.2472
  Batch 2200/6019, Loss: 0.1347
  Batch 2300/6019, Loss: 0.0996
  Batch 2400/6019, Loss: 0.1445
  Batch 2500/6019, Loss: 0.0782
  Batch 2600/6019, Loss: 0.1425
  Batch 2700/6019, Loss: 0.1286
  Batch 2800/6019, Loss: 0.1559
  Batch 2900/6019, Loss: 0.0714
  Batch 3000/6019, Loss: 0.2003
  Batch 3100/6019, Loss: 0.1044
  Batch 3200/6019, Loss: 0.0837
  Batch 3300/6019, Loss: 0.1147
  Batch 3400/6019, Loss: 0.1905
  Batch 3500/6019, Loss: 0.1124
  Batch 3600/6019, Loss: 0.1352
  Batch 3700/6019, Loss: 0.1285
  Batch 3800/6019, Loss: 0.1141
  Batch 3900/6019, Loss: 0.1672
  Batch 4000/6019, Loss: 0.1491
  Batch 4100/6019, Loss: 0.1455
  Batch 4200/6019, Loss: 0.1940
  Batch 4300/6019, Loss: 0.1091
  Batch 4400/6019, Loss: 0.1430
  Batch 4500/6019, Loss: 0.1238
  Batch 4600/6019, Loss: 0.1793
  Batch 4700/6019, Loss: 0.0730
  Batch 4800/6019, Loss: 0.1882
  Batch 4900/6019, Loss: 0.0916
  Batch 5000/6019, Loss: 0.1176
  Batch 5100/6019, Loss: 0.1373
  Batch 5200/6019, Loss: 0.1130
  Batch 5300/6019, Loss: 0.1157
  Batch 5400/6019, Loss: 0.1357
  Batch 5500/6019, Loss: 0.1282
  Batch 5600/6019, Loss: 0.2544
  Batch 5700/6019, Loss: 0.1725
  Batch 5800/6019, Loss: 0.1170
  Batch 5900/6019, Loss: 0.1018
  Batch 6000/6019, Loss: 0.1829
Train Loss: 0.1438
Val Loss: 0.2529, Val Macro F1: 0.8404
Current learning rate: 0.000002

============================================================
Epoch 39/50
============================================================
  Batch 0/6019, Loss: 0.1097
  Batch 100/6019, Loss: 0.1961
  Batch 200/6019, Loss: 0.1984
  Batch 300/6019, Loss: 0.0822
  Batch 400/6019, Loss: 0.1334
  Batch 500/6019, Loss: 0.1554
  Batch 600/6019, Loss: 0.1726
  Batch 700/6019, Loss: 0.1788
  Batch 800/6019, Loss: 0.2350
  Batch 900/6019, Loss: 0.1588
  Batch 1000/6019, Loss: 0.1690
  Batch 1100/6019, Loss: 0.1055
  Batch 1200/6019, Loss: 0.3153
  Batch 1300/6019, Loss: 0.1025
  Batch 1400/6019, Loss: 0.0856
  Batch 1500/6019, Loss: 0.1290
  Batch 1600/6019, Loss: 0.1506
  Batch 1700/6019, Loss: 0.1340
  Batch 1800/6019, Loss: 0.1311
  Batch 1900/6019, Loss: 0.1526
  Batch 2000/6019, Loss: 0.1239
  Batch 2100/6019, Loss: 0.0717
  Batch 2200/6019, Loss: 0.1012
  Batch 2300/6019, Loss: 0.1026
  Batch 2400/6019, Loss: 0.2565
  Batch 2500/6019, Loss: 0.1538
  Batch 2600/6019, Loss: 0.2467
  Batch 2700/6019, Loss: 0.1328
  Batch 2800/6019, Loss: 0.1373
  Batch 2900/6019, Loss: 0.1515
  Batch 3000/6019, Loss: 0.1023
  Batch 3100/6019, Loss: 0.1191
  Batch 3200/6019, Loss: 0.1514
  Batch 3300/6019, Loss: 0.2677
  Batch 3400/6019, Loss: 0.1073
  Batch 3500/6019, Loss: 0.1966
  Batch 3600/6019, Loss: 0.0889
  Batch 3700/6019, Loss: 0.0640
  Batch 3800/6019, Loss: 0.0952
  Batch 3900/6019, Loss: 0.1939
  Batch 4000/6019, Loss: 0.1933
  Batch 4100/6019, Loss: 0.1566
  Batch 4200/6019, Loss: 0.1839
  Batch 4300/6019, Loss: 0.0878
  Batch 4400/6019, Loss: 0.1677
  Batch 4500/6019, Loss: 0.1821
  Batch 4600/6019, Loss: 0.0928
  Batch 4700/6019, Loss: 0.1449
  Batch 4800/6019, Loss: 0.1653
  Batch 4900/6019, Loss: 0.1017
  Batch 5000/6019, Loss: 0.1574
  Batch 5100/6019, Loss: 0.1077
  Batch 5200/6019, Loss: 0.1494
  Batch 5300/6019, Loss: 0.0981
  Batch 5400/6019, Loss: 0.1116
  Batch 5500/6019, Loss: 0.1487
  Batch 5600/6019, Loss: 0.1732
  Batch 5700/6019, Loss: 0.1441
  Batch 5800/6019, Loss: 0.1642
  Batch 5900/6019, Loss: 0.1497
  Batch 6000/6019, Loss: 0.1310
Train Loss: 0.1431
Val Loss: 0.2523, Val Macro F1: 0.8401
Current learning rate: 0.000001

============================================================
Epoch 40/50
============================================================
  Batch 0/6019, Loss: 0.1864
  Batch 100/6019, Loss: 0.1392
  Batch 200/6019, Loss: 0.0879
  Batch 300/6019, Loss: 0.1249
  Batch 400/6019, Loss: 0.1474
  Batch 500/6019, Loss: 0.1657
  Batch 600/6019, Loss: 0.1159
  Batch 700/6019, Loss: 0.1317
  Batch 800/6019, Loss: 0.0795
  Batch 900/6019, Loss: 0.0817
  Batch 1000/6019, Loss: 0.1367
  Batch 1100/6019, Loss: 0.1048
  Batch 1200/6019, Loss: 0.1675
  Batch 1300/6019, Loss: 0.1203
  Batch 1400/6019, Loss: 0.1521
  Batch 1500/6019, Loss: 0.1998
  Batch 1600/6019, Loss: 0.1915
  Batch 1700/6019, Loss: 0.1157
  Batch 1800/6019, Loss: 0.1999
  Batch 1900/6019, Loss: 0.1324
  Batch 2000/6019, Loss: 0.0965
  Batch 2100/6019, Loss: 0.0751
  Batch 2200/6019, Loss: 0.1164
  Batch 2300/6019, Loss: 0.1138
  Batch 2400/6019, Loss: 0.0905
  Batch 2500/6019, Loss: 0.1980
  Batch 2600/6019, Loss: 0.1901
  Batch 2700/6019, Loss: 0.1222
  Batch 2800/6019, Loss: 0.1547
  Batch 2900/6019, Loss: 0.2062
  Batch 3000/6019, Loss: 0.1201
  Batch 3100/6019, Loss: 0.2468
  Batch 3200/6019, Loss: 0.1322
  Batch 3300/6019, Loss: 0.1591
  Batch 3400/6019, Loss: 0.1002
  Batch 3500/6019, Loss: 0.1548
  Batch 3600/6019, Loss: 0.1309
  Batch 3700/6019, Loss: 0.1078
  Batch 3800/6019, Loss: 0.0802
  Batch 3900/6019, Loss: 0.1776
  Batch 4000/6019, Loss: 0.0913
  Batch 4100/6019, Loss: 0.1254
  Batch 4200/6019, Loss: 0.1677
  Batch 4300/6019, Loss: 0.1494
  Batch 4400/6019, Loss: 0.1599
  Batch 4500/6019, Loss: 0.0856
  Batch 4600/6019, Loss: 0.1743
  Batch 4700/6019, Loss: 0.1854
  Batch 4800/6019, Loss: 0.1353
  Batch 4900/6019, Loss: 0.1035
  Batch 5000/6019, Loss: 0.1764
  Batch 5100/6019, Loss: 0.1855
  Batch 5200/6019, Loss: 0.0803
  Batch 5300/6019, Loss: 0.0919
  Batch 5400/6019, Loss: 0.0919
  Batch 5500/6019, Loss: 0.1838
  Batch 5600/6019, Loss: 0.1328
  Batch 5700/6019, Loss: 0.1608
  Batch 5800/6019, Loss: 0.1298
  Batch 5900/6019, Loss: 0.1962
  Batch 6000/6019, Loss: 0.1533
Train Loss: 0.1434
Val Loss: 0.2549, Val Macro F1: 0.8396
Current learning rate: 0.000001

============================================================
Epoch 41/50
============================================================
slurmstepd: error: *** JOB 4422304 ON gh013 CANCELLED AT 2026-01-15T00:29:32 DUE TO TIME LIMIT ***
