Using device: cuda
GPU: Quadro RTX 8000
Loaded: /vast-ac8888/MusicSpeech-STM/STM_output/corpSTMnpy/BibleTTS-akuapem-twi_STMall.npy, shape: (23592, 2420)
Loaded: /vast-ac8888/MusicSpeech-STM/STM_output/corpSTMnpy/BibleTTS-asante-twi_STMall.npy, shape: (20768, 2420)
Loaded: /vast-ac8888/MusicSpeech-STM/STM_output/corpSTMnpy/BibleTTS-ewe_STMall.npy, shape: (22138, 2420)
Loaded: /vast-ac8888/MusicSpeech-STM/STM_output/corpSTMnpy/BibleTTS-hausa_STMall.npy, shape: (29002, 2420)
Loaded: /vast-ac8888/MusicSpeech-STM/STM_output/corpSTMnpy/BibleTTS-lingala_STMall.npy, shape: (11219, 2420)
Loaded: /vast-ac8888/MusicSpeech-STM/STM_output/corpSTMnpy/BibleTTS-yoruba_STMall.npy, shape: (6629, 2420)
Loaded: /vast-ac8888/MusicSpeech-STM/STM_output/corpSTMnpy/Buckeye_STMall.npy, shape: (255, 2420)
Loaded: /vast-ac8888/MusicSpeech-STM/STM_output/corpSTMnpy/EUROM_STMall.npy, shape: (6623, 2420)
Loaded: /vast-ac8888/MusicSpeech-STM/STM_output/corpSTMnpy/HiltonMoser2022_speech_STMall.npy, shape: (785, 2420)
Loaded: /vast-ac8888/MusicSpeech-STM/STM_output/corpSTMnpy/LibriSpeech_STMall.npy, shape: (27144, 2420)
Loaded: /vast-ac8888/MusicSpeech-STM/STM_output/corpSTMnpy/MediaSpeech-AR_STMall.npy, shape: (2505, 2420)
Loaded: /vast-ac8888/MusicSpeech-STM/STM_output/corpSTMnpy/MediaSpeech-ES_STMall.npy, shape: (2507, 2420)
Loaded: /vast-ac8888/MusicSpeech-STM/STM_output/corpSTMnpy/MediaSpeech-FR_STMall.npy, shape: (2498, 2420)
Loaded: /vast-ac8888/MusicSpeech-STM/STM_output/corpSTMnpy/MediaSpeech-TR_STMall.npy, shape: (2512, 2420)
Loaded: /vast-ac8888/MusicSpeech-STM/STM_output/corpSTMnpy/MozillaCommonVoice-ab_STMall.npy, shape: (7558, 2420)
Loaded: /vast-ac8888/MusicSpeech-STM/STM_output/corpSTMnpy/MozillaCommonVoice-ar_STMall.npy, shape: (8080, 2420)
Loaded: /vast-ac8888/MusicSpeech-STM/STM_output/corpSTMnpy/MozillaCommonVoice-ba_STMall.npy, shape: (7964, 2420)
Loaded: /vast-ac8888/MusicSpeech-STM/STM_output/corpSTMnpy/MozillaCommonVoice-be_STMall.npy, shape: (8595, 2420)
Loaded: /vast-ac8888/MusicSpeech-STM/STM_output/corpSTMnpy/MozillaCommonVoice-bg_STMall.npy, shape: (7130, 2420)
Loaded: /vast-ac8888/MusicSpeech-STM/STM_output/corpSTMnpy/MozillaCommonVoice-bn_STMall.npy, shape: (8149, 2420)
Loaded: /vast-ac8888/MusicSpeech-STM/STM_output/corpSTMnpy/MozillaCommonVoice-br_STMall.npy, shape: (1454, 2420)
Loaded: /vast-ac8888/MusicSpeech-STM/STM_output/corpSTMnpy/MozillaCommonVoice-ca_STMall.npy, shape: (8237, 2420)
Loaded: /vast-ac8888/MusicSpeech-STM/STM_output/corpSTMnpy/MozillaCommonVoice-ckb_STMall.npy, shape: (7490, 2420)
Loaded: /vast-ac8888/MusicSpeech-STM/STM_output/corpSTMnpy/MozillaCommonVoice-cnh_STMall.npy, shape: (656, 2420)
Loaded: /vast-ac8888/MusicSpeech-STM/STM_output/corpSTMnpy/MozillaCommonVoice-cs_STMall.npy, shape: (8622, 2420)
Loaded: /vast-ac8888/MusicSpeech-STM/STM_output/corpSTMnpy/MozillaCommonVoice-cv_STMall.npy, shape: (8755, 2420)
Loaded: /vast-ac8888/MusicSpeech-STM/STM_output/corpSTMnpy/MozillaCommonVoice-cy_STMall.npy, shape: (7640, 2420)
Loaded: /vast-ac8888/MusicSpeech-STM/STM_output/corpSTMnpy/MozillaCommonVoice-da_STMall.npy, shape: (3878, 2420)
Loaded: /vast-ac8888/MusicSpeech-STM/STM_output/corpSTMnpy/MozillaCommonVoice-de_STMall.npy, shape: (8979, 2420)
Loaded: /vast-ac8888/MusicSpeech-STM/STM_output/corpSTMnpy/MozillaCommonVoice-dv_STMall.npy, shape: (9113, 2420)
Loaded: /vast-ac8888/MusicSpeech-STM/STM_output/corpSTMnpy/MozillaCommonVoice-el_STMall.npy, shape: (6422, 2420)
Loaded: /vast-ac8888/MusicSpeech-STM/STM_output/corpSTMnpy/MozillaCommonVoice-en_STMall.npy, shape: (8607, 2420)
Loaded: /vast-ac8888/MusicSpeech-STM/STM_output/corpSTMnpy/MozillaCommonVoice-eo_STMall.npy, shape: (9327, 2420)
Loaded: /vast-ac8888/MusicSpeech-STM/STM_output/corpSTMnpy/MozillaCommonVoice-es_STMall.npy, shape: (8742, 2420)
Loaded: /vast-ac8888/MusicSpeech-STM/STM_output/corpSTMnpy/MozillaCommonVoice-et_STMall.npy, shape: (9653, 2420)
Loaded: /vast-ac8888/MusicSpeech-STM/STM_output/corpSTMnpy/MozillaCommonVoice-eu_STMall.npy, shape: (7983, 2420)
Loaded: /vast-ac8888/MusicSpeech-STM/STM_output/corpSTMnpy/MozillaCommonVoice-fa_STMall.npy, shape: (8629, 2420)
Loaded: /vast-ac8888/MusicSpeech-STM/STM_output/corpSTMnpy/MozillaCommonVoice-fi_STMall.npy, shape: (3982, 2420)
Loaded: /vast-ac8888/MusicSpeech-STM/STM_output/corpSTMnpy/MozillaCommonVoice-fr_STMall.npy, shape: (8912, 2420)
Loaded: /vast-ac8888/MusicSpeech-STM/STM_output/corpSTMnpy/MozillaCommonVoice-fy-NL_STMall.npy, shape: (6694, 2420)
Loaded: /vast-ac8888/MusicSpeech-STM/STM_output/corpSTMnpy/MozillaCommonVoice-ga-IE_STMall.npy, shape: (1323, 2420)
Loaded: /vast-ac8888/MusicSpeech-STM/STM_output/corpSTMnpy/MozillaCommonVoice-gl_STMall.npy, shape: (8623, 2420)
Loaded: /vast-ac8888/MusicSpeech-STM/STM_output/corpSTMnpy/MozillaCommonVoice-gn_STMall.npy, shape: (1014, 2420)
Loaded: /vast-ac8888/MusicSpeech-STM/STM_output/corpSTMnpy/MozillaCommonVoice-hi_STMall.npy, shape: (5438, 2420)
Loaded: /vast-ac8888/MusicSpeech-STM/STM_output/corpSTMnpy/MozillaCommonVoice-hu_STMall.npy, shape: (8319, 2420)
Loaded: /vast-ac8888/MusicSpeech-STM/STM_output/corpSTMnpy/MozillaCommonVoice-hy-AM_STMall.npy, shape: (6980, 2420)
Loaded: /vast-ac8888/MusicSpeech-STM/STM_output/corpSTMnpy/MozillaCommonVoice-id_STMall.npy, shape: (8468, 2420)
Loaded: /vast-ac8888/MusicSpeech-STM/STM_output/corpSTMnpy/MozillaCommonVoice-ig_STMall.npy, shape: (9, 2420)
Loaded: /vast-ac8888/MusicSpeech-STM/STM_output/corpSTMnpy/MozillaCommonVoice-it_STMall.npy, shape: (9083, 2420)
Loaded: /vast-ac8888/MusicSpeech-STM/STM_output/corpSTMnpy/MozillaCommonVoice-ja_STMall.npy, shape: (8606, 2420)
Loaded: /vast-ac8888/MusicSpeech-STM/STM_output/corpSTMnpy/MozillaCommonVoice-ka_STMall.npy, shape: (9409, 2420)
Loaded: /vast-ac8888/MusicSpeech-STM/STM_output/corpSTMnpy/MozillaCommonVoice-kab_STMall.npy, shape: (7172, 2420)
Loaded: /vast-ac8888/MusicSpeech-STM/STM_output/corpSTMnpy/MozillaCommonVoice-kk_STMall.npy, shape: (867, 2420)
Loaded: /vast-ac8888/MusicSpeech-STM/STM_output/corpSTMnpy/MozillaCommonVoice-kmr_STMall.npy, shape: (6603, 2420)
Loaded: /vast-ac8888/MusicSpeech-STM/STM_output/corpSTMnpy/MozillaCommonVoice-ky_STMall.npy, shape: (7998, 2420)
Loaded: /vast-ac8888/MusicSpeech-STM/STM_output/corpSTMnpy/MozillaCommonVoice-lg_STMall.npy, shape: (8169, 2420)
Loaded: /vast-ac8888/MusicSpeech-STM/STM_output/corpSTMnpy/MozillaCommonVoice-lt_STMall.npy, shape: (9073, 2420)
Loaded: /vast-ac8888/MusicSpeech-STM/STM_output/corpSTMnpy/MozillaCommonVoice-ltg_STMall.npy, shape: (2299, 2420)
Loaded: /vast-ac8888/MusicSpeech-STM/STM_output/corpSTMnpy/MozillaCommonVoice-lv_STMall.npy, shape: (7666, 2420)
Loaded: /vast-ac8888/MusicSpeech-STM/STM_output/corpSTMnpy/MozillaCommonVoice-mhr_STMall.npy, shape: (8336, 2420)
Loaded: /vast-ac8888/MusicSpeech-STM/STM_output/corpSTMnpy/MozillaCommonVoice-ml_STMall.npy, shape: (813, 2420)
Loaded: /vast-ac8888/MusicSpeech-STM/STM_output/corpSTMnpy/MozillaCommonVoice-mn_STMall.npy, shape: (5968, 2420)
Loaded: /vast-ac8888/MusicSpeech-STM/STM_output/corpSTMnpy/MozillaCommonVoice-mt_STMall.npy, shape: (3632, 2420)
Loaded: /vast-ac8888/MusicSpeech-STM/STM_output/corpSTMnpy/MozillaCommonVoice-nan-tw_STMall.npy, shape: (181, 2420)
Loaded: /vast-ac8888/MusicSpeech-STM/STM_output/corpSTMnpy/MozillaCommonVoice-nl_STMall.npy, shape: (8834, 2420)
Loaded: /vast-ac8888/MusicSpeech-STM/STM_output/corpSTMnpy/MozillaCommonVoice-oc_STMall.npy, shape: (681, 2420)
Loaded: /vast-ac8888/MusicSpeech-STM/STM_output/corpSTMnpy/MozillaCommonVoice-or_STMall.npy, shape: (1941, 2420)
Loaded: /vast-ac8888/MusicSpeech-STM/STM_output/corpSTMnpy/MozillaCommonVoice-pl_STMall.npy, shape: (8817, 2420)
Loaded: /vast-ac8888/MusicSpeech-STM/STM_output/corpSTMnpy/MozillaCommonVoice-pt_STMall.npy, shape: (8413, 2420)
Loaded: /vast-ac8888/MusicSpeech-STM/STM_output/corpSTMnpy/MozillaCommonVoice-ro_STMall.npy, shape: (6666, 2420)
Loaded: /vast-ac8888/MusicSpeech-STM/STM_output/corpSTMnpy/MozillaCommonVoice-ru_STMall.npy, shape: (9260, 2420)
Loaded: /vast-ac8888/MusicSpeech-STM/STM_output/corpSTMnpy/MozillaCommonVoice-rw_STMall.npy, shape: (9148, 2420)
Loaded: /vast-ac8888/MusicSpeech-STM/STM_output/corpSTMnpy/MozillaCommonVoice-sr_STMall.npy, shape: (391, 2420)
Loaded: /vast-ac8888/MusicSpeech-STM/STM_output/corpSTMnpy/MozillaCommonVoice-sv-SE_STMall.npy, shape: (8288, 2420)
Loaded: /vast-ac8888/MusicSpeech-STM/STM_output/corpSTMnpy/MozillaCommonVoice-sw_STMall.npy, shape: (9192, 2420)
Loaded: /vast-ac8888/MusicSpeech-STM/STM_output/corpSTMnpy/MozillaCommonVoice-ta_STMall.npy, shape: (9474, 2420)
Loaded: /vast-ac8888/MusicSpeech-STM/STM_output/corpSTMnpy/MozillaCommonVoice-th_STMall.npy, shape: (8044, 2420)
Loaded: /vast-ac8888/MusicSpeech-STM/STM_output/corpSTMnpy/MozillaCommonVoice-tr_STMall.npy, shape: (7953, 2420)
Loaded: /vast-ac8888/MusicSpeech-STM/STM_output/corpSTMnpy/MozillaCommonVoice-tt_STMall.npy, shape: (7454, 2420)
Loaded: /vast-ac8888/MusicSpeech-STM/STM_output/corpSTMnpy/MozillaCommonVoice-ug_STMall.npy, shape: (7899, 2420)
Loaded: /vast-ac8888/MusicSpeech-STM/STM_output/corpSTMnpy/MozillaCommonVoice-uk_STMall.npy, shape: (8819, 2420)
Loaded: /vast-ac8888/MusicSpeech-STM/STM_output/corpSTMnpy/MozillaCommonVoice-ur_STMall.npy, shape: (8970, 2420)
Loaded: /vast-ac8888/MusicSpeech-STM/STM_output/corpSTMnpy/MozillaCommonVoice-uz_STMall.npy, shape: (7911, 2420)
Loaded: /vast-ac8888/MusicSpeech-STM/STM_output/corpSTMnpy/MozillaCommonVoice-vi_STMall.npy, shape: (1859, 2420)
Loaded: /vast-ac8888/MusicSpeech-STM/STM_output/corpSTMnpy/MozillaCommonVoice-yo_STMall.npy, shape: (2511, 2420)
Loaded: /vast-ac8888/MusicSpeech-STM/STM_output/corpSTMnpy/MozillaCommonVoice-yue_STMall.npy, shape: (6156, 2420)
Loaded: /vast-ac8888/MusicSpeech-STM/STM_output/corpSTMnpy/MozillaCommonVoice-zh-CN_STMall.npy, shape: (8715, 2420)
Loaded: /vast-ac8888/MusicSpeech-STM/STM_output/corpSTMnpy/MozillaCommonVoice-zh-TW_STMall.npy, shape: (7286, 2420)
Loaded: /vast-ac8888/MusicSpeech-STM/STM_output/corpSTMnpy/SpeechClarity_STMall.npy, shape: (555, 2420)
Loaded: /vast-ac8888/MusicSpeech-STM/STM_output/corpSTMnpy/TAT-Vol2_STMall.npy, shape: (793, 2420)
Loaded: /vast-ac8888/MusicSpeech-STM/STM_output/corpSTMnpy/TIMIT_STMall.npy, shape: (479, 2420)
Loaded: /vast-ac8888/MusicSpeech-STM/STM_output/corpSTMnpy/TTS_Javanese_STMall.npy, shape: (3068, 2420)
Loaded: /vast-ac8888/MusicSpeech-STM/STM_output/corpSTMnpy/primewords_chinese_STMall.npy, shape: (47166, 2420)
Loaded: /vast-ac8888/MusicSpeech-STM/STM_output/corpSTMnpy/room_reader_STMall.npy, shape: (146, 2420)
Loaded: /vast-ac8888/MusicSpeech-STM/STM_output/corpSTMnpy/thchs30_STMall.npy, shape: (13327, 2420)
Loaded: /vast-ac8888/MusicSpeech-STM/STM_output/corpSTMnpy/zeroth_korean_STMall.npy, shape: (22255, 2420)
Loaded: /vast-ac8888/MusicSpeech-STM/STM_output/corpSTMnpy/Albouy2020Science_STMall.npy, shape: (123, 2420)
Loaded: /vast-ac8888/MusicSpeech-STM/STM_output/corpSTMnpy/GarlandEncyclopedia_STMall.npy, shape: (296, 2420)
Loaded: /vast-ac8888/MusicSpeech-STM/STM_output/corpSTMnpy/HiltonMoser2022_song_STMall.npy, shape: (803, 2420)
Loaded: /vast-ac8888/MusicSpeech-STM/STM_output/corpSTMnpy/IRMAS_STMall.npy, shape: (2838, 2420)
Loaded: /vast-ac8888/MusicSpeech-STM/STM_output/corpSTMnpy/MTG-Jamendo_STMall.npy, shape: (55699, 2420)
Loaded: /vast-ac8888/MusicSpeech-STM/STM_output/corpSTMnpy/MagnaTagATune_STMall.npy, shape: (25859, 2420)
Loaded: /vast-ac8888/MusicSpeech-STM/STM_output/corpSTMnpy/NHS2_STMall.npy, shape: (1007, 2420)
Loaded: /vast-ac8888/MusicSpeech-STM/STM_output/corpSTMnpy/fma_large_STMall.npy, shape: (106257, 2420)
Loaded: /vast-ac8888/MusicSpeech-STM/STM_output/corpSTMnpy/ismir04_genre_STMall.npy, shape: (2185, 2420)
Loaded: /vast-ac8888/MusicSpeech-STM/STM_output/corpSTMnpy/MacaulayLibrary_STMall.npy, shape: (34565, 2420)
Loaded: /vast-ac8888/MusicSpeech-STM/STM_output/corpSTMnpy/SONYC_STMall.npy, shape: (10798, 2420)
Total samples: 978378, Train: 770393, Val: 102010, Test: 105975
Total parameters: 3,852,722

Starting Kanformer training for 50 epochs...

============================================================
Epoch 1/50
============================================================
  Batch 0/6019, Loss: 1.5587
  Batch 100/6019, Loss: 0.2055
  Batch 200/6019, Loss: 0.2414
  Batch 300/6019, Loss: 0.1815
  Batch 400/6019, Loss: 0.2149
  Batch 500/6019, Loss: 0.1544
  Batch 600/6019, Loss: 0.1326
  Batch 700/6019, Loss: 1299.5236
  Batch 800/6019, Loss: 0.1223
  Batch 900/6019, Loss: 0.1609
  Batch 1000/6019, Loss: 0.1410
  Batch 1100/6019, Loss: 765.8585
  Batch 1200/6019, Loss: 0.1578
  Batch 1300/6019, Loss: 0.1546
  Batch 1400/6019, Loss: 0.1960
  Batch 1500/6019, Loss: 0.1303
  Batch 1600/6019, Loss: 0.1204
  Batch 1700/6019, Loss: 0.0850
  Batch 1800/6019, Loss: 0.1086
  Batch 1900/6019, Loss: 0.1450
  Batch 2000/6019, Loss: 292.1501
  Batch 2100/6019, Loss: 0.0937
  Batch 2200/6019, Loss: 0.1149
  Batch 2300/6019, Loss: 0.1502
  Batch 2400/6019, Loss: 0.1117
  Batch 2500/6019, Loss: 0.1220
  Batch 2600/6019, Loss: 105.1221
  Batch 2700/6019, Loss: 0.1018
  Batch 2800/6019, Loss: 501.8112
  Batch 2900/6019, Loss: 0.0899
  Batch 3000/6019, Loss: 0.0839
  Batch 3100/6019, Loss: 0.1697
  Batch 3200/6019, Loss: 0.0814
  Batch 3300/6019, Loss: 0.1372
  Batch 3400/6019, Loss: 0.1031
  Batch 3500/6019, Loss: 0.1005
  Batch 3600/6019, Loss: 0.0967
  Batch 3700/6019, Loss: 0.1351
  Batch 3800/6019, Loss: 0.0955
  Batch 3900/6019, Loss: 0.1091
  Batch 4000/6019, Loss: 0.1100
  Batch 4100/6019, Loss: 0.0771
  Batch 4200/6019, Loss: 142.4455
  Batch 4300/6019, Loss: 0.1242
  Batch 4400/6019, Loss: 0.0953
  Batch 4500/6019, Loss: 0.0712
  Batch 4600/6019, Loss: 0.0855
  Batch 4700/6019, Loss: 0.1100
  Batch 4800/6019, Loss: 0.0852
  Batch 4900/6019, Loss: 0.1043
  Batch 5000/6019, Loss: 0.1190
  Batch 5100/6019, Loss: 0.1089
  Batch 5200/6019, Loss: 0.1003
  Batch 5300/6019, Loss: 0.1404
  Batch 5400/6019, Loss: 0.0834
  Batch 5500/6019, Loss: 0.1206
  Batch 5600/6019, Loss: 0.0953
  Batch 5700/6019, Loss: 0.0883
  Batch 5800/6019, Loss: 0.1118
  Batch 5900/6019, Loss: 0.0999
  Batch 6000/6019, Loss: 0.1191
Train Loss: 60.8128
Val Loss: 0.0965, Val Macro F1: 0.7650
Learning rate: 0.000020
✓ Saved best model with Val F1: 0.7650

============================================================
Epoch 2/50
============================================================
  Batch 0/6019, Loss: 0.1279
  Batch 100/6019, Loss: 0.0773
  Batch 200/6019, Loss: 0.0721
  Batch 300/6019, Loss: 0.0946
  Batch 400/6019, Loss: 0.0990
  Batch 500/6019, Loss: 0.0784
  Batch 600/6019, Loss: 0.0785
  Batch 700/6019, Loss: 0.0795
  Batch 800/6019, Loss: 0.0901
  Batch 900/6019, Loss: 0.0763
  Batch 1000/6019, Loss: 0.0616
  Batch 1100/6019, Loss: 0.0968
  Batch 1200/6019, Loss: 0.1146
  Batch 1300/6019, Loss: 0.0910
  Batch 1400/6019, Loss: 0.0640
  Batch 1500/6019, Loss: 0.1156
  Batch 1600/6019, Loss: 0.1047
  Batch 1700/6019, Loss: 0.1132
  Batch 1800/6019, Loss: 0.0878
  Batch 1900/6019, Loss: 0.0796
  Batch 2000/6019, Loss: 0.0762
  Batch 2100/6019, Loss: 0.0761
  Batch 2200/6019, Loss: 0.0449
  Batch 2300/6019, Loss: 0.1042
  Batch 2400/6019, Loss: 0.0707
  Batch 2500/6019, Loss: 0.0892
  Batch 2600/6019, Loss: 0.0818
  Batch 2700/6019, Loss: 0.0774
  Batch 2800/6019, Loss: 0.0737
  Batch 2900/6019, Loss: 0.0792
  Batch 3000/6019, Loss: 0.0741
  Batch 3100/6019, Loss: 0.0891
  Batch 3200/6019, Loss: 0.0785
  Batch 3300/6019, Loss: 0.0581
  Batch 3400/6019, Loss: 0.0663
  Batch 3500/6019, Loss: 0.0892
  Batch 3600/6019, Loss: 0.0900
  Batch 3700/6019, Loss: 0.0805
  Batch 3800/6019, Loss: 0.0991
  Batch 3900/6019, Loss: 0.0914
  Batch 4000/6019, Loss: 0.0787
  Batch 4100/6019, Loss: 0.1143
  Batch 4200/6019, Loss: 0.0582
  Batch 4300/6019, Loss: 0.0487
  Batch 4400/6019, Loss: 0.0812
  Batch 4500/6019, Loss: 0.0768
  Batch 4600/6019, Loss: 0.0775
  Batch 4700/6019, Loss: 0.1273
  Batch 4800/6019, Loss: 0.1192
  Batch 4900/6019, Loss: 0.1206
  Batch 5000/6019, Loss: 0.1400
  Batch 5100/6019, Loss: 0.0615
  Batch 5200/6019, Loss: 0.0945
  Batch 5300/6019, Loss: 0.1272
  Batch 5400/6019, Loss: 0.0757
  Batch 5500/6019, Loss: 0.1014
  Batch 5600/6019, Loss: 0.0826
  Batch 5700/6019, Loss: 0.0566
  Batch 5800/6019, Loss: 0.1388
  Batch 5900/6019, Loss: 0.0747
  Batch 6000/6019, Loss: 0.0719
Train Loss: 0.0938
Val Loss: 0.0839, Val Macro F1: 0.8037
Learning rate: 0.000040
✓ Saved best model with Val F1: 0.8037

============================================================
Epoch 3/50
============================================================
  Batch 0/6019, Loss: 0.0789
  Batch 100/6019, Loss: 0.0703
  Batch 200/6019, Loss: 0.0846
  Batch 300/6019, Loss: 0.0645
  Batch 400/6019, Loss: 0.1014
  Batch 500/6019, Loss: 0.0816
  Batch 600/6019, Loss: 0.0879
  Batch 700/6019, Loss: 0.0762
  Batch 800/6019, Loss: 0.0926
  Batch 900/6019, Loss: 0.1069
  Batch 1000/6019, Loss: 0.0540
  Batch 1100/6019, Loss: 0.0924
  Batch 1200/6019, Loss: 0.0721
  Batch 1300/6019, Loss: 0.0522
  Batch 1400/6019, Loss: 0.0754
  Batch 1500/6019, Loss: 0.0720
  Batch 1600/6019, Loss: 0.0810
  Batch 1700/6019, Loss: 0.0558
  Batch 1800/6019, Loss: 0.1141
  Batch 1900/6019, Loss: 0.0687
  Batch 2000/6019, Loss: 0.0519
  Batch 2100/6019, Loss: 0.0636
  Batch 2200/6019, Loss: 0.0620
  Batch 2300/6019, Loss: 0.1039
  Batch 2400/6019, Loss: 0.0843
  Batch 2500/6019, Loss: 0.1038
  Batch 2600/6019, Loss: 0.0826
  Batch 2700/6019, Loss: 0.0891
  Batch 2800/6019, Loss: 0.0714
  Batch 2900/6019, Loss: 0.0590
  Batch 3000/6019, Loss: 0.0967
  Batch 3100/6019, Loss: 0.0657
  Batch 3200/6019, Loss: 0.0802
  Batch 3300/6019, Loss: 0.1124
  Batch 3400/6019, Loss: 0.0645
  Batch 3500/6019, Loss: 0.0698
  Batch 3600/6019, Loss: 0.0528
  Batch 3700/6019, Loss: 0.0485
  Batch 3800/6019, Loss: 0.0616
  Batch 3900/6019, Loss: 0.0651
  Batch 4000/6019, Loss: 0.0716
  Batch 4100/6019, Loss: 0.0641
  Batch 4200/6019, Loss: 0.0931
  Batch 4300/6019, Loss: 0.0924
  Batch 4400/6019, Loss: 0.0923
  Batch 4500/6019, Loss: 0.0600
  Batch 4600/6019, Loss: 0.0653
  Batch 4700/6019, Loss: 0.0695
  Batch 4800/6019, Loss: 0.0865
  Batch 4900/6019, Loss: 0.0923
  Batch 5000/6019, Loss: 0.0741
  Batch 5100/6019, Loss: 0.0710
  Batch 5200/6019, Loss: 0.0732
  Batch 5300/6019, Loss: 0.0689
  Batch 5400/6019, Loss: 0.0682
  Batch 5500/6019, Loss: 0.1548
  Batch 5600/6019, Loss: 0.0602
  Batch 5700/6019, Loss: 0.0475
  Batch 5800/6019, Loss: 0.0696
  Batch 5900/6019, Loss: 0.0827
  Batch 6000/6019, Loss: 0.0668
Train Loss: 0.0772
Val Loss: 0.0760, Val Macro F1: 0.8174
Learning rate: 0.000060
✓ Saved best model with Val F1: 0.8174

============================================================
Epoch 4/50
============================================================
  Batch 0/6019, Loss: 0.0549
  Batch 100/6019, Loss: 0.0480
  Batch 200/6019, Loss: 0.0710
  Batch 300/6019, Loss: 0.0660
  Batch 400/6019, Loss: 0.0923
  Batch 500/6019, Loss: 0.0882
  Batch 600/6019, Loss: 0.0847
  Batch 700/6019, Loss: 0.0757
  Batch 800/6019, Loss: 0.0812
  Batch 900/6019, Loss: 0.0517
  Batch 1000/6019, Loss: 0.0560
  Batch 1100/6019, Loss: 0.0549
  Batch 1200/6019, Loss: 0.0829
  Batch 1300/6019, Loss: 0.0675
  Batch 1400/6019, Loss: 0.0826
  Batch 1500/6019, Loss: 0.0872
  Batch 1600/6019, Loss: 0.0867
  Batch 1700/6019, Loss: 0.0788
  Batch 1800/6019, Loss: 0.1086
  Batch 1900/6019, Loss: 0.0697
  Batch 2000/6019, Loss: 0.0566
  Batch 2100/6019, Loss: 0.0690
  Batch 2200/6019, Loss: 0.0530
  Batch 2300/6019, Loss: 0.0512
  Batch 2400/6019, Loss: 0.0740
  Batch 2500/6019, Loss: 0.0486
  Batch 2600/6019, Loss: 0.1019
  Batch 2700/6019, Loss: 0.0580
  Batch 2800/6019, Loss: 0.0822
  Batch 2900/6019, Loss: 0.0939
  Batch 3000/6019, Loss: 0.0903
  Batch 3100/6019, Loss: 0.0738
  Batch 3200/6019, Loss: 0.0716
  Batch 3300/6019, Loss: 0.0766
  Batch 3400/6019, Loss: 0.0680
  Batch 3500/6019, Loss: 0.0756
  Batch 3600/6019, Loss: 0.0584
  Batch 3700/6019, Loss: 0.1004
  Batch 3800/6019, Loss: 0.1077
  Batch 3900/6019, Loss: 0.0694
  Batch 4000/6019, Loss: 0.0752
  Batch 4100/6019, Loss: 0.0754
  Batch 4200/6019, Loss: 0.0727
  Batch 4300/6019, Loss: 0.0557
  Batch 4400/6019, Loss: 0.0914
  Batch 4500/6019, Loss: 0.0747
  Batch 4600/6019, Loss: 0.0578
  Batch 4700/6019, Loss: 0.0588
  Batch 4800/6019, Loss: 0.1255
  Batch 4900/6019, Loss: 0.0730
  Batch 5000/6019, Loss: 0.0670
  Batch 5100/6019, Loss: 0.1279
  Batch 5200/6019, Loss: 0.0539
  Batch 5300/6019, Loss: 0.0419
  Batch 5400/6019, Loss: 0.0560
  Batch 5500/6019, Loss: 0.0801
  Batch 5600/6019, Loss: 0.0926
  Batch 5700/6019, Loss: 0.0693
  Batch 5800/6019, Loss: 0.0655
  Batch 5900/6019, Loss: 0.0758
  Batch 6000/6019, Loss: 0.0511
Train Loss: 0.0723
Val Loss: 0.0715, Val Macro F1: 0.8237
Learning rate: 0.000080
✓ Saved best model with Val F1: 0.8237

============================================================
Epoch 5/50
============================================================
  Batch 0/6019, Loss: 0.0760
  Batch 100/6019, Loss: 0.0803
  Batch 200/6019, Loss: 0.0578
  Batch 300/6019, Loss: 0.0643
  Batch 400/6019, Loss: 0.0883
  Batch 500/6019, Loss: 0.0569
  Batch 600/6019, Loss: 0.0556
  Batch 700/6019, Loss: 0.0571
  Batch 800/6019, Loss: 0.0668
  Batch 900/6019, Loss: 0.0926
  Batch 1000/6019, Loss: 0.0913
  Batch 1100/6019, Loss: 0.0966
  Batch 1200/6019, Loss: 0.0500
  Batch 1300/6019, Loss: 0.1136
  Batch 1400/6019, Loss: 0.0599
  Batch 1500/6019, Loss: 0.0666
  Batch 1600/6019, Loss: 0.0466
  Batch 1700/6019, Loss: 0.0627
  Batch 1800/6019, Loss: 0.0659
  Batch 1900/6019, Loss: 0.0584
  Batch 2000/6019, Loss: 0.0616
  Batch 2100/6019, Loss: 0.1387
  Batch 2200/6019, Loss: 0.0951
  Batch 2300/6019, Loss: 0.0930
  Batch 2400/6019, Loss: 0.0506
  Batch 2500/6019, Loss: 0.0424
  Batch 2600/6019, Loss: 0.0658
  Batch 2700/6019, Loss: 0.0476
  Batch 2800/6019, Loss: 0.0581
  Batch 2900/6019, Loss: 0.0648
  Batch 3000/6019, Loss: 0.0490
  Batch 3100/6019, Loss: 0.0500
  Batch 3200/6019, Loss: 0.0618
  Batch 3300/6019, Loss: 0.0538
  Batch 3400/6019, Loss: 0.1062
  Batch 3500/6019, Loss: 0.0740
  Batch 3600/6019, Loss: 0.0681
  Batch 3700/6019, Loss: 0.0733
  Batch 3800/6019, Loss: 0.1137
  Batch 3900/6019, Loss: 0.0636
  Batch 4000/6019, Loss: 0.0591
  Batch 4100/6019, Loss: 0.0796
  Batch 4200/6019, Loss: 0.0500
  Batch 4300/6019, Loss: 0.0522
  Batch 4400/6019, Loss: 0.0498
  Batch 4500/6019, Loss: 0.1041
  Batch 4600/6019, Loss: 0.0499
  Batch 4700/6019, Loss: 0.0380
  Batch 4800/6019, Loss: 0.0538
  Batch 4900/6019, Loss: 0.0586
  Batch 5000/6019, Loss: 0.0558
  Batch 5100/6019, Loss: 0.0664
  Batch 5200/6019, Loss: 0.0619
  Batch 5300/6019, Loss: 0.0530
  Batch 5400/6019, Loss: 0.0602
  Batch 5500/6019, Loss: 0.0448
  Batch 5600/6019, Loss: 0.0790
  Batch 5700/6019, Loss: 0.0691
  Batch 5800/6019, Loss: 0.0552
  Batch 5900/6019, Loss: 0.1111
  Batch 6000/6019, Loss: 0.0666
Train Loss: 0.0689
Val Loss: 0.0802, Val Macro F1: 0.8008
Learning rate: 0.000100

============================================================
Epoch 6/50
============================================================
  Batch 0/6019, Loss: 0.0546
  Batch 100/6019, Loss: 0.0829
  Batch 200/6019, Loss: 0.0464
  Batch 300/6019, Loss: 0.0717
  Batch 400/6019, Loss: 0.1609
  Batch 500/6019, Loss: 0.0582
  Batch 600/6019, Loss: 0.0899
  Batch 700/6019, Loss: 0.0606
  Batch 800/6019, Loss: 0.1019
  Batch 900/6019, Loss: 0.0565
  Batch 1000/6019, Loss: 0.0749
  Batch 1100/6019, Loss: 0.0674
  Batch 1200/6019, Loss: 0.0636
  Batch 1300/6019, Loss: 0.0513
  Batch 1400/6019, Loss: 0.0602
  Batch 1500/6019, Loss: 0.0783
  Batch 1600/6019, Loss: 0.0600
  Batch 1700/6019, Loss: 0.0590
  Batch 1800/6019, Loss: 0.0687
  Batch 1900/6019, Loss: 0.0614
  Batch 2000/6019, Loss: 0.0407
  Batch 2100/6019, Loss: 0.0486
  Batch 2200/6019, Loss: 0.0704
  Batch 2300/6019, Loss: 0.0773
  Batch 2400/6019, Loss: 0.0712
  Batch 2500/6019, Loss: 0.0973
  Batch 2600/6019, Loss: 0.0677
  Batch 2700/6019, Loss: 0.0658
  Batch 2800/6019, Loss: 0.0562
  Batch 2900/6019, Loss: 0.0645
  Batch 3000/6019, Loss: 0.0876
  Batch 3100/6019, Loss: 0.0610
  Batch 3200/6019, Loss: 0.0960
  Batch 3300/6019, Loss: 0.0593
  Batch 3400/6019, Loss: 0.0633
  Batch 3500/6019, Loss: 0.0961
  Batch 3600/6019, Loss: 0.0548
  Batch 3700/6019, Loss: 0.0548
  Batch 3800/6019, Loss: 0.0501
  Batch 3900/6019, Loss: 0.0554
  Batch 4000/6019, Loss: 0.0672
  Batch 4100/6019, Loss: 0.0549
  Batch 4200/6019, Loss: 0.0553
  Batch 4300/6019, Loss: 0.0572
  Batch 4400/6019, Loss: 0.0516
  Batch 4500/6019, Loss: 0.0706
  Batch 4600/6019, Loss: 0.0564
  Batch 4700/6019, Loss: 0.0472
  Batch 4800/6019, Loss: 0.0747
  Batch 4900/6019, Loss: 0.0762
  Batch 5000/6019, Loss: 0.0766
  Batch 5100/6019, Loss: 0.0668
  Batch 5200/6019, Loss: 0.0621
  Batch 5300/6019, Loss: 0.0691
  Batch 5400/6019, Loss: 0.0514
  Batch 5500/6019, Loss: 0.0498
  Batch 5600/6019, Loss: 0.0641
  Batch 5700/6019, Loss: 0.0598
  Batch 5800/6019, Loss: 0.0821
  Batch 5900/6019, Loss: 0.0376
  Batch 6000/6019, Loss: 0.0525
Train Loss: 0.0643
Val Loss: 0.0775, Val Macro F1: 0.8136
Learning rate: 0.000100

============================================================
Epoch 7/50
============================================================
  Batch 0/6019, Loss: 0.0618
  Batch 100/6019, Loss: 0.0538
  Batch 200/6019, Loss: 0.0745
  Batch 300/6019, Loss: 0.0800
  Batch 400/6019, Loss: 0.0403
  Batch 500/6019, Loss: 0.0558
  Batch 600/6019, Loss: 0.0414
  Batch 700/6019, Loss: 0.0721
  Batch 800/6019, Loss: 0.0490
  Batch 900/6019, Loss: 0.0559
  Batch 1000/6019, Loss: 0.0451
  Batch 1100/6019, Loss: 0.0698
  Batch 1200/6019, Loss: 0.0619
  Batch 1300/6019, Loss: 0.0901
  Batch 1400/6019, Loss: 0.0734
  Batch 1500/6019, Loss: 0.0734
  Batch 1600/6019, Loss: 0.0511
  Batch 1700/6019, Loss: 0.0666
  Batch 1800/6019, Loss: 0.0548
  Batch 1900/6019, Loss: 0.0354
  Batch 2000/6019, Loss: 0.0403
  Batch 2100/6019, Loss: 0.0502
  Batch 2200/6019, Loss: 0.0551
  Batch 2300/6019, Loss: 0.0466
  Batch 2400/6019, Loss: 0.0802
  Batch 2500/6019, Loss: 0.0478
  Batch 2600/6019, Loss: 0.0649
  Batch 2700/6019, Loss: 0.0604
  Batch 2800/6019, Loss: 0.0634
  Batch 2900/6019, Loss: 0.0655
  Batch 3000/6019, Loss: 0.0476
  Batch 3100/6019, Loss: 0.0554
  Batch 3200/6019, Loss: 0.0968
  Batch 3300/6019, Loss: 0.0417
  Batch 3400/6019, Loss: 0.0861
  Batch 3500/6019, Loss: 0.0608
  Batch 3600/6019, Loss: 0.0417
  Batch 3700/6019, Loss: 0.0435
  Batch 3800/6019, Loss: 0.0654
  Batch 3900/6019, Loss: 0.0528
  Batch 4000/6019, Loss: 0.0460
  Batch 4100/6019, Loss: 0.0578
  Batch 4200/6019, Loss: 0.0495
  Batch 4300/6019, Loss: 0.0635
  Batch 4400/6019, Loss: 0.0737
  Batch 4500/6019, Loss: 0.0725
  Batch 4600/6019, Loss: 0.0819
  Batch 4700/6019, Loss: 0.1188
  Batch 4800/6019, Loss: 0.0354
  Batch 4900/6019, Loss: 0.0622
  Batch 5000/6019, Loss: 0.0520
  Batch 5100/6019, Loss: 0.0720
  Batch 5200/6019, Loss: 0.0491
  Batch 5300/6019, Loss: 0.0476
  Batch 5400/6019, Loss: 0.0521
  Batch 5500/6019, Loss: 0.0345
  Batch 5600/6019, Loss: 0.0718
  Batch 5700/6019, Loss: 0.0534
  Batch 5800/6019, Loss: 0.0513
  Batch 5900/6019, Loss: 0.0477
  Batch 6000/6019, Loss: 0.0460
Train Loss: 0.0612
Val Loss: 0.0783, Val Macro F1: 0.7948
Learning rate: 0.000100

============================================================
Epoch 8/50
============================================================
  Batch 0/6019, Loss: 0.0482
  Batch 100/6019, Loss: 0.0564
  Batch 200/6019, Loss: 0.0529
  Batch 300/6019, Loss: 0.0457
  Batch 400/6019, Loss: 0.0733
  Batch 500/6019, Loss: 0.0501
  Batch 600/6019, Loss: 0.0997
  Batch 700/6019, Loss: 0.0500
  Batch 800/6019, Loss: 0.0596
  Batch 900/6019, Loss: 0.0480
  Batch 1000/6019, Loss: 0.0665
  Batch 1100/6019, Loss: 0.0547
  Batch 1200/6019, Loss: 0.0495
  Batch 1300/6019, Loss: 0.0755
  Batch 1400/6019, Loss: 0.0399
  Batch 1500/6019, Loss: 0.0583
  Batch 1600/6019, Loss: 0.0618
  Batch 1700/6019, Loss: 0.0557
  Batch 1800/6019, Loss: 0.0584
  Batch 1900/6019, Loss: 0.0601
  Batch 2000/6019, Loss: 0.0483
  Batch 2100/6019, Loss: 0.0857
  Batch 2200/6019, Loss: 0.0654
  Batch 2300/6019, Loss: 0.0476
  Batch 2400/6019, Loss: 0.0698
  Batch 2500/6019, Loss: 0.0486
  Batch 2600/6019, Loss: 0.0453
  Batch 2700/6019, Loss: 0.0694
  Batch 2800/6019, Loss: 0.0454
  Batch 2900/6019, Loss: 0.0757
  Batch 3000/6019, Loss: 0.0654
  Batch 3100/6019, Loss: 0.0512
  Batch 3200/6019, Loss: 0.0658
  Batch 3300/6019, Loss: 0.0844
  Batch 3400/6019, Loss: 0.0460
  Batch 3500/6019, Loss: 0.0592
  Batch 3600/6019, Loss: 0.0370
  Batch 3700/6019, Loss: 0.0667
  Batch 3800/6019, Loss: 0.0726
  Batch 3900/6019, Loss: 0.0419
  Batch 4000/6019, Loss: 0.0572
  Batch 4100/6019, Loss: 0.0522
  Batch 4200/6019, Loss: 0.0770
  Batch 4300/6019, Loss: 0.0488
  Batch 4400/6019, Loss: 0.0722
  Batch 4500/6019, Loss: 0.0547
  Batch 4600/6019, Loss: 0.0571
  Batch 4700/6019, Loss: 0.0509
  Batch 4800/6019, Loss: 0.0411
  Batch 4900/6019, Loss: 0.0675
  Batch 5000/6019, Loss: 0.0708
  Batch 5100/6019, Loss: 0.0429
  Batch 5200/6019, Loss: 0.0780
  Batch 5300/6019, Loss: 0.0907
  Batch 5400/6019, Loss: 0.0576
  Batch 5500/6019, Loss: 0.0667
  Batch 5600/6019, Loss: 0.0489
  Batch 5700/6019, Loss: 0.0448
  Batch 5800/6019, Loss: 0.0761
  Batch 5900/6019, Loss: 0.0535
  Batch 6000/6019, Loss: 0.0574
Train Loss: 0.0584
Val Loss: 0.0628, Val Macro F1: 0.8415
Learning rate: 0.000099
✓ Saved best model with Val F1: 0.8415

============================================================
Epoch 9/50
============================================================
  Batch 0/6019, Loss: 0.0518
  Batch 100/6019, Loss: 0.0555
  Batch 200/6019, Loss: 0.0505
  Batch 300/6019, Loss: 0.0435
  Batch 400/6019, Loss: 0.0631
  Batch 500/6019, Loss: 0.0388
  Batch 600/6019, Loss: 0.0590
  Batch 700/6019, Loss: 0.0593
  Batch 800/6019, Loss: 0.0753
  Batch 900/6019, Loss: 0.0733
  Batch 1000/6019, Loss: 0.0404
  Batch 1100/6019, Loss: 0.0530
  Batch 1200/6019, Loss: 0.0507
  Batch 1300/6019, Loss: 0.0437
  Batch 1400/6019, Loss: 0.0435
  Batch 1500/6019, Loss: 0.0534
  Batch 1600/6019, Loss: 0.0482
  Batch 1700/6019, Loss: 0.0709
  Batch 1800/6019, Loss: 0.0667
  Batch 1900/6019, Loss: 0.0469
  Batch 2000/6019, Loss: 0.0794
  Batch 2100/6019, Loss: 0.0841
  Batch 2200/6019, Loss: 0.0581
  Batch 2300/6019, Loss: 0.0420
  Batch 2400/6019, Loss: 0.0646
  Batch 2500/6019, Loss: 0.0546
  Batch 2600/6019, Loss: 0.0684
  Batch 2700/6019, Loss: 0.0609
  Batch 2800/6019, Loss: 0.0411
  Batch 2900/6019, Loss: 0.0598
  Batch 3000/6019, Loss: 0.0565
  Batch 3100/6019, Loss: 0.0498
  Batch 3200/6019, Loss: 0.0447
  Batch 3300/6019, Loss: 0.0589
  Batch 3400/6019, Loss: 0.0625
  Batch 3500/6019, Loss: 0.0614
  Batch 3600/6019, Loss: 0.0641
  Batch 3700/6019, Loss: 0.0685
  Batch 3800/6019, Loss: 0.0570
  Batch 3900/6019, Loss: 0.0471
  Batch 4000/6019, Loss: 0.0523
  Batch 4100/6019, Loss: 0.0677
  Batch 4200/6019, Loss: 0.0813
  Batch 4300/6019, Loss: 0.0496
  Batch 4400/6019, Loss: 0.0871
  Batch 4500/6019, Loss: 0.0751
  Batch 4600/6019, Loss: 0.0644
  Batch 4700/6019, Loss: 0.0422
  Batch 4800/6019, Loss: 0.0421
  Batch 4900/6019, Loss: 0.0478
  Batch 5000/6019, Loss: 0.0641
  Batch 5100/6019, Loss: 0.0681
  Batch 5200/6019, Loss: 0.0500
  Batch 5300/6019, Loss: 0.0470
  Batch 5400/6019, Loss: 0.0564
  Batch 5500/6019, Loss: 0.0413
  Batch 5600/6019, Loss: 0.0586
  Batch 5700/6019, Loss: 0.0424
  Batch 5800/6019, Loss: 0.0620
  Batch 5900/6019, Loss: 0.0672
  Batch 6000/6019, Loss: 0.0474
Train Loss: 0.0562
Val Loss: 0.0661, Val Macro F1: 0.8268
Learning rate: 0.000098

============================================================
Epoch 10/50
============================================================
  Batch 0/6019, Loss: 0.0714
  Batch 100/6019, Loss: 0.0575
  Batch 200/6019, Loss: 0.0444
  Batch 300/6019, Loss: 0.0609
  Batch 400/6019, Loss: 0.0442
  Batch 500/6019, Loss: 0.0363
  Batch 600/6019, Loss: 0.0296
  Batch 700/6019, Loss: 0.0775
  Batch 800/6019, Loss: 0.0343
  Batch 900/6019, Loss: 0.0606
  Batch 1000/6019, Loss: 0.0303
  Batch 1100/6019, Loss: 0.0394
  Batch 1200/6019, Loss: 0.0471
  Batch 1300/6019, Loss: 0.0611
  Batch 1400/6019, Loss: 0.0617
  Batch 1500/6019, Loss: 0.0363
  Batch 1600/6019, Loss: 0.0381
  Batch 1700/6019, Loss: 0.0910
  Batch 1800/6019, Loss: 0.0468
  Batch 1900/6019, Loss: 0.0303
  Batch 2000/6019, Loss: 0.0581
  Batch 2100/6019, Loss: 0.0552
  Batch 2200/6019, Loss: 0.0395
  Batch 2300/6019, Loss: 0.0650
  Batch 2400/6019, Loss: 0.0556
  Batch 2500/6019, Loss: 0.0741
  Batch 2600/6019, Loss: 0.0614
  Batch 2700/6019, Loss: 0.0874
  Batch 2800/6019, Loss: 0.0428
  Batch 2900/6019, Loss: 0.0386
  Batch 3000/6019, Loss: 0.0568
  Batch 3100/6019, Loss: 0.0367
  Batch 3200/6019, Loss: 0.0423
  Batch 3300/6019, Loss: 0.0789
  Batch 3400/6019, Loss: 0.0507
  Batch 3500/6019, Loss: 0.0835
  Batch 3600/6019, Loss: 0.0572
  Batch 3700/6019, Loss: 0.0584
  Batch 3800/6019, Loss: 0.0535
  Batch 3900/6019, Loss: 0.0341
  Batch 4000/6019, Loss: 0.0598
  Batch 4100/6019, Loss: 0.0636
  Batch 4200/6019, Loss: 0.0518
  Batch 4300/6019, Loss: 0.0570
  Batch 4400/6019, Loss: 0.0377
  Batch 4500/6019, Loss: 0.0754
  Batch 4600/6019, Loss: 0.0769
  Batch 4700/6019, Loss: 0.0567
  Batch 4800/6019, Loss: 0.0485
  Batch 4900/6019, Loss: 0.0604
  Batch 5000/6019, Loss: 0.0604
  Batch 5100/6019, Loss: 0.0413
  Batch 5200/6019, Loss: 0.0518
  Batch 5300/6019, Loss: 0.1055
  Batch 5400/6019, Loss: 0.0713
  Batch 5500/6019, Loss: 0.0697
  Batch 5600/6019, Loss: 0.0672
  Batch 5700/6019, Loss: 0.0596
  Batch 5800/6019, Loss: 0.0357
  Batch 5900/6019, Loss: 0.0571
  Batch 6000/6019, Loss: 0.0506
Train Loss: 0.0539
Val Loss: 0.0672, Val Macro F1: 0.8389
Learning rate: 0.000098

============================================================
Epoch 11/50
============================================================
  Batch 0/6019, Loss: 0.0634
  Batch 100/6019, Loss: 0.0449
  Batch 200/6019, Loss: 0.0600
  Batch 300/6019, Loss: 0.0453
  Batch 400/6019, Loss: 0.0363
  Batch 500/6019, Loss: 0.0489
  Batch 600/6019, Loss: 0.0662
  Batch 700/6019, Loss: 0.0429
  Batch 800/6019, Loss: 0.0558
  Batch 900/6019, Loss: 0.0420
  Batch 1000/6019, Loss: 0.0683
  Batch 1100/6019, Loss: 0.0430
  Batch 1200/6019, Loss: 0.0266
  Batch 1300/6019, Loss: 0.0402
  Batch 1400/6019, Loss: 0.0473
  Batch 1500/6019, Loss: 0.0414
  Batch 1600/6019, Loss: 0.0500
  Batch 1700/6019, Loss: 0.0371
  Batch 1800/6019, Loss: 0.0445
  Batch 1900/6019, Loss: 0.0676
  Batch 2000/6019, Loss: 0.0345
  Batch 2100/6019, Loss: 0.0474
  Batch 2200/6019, Loss: 0.0344
  Batch 2300/6019, Loss: 0.0548
  Batch 2400/6019, Loss: 0.0558
  Batch 2500/6019, Loss: 0.0369
  Batch 2600/6019, Loss: 0.0661
  Batch 2700/6019, Loss: 0.0312
  Batch 2800/6019, Loss: 0.0467
  Batch 2900/6019, Loss: 0.0424
  Batch 3000/6019, Loss: 0.0388
  Batch 3100/6019, Loss: 0.0429
  Batch 3200/6019, Loss: 0.0567
  Batch 3300/6019, Loss: 0.0534
  Batch 3400/6019, Loss: 0.0463
  Batch 3500/6019, Loss: 0.0444
  Batch 3600/6019, Loss: 0.0758
  Batch 3700/6019, Loss: 0.0643
  Batch 3800/6019, Loss: 0.0727
  Batch 3900/6019, Loss: 0.0492
  Batch 4000/6019, Loss: 0.0873
  Batch 4100/6019, Loss: 0.0582
  Batch 4200/6019, Loss: 0.0661
  Batch 4300/6019, Loss: 0.0650
  Batch 4400/6019, Loss: 0.0558
  Batch 4500/6019, Loss: 0.0486
  Batch 4600/6019, Loss: 0.0619
  Batch 4700/6019, Loss: 0.0480
  Batch 4800/6019, Loss: 0.0530
  Batch 4900/6019, Loss: 0.0504
  Batch 5000/6019, Loss: 0.0560
  Batch 5100/6019, Loss: 0.0321
  Batch 5200/6019, Loss: 0.0440
  Batch 5300/6019, Loss: 0.0405
  Batch 5400/6019, Loss: 0.0358
  Batch 5500/6019, Loss: 0.0465
  Batch 5600/6019, Loss: 0.0433
  Batch 5700/6019, Loss: 0.0435
  Batch 5800/6019, Loss: 0.0549
  Batch 5900/6019, Loss: 0.0258
  Batch 6000/6019, Loss: 0.0561
Train Loss: 0.0521
Val Loss: 0.0639, Val Macro F1: 0.8293
Learning rate: 0.000097

============================================================
Epoch 12/50
============================================================
  Batch 0/6019, Loss: 0.0598
  Batch 100/6019, Loss: 0.0583
  Batch 200/6019, Loss: 0.0380
  Batch 300/6019, Loss: 0.0648
  Batch 400/6019, Loss: 0.0337
  Batch 500/6019, Loss: 0.0487
  Batch 600/6019, Loss: 0.0389
  Batch 700/6019, Loss: 0.0514
  Batch 800/6019, Loss: 0.0491
  Batch 900/6019, Loss: 0.0616
  Batch 1000/6019, Loss: 0.0344
  Batch 1100/6019, Loss: 0.0447
  Batch 1200/6019, Loss: 0.0853
  Batch 1300/6019, Loss: 0.0560
  Batch 1400/6019, Loss: 0.0584
  Batch 1500/6019, Loss: 0.0416
  Batch 1600/6019, Loss: 0.0360
  Batch 1700/6019, Loss: 0.0350
  Batch 1800/6019, Loss: 0.0768
  Batch 1900/6019, Loss: 0.0337
  Batch 2000/6019, Loss: 0.0369
  Batch 2100/6019, Loss: 0.0354
  Batch 2200/6019, Loss: 0.0342
  Batch 2300/6019, Loss: 0.0430
  Batch 2400/6019, Loss: 0.0404
  Batch 2500/6019, Loss: 0.0357
  Batch 2600/6019, Loss: 0.0550
  Batch 2700/6019, Loss: 0.0344
  Batch 2800/6019, Loss: 0.0599
  Batch 2900/6019, Loss: 0.0594
  Batch 3000/6019, Loss: 0.0419
  Batch 3100/6019, Loss: 0.0499
  Batch 3200/6019, Loss: 0.0540
  Batch 3300/6019, Loss: 0.0371
  Batch 3400/6019, Loss: 0.0267
  Batch 3500/6019, Loss: 0.0519
  Batch 3600/6019, Loss: 0.0334
  Batch 3700/6019, Loss: 0.0534
  Batch 3800/6019, Loss: 0.0302
  Batch 3900/6019, Loss: 0.0757
  Batch 4000/6019, Loss: 0.0657
  Batch 4100/6019, Loss: 0.0510
  Batch 4200/6019, Loss: 0.0481
  Batch 4300/6019, Loss: 0.0547
  Batch 4400/6019, Loss: 0.0434
  Batch 4500/6019, Loss: 0.0325
  Batch 4600/6019, Loss: 0.0625
  Batch 4700/6019, Loss: 0.1109
  Batch 4800/6019, Loss: 0.0513
  Batch 4900/6019, Loss: 0.0454
  Batch 5000/6019, Loss: 0.0687
  Batch 5100/6019, Loss: 0.0343
  Batch 5200/6019, Loss: 0.0478
  Batch 5300/6019, Loss: 0.0493
  Batch 5400/6019, Loss: 0.0552
  Batch 5500/6019, Loss: 0.0638
  Batch 5600/6019, Loss: 0.0727
  Batch 5700/6019, Loss: 0.0520
  Batch 5800/6019, Loss: 0.0552
  Batch 5900/6019, Loss: 0.0361
  Batch 6000/6019, Loss: 0.0514
Train Loss: 0.0503
Val Loss: 0.0656, Val Macro F1: 0.8408
Learning rate: 0.000095

============================================================
Epoch 13/50
============================================================
  Batch 0/6019, Loss: 0.0537
  Batch 100/6019, Loss: 0.0243
  Batch 200/6019, Loss: 0.0501
  Batch 300/6019, Loss: 0.0367
  Batch 400/6019, Loss: 0.0566
  Batch 500/6019, Loss: 0.0637
  Batch 600/6019, Loss: 0.0487
  Batch 700/6019, Loss: 0.0419
  Batch 800/6019, Loss: 0.0373
  Batch 900/6019, Loss: 0.0420
  Batch 1000/6019, Loss: 0.0345
  Batch 1100/6019, Loss: 0.0518
  Batch 1200/6019, Loss: 0.0394
  Batch 1300/6019, Loss: 0.0465
  Batch 1400/6019, Loss: 0.0365
  Batch 1500/6019, Loss: 0.0500
  Batch 1600/6019, Loss: 0.0369
  Batch 1700/6019, Loss: 0.0251
  Batch 1800/6019, Loss: 0.0582
  Batch 1900/6019, Loss: 0.0484
  Batch 2000/6019, Loss: 0.0402
  Batch 2100/6019, Loss: 0.0536
  Batch 2200/6019, Loss: 0.0477
  Batch 2300/6019, Loss: 0.0510
  Batch 2400/6019, Loss: 0.0484
  Batch 2500/6019, Loss: 0.0647
  Batch 2600/6019, Loss: 0.0492
  Batch 2700/6019, Loss: 0.0416
  Batch 2800/6019, Loss: 0.0414
  Batch 2900/6019, Loss: 0.0484
  Batch 3000/6019, Loss: 0.0435
  Batch 3100/6019, Loss: 0.0430
  Batch 3200/6019, Loss: 0.0634
  Batch 3300/6019, Loss: 0.0550
  Batch 3400/6019, Loss: 0.0272
  Batch 3500/6019, Loss: 0.0367
  Batch 3600/6019, Loss: 0.0404
  Batch 3700/6019, Loss: 0.0496
  Batch 3800/6019, Loss: 0.0466
  Batch 3900/6019, Loss: 0.0380
  Batch 4000/6019, Loss: 0.0403
  Batch 4100/6019, Loss: 0.0695
  Batch 4200/6019, Loss: 0.0618
  Batch 4300/6019, Loss: 0.0488
  Batch 4400/6019, Loss: 0.0776
  Batch 4500/6019, Loss: 0.0332
  Batch 4600/6019, Loss: 0.0624
  Batch 4700/6019, Loss: 0.0446
  Batch 4800/6019, Loss: 0.0266
  Batch 4900/6019, Loss: 0.0590
  Batch 5000/6019, Loss: 0.0398
  Batch 5100/6019, Loss: 0.0328
  Batch 5200/6019, Loss: 0.0373
  Batch 5300/6019, Loss: 0.0442
  Batch 5400/6019, Loss: 0.0411
  Batch 5500/6019, Loss: 0.0455
  Batch 5600/6019, Loss: 0.0434
  Batch 5700/6019, Loss: 0.0649
  Batch 5800/6019, Loss: 0.0603
  Batch 5900/6019, Loss: 0.0415
  Batch 6000/6019, Loss: 0.0359
Train Loss: 0.0486
Val Loss: 0.0673, Val Macro F1: 0.8372
Learning rate: 0.000094

============================================================
Epoch 14/50
============================================================
  Batch 0/6019, Loss: 0.0541
  Batch 100/6019, Loss: 0.0254
  Batch 200/6019, Loss: 0.0344
  Batch 300/6019, Loss: 0.0280
  Batch 400/6019, Loss: 0.0578
  Batch 500/6019, Loss: 0.0329
  Batch 600/6019, Loss: 0.0523
  Batch 700/6019, Loss: 0.0596
  Batch 800/6019, Loss: 0.0569
  Batch 900/6019, Loss: 0.0368
  Batch 1000/6019, Loss: 0.0458
  Batch 1100/6019, Loss: 0.0436
  Batch 1200/6019, Loss: 0.0471
  Batch 1300/6019, Loss: 0.0382
  Batch 1400/6019, Loss: 0.0495
  Batch 1500/6019, Loss: 0.0639
  Batch 1600/6019, Loss: 0.0473
  Batch 1700/6019, Loss: 0.0586
  Batch 1800/6019, Loss: 0.0346
  Batch 1900/6019, Loss: 0.0449
  Batch 2000/6019, Loss: 0.0562
  Batch 2100/6019, Loss: 0.0550
  Batch 2200/6019, Loss: 0.0631
  Batch 2300/6019, Loss: 0.0499
  Batch 2400/6019, Loss: 0.0549
  Batch 2500/6019, Loss: 0.0509
  Batch 2600/6019, Loss: 0.0846
  Batch 2700/6019, Loss: 0.0345
  Batch 2800/6019, Loss: 0.0414
  Batch 2900/6019, Loss: 0.0316
  Batch 3000/6019, Loss: 0.0547
  Batch 3100/6019, Loss: 0.0407
  Batch 3200/6019, Loss: 0.0347
  Batch 3300/6019, Loss: 0.0585
  Batch 3400/6019, Loss: 0.0269
  Batch 3500/6019, Loss: 0.0386
  Batch 3600/6019, Loss: 0.0399
  Batch 3700/6019, Loss: 0.0403
  Batch 3800/6019, Loss: 0.0265
  Batch 3900/6019, Loss: 0.0358
  Batch 4000/6019, Loss: 0.0440
  Batch 4100/6019, Loss: 0.0497
  Batch 4200/6019, Loss: 0.0653
  Batch 4300/6019, Loss: 0.0429
  Batch 4400/6019, Loss: 0.0410
  Batch 4500/6019, Loss: 0.0382
  Batch 4600/6019, Loss: 0.0588
  Batch 4700/6019, Loss: 0.0332
  Batch 4800/6019, Loss: 0.0613
  Batch 4900/6019, Loss: 0.0583
  Batch 5000/6019, Loss: 0.0606
  Batch 5100/6019, Loss: 0.0310
  Batch 5200/6019, Loss: 0.0654
  Batch 5300/6019, Loss: 0.0406
  Batch 5400/6019, Loss: 0.0370
  Batch 5500/6019, Loss: 0.0650
  Batch 5600/6019, Loss: 0.0805
  Batch 5700/6019, Loss: 0.0481
  Batch 5800/6019, Loss: 0.0509
  Batch 5900/6019, Loss: 0.0442
  Batch 6000/6019, Loss: 0.0383
Train Loss: 0.0470
Val Loss: 0.0731, Val Macro F1: 0.8049
Learning rate: 0.000092

============================================================
Epoch 15/50
============================================================
  Batch 0/6019, Loss: 0.0399
  Batch 100/6019, Loss: 0.0566
  Batch 200/6019, Loss: 0.0596
  Batch 300/6019, Loss: 0.0465
  Batch 400/6019, Loss: 0.0409
  Batch 500/6019, Loss: 0.0415
  Batch 600/6019, Loss: 0.0704
  Batch 700/6019, Loss: 0.0478
  Batch 800/6019, Loss: 0.0313
  Batch 900/6019, Loss: 0.0539
  Batch 1000/6019, Loss: 0.0453
  Batch 1100/6019, Loss: 0.0377
  Batch 1200/6019, Loss: 0.0543
  Batch 1300/6019, Loss: 0.0566
  Batch 1400/6019, Loss: 0.0481
  Batch 1500/6019, Loss: 0.0331
  Batch 1600/6019, Loss: 0.0645
  Batch 1700/6019, Loss: 0.0488
  Batch 1800/6019, Loss: 0.0484
  Batch 1900/6019, Loss: 0.0385
  Batch 2000/6019, Loss: 0.0549
  Batch 2100/6019, Loss: 0.0406
  Batch 2200/6019, Loss: 0.0495
  Batch 2300/6019, Loss: 0.0374
  Batch 2400/6019, Loss: 0.0465
  Batch 2500/6019, Loss: 0.0548
  Batch 2600/6019, Loss: 0.0492
  Batch 2700/6019, Loss: 0.0332
  Batch 2800/6019, Loss: 0.0378
  Batch 2900/6019, Loss: 0.0411
  Batch 3000/6019, Loss: 0.0479
  Batch 3100/6019, Loss: 0.0675
  Batch 3200/6019, Loss: 0.0384
  Batch 3300/6019, Loss: 0.0605
  Batch 3400/6019, Loss: 0.0466
  Batch 3500/6019, Loss: 0.0521
  Batch 3600/6019, Loss: 0.0603
  Batch 3700/6019, Loss: 0.0511
  Batch 3800/6019, Loss: 0.0400
  Batch 3900/6019, Loss: 0.0434
  Batch 4000/6019, Loss: 0.0379
  Batch 4100/6019, Loss: 0.0375
  Batch 4200/6019, Loss: 0.0395
  Batch 4300/6019, Loss: 0.0610
  Batch 4400/6019, Loss: 0.0342
  Batch 4500/6019, Loss: 0.0300
  Batch 4600/6019, Loss: 0.0466
  Batch 4700/6019, Loss: 0.0311
  Batch 4800/6019, Loss: 0.0538
  Batch 4900/6019, Loss: 0.0602
  Batch 5000/6019, Loss: 0.0798
  Batch 5100/6019, Loss: 0.0278
  Batch 5200/6019, Loss: 0.0465
  Batch 5300/6019, Loss: 0.0486
  Batch 5400/6019, Loss: 0.0508
  Batch 5500/6019, Loss: 0.0435
  Batch 5600/6019, Loss: 0.0643
  Batch 5700/6019, Loss: 0.0709
  Batch 5800/6019, Loss: 0.0719
  Batch 5900/6019, Loss: 0.0537
  Batch 6000/6019, Loss: 0.0392
Train Loss: 0.0455
Val Loss: 0.0709, Val Macro F1: 0.8358
Learning rate: 0.000091

============================================================
Epoch 16/50
============================================================
  Batch 0/6019, Loss: 0.0633
  Batch 100/6019, Loss: 0.0510
  Batch 200/6019, Loss: 0.0514
  Batch 300/6019, Loss: 0.0666
  Batch 400/6019, Loss: 0.0392
  Batch 500/6019, Loss: 0.0688
  Batch 600/6019, Loss: 0.0416
  Batch 700/6019, Loss: 0.0331
  Batch 800/6019, Loss: 0.0364
  Batch 900/6019, Loss: 0.0273
  Batch 1000/6019, Loss: 0.0303
  Batch 1100/6019, Loss: 0.0276
  Batch 1200/6019, Loss: 0.0526
  Batch 1300/6019, Loss: 0.0428
  Batch 1400/6019, Loss: 0.0459
  Batch 1500/6019, Loss: 0.0534
  Batch 1600/6019, Loss: 0.0341
  Batch 1700/6019, Loss: 0.0550
  Batch 1800/6019, Loss: 0.0467
  Batch 1900/6019, Loss: 0.0290
  Batch 2000/6019, Loss: 0.0387
  Batch 2100/6019, Loss: 0.0609
  Batch 2200/6019, Loss: 0.0474
  Batch 2300/6019, Loss: 0.0288
  Batch 2400/6019, Loss: 0.0438
  Batch 2500/6019, Loss: 0.0713
  Batch 2600/6019, Loss: 0.0603
  Batch 2700/6019, Loss: 0.0334
  Batch 2800/6019, Loss: 0.0424
  Batch 2900/6019, Loss: 0.0790
  Batch 3000/6019, Loss: 0.0380
  Batch 3100/6019, Loss: 0.0450
  Batch 3200/6019, Loss: 0.0409
  Batch 3300/6019, Loss: 0.0466
  Batch 3400/6019, Loss: 0.0458
  Batch 3500/6019, Loss: 0.0446
  Batch 3600/6019, Loss: 0.0446
  Batch 3700/6019, Loss: 0.0482
  Batch 3800/6019, Loss: 0.0414
  Batch 3900/6019, Loss: 0.0447
  Batch 4000/6019, Loss: 0.0419
  Batch 4100/6019, Loss: 0.0444
  Batch 4200/6019, Loss: 0.0439
  Batch 4300/6019, Loss: 0.0499
  Batch 4400/6019, Loss: 0.0336
  Batch 4500/6019, Loss: 0.0446
  Batch 4600/6019, Loss: 0.0374
  Batch 4700/6019, Loss: 0.0545
  Batch 4800/6019, Loss: 0.0265
  Batch 4900/6019, Loss: 0.0355
  Batch 5000/6019, Loss: 0.0372
  Batch 5100/6019, Loss: 0.0384
  Batch 5200/6019, Loss: 0.0398
  Batch 5300/6019, Loss: 0.0371
  Batch 5400/6019, Loss: 0.0546
  Batch 5500/6019, Loss: 0.0261
  Batch 5600/6019, Loss: 0.0308
  Batch 5700/6019, Loss: 0.0485
  Batch 5800/6019, Loss: 0.0220
  Batch 5900/6019, Loss: 0.0472
  Batch 6000/6019, Loss: 0.0350
Train Loss: 0.0441
Val Loss: 0.0704, Val Macro F1: 0.8448
Learning rate: 0.000089
✓ Saved best model with Val F1: 0.8448

============================================================
Epoch 17/50
============================================================
  Batch 0/6019, Loss: 0.0394
  Batch 100/6019, Loss: 0.0413
  Batch 200/6019, Loss: 0.0324
  Batch 300/6019, Loss: 0.0321
  Batch 400/6019, Loss: 0.0499
  Batch 500/6019, Loss: 0.0240
  Batch 600/6019, Loss: 0.0372
  Batch 700/6019, Loss: 0.0581
  Batch 800/6019, Loss: 0.0453
  Batch 900/6019, Loss: 0.0483
  Batch 1000/6019, Loss: 0.0422
  Batch 1100/6019, Loss: 0.0643
  Batch 1200/6019, Loss: 0.0584
  Batch 1300/6019, Loss: 0.0425
  Batch 1400/6019, Loss: 0.0480
  Batch 1500/6019, Loss: 0.0500
  Batch 1600/6019, Loss: 0.0420
  Batch 1700/6019, Loss: 0.0316
  Batch 1800/6019, Loss: 0.0381
  Batch 1900/6019, Loss: 0.0282
  Batch 2000/6019, Loss: 0.0440
  Batch 2100/6019, Loss: 0.0301
  Batch 2200/6019, Loss: 0.0447
  Batch 2300/6019, Loss: 0.0382
  Batch 2400/6019, Loss: 0.0480
  Batch 2500/6019, Loss: 0.0455
  Batch 2600/6019, Loss: 0.0362
  Batch 2700/6019, Loss: 0.0499
  Batch 2800/6019, Loss: 0.0174
  Batch 2900/6019, Loss: 0.0381
  Batch 3000/6019, Loss: 0.0491
  Batch 3100/6019, Loss: 0.0282
  Batch 3200/6019, Loss: 0.0431
  Batch 3300/6019, Loss: 0.0649
  Batch 3400/6019, Loss: 0.0215
  Batch 3500/6019, Loss: 0.0322
  Batch 3600/6019, Loss: 0.0328
  Batch 3700/6019, Loss: 0.0422
  Batch 3800/6019, Loss: 0.0350
  Batch 3900/6019, Loss: 0.0334
  Batch 4000/6019, Loss: 0.0342
  Batch 4100/6019, Loss: 0.0255
  Batch 4200/6019, Loss: 0.0298
  Batch 4300/6019, Loss: 0.0392
  Batch 4400/6019, Loss: 0.0367
  Batch 4500/6019, Loss: 0.0455
  Batch 4600/6019, Loss: 0.0384
  Batch 4700/6019, Loss: 0.0594
  Batch 4800/6019, Loss: 0.0483
  Batch 4900/6019, Loss: 0.0426
  Batch 5000/6019, Loss: 0.0418
  Batch 5100/6019, Loss: 0.0571
  Batch 5200/6019, Loss: 0.0547
  Batch 5300/6019, Loss: 0.0541
  Batch 5400/6019, Loss: 0.0268
  Batch 5500/6019, Loss: 0.0560
  Batch 5600/6019, Loss: 0.0408
  Batch 5700/6019, Loss: 0.0627
  Batch 5800/6019, Loss: 0.0293
  Batch 5900/6019, Loss: 0.0590
  Batch 6000/6019, Loss: 0.0598
Train Loss: 0.0426
Val Loss: 0.0668, Val Macro F1: 0.8433
Learning rate: 0.000087

============================================================
Epoch 18/50
============================================================
  Batch 0/6019, Loss: 0.0366
  Batch 100/6019, Loss: 0.0573
  Batch 200/6019, Loss: 0.0259
  Batch 300/6019, Loss: 0.0297
  Batch 400/6019, Loss: 0.0355
  Batch 500/6019, Loss: 0.0693
  Batch 600/6019, Loss: 0.0292
  Batch 700/6019, Loss: 0.0372
  Batch 800/6019, Loss: 0.0334
  Batch 900/6019, Loss: 0.0565
  Batch 1000/6019, Loss: 0.0570
  Batch 1100/6019, Loss: 0.0385
  Batch 1200/6019, Loss: 0.0397
  Batch 1300/6019, Loss: 0.0187
  Batch 1400/6019, Loss: 0.0563
  Batch 1500/6019, Loss: 0.0285
  Batch 1600/6019, Loss: 0.0429
  Batch 1700/6019, Loss: 0.0453
  Batch 1800/6019, Loss: 0.0561
  Batch 1900/6019, Loss: 0.0306
  Batch 2000/6019, Loss: 0.0533
  Batch 2100/6019, Loss: 0.0503
  Batch 2200/6019, Loss: 0.0321
  Batch 2300/6019, Loss: 0.0408
  Batch 2400/6019, Loss: 0.0459
  Batch 2500/6019, Loss: 0.0454
  Batch 2600/6019, Loss: 0.0390
  Batch 2700/6019, Loss: 0.0220
  Batch 2800/6019, Loss: 0.0330
  Batch 2900/6019, Loss: 0.0315
  Batch 3000/6019, Loss: 0.0455
  Batch 3100/6019, Loss: 0.0255
  Batch 3200/6019, Loss: 0.0353
  Batch 3300/6019, Loss: 0.0346
  Batch 3400/6019, Loss: 0.0319
  Batch 3500/6019, Loss: 0.0405
  Batch 3600/6019, Loss: 0.0355
  Batch 3700/6019, Loss: 0.0498
  Batch 3800/6019, Loss: 0.0588
  Batch 3900/6019, Loss: 0.0263
  Batch 4000/6019, Loss: 0.0669
  Batch 4100/6019, Loss: 0.0385
  Batch 4200/6019, Loss: 0.0353
  Batch 4300/6019, Loss: 0.0618
  Batch 4400/6019, Loss: 0.0424
  Batch 4500/6019, Loss: 0.0477
  Batch 4600/6019, Loss: 0.0406
  Batch 4700/6019, Loss: 0.0393
  Batch 4800/6019, Loss: 0.0928
  Batch 4900/6019, Loss: 0.0660
  Batch 5000/6019, Loss: 0.0405
  Batch 5100/6019, Loss: 0.0572
  Batch 5200/6019, Loss: 0.0567
  Batch 5300/6019, Loss: 0.0432
  Batch 5400/6019, Loss: 0.0344
  Batch 5500/6019, Loss: 0.0420
  Batch 5600/6019, Loss: 0.0382
  Batch 5700/6019, Loss: 0.0483
  Batch 5800/6019, Loss: 0.0605
  Batch 5900/6019, Loss: 0.0473
  Batch 6000/6019, Loss: 0.0307
Train Loss: 0.0415
Val Loss: 0.0702, Val Macro F1: 0.8414
Learning rate: 0.000084

============================================================
Epoch 19/50
============================================================
  Batch 0/6019, Loss: 0.0583
  Batch 100/6019, Loss: 0.0451
  Batch 200/6019, Loss: 0.0404
  Batch 300/6019, Loss: 0.0332
  Batch 400/6019, Loss: 0.0285
  Batch 500/6019, Loss: 0.0427
  Batch 600/6019, Loss: 0.0271
  Batch 700/6019, Loss: 0.0399
  Batch 800/6019, Loss: 0.0399
  Batch 900/6019, Loss: 0.0311
  Batch 1000/6019, Loss: 0.0347
  Batch 1100/6019, Loss: 0.0404
  Batch 1200/6019, Loss: 0.0485
  Batch 1300/6019, Loss: 0.0338
  Batch 1400/6019, Loss: 0.0628
  Batch 1500/6019, Loss: 0.0244
  Batch 1600/6019, Loss: 0.0464
  Batch 1700/6019, Loss: 0.0251
  Batch 1800/6019, Loss: 0.0266
  Batch 1900/6019, Loss: 0.0349
  Batch 2000/6019, Loss: 0.0453
  Batch 2100/6019, Loss: 0.0713
  Batch 2200/6019, Loss: 0.0522
  Batch 2300/6019, Loss: 0.0319
  Batch 2400/6019, Loss: 0.0298
  Batch 2500/6019, Loss: 0.0267
  Batch 2600/6019, Loss: 0.0368
  Batch 2700/6019, Loss: 0.0457
  Batch 2800/6019, Loss: 0.0352
  Batch 2900/6019, Loss: 0.0583
  Batch 3000/6019, Loss: 0.0302
  Batch 3100/6019, Loss: 0.0383
  Batch 3200/6019, Loss: 0.0444
  Batch 3300/6019, Loss: 0.0259
  Batch 3400/6019, Loss: 0.0376
  Batch 3500/6019, Loss: 0.0541
  Batch 3600/6019, Loss: 0.0366
  Batch 3700/6019, Loss: 0.0340
  Batch 3800/6019, Loss: 0.0217
  Batch 3900/6019, Loss: 0.0383
  Batch 4000/6019, Loss: 0.0363
  Batch 4100/6019, Loss: 0.0240
  Batch 4200/6019, Loss: 0.0379
  Batch 4300/6019, Loss: 0.0533
  Batch 4400/6019, Loss: 0.0334
  Batch 4500/6019, Loss: 0.0622
  Batch 4600/6019, Loss: 0.0285
  Batch 4700/6019, Loss: 0.0376
  Batch 4800/6019, Loss: 0.0242
  Batch 4900/6019, Loss: 0.0541
  Batch 5000/6019, Loss: 0.0563
  Batch 5100/6019, Loss: 0.0416
  Batch 5200/6019, Loss: 0.0487
  Batch 5300/6019, Loss: 0.0604
  Batch 5400/6019, Loss: 0.0369
  Batch 5500/6019, Loss: 0.0269
  Batch 5600/6019, Loss: 0.0372
  Batch 5700/6019, Loss: 0.0414
  Batch 5800/6019, Loss: 0.0426
  Batch 5900/6019, Loss: 0.0382
  Batch 6000/6019, Loss: 0.0326
Train Loss: 0.0400
Val Loss: 0.0748, Val Macro F1: 0.8438
Learning rate: 0.000082

============================================================
Epoch 20/50
============================================================
  Batch 0/6019, Loss: 0.0416
  Batch 100/6019, Loss: 0.0332
  Batch 200/6019, Loss: 0.0384
  Batch 300/6019, Loss: 0.0360
  Batch 400/6019, Loss: 0.0305
  Batch 500/6019, Loss: 0.0399
  Batch 600/6019, Loss: 0.0218
  Batch 700/6019, Loss: 0.0430
  Batch 800/6019, Loss: 0.0425
  Batch 900/6019, Loss: 0.0415
  Batch 1000/6019, Loss: 0.0553
  Batch 1100/6019, Loss: 0.0413
  Batch 1200/6019, Loss: 0.0289
  Batch 1300/6019, Loss: 0.0418
  Batch 1400/6019, Loss: 0.0395
  Batch 1500/6019, Loss: 0.0374
  Batch 1600/6019, Loss: 0.0317
  Batch 1700/6019, Loss: 0.0320
  Batch 1800/6019, Loss: 0.0788
  Batch 1900/6019, Loss: 0.0344
  Batch 2000/6019, Loss: 0.0525
  Batch 2100/6019, Loss: 0.0584
  Batch 2200/6019, Loss: 0.0547
  Batch 2300/6019, Loss: 0.0362
  Batch 2400/6019, Loss: 0.0195
  Batch 2500/6019, Loss: 0.0351
  Batch 2600/6019, Loss: 0.0321
  Batch 2700/6019, Loss: 0.0248
  Batch 2800/6019, Loss: 0.0571
  Batch 2900/6019, Loss: 0.0257
  Batch 3000/6019, Loss: 0.0281
  Batch 3100/6019, Loss: 0.0493
  Batch 3200/6019, Loss: 0.0484
  Batch 3300/6019, Loss: 0.0476
  Batch 3400/6019, Loss: 0.0373
  Batch 3500/6019, Loss: 0.0363
  Batch 3600/6019, Loss: 0.0515
  Batch 3700/6019, Loss: 0.0243
  Batch 3800/6019, Loss: 0.0434
  Batch 3900/6019, Loss: 0.0401
  Batch 4000/6019, Loss: 0.0401
  Batch 4100/6019, Loss: 0.0460
  Batch 4200/6019, Loss: 0.0207
  Batch 4300/6019, Loss: 0.0361
  Batch 4400/6019, Loss: 0.0347
  Batch 4500/6019, Loss: 0.0380
  Batch 4600/6019, Loss: 0.0269
  Batch 4700/6019, Loss: 0.0518
  Batch 4800/6019, Loss: 0.0472
  Batch 4900/6019, Loss: 0.0247
  Batch 5000/6019, Loss: 0.0304
  Batch 5100/6019, Loss: 0.0373
  Batch 5200/6019, Loss: 0.0402
  Batch 5300/6019, Loss: 0.0344
  Batch 5400/6019, Loss: 0.0537
  Batch 5500/6019, Loss: 0.0318
  Batch 5600/6019, Loss: 0.0531
  Batch 5700/6019, Loss: 0.0477
  Batch 5800/6019, Loss: 0.0368
  Batch 5900/6019, Loss: 0.0280
  Batch 6000/6019, Loss: 0.0410
Train Loss: 0.0390
Val Loss: 0.0730, Val Macro F1: 0.8466
Learning rate: 0.000080
✓ Saved best model with Val F1: 0.8466

============================================================
Epoch 21/50
============================================================
  Batch 0/6019, Loss: 0.0465
  Batch 100/6019, Loss: 0.0364
  Batch 200/6019, Loss: 0.0585
  Batch 300/6019, Loss: 0.0376
  Batch 400/6019, Loss: 0.0474
  Batch 500/6019, Loss: 0.0327
  Batch 600/6019, Loss: 0.0254
  Batch 700/6019, Loss: 0.0345
  Batch 800/6019, Loss: 0.0500
  Batch 900/6019, Loss: 0.0362
  Batch 1000/6019, Loss: 0.0446
  Batch 1100/6019, Loss: 0.0443
  Batch 1200/6019, Loss: 0.0364
  Batch 1300/6019, Loss: 0.0315
  Batch 1400/6019, Loss: 0.0275
  Batch 1500/6019, Loss: 0.0285
  Batch 1600/6019, Loss: 0.0250
  Batch 1700/6019, Loss: 0.0371
  Batch 1800/6019, Loss: 0.0281
  Batch 1900/6019, Loss: 0.0345
  Batch 2000/6019, Loss: 0.0378
  Batch 2100/6019, Loss: 0.0302
  Batch 2200/6019, Loss: 0.0551
  Batch 2300/6019, Loss: 0.0261
  Batch 2400/6019, Loss: 0.0514
  Batch 2500/6019, Loss: 0.0377
  Batch 2600/6019, Loss: 0.0419
  Batch 2700/6019, Loss: 0.0191
  Batch 2800/6019, Loss: 0.0383
  Batch 2900/6019, Loss: 0.0180
  Batch 3000/6019, Loss: 0.0321
  Batch 3100/6019, Loss: 0.0512
  Batch 3200/6019, Loss: 0.0428
  Batch 3300/6019, Loss: 0.0549
  Batch 3400/6019, Loss: 0.0229
  Batch 3500/6019, Loss: 0.0322
  Batch 3600/6019, Loss: 0.0488
  Batch 3700/6019, Loss: 0.0281
  Batch 3800/6019, Loss: 0.0263
  Batch 3900/6019, Loss: 0.0480
  Batch 4000/6019, Loss: 0.0486
  Batch 4100/6019, Loss: 0.0346
  Batch 4200/6019, Loss: 0.0331
  Batch 4300/6019, Loss: 0.0347
  Batch 4400/6019, Loss: 0.0379
  Batch 4500/6019, Loss: 0.0336
  Batch 4600/6019, Loss: 0.0397
  Batch 4700/6019, Loss: 0.0501
  Batch 4800/6019, Loss: 0.0361
  Batch 4900/6019, Loss: 0.0498
  Batch 5000/6019, Loss: 0.0393
  Batch 5100/6019, Loss: 0.0235
  Batch 5200/6019, Loss: 0.0275
  Batch 5300/6019, Loss: 0.0506
  Batch 5400/6019, Loss: 0.0437
  Batch 5500/6019, Loss: 0.0394
  Batch 5600/6019, Loss: 0.0434
  Batch 5700/6019, Loss: 0.0405
  Batch 5800/6019, Loss: 0.0310
  Batch 5900/6019, Loss: 0.0314
  Batch 6000/6019, Loss: 0.0249
Train Loss: 0.0377
Val Loss: 0.0773, Val Macro F1: 0.8408
Learning rate: 0.000077

============================================================
Epoch 22/50
============================================================
  Batch 0/6019, Loss: 0.0361
  Batch 100/6019, Loss: 0.0514
  Batch 200/6019, Loss: 0.0548
  Batch 300/6019, Loss: 0.0438
  Batch 400/6019, Loss: 0.0583
  Batch 500/6019, Loss: 0.0394
  Batch 600/6019, Loss: 0.0568
  Batch 700/6019, Loss: 0.0226
  Batch 800/6019, Loss: 0.0336
  Batch 900/6019, Loss: 0.0357
  Batch 1000/6019, Loss: 0.0218
  Batch 1100/6019, Loss: 0.0331
  Batch 1200/6019, Loss: 0.0306
  Batch 1300/6019, Loss: 0.0530
  Batch 1400/6019, Loss: 0.0381
  Batch 1500/6019, Loss: 0.0464
  Batch 1600/6019, Loss: 0.0334
  Batch 1700/6019, Loss: 0.0419
  Batch 1800/6019, Loss: 0.0207
  Batch 1900/6019, Loss: 0.0406
  Batch 2000/6019, Loss: 0.0346
  Batch 2100/6019, Loss: 0.0235
  Batch 2200/6019, Loss: 0.0572
  Batch 2300/6019, Loss: 0.0238
  Batch 2400/6019, Loss: 0.0409
  Batch 2500/6019, Loss: 0.0454
  Batch 2600/6019, Loss: 0.0306
  Batch 2700/6019, Loss: 0.0372
  Batch 2800/6019, Loss: 0.0451
  Batch 2900/6019, Loss: 0.0253
  Batch 3000/6019, Loss: 0.0250
  Batch 3100/6019, Loss: 0.0341
  Batch 3200/6019, Loss: 0.0405
  Batch 3300/6019, Loss: 0.0347
  Batch 3400/6019, Loss: 0.0332
  Batch 3500/6019, Loss: 0.0326
  Batch 3600/6019, Loss: 0.0384
  Batch 3700/6019, Loss: 0.0339
  Batch 3800/6019, Loss: 0.0296
  Batch 3900/6019, Loss: 0.0440
  Batch 4000/6019, Loss: 0.0417
  Batch 4100/6019, Loss: 0.0317
  Batch 4200/6019, Loss: 0.0523
  Batch 4300/6019, Loss: 0.0367
  Batch 4400/6019, Loss: 0.0375
  Batch 4500/6019, Loss: 0.0389
  Batch 4600/6019, Loss: 0.0288
  Batch 4700/6019, Loss: 0.0316
  Batch 4800/6019, Loss: 0.0236
  Batch 4900/6019, Loss: 0.0472
  Batch 5000/6019, Loss: 0.0296
  Batch 5100/6019, Loss: 0.0669
  Batch 5200/6019, Loss: 0.0400
  Batch 5300/6019, Loss: 0.0375
  Batch 5400/6019, Loss: 0.0468
  Batch 5500/6019, Loss: 0.0460
  Batch 5600/6019, Loss: 0.0395
  Batch 5700/6019, Loss: 0.0390
  Batch 5800/6019, Loss: 0.0239
  Batch 5900/6019, Loss: 0.0303
  Batch 6000/6019, Loss: 0.0433
Train Loss: 0.0366
Val Loss: 0.0793, Val Macro F1: 0.8405
Learning rate: 0.000074

============================================================
Epoch 23/50
============================================================
  Batch 0/6019, Loss: 0.0374
  Batch 100/6019, Loss: 0.0441
  Batch 200/6019, Loss: 0.0433
  Batch 300/6019, Loss: 0.0482
  Batch 400/6019, Loss: 0.0782
  Batch 500/6019, Loss: 0.0350
  Batch 600/6019, Loss: 0.0565
  Batch 700/6019, Loss: 0.0189
  Batch 800/6019, Loss: 0.0288
  Batch 900/6019, Loss: 0.0510
  Batch 1000/6019, Loss: 0.0431
  Batch 1100/6019, Loss: 0.0359
  Batch 1200/6019, Loss: 0.0431
  Batch 1300/6019, Loss: 0.0289
  Batch 1400/6019, Loss: 0.0426
  Batch 1500/6019, Loss: 0.0180
  Batch 1600/6019, Loss: 0.0349
  Batch 1700/6019, Loss: 0.0442
  Batch 1800/6019, Loss: 0.0317
  Batch 1900/6019, Loss: 0.0266
  Batch 2000/6019, Loss: 0.0297
  Batch 2100/6019, Loss: 0.0317
  Batch 2200/6019, Loss: 0.0397
  Batch 2300/6019, Loss: 0.0375
  Batch 2400/6019, Loss: 0.0224
  Batch 2500/6019, Loss: 0.0300
  Batch 2600/6019, Loss: 0.0380
  Batch 2700/6019, Loss: 0.0398
  Batch 2800/6019, Loss: 0.0160
  Batch 2900/6019, Loss: 0.0336
  Batch 3000/6019, Loss: 0.0433
  Batch 3100/6019, Loss: 0.0379
  Batch 3200/6019, Loss: 0.0259
  Batch 3300/6019, Loss: 0.0367
  Batch 3400/6019, Loss: 0.0367
  Batch 3500/6019, Loss: 0.0365
  Batch 3600/6019, Loss: 0.0490
  Batch 3700/6019, Loss: 0.0395
  Batch 3800/6019, Loss: 0.0327
  Batch 3900/6019, Loss: 0.0458
  Batch 4000/6019, Loss: 0.0430
  Batch 4100/6019, Loss: 0.0365
  Batch 4200/6019, Loss: 0.0456
  Batch 4300/6019, Loss: 0.0314
  Batch 4400/6019, Loss: 0.0334
  Batch 4500/6019, Loss: 0.0242
  Batch 4600/6019, Loss: 0.0243
  Batch 4700/6019, Loss: 0.0323
  Batch 4800/6019, Loss: 0.0556
  Batch 4900/6019, Loss: 0.0421
  Batch 5000/6019, Loss: 0.0640
  Batch 5100/6019, Loss: 0.0279
  Batch 5200/6019, Loss: 0.0264
  Batch 5300/6019, Loss: 0.0392
  Batch 5400/6019, Loss: 0.0202
  Batch 5500/6019, Loss: 0.0218
  Batch 5600/6019, Loss: 0.0349
  Batch 5700/6019, Loss: 0.0419
  Batch 5800/6019, Loss: 0.0391
  Batch 5900/6019, Loss: 0.0270
  Batch 6000/6019, Loss: 0.0328
Train Loss: 0.0356
Val Loss: 0.0809, Val Macro F1: 0.8438
Learning rate: 0.000072

============================================================
Epoch 24/50
============================================================
  Batch 0/6019, Loss: 0.0341
  Batch 100/6019, Loss: 0.0276
  Batch 200/6019, Loss: 0.0287
  Batch 300/6019, Loss: 0.0443
  Batch 400/6019, Loss: 0.0288
  Batch 500/6019, Loss: 0.0237
  Batch 600/6019, Loss: 0.0445
  Batch 700/6019, Loss: 0.0341
  Batch 800/6019, Loss: 0.0380
  Batch 900/6019, Loss: 0.0305
  Batch 1000/6019, Loss: 0.0207
  Batch 1100/6019, Loss: 0.0330
  Batch 1200/6019, Loss: 0.0268
  Batch 1300/6019, Loss: 0.0273
  Batch 1400/6019, Loss: 0.0239
  Batch 1500/6019, Loss: 0.0316
  Batch 1600/6019, Loss: 0.0290
  Batch 1700/6019, Loss: 0.0282
  Batch 1800/6019, Loss: 0.0324
  Batch 1900/6019, Loss: 0.0256
  Batch 2000/6019, Loss: 0.0362
  Batch 2100/6019, Loss: 0.0357
  Batch 2200/6019, Loss: 0.0275
  Batch 2300/6019, Loss: 0.0334
  Batch 2400/6019, Loss: 0.0410
  Batch 2500/6019, Loss: 0.0140
  Batch 2600/6019, Loss: 0.0559
  Batch 2700/6019, Loss: 0.0241
  Batch 2800/6019, Loss: 0.0219
  Batch 2900/6019, Loss: 0.0388
  Batch 3000/6019, Loss: 0.0359
  Batch 3100/6019, Loss: 0.0329
  Batch 3200/6019, Loss: 0.0342
  Batch 3300/6019, Loss: 0.0225
  Batch 3400/6019, Loss: 0.0285
  Batch 3500/6019, Loss: 0.0448
  Batch 3600/6019, Loss: 0.0385
  Batch 3700/6019, Loss: 0.0397
  Batch 3800/6019, Loss: 0.0332
  Batch 3900/6019, Loss: 0.0482
  Batch 4000/6019, Loss: 0.0265
  Batch 4100/6019, Loss: 0.0393
  Batch 4200/6019, Loss: 0.0266
  Batch 4300/6019, Loss: 0.0396
  Batch 4400/6019, Loss: 0.0257
  Batch 4500/6019, Loss: 0.0328
  Batch 4600/6019, Loss: 0.0270
  Batch 4700/6019, Loss: 0.0323
  Batch 4800/6019, Loss: 0.0372
  Batch 4900/6019, Loss: 0.0263
  Batch 5000/6019, Loss: 0.0315
  Batch 5100/6019, Loss: 0.0368
  Batch 5200/6019, Loss: 0.0344
  Batch 5300/6019, Loss: 0.0334
  Batch 5400/6019, Loss: 0.0231
  Batch 5500/6019, Loss: 0.0252
  Batch 5600/6019, Loss: 0.0381
  Batch 5700/6019, Loss: 0.0407
  Batch 5800/6019, Loss: 0.0302
  Batch 5900/6019, Loss: 0.0483
  Batch 6000/6019, Loss: 0.0247
Train Loss: 0.0343
Val Loss: 0.0851, Val Macro F1: 0.8363
Learning rate: 0.000069

============================================================
Epoch 25/50
============================================================
  Batch 0/6019, Loss: 0.0368
  Batch 100/6019, Loss: 0.0296
  Batch 200/6019, Loss: 0.0238
  Batch 300/6019, Loss: 0.0342
  Batch 400/6019, Loss: 0.0283
  Batch 500/6019, Loss: 0.0378
  Batch 600/6019, Loss: 0.0231
  Batch 700/6019, Loss: 0.0196
  Batch 800/6019, Loss: 0.0540
  Batch 900/6019, Loss: 0.0169
  Batch 1000/6019, Loss: 0.0209
  Batch 1100/6019, Loss: 0.0270
  Batch 1200/6019, Loss: 0.0247
  Batch 1300/6019, Loss: 0.0250
  Batch 1400/6019, Loss: 0.0484
  Batch 1500/6019, Loss: 0.0333
  Batch 1600/6019, Loss: 0.0286
  Batch 1700/6019, Loss: 0.0196
  Batch 1800/6019, Loss: 0.0338
  Batch 1900/6019, Loss: 0.0323
  Batch 2000/6019, Loss: 0.0365
  Batch 2100/6019, Loss: 0.0261
  Batch 2200/6019, Loss: 0.0311
  Batch 2300/6019, Loss: 0.0207
  Batch 2400/6019, Loss: 0.0308
  Batch 2500/6019, Loss: 0.0241
  Batch 2600/6019, Loss: 0.0277
  Batch 2700/6019, Loss: 0.0391
  Batch 2800/6019, Loss: 0.0176
  Batch 2900/6019, Loss: 0.0243
  Batch 3000/6019, Loss: 0.0285
  Batch 3100/6019, Loss: 0.0299
  Batch 3200/6019, Loss: 0.0361
  Batch 3300/6019, Loss: 0.0243
  Batch 3400/6019, Loss: 0.0360
  Batch 3500/6019, Loss: 0.0167
  Batch 3600/6019, Loss: 0.0434
  Batch 3700/6019, Loss: 0.0373
  Batch 3800/6019, Loss: 0.0190
  Batch 3900/6019, Loss: 0.0320
  Batch 4000/6019, Loss: 0.0421
  Batch 4100/6019, Loss: 0.0301
  Batch 4200/6019, Loss: 0.0301
  Batch 4300/6019, Loss: 0.0326
  Batch 4400/6019, Loss: 0.0486
  Batch 4500/6019, Loss: 0.0381
  Batch 4600/6019, Loss: 0.0202
  Batch 4700/6019, Loss: 0.0248
  Batch 4800/6019, Loss: 0.0409
  Batch 4900/6019, Loss: 0.0347
  Batch 5000/6019, Loss: 0.0245
  Batch 5100/6019, Loss: 0.0267
  Batch 5200/6019, Loss: 0.0495
  Batch 5300/6019, Loss: 0.0272
  Batch 5400/6019, Loss: 0.0299
  Batch 5500/6019, Loss: 0.0226
  Batch 5600/6019, Loss: 0.0414
  Batch 5700/6019, Loss: 0.0216
  Batch 5800/6019, Loss: 0.0239
  Batch 5900/6019, Loss: 0.0585
  Batch 6000/6019, Loss: 0.0446
Train Loss: 0.0335
Val Loss: 0.0834, Val Macro F1: 0.8437
Learning rate: 0.000066

============================================================
Epoch 26/50
============================================================
slurmstepd: error: *** JOB 4458633 ON gr001 CANCELLED AT 2026-01-17T10:29:33 DUE TO TIME LIMIT ***
