Using device: cuda
GPU: Quadro RTX 8000
Resume mode: Will attempt to load from model/STM/Kanformer_corpora_categories/standard/ckpt/2026-01-16_22-29
Checkpoint directory: model/STM/Kanformer_corpora_categories/standard/ckpt/2026-01-16_22-29
Loaded: /vast-ac8888/MusicSpeech-STM/STM_output/corpSTMnpy/BibleTTS-akuapem-twi_STMall.npy, shape: (23592, 2420)
Loaded: /vast-ac8888/MusicSpeech-STM/STM_output/corpSTMnpy/BibleTTS-asante-twi_STMall.npy, shape: (20768, 2420)
Loaded: /vast-ac8888/MusicSpeech-STM/STM_output/corpSTMnpy/BibleTTS-ewe_STMall.npy, shape: (22138, 2420)
Loaded: /vast-ac8888/MusicSpeech-STM/STM_output/corpSTMnpy/BibleTTS-hausa_STMall.npy, shape: (29002, 2420)
Loaded: /vast-ac8888/MusicSpeech-STM/STM_output/corpSTMnpy/BibleTTS-lingala_STMall.npy, shape: (11219, 2420)
Loaded: /vast-ac8888/MusicSpeech-STM/STM_output/corpSTMnpy/BibleTTS-yoruba_STMall.npy, shape: (6629, 2420)
Loaded: /vast-ac8888/MusicSpeech-STM/STM_output/corpSTMnpy/Buckeye_STMall.npy, shape: (255, 2420)
Loaded: /vast-ac8888/MusicSpeech-STM/STM_output/corpSTMnpy/EUROM_STMall.npy, shape: (6623, 2420)
Loaded: /vast-ac8888/MusicSpeech-STM/STM_output/corpSTMnpy/HiltonMoser2022_speech_STMall.npy, shape: (785, 2420)
Loaded: /vast-ac8888/MusicSpeech-STM/STM_output/corpSTMnpy/LibriSpeech_STMall.npy, shape: (27144, 2420)
Loaded: /vast-ac8888/MusicSpeech-STM/STM_output/corpSTMnpy/MediaSpeech-AR_STMall.npy, shape: (2505, 2420)
Loaded: /vast-ac8888/MusicSpeech-STM/STM_output/corpSTMnpy/MediaSpeech-ES_STMall.npy, shape: (2507, 2420)
Loaded: /vast-ac8888/MusicSpeech-STM/STM_output/corpSTMnpy/MediaSpeech-FR_STMall.npy, shape: (2498, 2420)
Loaded: /vast-ac8888/MusicSpeech-STM/STM_output/corpSTMnpy/MediaSpeech-TR_STMall.npy, shape: (2512, 2420)
Loaded: /vast-ac8888/MusicSpeech-STM/STM_output/corpSTMnpy/MozillaCommonVoice-ab_STMall.npy, shape: (7558, 2420)
Loaded: /vast-ac8888/MusicSpeech-STM/STM_output/corpSTMnpy/MozillaCommonVoice-ar_STMall.npy, shape: (8080, 2420)
Loaded: /vast-ac8888/MusicSpeech-STM/STM_output/corpSTMnpy/MozillaCommonVoice-ba_STMall.npy, shape: (7964, 2420)
Loaded: /vast-ac8888/MusicSpeech-STM/STM_output/corpSTMnpy/MozillaCommonVoice-be_STMall.npy, shape: (8595, 2420)
Loaded: /vast-ac8888/MusicSpeech-STM/STM_output/corpSTMnpy/MozillaCommonVoice-bg_STMall.npy, shape: (7130, 2420)
Loaded: /vast-ac8888/MusicSpeech-STM/STM_output/corpSTMnpy/MozillaCommonVoice-bn_STMall.npy, shape: (8149, 2420)
Loaded: /vast-ac8888/MusicSpeech-STM/STM_output/corpSTMnpy/MozillaCommonVoice-br_STMall.npy, shape: (1454, 2420)
Loaded: /vast-ac8888/MusicSpeech-STM/STM_output/corpSTMnpy/MozillaCommonVoice-ca_STMall.npy, shape: (8237, 2420)
Loaded: /vast-ac8888/MusicSpeech-STM/STM_output/corpSTMnpy/MozillaCommonVoice-ckb_STMall.npy, shape: (7490, 2420)
Loaded: /vast-ac8888/MusicSpeech-STM/STM_output/corpSTMnpy/MozillaCommonVoice-cnh_STMall.npy, shape: (656, 2420)
Loaded: /vast-ac8888/MusicSpeech-STM/STM_output/corpSTMnpy/MozillaCommonVoice-cs_STMall.npy, shape: (8622, 2420)
Loaded: /vast-ac8888/MusicSpeech-STM/STM_output/corpSTMnpy/MozillaCommonVoice-cv_STMall.npy, shape: (8755, 2420)
Loaded: /vast-ac8888/MusicSpeech-STM/STM_output/corpSTMnpy/MozillaCommonVoice-cy_STMall.npy, shape: (7640, 2420)
Loaded: /vast-ac8888/MusicSpeech-STM/STM_output/corpSTMnpy/MozillaCommonVoice-da_STMall.npy, shape: (3878, 2420)
Loaded: /vast-ac8888/MusicSpeech-STM/STM_output/corpSTMnpy/MozillaCommonVoice-de_STMall.npy, shape: (8979, 2420)
Loaded: /vast-ac8888/MusicSpeech-STM/STM_output/corpSTMnpy/MozillaCommonVoice-dv_STMall.npy, shape: (9113, 2420)
Loaded: /vast-ac8888/MusicSpeech-STM/STM_output/corpSTMnpy/MozillaCommonVoice-el_STMall.npy, shape: (6422, 2420)
Loaded: /vast-ac8888/MusicSpeech-STM/STM_output/corpSTMnpy/MozillaCommonVoice-en_STMall.npy, shape: (8607, 2420)
Loaded: /vast-ac8888/MusicSpeech-STM/STM_output/corpSTMnpy/MozillaCommonVoice-eo_STMall.npy, shape: (9327, 2420)
Loaded: /vast-ac8888/MusicSpeech-STM/STM_output/corpSTMnpy/MozillaCommonVoice-es_STMall.npy, shape: (8742, 2420)
Loaded: /vast-ac8888/MusicSpeech-STM/STM_output/corpSTMnpy/MozillaCommonVoice-et_STMall.npy, shape: (9653, 2420)
Loaded: /vast-ac8888/MusicSpeech-STM/STM_output/corpSTMnpy/MozillaCommonVoice-eu_STMall.npy, shape: (7983, 2420)
Loaded: /vast-ac8888/MusicSpeech-STM/STM_output/corpSTMnpy/MozillaCommonVoice-fa_STMall.npy, shape: (8629, 2420)
Loaded: /vast-ac8888/MusicSpeech-STM/STM_output/corpSTMnpy/MozillaCommonVoice-fi_STMall.npy, shape: (3982, 2420)
Loaded: /vast-ac8888/MusicSpeech-STM/STM_output/corpSTMnpy/MozillaCommonVoice-fr_STMall.npy, shape: (8912, 2420)
Loaded: /vast-ac8888/MusicSpeech-STM/STM_output/corpSTMnpy/MozillaCommonVoice-fy-NL_STMall.npy, shape: (6694, 2420)
Loaded: /vast-ac8888/MusicSpeech-STM/STM_output/corpSTMnpy/MozillaCommonVoice-ga-IE_STMall.npy, shape: (1323, 2420)
Loaded: /vast-ac8888/MusicSpeech-STM/STM_output/corpSTMnpy/MozillaCommonVoice-gl_STMall.npy, shape: (8623, 2420)
Loaded: /vast-ac8888/MusicSpeech-STM/STM_output/corpSTMnpy/MozillaCommonVoice-gn_STMall.npy, shape: (1014, 2420)
Loaded: /vast-ac8888/MusicSpeech-STM/STM_output/corpSTMnpy/MozillaCommonVoice-hi_STMall.npy, shape: (5438, 2420)
Loaded: /vast-ac8888/MusicSpeech-STM/STM_output/corpSTMnpy/MozillaCommonVoice-hu_STMall.npy, shape: (8319, 2420)
Loaded: /vast-ac8888/MusicSpeech-STM/STM_output/corpSTMnpy/MozillaCommonVoice-hy-AM_STMall.npy, shape: (6980, 2420)
Loaded: /vast-ac8888/MusicSpeech-STM/STM_output/corpSTMnpy/MozillaCommonVoice-id_STMall.npy, shape: (8468, 2420)
Loaded: /vast-ac8888/MusicSpeech-STM/STM_output/corpSTMnpy/MozillaCommonVoice-ig_STMall.npy, shape: (9, 2420)
Loaded: /vast-ac8888/MusicSpeech-STM/STM_output/corpSTMnpy/MozillaCommonVoice-it_STMall.npy, shape: (9083, 2420)
Loaded: /vast-ac8888/MusicSpeech-STM/STM_output/corpSTMnpy/MozillaCommonVoice-ja_STMall.npy, shape: (8606, 2420)
Loaded: /vast-ac8888/MusicSpeech-STM/STM_output/corpSTMnpy/MozillaCommonVoice-ka_STMall.npy, shape: (9409, 2420)
Loaded: /vast-ac8888/MusicSpeech-STM/STM_output/corpSTMnpy/MozillaCommonVoice-kab_STMall.npy, shape: (7172, 2420)
Loaded: /vast-ac8888/MusicSpeech-STM/STM_output/corpSTMnpy/MozillaCommonVoice-kk_STMall.npy, shape: (867, 2420)
Loaded: /vast-ac8888/MusicSpeech-STM/STM_output/corpSTMnpy/MozillaCommonVoice-kmr_STMall.npy, shape: (6603, 2420)
Loaded: /vast-ac8888/MusicSpeech-STM/STM_output/corpSTMnpy/MozillaCommonVoice-ky_STMall.npy, shape: (7998, 2420)
Loaded: /vast-ac8888/MusicSpeech-STM/STM_output/corpSTMnpy/MozillaCommonVoice-lg_STMall.npy, shape: (8169, 2420)
Loaded: /vast-ac8888/MusicSpeech-STM/STM_output/corpSTMnpy/MozillaCommonVoice-lt_STMall.npy, shape: (9073, 2420)
Loaded: /vast-ac8888/MusicSpeech-STM/STM_output/corpSTMnpy/MozillaCommonVoice-ltg_STMall.npy, shape: (2299, 2420)
Loaded: /vast-ac8888/MusicSpeech-STM/STM_output/corpSTMnpy/MozillaCommonVoice-lv_STMall.npy, shape: (7666, 2420)
Loaded: /vast-ac8888/MusicSpeech-STM/STM_output/corpSTMnpy/MozillaCommonVoice-mhr_STMall.npy, shape: (8336, 2420)
Loaded: /vast-ac8888/MusicSpeech-STM/STM_output/corpSTMnpy/MozillaCommonVoice-ml_STMall.npy, shape: (813, 2420)
Loaded: /vast-ac8888/MusicSpeech-STM/STM_output/corpSTMnpy/MozillaCommonVoice-mn_STMall.npy, shape: (5968, 2420)
Loaded: /vast-ac8888/MusicSpeech-STM/STM_output/corpSTMnpy/MozillaCommonVoice-mt_STMall.npy, shape: (3632, 2420)
Loaded: /vast-ac8888/MusicSpeech-STM/STM_output/corpSTMnpy/MozillaCommonVoice-nan-tw_STMall.npy, shape: (181, 2420)
Loaded: /vast-ac8888/MusicSpeech-STM/STM_output/corpSTMnpy/MozillaCommonVoice-nl_STMall.npy, shape: (8834, 2420)
Loaded: /vast-ac8888/MusicSpeech-STM/STM_output/corpSTMnpy/MozillaCommonVoice-oc_STMall.npy, shape: (681, 2420)
Loaded: /vast-ac8888/MusicSpeech-STM/STM_output/corpSTMnpy/MozillaCommonVoice-or_STMall.npy, shape: (1941, 2420)
Loaded: /vast-ac8888/MusicSpeech-STM/STM_output/corpSTMnpy/MozillaCommonVoice-pl_STMall.npy, shape: (8817, 2420)
Loaded: /vast-ac8888/MusicSpeech-STM/STM_output/corpSTMnpy/MozillaCommonVoice-pt_STMall.npy, shape: (8413, 2420)
Loaded: /vast-ac8888/MusicSpeech-STM/STM_output/corpSTMnpy/MozillaCommonVoice-ro_STMall.npy, shape: (6666, 2420)
Loaded: /vast-ac8888/MusicSpeech-STM/STM_output/corpSTMnpy/MozillaCommonVoice-ru_STMall.npy, shape: (9260, 2420)
Loaded: /vast-ac8888/MusicSpeech-STM/STM_output/corpSTMnpy/MozillaCommonVoice-rw_STMall.npy, shape: (9148, 2420)
Loaded: /vast-ac8888/MusicSpeech-STM/STM_output/corpSTMnpy/MozillaCommonVoice-sr_STMall.npy, shape: (391, 2420)
Loaded: /vast-ac8888/MusicSpeech-STM/STM_output/corpSTMnpy/MozillaCommonVoice-sv-SE_STMall.npy, shape: (8288, 2420)
Loaded: /vast-ac8888/MusicSpeech-STM/STM_output/corpSTMnpy/MozillaCommonVoice-sw_STMall.npy, shape: (9192, 2420)
Loaded: /vast-ac8888/MusicSpeech-STM/STM_output/corpSTMnpy/MozillaCommonVoice-ta_STMall.npy, shape: (9474, 2420)
Loaded: /vast-ac8888/MusicSpeech-STM/STM_output/corpSTMnpy/MozillaCommonVoice-th_STMall.npy, shape: (8044, 2420)
Loaded: /vast-ac8888/MusicSpeech-STM/STM_output/corpSTMnpy/MozillaCommonVoice-tr_STMall.npy, shape: (7953, 2420)
Loaded: /vast-ac8888/MusicSpeech-STM/STM_output/corpSTMnpy/MozillaCommonVoice-tt_STMall.npy, shape: (7454, 2420)
Loaded: /vast-ac8888/MusicSpeech-STM/STM_output/corpSTMnpy/MozillaCommonVoice-ug_STMall.npy, shape: (7899, 2420)
Loaded: /vast-ac8888/MusicSpeech-STM/STM_output/corpSTMnpy/MozillaCommonVoice-uk_STMall.npy, shape: (8819, 2420)
Loaded: /vast-ac8888/MusicSpeech-STM/STM_output/corpSTMnpy/MozillaCommonVoice-ur_STMall.npy, shape: (8970, 2420)
Loaded: /vast-ac8888/MusicSpeech-STM/STM_output/corpSTMnpy/MozillaCommonVoice-uz_STMall.npy, shape: (7911, 2420)
Loaded: /vast-ac8888/MusicSpeech-STM/STM_output/corpSTMnpy/MozillaCommonVoice-vi_STMall.npy, shape: (1859, 2420)
Loaded: /vast-ac8888/MusicSpeech-STM/STM_output/corpSTMnpy/MozillaCommonVoice-yo_STMall.npy, shape: (2511, 2420)
Loaded: /vast-ac8888/MusicSpeech-STM/STM_output/corpSTMnpy/MozillaCommonVoice-yue_STMall.npy, shape: (6156, 2420)
Loaded: /vast-ac8888/MusicSpeech-STM/STM_output/corpSTMnpy/MozillaCommonVoice-zh-CN_STMall.npy, shape: (8715, 2420)
Loaded: /vast-ac8888/MusicSpeech-STM/STM_output/corpSTMnpy/MozillaCommonVoice-zh-TW_STMall.npy, shape: (7286, 2420)
Loaded: /vast-ac8888/MusicSpeech-STM/STM_output/corpSTMnpy/SpeechClarity_STMall.npy, shape: (555, 2420)
Loaded: /vast-ac8888/MusicSpeech-STM/STM_output/corpSTMnpy/TAT-Vol2_STMall.npy, shape: (793, 2420)
Loaded: /vast-ac8888/MusicSpeech-STM/STM_output/corpSTMnpy/TIMIT_STMall.npy, shape: (479, 2420)
Loaded: /vast-ac8888/MusicSpeech-STM/STM_output/corpSTMnpy/TTS_Javanese_STMall.npy, shape: (3068, 2420)
Loaded: /vast-ac8888/MusicSpeech-STM/STM_output/corpSTMnpy/primewords_chinese_STMall.npy, shape: (47166, 2420)
Loaded: /vast-ac8888/MusicSpeech-STM/STM_output/corpSTMnpy/room_reader_STMall.npy, shape: (146, 2420)
Loaded: /vast-ac8888/MusicSpeech-STM/STM_output/corpSTMnpy/thchs30_STMall.npy, shape: (13327, 2420)
Loaded: /vast-ac8888/MusicSpeech-STM/STM_output/corpSTMnpy/zeroth_korean_STMall.npy, shape: (22255, 2420)
Loaded: /vast-ac8888/MusicSpeech-STM/STM_output/corpSTMnpy/Albouy2020Science_STMall.npy, shape: (123, 2420)
Loaded: /vast-ac8888/MusicSpeech-STM/STM_output/corpSTMnpy/GarlandEncyclopedia_STMall.npy, shape: (296, 2420)
Loaded: /vast-ac8888/MusicSpeech-STM/STM_output/corpSTMnpy/HiltonMoser2022_song_STMall.npy, shape: (803, 2420)
Loaded: /vast-ac8888/MusicSpeech-STM/STM_output/corpSTMnpy/IRMAS_STMall.npy, shape: (2838, 2420)
Loaded: /vast-ac8888/MusicSpeech-STM/STM_output/corpSTMnpy/MTG-Jamendo_STMall.npy, shape: (55699, 2420)
Loaded: /vast-ac8888/MusicSpeech-STM/STM_output/corpSTMnpy/MagnaTagATune_STMall.npy, shape: (25859, 2420)
Loaded: /vast-ac8888/MusicSpeech-STM/STM_output/corpSTMnpy/NHS2_STMall.npy, shape: (1007, 2420)
Loaded: /vast-ac8888/MusicSpeech-STM/STM_output/corpSTMnpy/fma_large_STMall.npy, shape: (106257, 2420)
Loaded: /vast-ac8888/MusicSpeech-STM/STM_output/corpSTMnpy/ismir04_genre_STMall.npy, shape: (2185, 2420)
Loaded: /vast-ac8888/MusicSpeech-STM/STM_output/corpSTMnpy/MacaulayLibrary_STMall.npy, shape: (34565, 2420)
Loaded: /vast-ac8888/MusicSpeech-STM/STM_output/corpSTMnpy/SONYC_STMall.npy, shape: (10798, 2420)
Total samples: 978378, Train: 770393, Val: 102010, Test: 105975
Total parameters: 3,852,722
Loading checkpoint from: model/STM/Kanformer_corpora_categories/standard/ckpt/2026-01-16_22-29/checkpoint_epoch_25.pt
⚠ Optimizer state not found in checkpoint, using fresh optimizer
✓ Resumed from epoch 25, Best Val F1: 0.8437

Starting Kanformer training for 50 epochs...

============================================================
Epoch 26/50
============================================================
  Batch 0/6019, Loss: 0.0299
  Batch 100/6019, Loss: 0.0377
  Batch 200/6019, Loss: 0.0335
  Batch 300/6019, Loss: 0.0287
  Batch 400/6019, Loss: 0.0688
  Batch 500/6019, Loss: 0.0221
  Batch 600/6019, Loss: 0.0185
  Batch 700/6019, Loss: 0.0441
  Batch 800/6019, Loss: 0.0277
  Batch 900/6019, Loss: 0.0266
  Batch 1000/6019, Loss: 0.0286
  Batch 1100/6019, Loss: 0.0393
  Batch 1200/6019, Loss: 0.0395
  Batch 1300/6019, Loss: 0.0300
  Batch 1400/6019, Loss: 0.0362
  Batch 1500/6019, Loss: 0.0318
  Batch 1600/6019, Loss: 0.0311
  Batch 1700/6019, Loss: 0.0195
  Batch 1800/6019, Loss: 0.0246
  Batch 1900/6019, Loss: 0.0271
  Batch 2000/6019, Loss: 0.0239
  Batch 2100/6019, Loss: 0.0383
  Batch 2200/6019, Loss: 0.0291
  Batch 2300/6019, Loss: 0.0288
  Batch 2400/6019, Loss: 0.0341
  Batch 2500/6019, Loss: 0.0440
  Batch 2600/6019, Loss: 0.0377
  Batch 2700/6019, Loss: 0.0159
  Batch 2800/6019, Loss: 0.0310
  Batch 2900/6019, Loss: 0.0326
  Batch 3000/6019, Loss: 0.0428
  Batch 3100/6019, Loss: 0.0301
  Batch 3200/6019, Loss: 0.0319
  Batch 3300/6019, Loss: 0.0464
  Batch 3400/6019, Loss: 0.0300
  Batch 3500/6019, Loss: 0.0296
  Batch 3600/6019, Loss: 0.0398
  Batch 3700/6019, Loss: 0.0372
  Batch 3800/6019, Loss: 0.0523
  Batch 3900/6019, Loss: 0.0337
  Batch 4000/6019, Loss: 0.0288
  Batch 4100/6019, Loss: 0.0301
  Batch 4200/6019, Loss: 0.0314
  Batch 4300/6019, Loss: 0.0349
  Batch 4400/6019, Loss: 0.0237
  Batch 4500/6019, Loss: 0.0234
  Batch 4600/6019, Loss: 0.0445
  Batch 4700/6019, Loss: 0.0365
  Batch 4800/6019, Loss: 0.0249
  Batch 4900/6019, Loss: 0.0462
  Batch 5000/6019, Loss: 0.0280
  Batch 5100/6019, Loss: 0.0402
  Batch 5200/6019, Loss: 0.0238
  Batch 5300/6019, Loss: 0.0316
  Batch 5400/6019, Loss: 0.0667
  Batch 5500/6019, Loss: 0.0305
  Batch 5600/6019, Loss: 0.0421
  Batch 5700/6019, Loss: 0.0228
  Batch 5800/6019, Loss: 0.0485
  Batch 5900/6019, Loss: 0.0384
  Batch 6000/6019, Loss: 0.0201
Train Loss: 0.0325
Val Loss: 0.0860, Val Macro F1: 0.8427
Learning rate: 0.000063

============================================================
Epoch 27/50
============================================================
  Batch 0/6019, Loss: 0.0175
  Batch 100/6019, Loss: 0.0348
  Batch 200/6019, Loss: 0.0449
  Batch 300/6019, Loss: 0.0222
  Batch 400/6019, Loss: 0.0305
  Batch 500/6019, Loss: 0.0386
  Batch 600/6019, Loss: 0.0246
  Batch 700/6019, Loss: 0.0296
  Batch 800/6019, Loss: 0.0256
  Batch 900/6019, Loss: 0.0326
  Batch 1000/6019, Loss: 0.0359
  Batch 1100/6019, Loss: 0.0289
  Batch 1200/6019, Loss: 0.0501
  Batch 1300/6019, Loss: 0.0387
  Batch 1400/6019, Loss: 0.0193
  Batch 1500/6019, Loss: 0.0366
  Batch 1600/6019, Loss: 0.0291
  Batch 1700/6019, Loss: 0.0322
  Batch 1800/6019, Loss: 0.0361
  Batch 1900/6019, Loss: 0.0400
  Batch 2000/6019, Loss: 0.0430
  Batch 2100/6019, Loss: 0.0250
  Batch 2200/6019, Loss: 0.0451
  Batch 2300/6019, Loss: 0.0264
  Batch 2400/6019, Loss: 0.0288
  Batch 2500/6019, Loss: 0.0255
  Batch 2600/6019, Loss: 0.0279
  Batch 2700/6019, Loss: 0.0188
  Batch 2800/6019, Loss: 0.0345
  Batch 2900/6019, Loss: 0.0397
  Batch 3000/6019, Loss: 0.0280
  Batch 3100/6019, Loss: 0.0238
  Batch 3200/6019, Loss: 0.0263
  Batch 3300/6019, Loss: 0.0538
  Batch 3400/6019, Loss: 0.0235
  Batch 3500/6019, Loss: 0.0505
  Batch 3600/6019, Loss: 0.0294
  Batch 3700/6019, Loss: 0.0225
  Batch 3800/6019, Loss: 0.0241
  Batch 3900/6019, Loss: 0.0162
  Batch 4000/6019, Loss: 0.0189
  Batch 4100/6019, Loss: 0.0210
  Batch 4200/6019, Loss: 0.0459
  Batch 4300/6019, Loss: 0.0329
  Batch 4400/6019, Loss: 0.0235
  Batch 4500/6019, Loss: 0.0336
  Batch 4600/6019, Loss: 0.0226
  Batch 4700/6019, Loss: 0.0313
  Batch 4800/6019, Loss: 0.0272
  Batch 4900/6019, Loss: 0.0285
  Batch 5000/6019, Loss: 0.0288
  Batch 5100/6019, Loss: 0.0239
  Batch 5200/6019, Loss: 0.0314
  Batch 5300/6019, Loss: 0.0402
  Batch 5400/6019, Loss: 0.0354
  Batch 5500/6019, Loss: 0.0243
  Batch 5600/6019, Loss: 0.0279
  Batch 5700/6019, Loss: 0.0366
  Batch 5800/6019, Loss: 0.0294
  Batch 5900/6019, Loss: 0.0360
  Batch 6000/6019, Loss: 0.0204
Train Loss: 0.0314
Val Loss: 0.0873, Val Macro F1: 0.8386
Learning rate: 0.000060

============================================================
Epoch 28/50
============================================================
  Batch 0/6019, Loss: 0.0256
  Batch 100/6019, Loss: 0.0238
  Batch 200/6019, Loss: 0.0312
  Batch 300/6019, Loss: 0.0150
  Batch 400/6019, Loss: 0.0281
  Batch 500/6019, Loss: 0.0378
  Batch 600/6019, Loss: 0.0369
  Batch 700/6019, Loss: 0.0272
  Batch 800/6019, Loss: 0.0239
  Batch 900/6019, Loss: 0.0232
  Batch 1000/6019, Loss: 0.0224
  Batch 1100/6019, Loss: 0.0150
  Batch 1200/6019, Loss: 0.0256
  Batch 1300/6019, Loss: 0.0184
  Batch 1400/6019, Loss: 0.0312
  Batch 1500/6019, Loss: 0.0182
  Batch 1600/6019, Loss: 0.0114
  Batch 1700/6019, Loss: 0.0203
  Batch 1800/6019, Loss: 0.0244
  Batch 1900/6019, Loss: 0.0403
  Batch 2000/6019, Loss: 0.0276
  Batch 2100/6019, Loss: 0.0586
  Batch 2200/6019, Loss: 0.0486
  Batch 2300/6019, Loss: 0.0258
  Batch 2400/6019, Loss: 0.0147
  Batch 2500/6019, Loss: 0.0441
  Batch 2600/6019, Loss: 0.0209
  Batch 2700/6019, Loss: 0.0258
  Batch 2800/6019, Loss: 0.0198
  Batch 2900/6019, Loss: 0.0342
  Batch 3000/6019, Loss: 0.0301
  Batch 3100/6019, Loss: 0.0257
  Batch 3200/6019, Loss: 0.0355
  Batch 3300/6019, Loss: 0.0401
  Batch 3400/6019, Loss: 0.0233
  Batch 3500/6019, Loss: 0.0335
  Batch 3600/6019, Loss: 0.0185
  Batch 3700/6019, Loss: 0.0220
  Batch 3800/6019, Loss: 0.0458
  Batch 3900/6019, Loss: 0.0252
  Batch 4000/6019, Loss: 0.0680
  Batch 4100/6019, Loss: 0.0433
  Batch 4200/6019, Loss: 0.0267
  Batch 4300/6019, Loss: 0.0371
  Batch 4400/6019, Loss: 0.0471
  Batch 4500/6019, Loss: 0.0301
  Batch 4600/6019, Loss: 0.0210
  Batch 4700/6019, Loss: 0.0281
  Batch 4800/6019, Loss: 0.0206
  Batch 4900/6019, Loss: 0.0340
  Batch 5000/6019, Loss: 0.0309
  Batch 5100/6019, Loss: 0.0324
  Batch 5200/6019, Loss: 0.0166
  Batch 5300/6019, Loss: 0.0212
  Batch 5400/6019, Loss: 0.0360
  Batch 5500/6019, Loss: 0.0192
  Batch 5600/6019, Loss: 0.0346
  Batch 5700/6019, Loss: 0.0206
  Batch 5800/6019, Loss: 0.0272
  Batch 5900/6019, Loss: 0.0282
  Batch 6000/6019, Loss: 0.0389
Train Loss: 0.0307
Val Loss: 0.0862, Val Macro F1: 0.8483
Learning rate: 0.000057
✓ Saved best model with Val F1: 0.8483

============================================================
Epoch 29/50
============================================================
  Batch 0/6019, Loss: 0.0232
  Batch 100/6019, Loss: 0.0462
  Batch 200/6019, Loss: 0.0319
  Batch 300/6019, Loss: 0.0244
  Batch 400/6019, Loss: 0.0198
  Batch 500/6019, Loss: 0.0245
  Batch 600/6019, Loss: 0.0211
  Batch 700/6019, Loss: 0.0342
  Batch 800/6019, Loss: 0.0217
  Batch 900/6019, Loss: 0.0486
  Batch 1000/6019, Loss: 0.0356
  Batch 1100/6019, Loss: 0.0233
  Batch 1200/6019, Loss: 0.0296
  Batch 1300/6019, Loss: 0.0186
  Batch 1400/6019, Loss: 0.0379
  Batch 1500/6019, Loss: 0.0265
  Batch 1600/6019, Loss: 0.0350
  Batch 1700/6019, Loss: 0.0211
  Batch 1800/6019, Loss: 0.0182
  Batch 1900/6019, Loss: 0.0213
  Batch 2000/6019, Loss: 0.0200
  Batch 2100/6019, Loss: 0.0142
  Batch 2200/6019, Loss: 0.0605
  Batch 2300/6019, Loss: 0.0285
  Batch 2400/6019, Loss: 0.0389
  Batch 2500/6019, Loss: 0.0151
  Batch 2600/6019, Loss: 0.0312
  Batch 2700/6019, Loss: 0.0437
  Batch 2800/6019, Loss: 0.0285
  Batch 2900/6019, Loss: 0.0289
  Batch 3000/6019, Loss: 0.0343
  Batch 3100/6019, Loss: 0.0651
  Batch 3200/6019, Loss: 0.0299
  Batch 3300/6019, Loss: 0.0303
  Batch 3400/6019, Loss: 0.0311
  Batch 3500/6019, Loss: 0.0161
  Batch 3600/6019, Loss: 0.0275
  Batch 3700/6019, Loss: 0.0328
  Batch 3800/6019, Loss: 0.0350
  Batch 3900/6019, Loss: 0.0497
  Batch 4000/6019, Loss: 0.0225
  Batch 4100/6019, Loss: 0.0438
  Batch 4200/6019, Loss: 0.0281
  Batch 4300/6019, Loss: 0.0147
  Batch 4400/6019, Loss: 0.0303
  Batch 4500/6019, Loss: 0.0338
  Batch 4600/6019, Loss: 0.0319
  Batch 4700/6019, Loss: 0.0301
  Batch 4800/6019, Loss: 0.0356
  Batch 4900/6019, Loss: 0.0210
  Batch 5000/6019, Loss: 0.0268
  Batch 5100/6019, Loss: 0.0363
  Batch 5200/6019, Loss: 0.0241
  Batch 5300/6019, Loss: 0.0206
  Batch 5400/6019, Loss: 0.0233
  Batch 5500/6019, Loss: 0.0236
  Batch 5600/6019, Loss: 0.0292
  Batch 5700/6019, Loss: 0.0395
  Batch 5800/6019, Loss: 0.0282
  Batch 5900/6019, Loss: 0.0300
  Batch 6000/6019, Loss: 0.0216
Train Loss: 0.0299
Val Loss: 0.0958, Val Macro F1: 0.8388
Learning rate: 0.000054

============================================================
Epoch 30/50
============================================================
  Batch 0/6019, Loss: 0.0205
  Batch 100/6019, Loss: 0.0284
  Batch 200/6019, Loss: 0.0228
  Batch 300/6019, Loss: 0.0212
  Batch 400/6019, Loss: 0.0253
  Batch 500/6019, Loss: 0.0122
  Batch 600/6019, Loss: 0.0158
  Batch 700/6019, Loss: 0.0182
  Batch 800/6019, Loss: 0.0222
  Batch 900/6019, Loss: 0.0264
  Batch 1000/6019, Loss: 0.0362
  Batch 1100/6019, Loss: 0.0292
  Batch 1200/6019, Loss: 0.0166
  Batch 1300/6019, Loss: 0.0320
  Batch 1400/6019, Loss: 0.0165
  Batch 1500/6019, Loss: 0.0212
  Batch 1600/6019, Loss: 0.0219
  Batch 1700/6019, Loss: 0.0360
  Batch 1800/6019, Loss: 0.0556
  Batch 1900/6019, Loss: 0.0234
  Batch 2000/6019, Loss: 0.0200
  Batch 2100/6019, Loss: 0.0257
  Batch 2200/6019, Loss: 0.0289
  Batch 2300/6019, Loss: 0.0275
  Batch 2400/6019, Loss: 0.0309
  Batch 2500/6019, Loss: 0.0210
  Batch 2600/6019, Loss: 0.0270
  Batch 2700/6019, Loss: 0.0339
  Batch 2800/6019, Loss: 0.0470
  Batch 2900/6019, Loss: 0.0280
  Batch 3000/6019, Loss: 0.0194
  Batch 3100/6019, Loss: 0.0218
  Batch 3200/6019, Loss: 0.0408
  Batch 3300/6019, Loss: 0.0359
  Batch 3400/6019, Loss: 0.0390
  Batch 3500/6019, Loss: 0.0302
  Batch 3600/6019, Loss: 0.0314
  Batch 3700/6019, Loss: 0.0276
  Batch 3800/6019, Loss: 0.0450
  Batch 3900/6019, Loss: 0.0208
  Batch 4000/6019, Loss: 0.0315
  Batch 4100/6019, Loss: 0.0237
  Batch 4200/6019, Loss: 0.0323
  Batch 4300/6019, Loss: 0.0324
  Batch 4400/6019, Loss: 0.0298
  Batch 4500/6019, Loss: 0.0173
  Batch 4600/6019, Loss: 0.0225
  Batch 4700/6019, Loss: 0.0290
  Batch 4800/6019, Loss: 0.0369
  Batch 4900/6019, Loss: 0.0330
  Batch 5000/6019, Loss: 0.0392
  Batch 5100/6019, Loss: 0.0238
  Batch 5200/6019, Loss: 0.0297
  Batch 5300/6019, Loss: 0.0297
  Batch 5400/6019, Loss: 0.0269
  Batch 5500/6019, Loss: 0.0237
  Batch 5600/6019, Loss: 0.0493
  Batch 5700/6019, Loss: 0.0223
  Batch 5800/6019, Loss: 0.0234
  Batch 5900/6019, Loss: 0.0323
  Batch 6000/6019, Loss: 0.0323
Train Loss: 0.0289
Val Loss: 0.0983, Val Macro F1: 0.8413
Learning rate: 0.000050

============================================================
Epoch 31/50
============================================================
  Batch 0/6019, Loss: 0.0155
  Batch 100/6019, Loss: 0.0414
  Batch 200/6019, Loss: 0.0313
  Batch 300/6019, Loss: 0.0219
  Batch 400/6019, Loss: 0.0246
  Batch 500/6019, Loss: 0.0350
  Batch 600/6019, Loss: 0.0366
  Batch 700/6019, Loss: 0.0198
  Batch 800/6019, Loss: 0.0417
  Batch 900/6019, Loss: 0.0365
  Batch 1000/6019, Loss: 0.0220
  Batch 1100/6019, Loss: 0.0341
  Batch 1200/6019, Loss: 0.0324
  Batch 1300/6019, Loss: 0.0360
  Batch 1400/6019, Loss: 0.0276
  Batch 1500/6019, Loss: 0.0327
  Batch 1600/6019, Loss: 0.0350
  Batch 1700/6019, Loss: 0.0367
  Batch 1800/6019, Loss: 0.0262
  Batch 1900/6019, Loss: 0.0280
  Batch 2000/6019, Loss: 0.0253
  Batch 2100/6019, Loss: 0.0340
  Batch 2200/6019, Loss: 0.0368
  Batch 2300/6019, Loss: 0.0337
  Batch 2400/6019, Loss: 0.0198
  Batch 2500/6019, Loss: 0.0195
  Batch 2600/6019, Loss: 0.0273
  Batch 2700/6019, Loss: 0.0221
  Batch 2800/6019, Loss: 0.0247
  Batch 2900/6019, Loss: 0.0270
  Batch 3000/6019, Loss: 0.0259
  Batch 3100/6019, Loss: 0.0291
  Batch 3200/6019, Loss: 0.0280
  Batch 3300/6019, Loss: 0.0267
  Batch 3400/6019, Loss: 0.0205
  Batch 3500/6019, Loss: 0.0479
  Batch 3600/6019, Loss: 0.0238
  Batch 3700/6019, Loss: 0.0318
  Batch 3800/6019, Loss: 0.0334
  Batch 3900/6019, Loss: 0.0293
  Batch 4000/6019, Loss: 0.0201
  Batch 4100/6019, Loss: 0.0583
  Batch 4200/6019, Loss: 0.0467
  Batch 4300/6019, Loss: 0.0338
  Batch 4400/6019, Loss: 0.0407
  Batch 4500/6019, Loss: 0.0271
  Batch 4600/6019, Loss: 0.0268
  Batch 4700/6019, Loss: 0.0268
  Batch 4800/6019, Loss: 0.0411
  Batch 4900/6019, Loss: 0.0238
  Batch 5000/6019, Loss: 0.0268
  Batch 5100/6019, Loss: 0.0146
  Batch 5200/6019, Loss: 0.0384
  Batch 5300/6019, Loss: 0.0372
  Batch 5400/6019, Loss: 0.0286
  Batch 5500/6019, Loss: 0.0268
  Batch 5600/6019, Loss: 0.0347
  Batch 5700/6019, Loss: 0.0380
  Batch 5800/6019, Loss: 0.0135
  Batch 5900/6019, Loss: 0.0263
  Batch 6000/6019, Loss: 0.0151
Train Loss: 0.0282
Val Loss: 0.0926, Val Macro F1: 0.8421
Learning rate: 0.000047

============================================================
Epoch 32/50
============================================================
  Batch 0/6019, Loss: 0.0279
  Batch 100/6019, Loss: 0.0352
  Batch 200/6019, Loss: 0.0252
  Batch 300/6019, Loss: 0.0331
  Batch 400/6019, Loss: 0.0227
  Batch 500/6019, Loss: 0.0247
  Batch 600/6019, Loss: 0.0314
  Batch 700/6019, Loss: 0.0233
  Batch 800/6019, Loss: 0.0373
  Batch 900/6019, Loss: 0.0242
  Batch 1000/6019, Loss: 0.0243
  Batch 1100/6019, Loss: 0.0338
  Batch 1200/6019, Loss: 0.0219
  Batch 1300/6019, Loss: 0.0420
  Batch 1400/6019, Loss: 0.0329
  Batch 1500/6019, Loss: 0.0296
  Batch 1600/6019, Loss: 0.0258
  Batch 1700/6019, Loss: 0.0286
  Batch 1800/6019, Loss: 0.0305
  Batch 1900/6019, Loss: 0.0117
  Batch 2000/6019, Loss: 0.0154
  Batch 2100/6019, Loss: 0.0296
  Batch 2200/6019, Loss: 0.0199
  Batch 2300/6019, Loss: 0.0335
  Batch 2400/6019, Loss: 0.0196
  Batch 2500/6019, Loss: 0.0181
  Batch 2600/6019, Loss: 0.0410
  Batch 2700/6019, Loss: 0.0166
  Batch 2800/6019, Loss: 0.0355
  Batch 2900/6019, Loss: 0.0195
  Batch 3000/6019, Loss: 0.0183
  Batch 3100/6019, Loss: 0.0198
  Batch 3200/6019, Loss: 0.0335
  Batch 3300/6019, Loss: 0.0189
  Batch 3400/6019, Loss: 0.0265
  Batch 3500/6019, Loss: 0.0270
  Batch 3600/6019, Loss: 0.0271
  Batch 3700/6019, Loss: 0.0277
  Batch 3800/6019, Loss: 0.0220
  Batch 3900/6019, Loss: 0.0221
  Batch 4000/6019, Loss: 0.0298
  Batch 4100/6019, Loss: 0.0236
  Batch 4200/6019, Loss: 0.0310
  Batch 4300/6019, Loss: 0.0334
  Batch 4400/6019, Loss: 0.0424
  Batch 4500/6019, Loss: 0.0185
  Batch 4600/6019, Loss: 0.0297
  Batch 4700/6019, Loss: 0.0322
  Batch 4800/6019, Loss: 0.0288
  Batch 4900/6019, Loss: 0.0306
  Batch 5000/6019, Loss: 0.0243
  Batch 5100/6019, Loss: 0.0339
  Batch 5200/6019, Loss: 0.0331
  Batch 5300/6019, Loss: 0.0196
  Batch 5400/6019, Loss: 0.0298
  Batch 5500/6019, Loss: 0.0324
  Batch 5600/6019, Loss: 0.0349
  Batch 5700/6019, Loss: 0.0257
  Batch 5800/6019, Loss: 0.0263
  Batch 5900/6019, Loss: 0.0336
  Batch 6000/6019, Loss: 0.0294
Train Loss: 0.0274
Val Loss: 0.0958, Val Macro F1: 0.8437
Learning rate: 0.000044

============================================================
Epoch 33/50
============================================================
  Batch 0/6019, Loss: 0.0381
  Batch 100/6019, Loss: 0.0204
  Batch 200/6019, Loss: 0.0193
  Batch 300/6019, Loss: 0.0328
  Batch 400/6019, Loss: 0.0195
  Batch 500/6019, Loss: 0.0160
  Batch 600/6019, Loss: 0.0197
  Batch 700/6019, Loss: 0.0275
  Batch 800/6019, Loss: 0.0204
  Batch 900/6019, Loss: 0.0243
  Batch 1000/6019, Loss: 0.0282
  Batch 1100/6019, Loss: 0.0330
  Batch 1200/6019, Loss: 0.0201
  Batch 1300/6019, Loss: 0.0312
  Batch 1400/6019, Loss: 0.0180
  Batch 1500/6019, Loss: 0.0148
  Batch 1600/6019, Loss: 0.0308
  Batch 1700/6019, Loss: 0.0302
  Batch 1800/6019, Loss: 0.0235
  Batch 1900/6019, Loss: 0.0345
  Batch 2000/6019, Loss: 0.0217
  Batch 2100/6019, Loss: 0.0544
  Batch 2200/6019, Loss: 0.0266
  Batch 2300/6019, Loss: 0.0242
  Batch 2400/6019, Loss: 0.0142
  Batch 2500/6019, Loss: 0.0162
  Batch 2600/6019, Loss: 0.0223
  Batch 2700/6019, Loss: 0.0236
  Batch 2800/6019, Loss: 0.0207
  Batch 2900/6019, Loss: 0.0400
  Batch 3000/6019, Loss: 0.0249
  Batch 3100/6019, Loss: 0.0162
  Batch 3200/6019, Loss: 0.0223
  Batch 3300/6019, Loss: 0.0240
  Batch 3400/6019, Loss: 0.0382
  Batch 3500/6019, Loss: 0.0378
  Batch 3600/6019, Loss: 0.0184
  Batch 3700/6019, Loss: 0.0283
  Batch 3800/6019, Loss: 0.0334
  Batch 3900/6019, Loss: 0.0206
  Batch 4000/6019, Loss: 0.0242
  Batch 4100/6019, Loss: 0.0278
  Batch 4200/6019, Loss: 0.0171
  Batch 4300/6019, Loss: 0.0234
  Batch 4400/6019, Loss: 0.0213
  Batch 4500/6019, Loss: 0.0289
  Batch 4600/6019, Loss: 0.0384
  Batch 4700/6019, Loss: 0.0561
  Batch 4800/6019, Loss: 0.0446
  Batch 4900/6019, Loss: 0.0253
  Batch 5000/6019, Loss: 0.0417
  Batch 5100/6019, Loss: 0.0273
  Batch 5200/6019, Loss: 0.0202
  Batch 5300/6019, Loss: 0.0190
  Batch 5400/6019, Loss: 0.0327
  Batch 5500/6019, Loss: 0.0178
  Batch 5600/6019, Loss: 0.0312
  Batch 5700/6019, Loss: 0.0233
  Batch 5800/6019, Loss: 0.0330
  Batch 5900/6019, Loss: 0.0210
  Batch 6000/6019, Loss: 0.0134
Train Loss: 0.0267
Val Loss: 0.1011, Val Macro F1: 0.8413
Learning rate: 0.000041

============================================================
Epoch 34/50
============================================================
  Batch 0/6019, Loss: 0.0185
  Batch 100/6019, Loss: 0.0145
  Batch 200/6019, Loss: 0.0316
  Batch 300/6019, Loss: 0.0301
  Batch 400/6019, Loss: 0.0168
  Batch 500/6019, Loss: 0.0319
  Batch 600/6019, Loss: 0.0243
  Batch 700/6019, Loss: 0.0148
  Batch 800/6019, Loss: 0.0204
  Batch 900/6019, Loss: 0.0348
  Batch 1000/6019, Loss: 0.0232
  Batch 1100/6019, Loss: 0.0233
  Batch 1200/6019, Loss: 0.0106
  Batch 1300/6019, Loss: 0.0241
  Batch 1400/6019, Loss: 0.0390
  Batch 1500/6019, Loss: 0.0388
  Batch 1600/6019, Loss: 0.0174
  Batch 1700/6019, Loss: 0.0376
  Batch 1800/6019, Loss: 0.0177
  Batch 1900/6019, Loss: 0.0300
  Batch 2000/6019, Loss: 0.0186
  Batch 2100/6019, Loss: 0.0303
  Batch 2200/6019, Loss: 0.0314
  Batch 2300/6019, Loss: 0.0149
  Batch 2400/6019, Loss: 0.0204
  Batch 2500/6019, Loss: 0.0297
  Batch 2600/6019, Loss: 0.0385
  Batch 2700/6019, Loss: 0.0220
  Batch 2800/6019, Loss: 0.0228
  Batch 2900/6019, Loss: 0.0418
  Batch 3000/6019, Loss: 0.0216
  Batch 3100/6019, Loss: 0.0242
  Batch 3200/6019, Loss: 0.0283
  Batch 3300/6019, Loss: 0.0204
  Batch 3400/6019, Loss: 0.0288
  Batch 3500/6019, Loss: 0.0226
  Batch 3600/6019, Loss: 0.0174
  Batch 3700/6019, Loss: 0.0189
  Batch 3800/6019, Loss: 0.0245
  Batch 3900/6019, Loss: 0.0234
  Batch 4000/6019, Loss: 0.0155
  Batch 4100/6019, Loss: 0.0402
  Batch 4200/6019, Loss: 0.0208
  Batch 4300/6019, Loss: 0.0361
  Batch 4400/6019, Loss: 0.0201
  Batch 4500/6019, Loss: 0.0360
  Batch 4600/6019, Loss: 0.0287
  Batch 4700/6019, Loss: 0.0453
  Batch 4800/6019, Loss: 0.0244
  Batch 4900/6019, Loss: 0.0252
  Batch 5000/6019, Loss: 0.0233
  Batch 5100/6019, Loss: 0.0215
  Batch 5200/6019, Loss: 0.0166
  Batch 5300/6019, Loss: 0.0257
  Batch 5400/6019, Loss: 0.0319
  Batch 5500/6019, Loss: 0.0200
  Batch 5600/6019, Loss: 0.0198
  Batch 5700/6019, Loss: 0.0277
  Batch 5800/6019, Loss: 0.0207
  Batch 5900/6019, Loss: 0.0240
  Batch 6000/6019, Loss: 0.0154
Train Loss: 0.0259
Val Loss: 0.1028, Val Macro F1: 0.8340
Learning rate: 0.000038

============================================================
Epoch 35/50
============================================================
  Batch 0/6019, Loss: 0.0167
  Batch 100/6019, Loss: 0.0307
  Batch 200/6019, Loss: 0.0363
  Batch 300/6019, Loss: 0.0363
  Batch 400/6019, Loss: 0.0307
  Batch 500/6019, Loss: 0.0197
  Batch 600/6019, Loss: 0.0209
  Batch 700/6019, Loss: 0.0226
  Batch 800/6019, Loss: 0.0214
  Batch 900/6019, Loss: 0.0302
  Batch 1000/6019, Loss: 0.0473
  Batch 1100/6019, Loss: 0.0218
  Batch 1200/6019, Loss: 0.0358
  Batch 1300/6019, Loss: 0.0203
  Batch 1400/6019, Loss: 0.0188
  Batch 1500/6019, Loss: 0.0203
  Batch 1600/6019, Loss: 0.0349
  Batch 1700/6019, Loss: 0.0190
  Batch 1800/6019, Loss: 0.0405
  Batch 1900/6019, Loss: 0.0192
  Batch 2000/6019, Loss: 0.0228
  Batch 2100/6019, Loss: 0.0420
  Batch 2200/6019, Loss: 0.0233
  Batch 2300/6019, Loss: 0.0351
  Batch 2400/6019, Loss: 0.0303
  Batch 2500/6019, Loss: 0.0183
  Batch 2600/6019, Loss: 0.0230
  Batch 2700/6019, Loss: 0.0126
  Batch 2800/6019, Loss: 0.0222
  Batch 2900/6019, Loss: 0.0227
  Batch 3000/6019, Loss: 0.0256
  Batch 3100/6019, Loss: 0.0245
  Batch 3200/6019, Loss: 0.0306
  Batch 3300/6019, Loss: 0.0226
  Batch 3400/6019, Loss: 0.0307
  Batch 3500/6019, Loss: 0.0322
  Batch 3600/6019, Loss: 0.0238
  Batch 3700/6019, Loss: 0.0270
  Batch 3800/6019, Loss: 0.0109
  Batch 3900/6019, Loss: 0.0257
  Batch 4000/6019, Loss: 0.0312
  Batch 4100/6019, Loss: 0.0280
  Batch 4200/6019, Loss: 0.0225
  Batch 4300/6019, Loss: 0.0231
  Batch 4400/6019, Loss: 0.0433
  Batch 4500/6019, Loss: 0.0364
  Batch 4600/6019, Loss: 0.0205
  Batch 4700/6019, Loss: 0.0358
  Batch 4800/6019, Loss: 0.0190
  Batch 4900/6019, Loss: 0.0189
  Batch 5000/6019, Loss: 0.0169
  Batch 5100/6019, Loss: 0.0261
  Batch 5200/6019, Loss: 0.0274
  Batch 5300/6019, Loss: 0.0335
  Batch 5400/6019, Loss: 0.0205
  Batch 5500/6019, Loss: 0.0255
  Batch 5600/6019, Loss: 0.0095
  Batch 5700/6019, Loss: 0.0261
  Batch 5800/6019, Loss: 0.0280
  Batch 5900/6019, Loss: 0.0240
  Batch 6000/6019, Loss: 0.0289
Train Loss: 0.0250
Val Loss: 0.1078, Val Macro F1: 0.8433
Learning rate: 0.000035

============================================================
Epoch 36/50
============================================================
  Batch 0/6019, Loss: 0.0113
  Batch 100/6019, Loss: 0.0324
  Batch 200/6019, Loss: 0.0225
  Batch 300/6019, Loss: 0.0448
  Batch 400/6019, Loss: 0.0284
  Batch 500/6019, Loss: 0.0300
  Batch 600/6019, Loss: 0.0329
  Batch 700/6019, Loss: 0.0303
  Batch 800/6019, Loss: 0.0323
  Batch 900/6019, Loss: 0.0219
  Batch 1000/6019, Loss: 0.0190
  Batch 1100/6019, Loss: 0.0259
  Batch 1200/6019, Loss: 0.0322
  Batch 1300/6019, Loss: 0.0283
  Batch 1400/6019, Loss: 0.0239
  Batch 1500/6019, Loss: 0.0307
  Batch 1600/6019, Loss: 0.0190
  Batch 1700/6019, Loss: 0.0248
  Batch 1800/6019, Loss: 0.0407
  Batch 1900/6019, Loss: 0.0270
  Batch 2000/6019, Loss: 0.0412
  Batch 2100/6019, Loss: 0.0328
  Batch 2200/6019, Loss: 0.0215
  Batch 2300/6019, Loss: 0.0207
  Batch 2400/6019, Loss: 0.0133
  Batch 2500/6019, Loss: 0.0283
  Batch 2600/6019, Loss: 0.0209
  Batch 2700/6019, Loss: 0.0300
  Batch 2800/6019, Loss: 0.0415
  Batch 2900/6019, Loss: 0.0350
  Batch 3000/6019, Loss: 0.0176
  Batch 3100/6019, Loss: 0.0386
  Batch 3200/6019, Loss: 0.0200
  Batch 3300/6019, Loss: 0.0288
  Batch 3400/6019, Loss: 0.0151
  Batch 3500/6019, Loss: 0.0203
  Batch 3600/6019, Loss: 0.0449
  Batch 3700/6019, Loss: 0.0372
  Batch 3800/6019, Loss: 0.0180
  Batch 3900/6019, Loss: 0.0148
  Batch 4000/6019, Loss: 0.0188
  Batch 4100/6019, Loss: 0.0183
  Batch 4200/6019, Loss: 0.0237
  Batch 4300/6019, Loss: 0.0124
  Batch 4400/6019, Loss: 0.0234
  Batch 4500/6019, Loss: 0.0226
  Batch 4600/6019, Loss: 0.0246
  Batch 4700/6019, Loss: 0.0233
  Batch 4800/6019, Loss: 0.0201
  Batch 4900/6019, Loss: 0.0167
  Batch 5000/6019, Loss: 0.0169
  Batch 5100/6019, Loss: 0.0401
  Batch 5200/6019, Loss: 0.0280
  Batch 5300/6019, Loss: 0.0163
  Batch 5400/6019, Loss: 0.0246
  Batch 5500/6019, Loss: 0.0111
  Batch 5600/6019, Loss: 0.0269
  Batch 5700/6019, Loss: 0.0234
  Batch 5800/6019, Loss: 0.0538
  Batch 5900/6019, Loss: 0.0153
  Batch 6000/6019, Loss: 0.0330
Train Loss: 0.0247
Val Loss: 0.1113, Val Macro F1: 0.8384
Learning rate: 0.000032

============================================================
Epoch 37/50
============================================================
  Batch 0/6019, Loss: 0.0301
  Batch 100/6019, Loss: 0.0189
  Batch 200/6019, Loss: 0.0248
  Batch 300/6019, Loss: 0.0275
  Batch 400/6019, Loss: 0.0332
  Batch 500/6019, Loss: 0.0385
  Batch 600/6019, Loss: 0.0294
  Batch 700/6019, Loss: 0.0291
  Batch 800/6019, Loss: 0.0227
  Batch 900/6019, Loss: 0.0384
  Batch 1000/6019, Loss: 0.0257
  Batch 1100/6019, Loss: 0.0239
  Batch 1200/6019, Loss: 0.0191
  Batch 1300/6019, Loss: 0.0173
  Batch 1400/6019, Loss: 0.0172
  Batch 1500/6019, Loss: 0.0278
  Batch 1600/6019, Loss: 0.0255
  Batch 1700/6019, Loss: 0.0276
  Batch 1800/6019, Loss: 0.0321
  Batch 1900/6019, Loss: 0.0255
  Batch 2000/6019, Loss: 0.0158
  Batch 2100/6019, Loss: 0.0110
  Batch 2200/6019, Loss: 0.0199
  Batch 2300/6019, Loss: 0.0282
  Batch 2400/6019, Loss: 0.0234
  Batch 2500/6019, Loss: 0.0194
  Batch 2600/6019, Loss: 0.0625
  Batch 2700/6019, Loss: 0.0248
  Batch 2800/6019, Loss: 0.0173
  Batch 2900/6019, Loss: 0.0494
  Batch 3000/6019, Loss: 0.0217
  Batch 3100/6019, Loss: 0.0260
  Batch 3200/6019, Loss: 0.0185
  Batch 3300/6019, Loss: 0.0172
  Batch 3400/6019, Loss: 0.0162
  Batch 3500/6019, Loss: 0.0378
  Batch 3600/6019, Loss: 0.0210
  Batch 3700/6019, Loss: 0.0303
  Batch 3800/6019, Loss: 0.0244
  Batch 3900/6019, Loss: 0.0266
  Batch 4000/6019, Loss: 0.0211
  Batch 4100/6019, Loss: 0.0339
  Batch 4200/6019, Loss: 0.0354
  Batch 4300/6019, Loss: 0.0300
  Batch 4400/6019, Loss: 0.0184
  Batch 4500/6019, Loss: 0.0237
  Batch 4600/6019, Loss: 0.0189
  Batch 4700/6019, Loss: 0.0208
  Batch 4800/6019, Loss: 0.0303
  Batch 4900/6019, Loss: 0.0212
  Batch 5000/6019, Loss: 0.0292
  Batch 5100/6019, Loss: 0.0292
  Batch 5200/6019, Loss: 0.0154
  Batch 5300/6019, Loss: 0.0185
  Batch 5400/6019, Loss: 0.0356
  Batch 5500/6019, Loss: 0.0172
  Batch 5600/6019, Loss: 0.0321
  Batch 5700/6019, Loss: 0.0354
  Batch 5800/6019, Loss: 0.0253
  Batch 5900/6019, Loss: 0.0249
  Batch 6000/6019, Loss: 0.0267
Train Loss: 0.0241
Val Loss: 0.1165, Val Macro F1: 0.8387
Learning rate: 0.000029

============================================================
Epoch 38/50
============================================================
  Batch 0/6019, Loss: 0.0483
  Batch 100/6019, Loss: 0.0151
  Batch 200/6019, Loss: 0.0177
  Batch 300/6019, Loss: 0.0084
  Batch 400/6019, Loss: 0.0213
  Batch 500/6019, Loss: 0.0217
  Batch 600/6019, Loss: 0.0172
  Batch 700/6019, Loss: 0.0232
  Batch 800/6019, Loss: 0.0194
  Batch 900/6019, Loss: 0.0235
  Batch 1000/6019, Loss: 0.0183
  Batch 1100/6019, Loss: 0.0153
  Batch 1200/6019, Loss: 0.0236
  Batch 1300/6019, Loss: 0.0149
  Batch 1400/6019, Loss: 0.0312
  Batch 1500/6019, Loss: 0.0152
  Batch 1600/6019, Loss: 0.0167
  Batch 1700/6019, Loss: 0.0333
  Batch 1800/6019, Loss: 0.0145
  Batch 1900/6019, Loss: 0.0191
  Batch 2000/6019, Loss: 0.0167
  Batch 2100/6019, Loss: 0.0146
  Batch 2200/6019, Loss: 0.0250
  Batch 2300/6019, Loss: 0.0254
  Batch 2400/6019, Loss: 0.0345
  Batch 2500/6019, Loss: 0.0200
  Batch 2600/6019, Loss: 0.0230
  Batch 2700/6019, Loss: 0.0261
  Batch 2800/6019, Loss: 0.0232
  Batch 2900/6019, Loss: 0.0506
  Batch 3000/6019, Loss: 0.0247
  Batch 3100/6019, Loss: 0.0174
  Batch 3200/6019, Loss: 0.0147
  Batch 3300/6019, Loss: 0.0204
  Batch 3400/6019, Loss: 0.0220
  Batch 3500/6019, Loss: 0.0407
  Batch 3600/6019, Loss: 0.0247
  Batch 3700/6019, Loss: 0.0281
  Batch 3800/6019, Loss: 0.0135
  Batch 3900/6019, Loss: 0.0197
  Batch 4000/6019, Loss: 0.0297
  Batch 4100/6019, Loss: 0.0218
  Batch 4200/6019, Loss: 0.0147
  Batch 4300/6019, Loss: 0.0192
  Batch 4400/6019, Loss: 0.0086
  Batch 4500/6019, Loss: 0.0221
  Batch 4600/6019, Loss: 0.0285
  Batch 4700/6019, Loss: 0.0224
  Batch 4800/6019, Loss: 0.0229
  Batch 4900/6019, Loss: 0.0151
  Batch 5000/6019, Loss: 0.0200
  Batch 5100/6019, Loss: 0.0305
  Batch 5200/6019, Loss: 0.0210
  Batch 5300/6019, Loss: 0.0166
  Batch 5400/6019, Loss: 0.0253
  Batch 5500/6019, Loss: 0.0241
  Batch 5600/6019, Loss: 0.0132
  Batch 5700/6019, Loss: 0.0451
  Batch 5800/6019, Loss: 0.0189
  Batch 5900/6019, Loss: 0.0201
  Batch 6000/6019, Loss: 0.0306
Train Loss: 0.0234
Val Loss: 0.1148, Val Macro F1: 0.8497
Learning rate: 0.000027
✓ Saved best model with Val F1: 0.8497

============================================================
Epoch 39/50
============================================================
  Batch 0/6019, Loss: 0.0261
  Batch 100/6019, Loss: 0.0202
  Batch 200/6019, Loss: 0.0181
  Batch 300/6019, Loss: 0.0431
  Batch 400/6019, Loss: 0.0205
  Batch 500/6019, Loss: 0.0217
  Batch 600/6019, Loss: 0.0181
  Batch 700/6019, Loss: 0.0227
  Batch 800/6019, Loss: 0.0259
  Batch 900/6019, Loss: 0.0206
  Batch 1000/6019, Loss: 0.0228
  Batch 1100/6019, Loss: 0.0241
  Batch 1200/6019, Loss: 0.0308
  Batch 1300/6019, Loss: 0.0315
  Batch 1400/6019, Loss: 0.0186
  Batch 1500/6019, Loss: 0.0186
  Batch 1600/6019, Loss: 0.0237
  Batch 1700/6019, Loss: 0.0394
  Batch 1800/6019, Loss: 0.0360
  Batch 1900/6019, Loss: 0.0227
  Batch 2000/6019, Loss: 0.0318
  Batch 2100/6019, Loss: 0.0221
  Batch 2200/6019, Loss: 0.0380
  Batch 2300/6019, Loss: 0.0189
  Batch 2400/6019, Loss: 0.0175
  Batch 2500/6019, Loss: 0.0189
  Batch 2600/6019, Loss: 0.0149
  Batch 2700/6019, Loss: 0.0199
  Batch 2800/6019, Loss: 0.0275
  Batch 2900/6019, Loss: 0.0199
  Batch 3000/6019, Loss: 0.0093
  Batch 3100/6019, Loss: 0.0111
  Batch 3200/6019, Loss: 0.0167
  Batch 3300/6019, Loss: 0.0184
  Batch 3400/6019, Loss: 0.0272
  Batch 3500/6019, Loss: 0.0192
  Batch 3600/6019, Loss: 0.0154
  Batch 3700/6019, Loss: 0.0173
  Batch 3800/6019, Loss: 0.0224
  Batch 3900/6019, Loss: 0.0246
  Batch 4000/6019, Loss: 0.0157
  Batch 4100/6019, Loss: 0.0270
  Batch 4200/6019, Loss: 0.0194
  Batch 4300/6019, Loss: 0.0273
  Batch 4400/6019, Loss: 0.0242
  Batch 4500/6019, Loss: 0.0298
  Batch 4600/6019, Loss: 0.0226
  Batch 4700/6019, Loss: 0.0303
  Batch 4800/6019, Loss: 0.0462
  Batch 4900/6019, Loss: 0.0220
  Batch 5000/6019, Loss: 0.0206
  Batch 5100/6019, Loss: 0.0227
  Batch 5200/6019, Loss: 0.0160
  Batch 5300/6019, Loss: 0.0195
  Batch 5400/6019, Loss: 0.0145
  Batch 5500/6019, Loss: 0.0151
  Batch 5600/6019, Loss: 0.0251
  Batch 5700/6019, Loss: 0.0250
  Batch 5800/6019, Loss: 0.0324
  Batch 5900/6019, Loss: 0.0224
  Batch 6000/6019, Loss: 0.0147
Train Loss: 0.0229
Val Loss: 0.1232, Val Macro F1: 0.8425
Learning rate: 0.000024

============================================================
Epoch 40/50
============================================================
  Batch 0/6019, Loss: 0.0092
  Batch 100/6019, Loss: 0.0192
  Batch 200/6019, Loss: 0.0140
  Batch 300/6019, Loss: 0.0187
  Batch 400/6019, Loss: 0.0137
  Batch 500/6019, Loss: 0.0215
  Batch 600/6019, Loss: 0.0205
  Batch 700/6019, Loss: 0.0126
  Batch 800/6019, Loss: 0.0376
  Batch 900/6019, Loss: 0.0131
  Batch 1000/6019, Loss: 0.0167
  Batch 1100/6019, Loss: 0.0243
  Batch 1200/6019, Loss: 0.0247
  Batch 1300/6019, Loss: 0.0227
  Batch 1400/6019, Loss: 0.0239
  Batch 1500/6019, Loss: 0.0342
  Batch 1600/6019, Loss: 0.0173
  Batch 1700/6019, Loss: 0.0429
  Batch 1800/6019, Loss: 0.0177
  Batch 1900/6019, Loss: 0.0248
  Batch 2000/6019, Loss: 0.0276
  Batch 2100/6019, Loss: 0.0217
  Batch 2200/6019, Loss: 0.0150
  Batch 2300/6019, Loss: 0.0324
  Batch 2400/6019, Loss: 0.0224
  Batch 2500/6019, Loss: 0.0171
  Batch 2600/6019, Loss: 0.0206
  Batch 2700/6019, Loss: 0.0266
  Batch 2800/6019, Loss: 0.0327
  Batch 2900/6019, Loss: 0.0331
  Batch 3000/6019, Loss: 0.0228
  Batch 3100/6019, Loss: 0.0309
  Batch 3200/6019, Loss: 0.0291
  Batch 3300/6019, Loss: 0.0402
  Batch 3400/6019, Loss: 0.0230
  Batch 3500/6019, Loss: 0.0099
  Batch 3600/6019, Loss: 0.0273
  Batch 3700/6019, Loss: 0.0340
  Batch 3800/6019, Loss: 0.0342
  Batch 3900/6019, Loss: 0.0086
  Batch 4000/6019, Loss: 0.0241
  Batch 4100/6019, Loss: 0.0166
  Batch 4200/6019, Loss: 0.0256
  Batch 4300/6019, Loss: 0.0159
  Batch 4400/6019, Loss: 0.0163
  Batch 4500/6019, Loss: 0.0299
  Batch 4600/6019, Loss: 0.0203
  Batch 4700/6019, Loss: 0.0155
  Batch 4800/6019, Loss: 0.0150
  Batch 4900/6019, Loss: 0.0241
  Batch 5000/6019, Loss: 0.0256
  Batch 5100/6019, Loss: 0.0225
  Batch 5200/6019, Loss: 0.0214
  Batch 5300/6019, Loss: 0.0314
  Batch 5400/6019, Loss: 0.0128
  Batch 5500/6019, Loss: 0.0372
  Batch 5600/6019, Loss: 0.0193
  Batch 5700/6019, Loss: 0.0202
  Batch 5800/6019, Loss: 0.0312
  Batch 5900/6019, Loss: 0.0133
  Batch 6000/6019, Loss: 0.0253
Train Loss: 0.0224
Val Loss: 0.1235, Val Macro F1: 0.8472
Learning rate: 0.000021

============================================================
Epoch 41/50
============================================================
  Batch 0/6019, Loss: 0.0280
  Batch 100/6019, Loss: 0.0129
  Batch 200/6019, Loss: 0.0203
  Batch 300/6019, Loss: 0.0198
  Batch 400/6019, Loss: 0.0172
  Batch 500/6019, Loss: 0.0216
  Batch 600/6019, Loss: 0.0162
  Batch 700/6019, Loss: 0.0159
  Batch 800/6019, Loss: 0.0160
  Batch 900/6019, Loss: 0.0320
  Batch 1000/6019, Loss: 0.0179
  Batch 1100/6019, Loss: 0.0293
  Batch 1200/6019, Loss: 0.0165
  Batch 1300/6019, Loss: 0.0187
  Batch 1400/6019, Loss: 0.0367
  Batch 1500/6019, Loss: 0.0251
  Batch 1600/6019, Loss: 0.0159
  Batch 1700/6019, Loss: 0.0257
  Batch 1800/6019, Loss: 0.0158
  Batch 1900/6019, Loss: 0.0212
  Batch 2000/6019, Loss: 0.0203
  Batch 2100/6019, Loss: 0.0141
  Batch 2200/6019, Loss: 0.0344
  Batch 2300/6019, Loss: 0.0322
  Batch 2400/6019, Loss: 0.0282
  Batch 2500/6019, Loss: 0.0377
  Batch 2600/6019, Loss: 0.0482
  Batch 2700/6019, Loss: 0.0294
  Batch 2800/6019, Loss: 0.0273
  Batch 2900/6019, Loss: 0.0194
  Batch 3000/6019, Loss: 0.0228
  Batch 3100/6019, Loss: 0.0160
  Batch 3200/6019, Loss: 0.0092
  Batch 3300/6019, Loss: 0.0205
  Batch 3400/6019, Loss: 0.0264
  Batch 3500/6019, Loss: 0.0397
  Batch 3600/6019, Loss: 0.0350
  Batch 3700/6019, Loss: 0.0174
  Batch 3800/6019, Loss: 0.0153
  Batch 3900/6019, Loss: 0.0112
  Batch 4000/6019, Loss: 0.0181
  Batch 4100/6019, Loss: 0.0149
  Batch 4200/6019, Loss: 0.0137
  Batch 4300/6019, Loss: 0.0195
  Batch 4400/6019, Loss: 0.0137
  Batch 4500/6019, Loss: 0.0143
  Batch 4600/6019, Loss: 0.0375
  Batch 4700/6019, Loss: 0.0282
  Batch 4800/6019, Loss: 0.0149
  Batch 4900/6019, Loss: 0.0253
  Batch 5000/6019, Loss: 0.0176
  Batch 5100/6019, Loss: 0.0187
  Batch 5200/6019, Loss: 0.0178
  Batch 5300/6019, Loss: 0.0206
  Batch 5400/6019, Loss: 0.0069
  Batch 5500/6019, Loss: 0.0139
  Batch 5600/6019, Loss: 0.0318
  Batch 5700/6019, Loss: 0.0181
  Batch 5800/6019, Loss: 0.0185
  Batch 5900/6019, Loss: 0.0119
  Batch 6000/6019, Loss: 0.0374
Train Loss: 0.0219
Val Loss: 0.1224, Val Macro F1: 0.8412
Learning rate: 0.000019

============================================================
Epoch 42/50
============================================================
  Batch 0/6019, Loss: 0.0180
  Batch 100/6019, Loss: 0.0081
  Batch 200/6019, Loss: 0.0164
  Batch 300/6019, Loss: 0.0268
  Batch 400/6019, Loss: 0.0117
  Batch 500/6019, Loss: 0.0216
  Batch 600/6019, Loss: 0.0196
  Batch 700/6019, Loss: 0.0203
  Batch 800/6019, Loss: 0.0217
  Batch 900/6019, Loss: 0.0365
  Batch 1000/6019, Loss: 0.0270
  Batch 1100/6019, Loss: 0.0295
  Batch 1200/6019, Loss: 0.0185
  Batch 1300/6019, Loss: 0.0102
  Batch 1400/6019, Loss: 0.0265
  Batch 1500/6019, Loss: 0.0194
  Batch 1600/6019, Loss: 0.0173
  Batch 1700/6019, Loss: 0.0164
  Batch 1800/6019, Loss: 0.0225
  Batch 1900/6019, Loss: 0.0196
  Batch 2000/6019, Loss: 0.0163
  Batch 2100/6019, Loss: 0.0316
  Batch 2200/6019, Loss: 0.0185
  Batch 2300/6019, Loss: 0.0246
  Batch 2400/6019, Loss: 0.0242
  Batch 2500/6019, Loss: 0.0219
  Batch 2600/6019, Loss: 0.0159
  Batch 2700/6019, Loss: 0.0168
  Batch 2800/6019, Loss: 0.0223
  Batch 2900/6019, Loss: 0.0264
  Batch 3000/6019, Loss: 0.0216
  Batch 3100/6019, Loss: 0.0191
  Batch 3200/6019, Loss: 0.0137
  Batch 3300/6019, Loss: 0.0147
  Batch 3400/6019, Loss: 0.0273
  Batch 3500/6019, Loss: 0.0230
  Batch 3600/6019, Loss: 0.0139
  Batch 3700/6019, Loss: 0.0237
  Batch 3800/6019, Loss: 0.0128
  Batch 3900/6019, Loss: 0.0302
  Batch 4000/6019, Loss: 0.0159
  Batch 4100/6019, Loss: 0.0199
  Batch 4200/6019, Loss: 0.0283
  Batch 4300/6019, Loss: 0.0158
  Batch 4400/6019, Loss: 0.0458
  Batch 4500/6019, Loss: 0.0202
  Batch 4600/6019, Loss: 0.0327
  Batch 4700/6019, Loss: 0.0218
  Batch 4800/6019, Loss: 0.0209
  Batch 4900/6019, Loss: 0.0222
  Batch 5000/6019, Loss: 0.0227
  Batch 5100/6019, Loss: 0.0209
  Batch 5200/6019, Loss: 0.0199
  Batch 5300/6019, Loss: 0.0190
  Batch 5400/6019, Loss: 0.0347
  Batch 5500/6019, Loss: 0.0160
  Batch 5600/6019, Loss: 0.0197
  Batch 5700/6019, Loss: 0.0188
  Batch 5800/6019, Loss: 0.0414
  Batch 5900/6019, Loss: 0.0175
  Batch 6000/6019, Loss: 0.0256
Train Loss: 0.0215
Val Loss: 0.1274, Val Macro F1: 0.8448
Learning rate: 0.000017

============================================================
Epoch 43/50
============================================================
  Batch 0/6019, Loss: 0.0289
  Batch 100/6019, Loss: 0.0144
  Batch 200/6019, Loss: 0.0103
  Batch 300/6019, Loss: 0.0250
  Batch 400/6019, Loss: 0.0266
  Batch 500/6019, Loss: 0.0207
  Batch 600/6019, Loss: 0.0536
  Batch 700/6019, Loss: 0.0237
  Batch 800/6019, Loss: 0.0182
  Batch 900/6019, Loss: 0.0339
  Batch 1000/6019, Loss: 0.0529
  Batch 1100/6019, Loss: 0.0231
  Batch 1200/6019, Loss: 0.0252
  Batch 1300/6019, Loss: 0.0145
  Batch 1400/6019, Loss: 0.0061
  Batch 1500/6019, Loss: 0.0239
  Batch 1600/6019, Loss: 0.0199
  Batch 1700/6019, Loss: 0.0155
  Batch 1800/6019, Loss: 0.0131
  Batch 1900/6019, Loss: 0.0124
  Batch 2000/6019, Loss: 0.0179
  Batch 2100/6019, Loss: 0.0343
  Batch 2200/6019, Loss: 0.0242
  Batch 2300/6019, Loss: 0.0185
  Batch 2400/6019, Loss: 0.0172
  Batch 2500/6019, Loss: 0.0171
  Batch 2600/6019, Loss: 0.0145
  Batch 2700/6019, Loss: 0.0229
  Batch 2800/6019, Loss: 0.0199
  Batch 2900/6019, Loss: 0.0181
  Batch 3000/6019, Loss: 0.0300
  Batch 3100/6019, Loss: 0.0407
  Batch 3200/6019, Loss: 0.0217
  Batch 3300/6019, Loss: 0.0249
  Batch 3400/6019, Loss: 0.0106
  Batch 3500/6019, Loss: 0.0094
  Batch 3600/6019, Loss: 0.0177
  Batch 3700/6019, Loss: 0.0201
  Batch 3800/6019, Loss: 0.0144
  Batch 3900/6019, Loss: 0.0209
  Batch 4000/6019, Loss: 0.0128
  Batch 4100/6019, Loss: 0.0268
  Batch 4200/6019, Loss: 0.0125
  Batch 4300/6019, Loss: 0.0465
  Batch 4400/6019, Loss: 0.0142
  Batch 4500/6019, Loss: 0.0325
  Batch 4600/6019, Loss: 0.0324
  Batch 4700/6019, Loss: 0.0188
  Batch 4800/6019, Loss: 0.0187
  Batch 4900/6019, Loss: 0.0212
  Batch 5000/6019, Loss: 0.0182
  Batch 5100/6019, Loss: 0.0166
  Batch 5200/6019, Loss: 0.0285
  Batch 5300/6019, Loss: 0.0258
  Batch 5400/6019, Loss: 0.0225
  Batch 5500/6019, Loss: 0.0343
  Batch 5600/6019, Loss: 0.0180
  Batch 5700/6019, Loss: 0.0175
  Batch 5800/6019, Loss: 0.0219
  Batch 5900/6019, Loss: 0.0171
  Batch 6000/6019, Loss: 0.0162
Train Loss: 0.0210
Val Loss: 0.1314, Val Macro F1: 0.8403
Learning rate: 0.000014

============================================================
Epoch 44/50
============================================================
  Batch 0/6019, Loss: 0.0168
  Batch 100/6019, Loss: 0.0359
  Batch 200/6019, Loss: 0.0295
  Batch 300/6019, Loss: 0.0268
  Batch 400/6019, Loss: 0.0192
  Batch 500/6019, Loss: 0.0224
  Batch 600/6019, Loss: 0.0156
  Batch 700/6019, Loss: 0.0158
  Batch 800/6019, Loss: 0.0279
  Batch 900/6019, Loss: 0.0208
  Batch 1000/6019, Loss: 0.0273
  Batch 1100/6019, Loss: 0.0248
  Batch 1200/6019, Loss: 0.0223
  Batch 1300/6019, Loss: 0.0191
  Batch 1400/6019, Loss: 0.0258
  Batch 1500/6019, Loss: 0.0125
  Batch 1600/6019, Loss: 0.0206
  Batch 1700/6019, Loss: 0.0241
  Batch 1800/6019, Loss: 0.0237
  Batch 1900/6019, Loss: 0.0398
  Batch 2000/6019, Loss: 0.0136
  Batch 2100/6019, Loss: 0.0251
  Batch 2200/6019, Loss: 0.0181
  Batch 2300/6019, Loss: 0.0236
  Batch 2400/6019, Loss: 0.0379
  Batch 2500/6019, Loss: 0.0252
  Batch 2600/6019, Loss: 0.0210
  Batch 2700/6019, Loss: 0.0280
  Batch 2800/6019, Loss: 0.0118
  Batch 2900/6019, Loss: 0.0225
  Batch 3000/6019, Loss: 0.0191
  Batch 3100/6019, Loss: 0.0278
  Batch 3200/6019, Loss: 0.0165
  Batch 3300/6019, Loss: 0.0123
  Batch 3400/6019, Loss: 0.0141
  Batch 3500/6019, Loss: 0.0144
  Batch 3600/6019, Loss: 0.0484
  Batch 3700/6019, Loss: 0.0171
  Batch 3800/6019, Loss: 0.0208
  Batch 3900/6019, Loss: 0.0178
  Batch 4000/6019, Loss: 0.0200
  Batch 4100/6019, Loss: 0.0119
  Batch 4200/6019, Loss: 0.0219
  Batch 4300/6019, Loss: 0.0173
  Batch 4400/6019, Loss: 0.0174
  Batch 4500/6019, Loss: 0.0335
  Batch 4600/6019, Loss: 0.0157
  Batch 4700/6019, Loss: 0.0224
  Batch 4800/6019, Loss: 0.0212
  Batch 4900/6019, Loss: 0.0179
  Batch 5000/6019, Loss: 0.0160
  Batch 5100/6019, Loss: 0.0206
  Batch 5200/6019, Loss: 0.0219
  Batch 5300/6019, Loss: 0.0187
  Batch 5400/6019, Loss: 0.0212
  Batch 5500/6019, Loss: 0.0102
  Batch 5600/6019, Loss: 0.0267
  Batch 5700/6019, Loss: 0.0139
  Batch 5800/6019, Loss: 0.0098
  Batch 5900/6019, Loss: 0.0280
  Batch 6000/6019, Loss: 0.0192
Train Loss: 0.0207
Val Loss: 0.1268, Val Macro F1: 0.8449
Learning rate: 0.000012

============================================================
Epoch 45/50
============================================================
  Batch 0/6019, Loss: 0.0242
  Batch 100/6019, Loss: 0.0287
  Batch 200/6019, Loss: 0.0141
  Batch 300/6019, Loss: 0.0214
  Batch 400/6019, Loss: 0.0254
  Batch 500/6019, Loss: 0.0249
  Batch 600/6019, Loss: 0.0168
  Batch 700/6019, Loss: 0.0148
  Batch 800/6019, Loss: 0.0187
  Batch 900/6019, Loss: 0.0252
  Batch 1000/6019, Loss: 0.0176
  Batch 1100/6019, Loss: 0.0158
  Batch 1200/6019, Loss: 0.0270
  Batch 1300/6019, Loss: 0.0047
  Batch 1400/6019, Loss: 0.0182
  Batch 1500/6019, Loss: 0.0164
  Batch 1600/6019, Loss: 0.0219
  Batch 1700/6019, Loss: 0.0229
  Batch 1800/6019, Loss: 0.0214
  Batch 1900/6019, Loss: 0.0116
  Batch 2000/6019, Loss: 0.0162
  Batch 2100/6019, Loss: 0.0285
  Batch 2200/6019, Loss: 0.0170
  Batch 2300/6019, Loss: 0.0171
  Batch 2400/6019, Loss: 0.0240
  Batch 2500/6019, Loss: 0.0374
  Batch 2600/6019, Loss: 0.0162
  Batch 2700/6019, Loss: 0.0254
  Batch 2800/6019, Loss: 0.0229
  Batch 2900/6019, Loss: 0.0260
  Batch 3000/6019, Loss: 0.0422
  Batch 3100/6019, Loss: 0.0151
  Batch 3200/6019, Loss: 0.0122
  Batch 3300/6019, Loss: 0.0191
  Batch 3400/6019, Loss: 0.0147
  Batch 3500/6019, Loss: 0.0153
  Batch 3600/6019, Loss: 0.0168
  Batch 3700/6019, Loss: 0.0157
  Batch 3800/6019, Loss: 0.0169
  Batch 3900/6019, Loss: 0.0273
  Batch 4000/6019, Loss: 0.0186
  Batch 4100/6019, Loss: 0.0226
  Batch 4200/6019, Loss: 0.0186
  Batch 4300/6019, Loss: 0.0242
  Batch 4400/6019, Loss: 0.0107
  Batch 4500/6019, Loss: 0.0225
  Batch 4600/6019, Loss: 0.0273
  Batch 4700/6019, Loss: 0.0183
  Batch 4800/6019, Loss: 0.0192
  Batch 4900/6019, Loss: 0.0118
  Batch 5000/6019, Loss: 0.0128
  Batch 5100/6019, Loss: 0.0122
  Batch 5200/6019, Loss: 0.0151
  Batch 5300/6019, Loss: 0.0066
  Batch 5400/6019, Loss: 0.0228
  Batch 5500/6019, Loss: 0.0103
  Batch 5600/6019, Loss: 0.0151
  Batch 5700/6019, Loss: 0.0129
  Batch 5800/6019, Loss: 0.0196
  Batch 5900/6019, Loss: 0.0273
  Batch 6000/6019, Loss: 0.0178
Train Loss: 0.0203
Val Loss: 0.1321, Val Macro F1: 0.8442
Learning rate: 0.000010

============================================================
Epoch 46/50
============================================================
  Batch 0/6019, Loss: 0.0261
  Batch 100/6019, Loss: 0.0172
  Batch 200/6019, Loss: 0.0184
  Batch 300/6019, Loss: 0.0178
  Batch 400/6019, Loss: 0.0158
  Batch 500/6019, Loss: 0.0177
  Batch 600/6019, Loss: 0.0066
  Batch 700/6019, Loss: 0.0275
  Batch 800/6019, Loss: 0.0154
  Batch 900/6019, Loss: 0.0211
  Batch 1000/6019, Loss: 0.0211
  Batch 1100/6019, Loss: 0.0191
  Batch 1200/6019, Loss: 0.0131
  Batch 1300/6019, Loss: 0.0218
  Batch 1400/6019, Loss: 0.0336
  Batch 1500/6019, Loss: 0.0182
  Batch 1600/6019, Loss: 0.0120
  Batch 1700/6019, Loss: 0.0563
  Batch 1800/6019, Loss: 0.0181
  Batch 1900/6019, Loss: 0.0172
  Batch 2000/6019, Loss: 0.0233
  Batch 2100/6019, Loss: 0.0199
  Batch 2200/6019, Loss: 0.0206
  Batch 2300/6019, Loss: 0.0105
  Batch 2400/6019, Loss: 0.0202
  Batch 2500/6019, Loss: 0.0188
  Batch 2600/6019, Loss: 0.0194
  Batch 2700/6019, Loss: 0.0150
  Batch 2800/6019, Loss: 0.0163
  Batch 2900/6019, Loss: 0.0308
  Batch 3000/6019, Loss: 0.0150
  Batch 3100/6019, Loss: 0.0181
  Batch 3200/6019, Loss: 0.0290
  Batch 3300/6019, Loss: 0.0140
  Batch 3400/6019, Loss: 0.0139
  Batch 3500/6019, Loss: 0.0198
  Batch 3600/6019, Loss: 0.0300
  Batch 3700/6019, Loss: 0.0119
  Batch 3800/6019, Loss: 0.0262
  Batch 3900/6019, Loss: 0.0195
  Batch 4000/6019, Loss: 0.0289
  Batch 4100/6019, Loss: 0.0205
  Batch 4200/6019, Loss: 0.0210
  Batch 4300/6019, Loss: 0.0316
  Batch 4400/6019, Loss: 0.0157
  Batch 4500/6019, Loss: 0.0205
  Batch 4600/6019, Loss: 0.0151
  Batch 4700/6019, Loss: 0.0230
  Batch 4800/6019, Loss: 0.0169
  Batch 4900/6019, Loss: 0.0326
  Batch 5000/6019, Loss: 0.0118
  Batch 5100/6019, Loss: 0.0329
  Batch 5200/6019, Loss: 0.0221
  Batch 5300/6019, Loss: 0.0236
  Batch 5400/6019, Loss: 0.0137
  Batch 5500/6019, Loss: 0.0172
  Batch 5600/6019, Loss: 0.0174
  Batch 5700/6019, Loss: 0.0205
  Batch 5800/6019, Loss: 0.0073
  Batch 5900/6019, Loss: 0.0164
  Batch 6000/6019, Loss: 0.0198
Train Loss: 0.0199
Val Loss: 0.1368, Val Macro F1: 0.8412
Learning rate: 0.000009

============================================================
Epoch 47/50
============================================================
  Batch 0/6019, Loss: 0.0170
  Batch 100/6019, Loss: 0.0170
  Batch 200/6019, Loss: 0.0132
  Batch 300/6019, Loss: 0.0218
  Batch 400/6019, Loss: 0.0205
  Batch 500/6019, Loss: 0.0345
  Batch 600/6019, Loss: 0.0165
  Batch 700/6019, Loss: 0.0181
  Batch 800/6019, Loss: 0.0141
  Batch 900/6019, Loss: 0.0232
  Batch 1000/6019, Loss: 0.0196
  Batch 1100/6019, Loss: 0.0193
  Batch 1200/6019, Loss: 0.0204
  Batch 1300/6019, Loss: 0.0251
  Batch 1400/6019, Loss: 0.0092
  Batch 1500/6019, Loss: 0.0138
  Batch 1600/6019, Loss: 0.0160
  Batch 1700/6019, Loss: 0.0164
  Batch 1800/6019, Loss: 0.0169
  Batch 1900/6019, Loss: 0.0157
  Batch 2000/6019, Loss: 0.0124
  Batch 2100/6019, Loss: 0.0222
  Batch 2200/6019, Loss: 0.0184
  Batch 2300/6019, Loss: 0.0173
  Batch 2400/6019, Loss: 0.0183
  Batch 2500/6019, Loss: 0.0086
  Batch 2600/6019, Loss: 0.0103
  Batch 2700/6019, Loss: 0.0139
  Batch 2800/6019, Loss: 0.0356
  Batch 2900/6019, Loss: 0.0115
  Batch 3000/6019, Loss: 0.0355
  Batch 3100/6019, Loss: 0.0446
  Batch 3200/6019, Loss: 0.0181
  Batch 3300/6019, Loss: 0.0137
  Batch 3400/6019, Loss: 0.0164
  Batch 3500/6019, Loss: 0.0252
  Batch 3600/6019, Loss: 0.0209
  Batch 3700/6019, Loss: 0.0111
  Batch 3800/6019, Loss: 0.0243
  Batch 3900/6019, Loss: 0.0130
  Batch 4000/6019, Loss: 0.0200
  Batch 4100/6019, Loss: 0.0180
  Batch 4200/6019, Loss: 0.0192
  Batch 4300/6019, Loss: 0.0122
  Batch 4400/6019, Loss: 0.0127
  Batch 4500/6019, Loss: 0.0230
  Batch 4600/6019, Loss: 0.0159
  Batch 4700/6019, Loss: 0.0131
  Batch 4800/6019, Loss: 0.0218
  Batch 4900/6019, Loss: 0.0158
  Batch 5000/6019, Loss: 0.0335
  Batch 5100/6019, Loss: 0.0164
  Batch 5200/6019, Loss: 0.0150
  Batch 5300/6019, Loss: 0.0266
  Batch 5400/6019, Loss: 0.0267
  Batch 5500/6019, Loss: 0.0134
  Batch 5600/6019, Loss: 0.0210
  Batch 5700/6019, Loss: 0.0128
  Batch 5800/6019, Loss: 0.0305
  Batch 5900/6019, Loss: 0.0290
  Batch 6000/6019, Loss: 0.0287
Train Loss: 0.0197
Val Loss: 0.1360, Val Macro F1: 0.8417
Learning rate: 0.000007

============================================================
Epoch 48/50
============================================================
  Batch 0/6019, Loss: 0.0130
  Batch 100/6019, Loss: 0.0253
  Batch 200/6019, Loss: 0.0217
  Batch 300/6019, Loss: 0.0289
  Batch 400/6019, Loss: 0.0078
  Batch 500/6019, Loss: 0.0217
  Batch 600/6019, Loss: 0.0314
  Batch 700/6019, Loss: 0.0243
  Batch 800/6019, Loss: 0.0178
  Batch 900/6019, Loss: 0.0338
  Batch 1000/6019, Loss: 0.0099
  Batch 1100/6019, Loss: 0.0164
  Batch 1200/6019, Loss: 0.0279
  Batch 1300/6019, Loss: 0.0154
  Batch 1400/6019, Loss: 0.0178
  Batch 1500/6019, Loss: 0.0364
  Batch 1600/6019, Loss: 0.0146
  Batch 1700/6019, Loss: 0.0224
  Batch 1800/6019, Loss: 0.0202
  Batch 1900/6019, Loss: 0.0244
  Batch 2000/6019, Loss: 0.0106
  Batch 2100/6019, Loss: 0.0128
  Batch 2200/6019, Loss: 0.0132
  Batch 2300/6019, Loss: 0.0280
  Batch 2400/6019, Loss: 0.0087
  Batch 2500/6019, Loss: 0.0264
  Batch 2600/6019, Loss: 0.0162
  Batch 2700/6019, Loss: 0.0235
  Batch 2800/6019, Loss: 0.0168
  Batch 2900/6019, Loss: 0.0085
  Batch 3000/6019, Loss: 0.0072
  Batch 3100/6019, Loss: 0.0155
  Batch 3200/6019, Loss: 0.0289
  Batch 3300/6019, Loss: 0.0229
  Batch 3400/6019, Loss: 0.0248
  Batch 3500/6019, Loss: 0.0210
  Batch 3600/6019, Loss: 0.0335
  Batch 3700/6019, Loss: 0.0174
  Batch 3800/6019, Loss: 0.0185
  Batch 3900/6019, Loss: 0.0128
  Batch 4000/6019, Loss: 0.0213
  Batch 4100/6019, Loss: 0.0076
  Batch 4200/6019, Loss: 0.0139
  Batch 4300/6019, Loss: 0.0144
  Batch 4400/6019, Loss: 0.0163
  Batch 4500/6019, Loss: 0.0138
  Batch 4600/6019, Loss: 0.0194
  Batch 4700/6019, Loss: 0.0188
  Batch 4800/6019, Loss: 0.0286
  Batch 4900/6019, Loss: 0.0158
  Batch 5000/6019, Loss: 0.0259
  Batch 5100/6019, Loss: 0.0115
  Batch 5200/6019, Loss: 0.0353
  Batch 5300/6019, Loss: 0.0244
  Batch 5400/6019, Loss: 0.0157
  Batch 5500/6019, Loss: 0.0375
  Batch 5600/6019, Loss: 0.0246
  Batch 5700/6019, Loss: 0.0270
  Batch 5800/6019, Loss: 0.0137
  Batch 5900/6019, Loss: 0.0207
  Batch 6000/6019, Loss: 0.0217
Train Loss: 0.0194
Val Loss: 0.1377, Val Macro F1: 0.8391
Learning rate: 0.000006

============================================================
Epoch 49/50
============================================================
  Batch 0/6019, Loss: 0.0313
  Batch 100/6019, Loss: 0.0181
  Batch 200/6019, Loss: 0.0105
  Batch 300/6019, Loss: 0.0344
  Batch 400/6019, Loss: 0.0270
  Batch 500/6019, Loss: 0.0243
  Batch 600/6019, Loss: 0.0215
  Batch 700/6019, Loss: 0.0199
  Batch 800/6019, Loss: 0.0141
  Batch 900/6019, Loss: 0.0132
  Batch 1000/6019, Loss: 0.0181
  Batch 1100/6019, Loss: 0.0233
  Batch 1200/6019, Loss: 0.0142
  Batch 1300/6019, Loss: 0.0153
  Batch 1400/6019, Loss: 0.0081
  Batch 1500/6019, Loss: 0.0163
  Batch 1600/6019, Loss: 0.0139
  Batch 1700/6019, Loss: 0.0169
  Batch 1800/6019, Loss: 0.0148
  Batch 1900/6019, Loss: 0.0120
  Batch 2000/6019, Loss: 0.0219
  Batch 2100/6019, Loss: 0.0283
  Batch 2200/6019, Loss: 0.0196
  Batch 2300/6019, Loss: 0.0128
  Batch 2400/6019, Loss: 0.0326
  Batch 2500/6019, Loss: 0.0191
  Batch 2600/6019, Loss: 0.0217
  Batch 2700/6019, Loss: 0.0180
  Batch 2800/6019, Loss: 0.0130
  Batch 2900/6019, Loss: 0.0114
  Batch 3000/6019, Loss: 0.0242
  Batch 3100/6019, Loss: 0.0122
  Batch 3200/6019, Loss: 0.0161
  Batch 3300/6019, Loss: 0.0203
  Batch 3400/6019, Loss: 0.0177
  Batch 3500/6019, Loss: 0.0213
  Batch 3600/6019, Loss: 0.0118
  Batch 3700/6019, Loss: 0.0268
  Batch 3800/6019, Loss: 0.0262
  Batch 3900/6019, Loss: 0.0131
  Batch 4000/6019, Loss: 0.0188
  Batch 4100/6019, Loss: 0.0150
  Batch 4200/6019, Loss: 0.0155
  Batch 4300/6019, Loss: 0.0153
  Batch 4400/6019, Loss: 0.0127
  Batch 4500/6019, Loss: 0.0275
  Batch 4600/6019, Loss: 0.0204
  Batch 4700/6019, Loss: 0.0208
  Batch 4800/6019, Loss: 0.0159
  Batch 4900/6019, Loss: 0.0168
  Batch 5000/6019, Loss: 0.0136
  Batch 5100/6019, Loss: 0.0095
  Batch 5200/6019, Loss: 0.0107
  Batch 5300/6019, Loss: 0.0250
  Batch 5400/6019, Loss: 0.0241
  Batch 5500/6019, Loss: 0.0086
  Batch 5600/6019, Loss: 0.0159
  Batch 5700/6019, Loss: 0.0127
  Batch 5800/6019, Loss: 0.0271
  Batch 5900/6019, Loss: 0.0153
  Batch 6000/6019, Loss: 0.0196
Train Loss: 0.0190
Val Loss: 0.1435, Val Macro F1: 0.8418
Learning rate: 0.000004

============================================================
Epoch 50/50
============================================================
  Batch 0/6019, Loss: 0.0117
  Batch 100/6019, Loss: 0.0259
  Batch 200/6019, Loss: 0.0174
  Batch 300/6019, Loss: 0.0106
  Batch 400/6019, Loss: 0.0156
  Batch 500/6019, Loss: 0.0210
  Batch 600/6019, Loss: 0.0203
  Batch 700/6019, Loss: 0.0143
  Batch 800/6019, Loss: 0.0265
  Batch 900/6019, Loss: 0.0053
  Batch 1000/6019, Loss: 0.0106
  Batch 1100/6019, Loss: 0.0060
  Batch 1200/6019, Loss: 0.0320
  Batch 1300/6019, Loss: 0.0391
  Batch 1400/6019, Loss: 0.0133
  Batch 1500/6019, Loss: 0.0127
  Batch 1600/6019, Loss: 0.0156
  Batch 1700/6019, Loss: 0.0148
  Batch 1800/6019, Loss: 0.0150
  Batch 1900/6019, Loss: 0.0249
  Batch 2000/6019, Loss: 0.0185
  Batch 2100/6019, Loss: 0.0196
  Batch 2200/6019, Loss: 0.0125
  Batch 2300/6019, Loss: 0.0086
  Batch 2400/6019, Loss: 0.0088
  Batch 2500/6019, Loss: 0.0161
  Batch 2600/6019, Loss: 0.0145
  Batch 2700/6019, Loss: 0.0149
  Batch 2800/6019, Loss: 0.0177
  Batch 2900/6019, Loss: 0.0241
  Batch 3000/6019, Loss: 0.0190
  Batch 3100/6019, Loss: 0.0266
  Batch 3200/6019, Loss: 0.0151
  Batch 3300/6019, Loss: 0.0166
  Batch 3400/6019, Loss: 0.0212
  Batch 3500/6019, Loss: 0.0245
  Batch 3600/6019, Loss: 0.0074
  Batch 3700/6019, Loss: 0.0187
  Batch 3800/6019, Loss: 0.0158
  Batch 3900/6019, Loss: 0.0354
  Batch 4000/6019, Loss: 0.0125
  Batch 4100/6019, Loss: 0.0306
  Batch 4200/6019, Loss: 0.0176
  Batch 4300/6019, Loss: 0.0230
  Batch 4400/6019, Loss: 0.0185
  Batch 4500/6019, Loss: 0.0300
  Batch 4600/6019, Loss: 0.0230
  Batch 4700/6019, Loss: 0.0254
  Batch 4800/6019, Loss: 0.0114
  Batch 4900/6019, Loss: 0.0316
  Batch 5000/6019, Loss: 0.0118
  Batch 5100/6019, Loss: 0.0417
  Batch 5200/6019, Loss: 0.0103
  Batch 5300/6019, Loss: 0.0062
  Batch 5400/6019, Loss: 0.0247
  Batch 5500/6019, Loss: 0.0127
  Batch 5600/6019, Loss: 0.0161
  Batch 5700/6019, Loss: 0.0271
  Batch 5800/6019, Loss: 0.0319
  Batch 5900/6019, Loss: 0.0162
  Batch 6000/6019, Loss: 0.0309
Train Loss: 0.0189
Val Loss: 0.1436, Val Macro F1: 0.8428
Learning rate: 0.000003

============================================================
Training completed! Best Val F1: 0.8497
============================================================
Test Loss: 0.1354, Test Macro F1: 0.8602
